2020-08-28 01:30:52.026 T:140179020122240   DEBUG: CPlayerSelectionRule::GetPlayers: considering rule: mms/udp
2020-08-28 01:30:52.026 T:140179020122240   DEBUG: CPlayerSelectionRule::GetPlayers: considering rule: lastfm/shout
2020-08-28 01:30:52.026 T:140179020122240   DEBUG: CPlayerSelectionRule::GetPlayers: considering rule: rtmp
2020-08-28 01:30:52.026 T:140179020122240   DEBUG: CPlayerSelectionRule::GetPlayers: considering rule: rtsp
2020-08-28 01:30:52.026 T:140179020122240   DEBUG: CPlayerSelectionRule::GetPlayers: considering rule: streams
2020-08-28 01:30:52.026 T:140179020122240   DEBUG: CPlayerSelectionRule::GetPlayers: considering rule: dvd
2020-08-28 01:30:52.026 T:140179020122240   DEBUG: CPlayerSelectionRule::GetPlayers: considering rule: dvdimage
2020-08-28 01:30:52.026 T:140179020122240   DEBUG: CPlayerSelectionRule::GetPlayers: considering rule: sdp/asf
2020-08-28 01:30:52.026 T:140179020122240   DEBUG: CPlayerSelectionRule::GetPlayers: considering rule: nsv
2020-08-28 01:30:52.026 T:140179020122240   DEBUG: CPlayerSelectionRule::GetPlayers: considering rule: radio
2020-08-28 01:30:52.026 T:140179020122240   DEBUG: CPlayerCoreFactory::GetPlayers: matched 0 rules with players
2020-08-28 01:30:52.026 T:140179020122240   DEBUG: CPlayerCoreFactory::GetPlayers: adding audiodefaultplayer (PAPlayer)
2020-08-28 01:30:52.026 T:140179020122240   DEBUG: CPlayerCoreFactory::GetPlayers: for video=0, audio=1
2020-08-28 01:30:52.026 T:140179020122240   DEBUG: CPlayerCoreFactory::GetPlayers: for video=1, audio=1
2020-08-28 01:30:52.026 T:140179020122240   DEBUG: CPlayerCoreFactory::GetPlayers: adding player: VideoPlayer
2020-08-28 01:30:52.026 T:140179020122240   DEBUG: CPlayerCoreFactory::GetPlayers: added 2 players
2020-08-28 01:30:52.095 T:140175885731584   DEBUG: CSMBFile::Close closing fd 10000
2020-08-28 01:30:52.106 T:140178498656000   DEBUG: CActiveAE::DiscardStream - audio stream deleted
2020-08-28 01:30:52.107 T:140177395910400   DEBUG: DoWork - Saving file state for audio item musicdb://recentlyaddedalbums/1/10.mp3?albumid=1
2020-08-28 01:30:52.107 T:140178498656000   DEBUG: CActiveAE::ClearDiscardedBuffers - buffer pool deleted
2020-08-28 01:30:52.107 T:140175885731584   DEBUG: Previous line repeats 1 times.
2020-08-28 01:30:52.107 T:140175885731584   DEBUG: OnPlayBackStopped: CApplication::OnPlayBackStopped
2020-08-28 01:30:52.107 T:140175885731584   DEBUG: Thread PAPlayer 140175885731584 terminating
2020-08-28 01:30:52.109 T:140179020122240   DEBUG: FreeVisualisation() started
2020-08-28 01:30:52.110 T:140179020122240   DEBUG: FreeVisualisation() done
2020-08-28 01:30:52.117 T:140179020122240   DEBUG: OnPlayBackStarted: CApplication::OnPlayBackStarted
2020-08-28 01:30:52.117 T:140175885731584   DEBUG: Thread PAPlayer start, auto delete: false
2020-08-28 01:30:52.117 T:140175885731584   DEBUG: PAPlayer::Process - Playback started
2020-08-28 01:30:52.117 T:140179020122240   DEBUG: CMusicGUIInfo::InitCurrentItem(musicdb://recentlyaddedalbums/1/9.mp3?albumid=1)
2020-08-28 01:30:52.121 T:140177395910400   DEBUG: CSMBFile::Open - opened smb://USERNAME:PASSWORD@192.168.0.5/Share/Music/Sepultura/Chaos A.D/09 We Who Are Not as Others.mp3, fd=10000
2020-08-28 01:30:52.121 T:140179020122240   DEBUG: GetArtist(SELECT idArtist, strArtist, strSortName, strMusicBrainzArtistID, strType, strGender, strDisambiguation, strBorn, strFormed, strGenres,strMoods, strStyles, strInstruments, strBiography, strDied, strDisbanded, strYearsActive, strImage, strFanart, bScrapedMBID, lastScraped, '' AS dateAdded FROM artist WHERE idArtist = 2) - took 0 ms
2020-08-28 01:30:52.122 T:140179020122240   DEBUG: SELECT albumview.*,albumartistview.*  FROM albumview  JOIN albumartistview ON albumview.idAlbum = albumartistview.idAlbum  WHERE albumview.idAlbum = 1  ORDER BY albumartistview.iOrder
2020-08-28 01:30:52.122 T:140179020122240   DEBUG: Loading additional tag info for file smb://192.168.0.5/Share/Music/Sepultura/Chaos A.D/09 We Who Are Not as Others.mp3
2020-08-28 01:30:52.128 T:140179020122240   DEBUG: CSMBFile::Open - opened smb://USERNAME:PASSWORD@192.168.0.5/Share/Music/Sepultura/Chaos A.D/09 We Who Are Not as Others.mp3, fd=10001
2020-08-28 01:30:52.149 T:140177395910400   DEBUG: Open - probing detected format [mp3]
2020-08-28 01:30:52.149 T:140177395910400   DEBUG: Open - setting usetoc to 0 for accurate VBR MP3 seek
2020-08-28 01:30:52.149 T:140177395910400   DEBUG: Open - avformat_find_stream_info starting
2020-08-28 01:30:52.150 T:140177395910400   DEBUG: ffmpeg[7F7D97E38700]: [mp3] Estimating duration from bitrate, this may be inaccurate
2020-08-28 01:30:52.150 T:140177395910400   DEBUG: Open - av_find_stream_info finished
2020-08-28 01:30:52.150 T:140177395910400   DEBUG: CDVDDemuxFFmpeg::AddStream ID: 0
2020-08-28 01:30:52.150 T:140177395910400  NOTICE: CDVDAudioCodecFFmpeg::Open() Successful opened audio decoder mp3float
2020-08-28 01:30:52.169 T:140177395910400   DEBUG: CSMBFile::Open - opened smb://USERNAME:PASSWORD@192.168.0.5/Share/Music/Sepultura/Chaos A.D/09 We Who Are Not as Others.mp3, fd=10002
2020-08-28 01:30:52.243 T:140179020122240   DEBUG: unrecognized ID3 frame detected: MCDI
2020-08-28 01:30:52.243 T:140179020122240   DEBUG: unrecognized ID3 frame detected: PRIV
2020-08-28 01:30:52.243 T:140179020122240   DEBUG: unrecognized ID3 frame detected: TLEN
2020-08-28 01:30:52.243 T:140179020122240   DEBUG: CSMBFile::Close closing fd 10001
2020-08-28 01:30:52.249 T:140179020122240   DEBUG: CPlayerGUIInfo::InitCurrentItem(musicdb://recentlyaddedalbums/1/9.mp3?albumid=1)
2020-08-28 01:30:52.249 T:140178515441408   DEBUG: UPnP: Building didl for object 'musicdb://recentlyaddedalbums/1/9.mp3?albumid=1'
2020-08-28 01:30:52.252 T:140177395910400   DEBUG: unrecognized ID3 frame detected: MCDI
2020-08-28 01:30:52.252 T:140177395910400   DEBUG: unrecognized ID3 frame detected: PRIV
2020-08-28 01:30:52.252 T:140177395910400   DEBUG: unrecognized ID3 frame detected: TLEN
2020-08-28 01:30:52.253 T:140177395910400   DEBUG: CSMBFile::Close closing fd 10002
2020-08-28 01:30:52.254 T:140177395910400   DEBUG: SeekTime - seek ended up on time 0
2020-08-28 01:30:52.273 T:140178498656000   DEBUG: Previous line repeats 1 times.
2020-08-28 01:30:52.273 T:140178498656000   DEBUG: CActiveAE::ClearDiscardedBuffers - buffer pool deleted
2020-08-28 01:30:52.349 T:140179020122240   DEBUG: ------ Window Init (DialogBusy.xml) ------
2020-08-28 01:30:52.349 T:140177395910400    INFO: AudioDecoder: File is queued
2020-08-28 01:30:52.351 T:140177395910400   DEBUG: AudioDecoder::GetReplayGain - Final Replaygain applied: 1.000000, Track/Album Gain 89.000000, Peak 1.000000
2020-08-28 01:30:52.351 T:140178498656000   DEBUG: CActiveAE::ClearDiscardedBuffers - buffer pool deleted
2020-08-28 01:30:52.354 T:140179020122240   ERROR: CBinaryAddonManager::GetInstalledAddonInfo: Requested addon '' unknown as binary
2020-08-28 01:30:52.368 T:140179020122240   DEBUG: ------ Window Deinit (/home/jakermx/.kodi/addons/script.cu.lrclyrics/resources/skins/Default/1080i/script-cu-lrclyrics-main.xml) ------
2020-08-28 01:30:52.371 T:140179020122240   DEBUG: [Warning] CGUITextureManager::GetTexturePath: could not find texture '-'
2020-08-28 01:30:52.374 T:140177395910400   DEBUG: Previous line repeats 2 times.
2020-08-28 01:30:52.374 T:140177395910400    INFO: PAPlayer::PrepareStream - Ready
2020-08-28 01:30:52.380 T:140175885731584   DEBUG: OnAVStarted: CApplication::OnAVStarted
2020-08-28 01:30:52.397 T:140179020122240   DEBUG: ------ Window Deinit (DialogBusy.xml) ------
2020-08-28 01:30:52.508 T:140179020122240   DEBUG: ------ Window Init (/home/jakermx/.kodi/addons/script.cu.lrclyrics/resources/skins/Default/1080i/script-cu-lrclyrics-main.xml) ------
2020-08-28 01:30:52.508 T:140179020122240    INFO: Loading skin file: /home/jakermx/.kodi/addons/script.cu.lrclyrics/resources/skins/Default/1080i/script-cu-lrclyrics-main.xml, load type: LOAD_ON_GUI_INIT
2020-08-28 01:30:52.513 T:140179020122240   DEBUG: [Warning] CGUITextureManager::GetTexturePath: could not find texture '-'
2020-08-28 01:30:52.542 T:140179020122240   DEBUG: Previous line repeats 5 times.
2020-08-28 01:30:52.542 T:140179020122240   DEBUG: ------ Window Deinit (MusicOSD.xml) ------
2020-08-28 01:30:53.126 T:140179020122240   DEBUG: [Warning] CGUITextureManager::GetTexturePath: could not find texture '-'
2020-08-28 01:30:53.726 T:140179020122240   DEBUG: Previous line repeats 1 times.
2020-08-28 01:30:53.726 T:140179020122240   DEBUG: Activating window ID: 10120
2020-08-28 01:30:53.726 T:140179020122240   DEBUG: ------ Window Init (MusicOSD.xml) ------
2020-08-28 01:30:53.727 T:140179020122240   DEBUG: Activating window ID: 10120
2020-08-28 01:30:53.742 T:140175652943616   DEBUG: Previous line repeats 5 times.
2020-08-28 01:30:53.742 T:140175652943616   DEBUG: CWebServer[8080]: request received for /jsonrpc?Application.GetProperties
2020-08-28 01:30:53.752 T:140175652943616   DEBUG: Previous line repeats 1 times.
2020-08-28 01:30:53.752 T:140175652943616   DEBUG: CWebServer[8080]: request received for /jsonrpc?Player.GetActivePlayers
2020-08-28 01:30:53.760 T:140175652943616   DEBUG: Previous line repeats 1 times.
2020-08-28 01:30:53.760 T:140175652943616   DEBUG: CWebServer[8080]: request received for /jsonrpc?Base
2020-08-28 01:30:54.626 T:140179020122240   DEBUG: Previous line repeats 1 times.
2020-08-28 01:30:54.626 T:140179020122240   DEBUG: ProcessMouse: trying mouse action leftclick
2020-08-28 01:30:54.626 T:140179020122240   DEBUG: CPlayerCoreFactory::GetPlayers(smb://192.168.0.5/Share/Music/Sepultura/Chaos A.D/10 Manifest.mp3)
2020-08-28 01:30:54.626 T:140179020122240   DEBUG: CPlayerSelectionRule::GetPlayers: considering rule: system rules
2020-08-28 01:30:54.626 T:140179020122240   DEBUG: CPlayerSelectionRule::GetPlayers: matches rule: system rules
2020-08-28 01:30:54.626 T:140179020122240   DEBUG: CPlayerSelectionRule::GetPlayers: considering rule: mms/udp
2020-08-28 01:30:54.626 T:140179020122240   DEBUG: CPlayerSelectionRule::GetPlayers: considering rule: lastfm/shout
2020-08-28 01:30:54.626 T:140179020122240   DEBUG: CPlayerSelectionRule::GetPlayers: considering rule: rtmp
2020-08-28 01:30:54.626 T:140179020122240   DEBUG: CPlayerSelectionRule::GetPlayers: considering rule: rtsp
2020-08-28 01:30:54.626 T:140179020122240   DEBUG: CPlayerSelectionRule::GetPlayers: considering rule: streams
2020-08-28 01:30:54.626 T:140179020122240   DEBUG: CPlayerSelectionRule::GetPlayers: considering rule: dvd
2020-08-28 01:30:54.626 T:140179020122240   DEBUG: CPlayerSelectionRule::GetPlayers: considering rule: dvdimage
2020-08-28 01:30:54.626 T:140179020122240   DEBUG: CPlayerSelectionRule::GetPlayers: considering rule: sdp/asf
2020-08-28 01:30:54.626 T:140179020122240   DEBUG: CPlayerSelectionRule::GetPlayers: considering rule: nsv
2020-08-28 01:30:54.626 T:140179020122240   DEBUG: CPlayerSelectionRule::GetPlayers: considering rule: radio
2020-08-28 01:30:54.626 T:140179020122240   DEBUG: CPlayerCoreFactory::GetPlayers: matched 0 rules with players
2020-08-28 01:30:54.626 T:140179020122240   DEBUG: CPlayerCoreFactory::GetPlayers: adding audiodefaultplayer (PAPlayer)
2020-08-28 01:30:54.626 T:140179020122240   DEBUG: CPlayerCoreFactory::GetPlayers: for video=0, audio=1
2020-08-28 01:30:54.626 T:140179020122240   DEBUG: CPlayerCoreFactory::GetPlayers: for video=1, audio=1
2020-08-28 01:30:54.626 T:140179020122240   DEBUG: CPlayerCoreFactory::GetPlayers: adding player: VideoPlayer
2020-08-28 01:30:54.626 T:140179020122240   DEBUG: CPlayerCoreFactory::GetPlayers: added 2 players
2020-08-28 01:30:54.680 T:140175885731584   DEBUG: CSMBFile::Close closing fd 10000
2020-08-28 01:30:54.707 T:140178498656000   DEBUG: CActiveAE::DiscardStream - audio stream deleted
2020-08-28 01:30:54.707 T:140177395910400   DEBUG: DoWork - Saving file state for audio item musicdb://recentlyaddedalbums/1/9.mp3?albumid=1
2020-08-28 01:30:54.707 T:140178498656000   DEBUG: CActiveAE::ClearDiscardedBuffers - buffer pool deleted
2020-08-28 01:30:54.713 T:140175885731584   DEBUG: Previous line repeats 1 times.
2020-08-28 01:30:54.713 T:140175885731584   DEBUG: OnPlayBackStopped: CApplication::OnPlayBackStopped
2020-08-28 01:30:54.713 T:140175885731584   DEBUG: Thread PAPlayer 140175885731584 terminating
2020-08-28 01:30:54.715 T:140179020122240   DEBUG: FreeVisualisation() started
2020-08-28 01:30:54.715 T:140179020122240   DEBUG: FreeVisualisation() done
2020-08-28 01:30:54.722 T:140179020122240   DEBUG: OnPlayBackStarted: CApplication::OnPlayBackStarted
2020-08-28 01:30:54.722 T:140175885731584   DEBUG: Thread PAPlayer start, auto delete: false
2020-08-28 01:30:54.722 T:140175885731584   DEBUG: PAPlayer::Process - Playback started
2020-08-28 01:30:54.723 T:140179020122240   DEBUG: CMusicGUIInfo::InitCurrentItem(musicdb://recentlyaddedalbums/1/10.mp3?albumid=1)
2020-08-28 01:30:54.727 T:140177746745088   DEBUG: CSMBFile::Open - opened smb://USERNAME:PASSWORD@192.168.0.5/Share/Music/Sepultura/Chaos A.D/10 Manifest.mp3, fd=10000
2020-08-28 01:30:54.729 T:140179020122240   DEBUG: GetArtist(SELECT idArtist, strArtist, strSortName, strMusicBrainzArtistID, strType, strGender, strDisambiguation, strBorn, strFormed, strGenres,strMoods, strStyles, strInstruments, strBiography, strDied, strDisbanded, strYearsActive, strImage, strFanart, bScrapedMBID, lastScraped, '' AS dateAdded FROM artist WHERE idArtist = 2) - took 0 ms
2020-08-28 01:30:54.729 T:140179020122240   DEBUG: SELECT albumview.*,albumartistview.*  FROM albumview  JOIN albumartistview ON albumview.idAlbum = albumartistview.idAlbum  WHERE albumview.idAlbum = 1  ORDER BY albumartistview.iOrder
2020-08-28 01:30:54.730 T:140179020122240   DEBUG: Loading additional tag info for file smb://192.168.0.5/Share/Music/Sepultura/Chaos A.D/10 Manifest.mp3
2020-08-28 01:30:54.753 T:140177746745088   DEBUG: Open - probing detected format [mp3]
2020-08-28 01:30:54.754 T:140177746745088   DEBUG: Open - setting usetoc to 0 for accurate VBR MP3 seek
2020-08-28 01:30:54.754 T:140177746745088   DEBUG: Open - avformat_find_stream_info starting
2020-08-28 01:30:54.754 T:140177746745088   DEBUG: ffmpeg[7F7DACCCD700]: [mp3] Estimating duration from bitrate, this may be inaccurate
2020-08-28 01:30:54.754 T:140177746745088   DEBUG: Open - av_find_stream_info finished
2020-08-28 01:30:54.755 T:140177746745088   DEBUG: CDVDDemuxFFmpeg::AddStream ID: 0
2020-08-28 01:30:54.755 T:140177746745088  NOTICE: CDVDAudioCodecFFmpeg::Open() Successful opened audio decoder mp3float
2020-08-28 01:30:54.755 T:140179020122240   DEBUG: CSMBFile::Open - opened smb://USERNAME:PASSWORD@192.168.0.5/Share/Music/Sepultura/Chaos A.D/10 Manifest.mp3, fd=10002
2020-08-28 01:30:54.776 T:140177746745088   DEBUG: CSMBFile::Open - opened smb://USERNAME:PASSWORD@192.168.0.5/Share/Music/Sepultura/Chaos A.D/10 Manifest.mp3, fd=10001
2020-08-28 01:30:54.824 T:140179020122240   DEBUG: unrecognized ID3 frame detected: MCDI
2020-08-28 01:30:54.824 T:140179020122240   DEBUG: unrecognized ID3 frame detected: PRIV
2020-08-28 01:30:54.824 T:140179020122240   DEBUG: unrecognized ID3 frame detected: TLEN
2020-08-28 01:30:54.824 T:140179020122240   DEBUG: CSMBFile::Close closing fd 10002
2020-08-28 01:30:54.828 T:140179020122240   DEBUG: CPlayerGUIInfo::InitCurrentItem(musicdb://recentlyaddedalbums/1/10.mp3?albumid=1)
2020-08-28 01:30:54.829 T:140178515441408   DEBUG: UPnP: Building didl for object 'musicdb://recentlyaddedalbums/1/10.mp3?albumid=1'
2020-08-28 01:30:54.846 T:140177746745088   DEBUG: unrecognized ID3 frame detected: MCDI
2020-08-28 01:30:54.846 T:140177746745088   DEBUG: unrecognized ID3 frame detected: PRIV
2020-08-28 01:30:54.846 T:140177746745088   DEBUG: unrecognized ID3 frame detected: TLEN
2020-08-28 01:30:54.846 T:140177746745088   DEBUG: CSMBFile::Close closing fd 10001
2020-08-28 01:30:54.847 T:140177746745088   DEBUG: SeekTime - seek ended up on time 0
2020-08-28 01:30:54.881 T:140178498656000   DEBUG: Previous line repeats 1 times.
2020-08-28 01:30:54.881 T:140178498656000   DEBUG: CActiveAE::ClearDiscardedBuffers - buffer pool deleted
2020-08-28 01:30:54.929 T:140179020122240   DEBUG: ------ Window Init (DialogBusy.xml) ------
2020-08-28 01:30:54.933 T:140179020122240   ERROR: CBinaryAddonManager::GetInstalledAddonInfo: Requested addon '' unknown as binary
2020-08-28 01:30:54.942 T:140177746745088    INFO: AudioDecoder: File is queued
2020-08-28 01:30:54.944 T:140177746745088   DEBUG: AudioDecoder::GetReplayGain - Final Replaygain applied: 1.000000, Track/Album Gain 89.000000, Peak 1.000000
2020-08-28 01:30:54.944 T:140178498656000   DEBUG: CActiveAE::ClearDiscardedBuffers - buffer pool deleted
2020-08-28 01:30:54.967 T:140177746745088    INFO: PAPlayer::PrepareStream - Ready
2020-08-28 01:30:54.975 T:140175885731584   DEBUG: OnAVStarted: CApplication::OnAVStarted
2020-08-28 01:30:54.999 T:140179020122240   DEBUG: ------ Window Deinit (DialogBusy.xml) ------
2020-08-28 01:30:55.177 T:140179020122240   DEBUG: [Warning] CGUITextureManager::GetTexturePath: could not find texture '-'
2020-08-28 01:30:55.609 T:140179020122240   DEBUG: ProcessMouse: trying mouse action leftclick
2020-08-28 01:30:55.609 T:140179020122240   DEBUG: CPlayerCoreFactory::GetPlayers(smb://192.168.0.5/Share/Music/Sepultura/Chaos A.D/11 The Hunt.mp3)
2020-08-28 01:30:55.609 T:140179020122240   DEBUG: CPlayerSelectionRule::GetPlayers: considering rule: system rules
2020-08-28 01:30:55.609 T:140179020122240   DEBUG: CPlayerSelectionRule::GetPlayers: matches rule: system rules
2020-08-28 01:30:55.609 T:140179020122240   DEBUG: CPlayerSelectionRule::GetPlayers: considering rule: mms/udp
2020-08-28 01:30:55.609 T:140179020122240   DEBUG: CPlayerSelectionRule::GetPlayers: considering rule: lastfm/shout
2020-08-28 01:30:55.609 T:140179020122240   DEBUG: CPlayerSelectionRule::GetPlayers: considering rule: rtmp
2020-08-28 01:30:55.609 T:140179020122240   DEBUG: CPlayerSelectionRule::GetPlayers: considering rule: rtsp
2020-08-28 01:30:55.609 T:140179020122240   DEBUG: CPlayerSelectionRule::GetPlayers: considering rule: streams
2020-08-28 01:30:55.609 T:140179020122240   DEBUG: CPlayerSelectionRule::GetPlayers: considering rule: dvd
2020-08-28 01:30:55.609 T:140179020122240   DEBUG: CPlayerSelectionRule::GetPlayers: considering rule: dvdimage
2020-08-28 01:30:55.609 T:140179020122240   DEBUG: CPlayerSelectionRule::GetPlayers: considering rule: sdp/asf
2020-08-28 01:30:55.609 T:140179020122240   DEBUG: CPlayerSelectionRule::GetPlayers: considering rule: nsv
2020-08-28 01:30:55.609 T:140179020122240   DEBUG: CPlayerSelectionRule::GetPlayers: considering rule: radio
2020-08-28 01:30:55.609 T:140179020122240   DEBUG: CPlayerCoreFactory::GetPlayers: matched 0 rules with players
2020-08-28 01:30:55.609 T:140179020122240   DEBUG: CPlayerCoreFactory::GetPlayers: adding audiodefaultplayer (PAPlayer)
2020-08-28 01:30:55.609 T:140179020122240   DEBUG: CPlayerCoreFactory::GetPlayers: for video=0, audio=1
2020-08-28 01:30:55.609 T:140179020122240   DEBUG: CPlayerCoreFactory::GetPlayers: for video=1, audio=1
2020-08-28 01:30:55.609 T:140179020122240   DEBUG: CPlayerCoreFactory::GetPlayers: adding player: VideoPlayer
2020-08-28 01:30:55.609 T:140179020122240   DEBUG: CPlayerCoreFactory::GetPlayers: added 2 players
2020-08-28 01:30:55.673 T:140175885731584   DEBUG: CSMBFile::Close closing fd 10000
2020-08-28 01:30:55.690 T:140178498656000   DEBUG: CActiveAE::DiscardStream - audio stream deleted
2020-08-28 01:30:55.690 T:140177395910400   DEBUG: DoWork - Saving file state for audio item musicdb://recentlyaddedalbums/1/10.mp3?albumid=1
2020-08-28 01:30:55.690 T:140178498656000   DEBUG: CActiveAE::ClearDiscardedBuffers - buffer pool deleted
2020-08-28 01:30:55.695 T:140175885731584   DEBUG: Previous line repeats 1 times.
2020-08-28 01:30:55.695 T:140175885731584   DEBUG: OnPlayBackStopped: CApplication::OnPlayBackStopped
2020-08-28 01:30:55.695 T:140175885731584   DEBUG: Thread PAPlayer 140175885731584 terminating
2020-08-28 01:30:55.698 T:140179020122240   DEBUG: FreeVisualisation() started
2020-08-28 01:30:55.698 T:140179020122240   DEBUG: FreeVisualisation() done
2020-08-28 01:30:55.706 T:140179020122240   DEBUG: OnPlayBackStarted: CApplication::OnPlayBackStarted
2020-08-28 01:30:55.706 T:140175885731584   DEBUG: Thread PAPlayer start, auto delete: false
2020-08-28 01:30:55.706 T:140175885731584   DEBUG: PAPlayer::Process - Playback started
2020-08-28 01:30:55.707 T:140179020122240   DEBUG: CMusicGUIInfo::InitCurrentItem(musicdb://recentlyaddedalbums/1/11.mp3?albumid=1)
2020-08-28 01:30:55.710 T:140179020122240   DEBUG: GetArtist(SELECT idArtist, strArtist, strSortName, strMusicBrainzArtistID, strType, strGender, strDisambiguation, strBorn, strFormed, strGenres,strMoods, strStyles, strInstruments, strBiography, strDied, strDisbanded, strYearsActive, strImage, strFanart, bScrapedMBID, lastScraped, '' AS dateAdded FROM artist WHERE idArtist = 2) - took 0 ms
2020-08-28 01:30:55.710 T:140179020122240   DEBUG: SELECT albumview.*,albumartistview.*  FROM albumview  JOIN albumartistview ON albumview.idAlbum = albumartistview.idAlbum  WHERE albumview.idAlbum = 1  ORDER BY albumartistview.iOrder
2020-08-28 01:30:55.711 T:140177746745088   DEBUG: CSMBFile::Open - opened smb://USERNAME:PASSWORD@192.168.0.5/Share/Music/Sepultura/Chaos A.D/11 The Hunt.mp3, fd=10000
2020-08-28 01:30:55.711 T:140179020122240   DEBUG: Loading additional tag info for file smb://192.168.0.5/Share/Music/Sepultura/Chaos A.D/11 The Hunt.mp3
2020-08-28 01:30:55.736 T:140177746745088   DEBUG: Open - probing detected format [mp3]
2020-08-28 01:30:55.737 T:140177746745088   DEBUG: Open - setting usetoc to 0 for accurate VBR MP3 seek
2020-08-28 01:30:55.737 T:140177746745088   DEBUG: Open - avformat_find_stream_info starting
2020-08-28 01:30:55.737 T:140177746745088   DEBUG: ffmpeg[7F7DACCCD700]: [mp3] Estimating duration from bitrate, this may be inaccurate
2020-08-28 01:30:55.738 T:140177746745088   DEBUG: Open - av_find_stream_info finished
2020-08-28 01:30:55.738 T:140177746745088   DEBUG: CDVDDemuxFFmpeg::AddStream ID: 0
2020-08-28 01:30:55.738 T:140177746745088  NOTICE: CDVDAudioCodecFFmpeg::Open() Successful opened audio decoder mp3float
2020-08-28 01:30:55.738 T:140179020122240   DEBUG: CSMBFile::Open - opened smb://USERNAME:PASSWORD@192.168.0.5/Share/Music/Sepultura/Chaos A.D/11 The Hunt.mp3, fd=10001
2020-08-28 01:30:55.742 T:140175731693312   DEBUG: CWebServer[8080]: request received for /jsonrpc?Application.GetProperties
2020-08-28 01:30:55.747 T:140175731693312   DEBUG: CWebServer[8080]: request received for /jsonrpc?Player.GetActivePlayers
2020-08-28 01:30:55.752 T:140175731693312   DEBUG: CWebServer[8080]: request received for /jsonrpc?Base
2020-08-28 01:30:55.759 T:140177746745088   DEBUG: CSMBFile::Open - opened smb://USERNAME:PASSWORD@192.168.0.5/Share/Music/Sepultura/Chaos A.D/11 The Hunt.mp3, fd=10002
2020-08-28 01:30:55.811 T:140179020122240   DEBUG: unrecognized ID3 frame detected: MCDI
2020-08-28 01:30:55.811 T:140179020122240   DEBUG: unrecognized ID3 frame detected: PRIV
2020-08-28 01:30:55.811 T:140179020122240   DEBUG: unrecognized ID3 frame detected: TLEN
2020-08-28 01:30:55.811 T:140179020122240   DEBUG: CSMBFile::Close closing fd 10001
2020-08-28 01:30:55.815 T:140179020122240   DEBUG: CPlayerGUIInfo::InitCurrentItem(musicdb://recentlyaddedalbums/1/11.mp3?albumid=1)
2020-08-28 01:30:55.815 T:140178515441408   DEBUG: UPnP: Building didl for object 'musicdb://recentlyaddedalbums/1/11.mp3?albumid=1'
2020-08-28 01:30:55.844 T:140177746745088   DEBUG: unrecognized ID3 frame detected: MCDI
2020-08-28 01:30:55.844 T:140177746745088   DEBUG: unrecognized ID3 frame detected: PRIV
2020-08-28 01:30:55.844 T:140177746745088   DEBUG: unrecognized ID3 frame detected: TLEN
2020-08-28 01:30:55.844 T:140177746745088   DEBUG: CSMBFile::Close closing fd 10002
2020-08-28 01:30:55.846 T:140177746745088   DEBUG: SeekTime - seek ended up on time 0
2020-08-28 01:30:55.880 T:140178498656000   DEBUG: Previous line repeats 1 times.
2020-08-28 01:30:55.880 T:140178498656000   DEBUG: CActiveAE::ClearDiscardedBuffers - buffer pool deleted
2020-08-28 01:30:55.915 T:140179020122240   DEBUG: ------ Window Init (DialogBusy.xml) ------
2020-08-28 01:30:55.917 T:140179020122240   ERROR: CBinaryAddonManager::GetInstalledAddonInfo: Requested addon '' unknown as binary
2020-08-28 01:30:55.938 T:140177746745088    INFO: AudioDecoder: File is queued
2020-08-28 01:30:55.940 T:140177746745088   DEBUG: AudioDecoder::GetReplayGain - Final Replaygain applied: 1.000000, Track/Album Gain 89.000000, Peak 1.000000
2020-08-28 01:30:55.940 T:140178498656000   DEBUG: CActiveAE::ClearDiscardedBuffers - buffer pool deleted
2020-08-28 01:30:55.947 T:140179020122240   DEBUG: ProcessMouse: trying mouse action doubleclick
2020-08-28 01:30:55.964 T:140177746745088    INFO: PAPlayer::PrepareStream - Ready
2020-08-28 01:30:55.969 T:140175885731584   DEBUG: OnAVStarted: CApplication::OnAVStarted
2020-08-28 01:30:55.972 T:140179020122240   DEBUG: ------ Window Deinit (Pointer.xml) ------
2020-08-28 01:30:55.981 T:140179020122240   DEBUG: ------ Window Deinit (DialogBusy.xml) ------
2020-08-28 01:30:56.392 T:140179020122240   DEBUG: ProcessMouse: trying mouse action leftclick
2020-08-28 01:30:56.392 T:140179020122240   DEBUG: CPlayerCoreFactory::GetPlayers(smb://192.168.0.5/Share/Music/Sepultura/Chaos A.D/12 Clenched Fist.mp3)
2020-08-28 01:30:56.392 T:140179020122240   DEBUG: CPlayerSelectionRule::GetPlayers: considering rule: system rules
2020-08-28 01:30:56.392 T:140179020122240   DEBUG: CPlayerSelectionRule::GetPlayers: matches rule: system rules
2020-08-28 01:30:56.392 T:140179020122240   DEBUG: CPlayerSelectionRule::GetPlayers: considering rule: mms/udp
2020-08-28 01:30:56.392 T:140179020122240   DEBUG: CPlayerSelectionRule::GetPlayers: considering rule: lastfm/shout
2020-08-28 01:30:56.393 T:140179020122240   DEBUG: CPlayerSelectionRule::GetPlayers: considering rule: rtmp
2020-08-28 01:30:56.393 T:140179020122240   DEBUG: CPlayerSelectionRule::GetPlayers: considering rule: rtsp
2020-08-28 01:30:56.393 T:140179020122240   DEBUG: CPlayerSelectionRule::GetPlayers: considering rule: streams
2020-08-28 01:30:56.393 T:140179020122240   DEBUG: CPlayerSelectionRule::GetPlayers: considering rule: dvd
2020-08-28 01:30:56.393 T:140179020122240   DEBUG: CPlayerSelectionRule::GetPlayers: considering rule: dvdimage
2020-08-28 01:30:56.393 T:140179020122240   DEBUG: CPlayerSelectionRule::GetPlayers: considering rule: sdp/asf
2020-08-28 01:30:56.393 T:140179020122240   DEBUG: CPlayerSelectionRule::GetPlayers: considering rule: nsv
2020-08-28 01:30:56.393 T:140179020122240   DEBUG: CPlayerSelectionRule::GetPlayers: considering rule: radio
2020-08-28 01:30:56.393 T:140179020122240   DEBUG: CPlayerCoreFactory::GetPlayers: matched 0 rules with players
2020-08-28 01:30:56.393 T:140179020122240   DEBUG: CPlayerCoreFactory::GetPlayers: adding audiodefaultplayer (PAPlayer)
2020-08-28 01:30:56.393 T:140179020122240   DEBUG: CPlayerCoreFactory::GetPlayers: for video=0, audio=1
2020-08-28 01:30:56.393 T:140179020122240   DEBUG: CPlayerCoreFactory::GetPlayers: for video=1, audio=1
2020-08-28 01:30:56.393 T:140179020122240   DEBUG: CPlayerCoreFactory::GetPlayers: adding player: VideoPlayer
2020-08-28 01:30:56.393 T:140179020122240   DEBUG: CPlayerCoreFactory::GetPlayers: added 2 players
2020-08-28 01:30:56.477 T:140178498656000   DEBUG: CActiveAE::DiscardStream - audio stream deleted
2020-08-28 01:30:56.477 T:140177395910400   DEBUG: DoWork - Saving file state for audio item musicdb://recentlyaddedalbums/1/11.mp3?albumid=1
2020-08-28 01:30:56.477 T:140178498656000   DEBUG: CActiveAE::ClearDiscardedBuffers - buffer pool deleted
2020-08-28 01:30:56.477 T:140179020122240   DEBUG: Previous line repeats 1 times.
2020-08-28 01:30:56.477 T:140179020122240   DEBUG: CSMBFile::Close closing fd 10000
2020-08-28 01:30:56.483 T:140175885731584   DEBUG: OnPlayBackStopped: CApplication::OnPlayBackStopped
2020-08-28 01:30:56.484 T:140175885731584   DEBUG: Thread PAPlayer 140175885731584 terminating
2020-08-28 01:30:56.486 T:140179020122240   DEBUG: FreeVisualisation() started
2020-08-28 01:30:56.486 T:140179020122240   DEBUG: FreeVisualisation() done
2020-08-28 01:30:56.488 T:140179020122240   DEBUG: ------ Window Init (Pointer.xml) ------
2020-08-28 01:30:56.494 T:140179020122240   DEBUG: OnPlayBackStarted: CApplication::OnPlayBackStarted
2020-08-28 01:30:56.494 T:140175885731584   DEBUG: Thread PAPlayer start, auto delete: false
2020-08-28 01:30:56.494 T:140175885731584   DEBUG: PAPlayer::Process - Playback started
2020-08-28 01:30:56.494 T:140179020122240   DEBUG: CMusicGUIInfo::InitCurrentItem(musicdb://recentlyaddedalbums/1/12.mp3?albumid=1)
2020-08-28 01:30:56.497 T:140179020122240   DEBUG: GetArtist(SELECT idArtist, strArtist, strSortName, strMusicBrainzArtistID, strType, strGender, strDisambiguation, strBorn, strFormed, strGenres,strMoods, strStyles, strInstruments, strBiography, strDied, strDisbanded, strYearsActive, strImage, strFanart, bScrapedMBID, lastScraped, '' AS dateAdded FROM artist WHERE idArtist = 2) - took 0 ms
2020-08-28 01:30:56.497 T:140179020122240   DEBUG: SELECT albumview.*,albumartistview.*  FROM albumview  JOIN albumartistview ON albumview.idAlbum = albumartistview.idAlbum  WHERE albumview.idAlbum = 1  ORDER BY albumartistview.iOrder
2020-08-28 01:30:56.498 T:140177746745088   DEBUG: CSMBFile::Open - opened smb://USERNAME:PASSWORD@192.168.0.5/Share/Music/Sepultura/Chaos A.D/12 Clenched Fist.mp3, fd=10000
2020-08-28 01:30:56.498 T:140179020122240   DEBUG: Loading additional tag info for file smb://192.168.0.5/Share/Music/Sepultura/Chaos A.D/12 Clenched Fist.mp3
2020-08-28 01:30:56.505 T:140179020122240   DEBUG: CSMBFile::Open - opened smb://USERNAME:PASSWORD@192.168.0.5/Share/Music/Sepultura/Chaos A.D/12 Clenched Fist.mp3, fd=10002
2020-08-28 01:30:56.522 T:140177746745088   DEBUG: Open - probing detected format [mp3]
2020-08-28 01:30:56.522 T:140177746745088   DEBUG: Open - setting usetoc to 0 for accurate VBR MP3 seek
2020-08-28 01:30:56.522 T:140177746745088   DEBUG: Open - avformat_find_stream_info starting
2020-08-28 01:30:56.523 T:140177746745088   DEBUG: ffmpeg[7F7DACCCD700]: [mp3] Estimating duration from bitrate, this may be inaccurate
2020-08-28 01:30:56.523 T:140177746745088   DEBUG: Open - av_find_stream_info finished
2020-08-28 01:30:56.523 T:140177746745088   DEBUG: CDVDDemuxFFmpeg::AddStream ID: 0
2020-08-28 01:30:56.523 T:140177746745088  NOTICE: CDVDAudioCodecFFmpeg::Open() Successful opened audio decoder mp3float
2020-08-28 01:30:56.545 T:140177746745088   DEBUG: CSMBFile::Open - opened smb://USERNAME:PASSWORD@192.168.0.5/Share/Music/Sepultura/Chaos A.D/12 Clenched Fist.mp3, fd=10001
2020-08-28 01:30:56.591 T:140179020122240   DEBUG: unrecognized ID3 frame detected: MCDI
2020-08-28 01:30:56.592 T:140179020122240   DEBUG: unrecognized ID3 frame detected: PRIV
2020-08-28 01:30:56.592 T:140179020122240   DEBUG: unrecognized ID3 frame detected: TLEN
2020-08-28 01:30:56.592 T:140179020122240   DEBUG: CSMBFile::Close closing fd 10002
2020-08-28 01:30:56.596 T:140179020122240   DEBUG: CPlayerGUIInfo::InitCurrentItem(musicdb://recentlyaddedalbums/1/12.mp3?albumid=1)
2020-08-28 01:30:56.596 T:140178515441408   DEBUG: UPnP: Building didl for object 'musicdb://recentlyaddedalbums/1/12.mp3?albumid=1'
2020-08-28 01:30:56.616 T:140177746745088   DEBUG: unrecognized ID3 frame detected: MCDI
2020-08-28 01:30:56.616 T:140177746745088   DEBUG: unrecognized ID3 frame detected: PRIV
2020-08-28 01:30:56.616 T:140177746745088   DEBUG: unrecognized ID3 frame detected: TLEN
2020-08-28 01:30:56.616 T:140177746745088   DEBUG: CSMBFile::Close closing fd 10001
2020-08-28 01:30:56.618 T:140177746745088   DEBUG: SeekTime - seek ended up on time 0
2020-08-28 01:30:56.684 T:140178498656000   DEBUG: Previous line repeats 1 times.
2020-08-28 01:30:56.684 T:140178498656000   DEBUG: CActiveAE::ClearDiscardedBuffers - buffer pool deleted
2020-08-28 01:30:56.696 T:140179020122240   DEBUG: ------ Window Init (DialogBusy.xml) ------
2020-08-28 01:30:56.702 T:140179020122240   ERROR: CBinaryAddonManager::GetInstalledAddonInfo: Requested addon '' unknown as binary
2020-08-28 01:30:56.713 T:140177746745088    INFO: AudioDecoder: File is queued
2020-08-28 01:30:56.714 T:140177746745088   DEBUG: AudioDecoder::GetReplayGain - Final Replaygain applied: 1.000000, Track/Album Gain 89.000000, Peak 1.000000
2020-08-28 01:30:56.714 T:140178498656000   DEBUG: CActiveAE::ClearDiscardedBuffers - buffer pool deleted
2020-08-28 01:30:56.737 T:140177746745088    INFO: PAPlayer::PrepareStream - Ready
2020-08-28 01:30:56.743 T:140175731693312   DEBUG: CWebServer[8080]: request received for /jsonrpc?Application.GetProperties
2020-08-28 01:30:56.747 T:140175885731584   DEBUG: OnAVStarted: CApplication::OnAVStarted
2020-08-28 01:30:56.749 T:140175731693312   DEBUG: CWebServer[8080]: request received for /jsonrpc?Application.GetProperties
2020-08-28 01:30:56.753 T:140175731693312   DEBUG: CWebServer[8080]: request received for /jsonrpc?Player.GetActivePlayers
2020-08-28 01:30:56.765 T:140175731693312   DEBUG: Previous line repeats 1 times.
2020-08-28 01:30:56.765 T:140175731693312   DEBUG: CWebServer[8080]: request received for /jsonrpc?Base
2020-08-28 01:30:56.768 T:140179020122240   DEBUG: ------ Window Deinit (DialogBusy.xml) ------
2020-08-28 01:30:56.768 T:140175652943616   DEBUG: CWebServer[8080]: request received for /jsonrpc?Base
2020-08-28 01:30:56.897 T:140176911226624   DEBUG: CSMBFile::Open - opened smb://USERNAME:PASSWORD@192.168.0.5/Share/Music/Sepultura/Chaos A.D/13 Chaos B.C. [-].mp3, fd=10001
2020-08-28 01:30:56.929 T:140176911226624   DEBUG: CSMBFile::Close closing fd 10001
2020-08-28 01:30:56.934 T:140176911226624   DEBUG: CSMBFile::Open - opened smb://USERNAME:PASSWORD@192.168.0.5/Share/Music/Sepultura/Chaos A.D/13 Chaos B.C. [-].mp3, fd=10001
2020-08-28 01:30:56.958 T:140176911226624   DEBUG: CSMBFile::Close closing fd 10001
2020-08-28 01:30:56.964 T:140176911226624   DEBUG: CSMBFile::Open - opened smb://USERNAME:PASSWORD@192.168.0.5/Share/Music/Sepultura/Chaos A.D/13 Chaos B.C. [-].mp3, fd=10001
2020-08-28 01:30:56.971 T:140176911226624   DEBUG: CSMBFile::Close closing fd 10001
2020-08-28 01:30:57.745 T:140175731693312   DEBUG: CWebServer[8080]: request received for /jsonrpc?Application.GetProperties
2020-08-28 01:30:57.753 T:140175731693312   DEBUG: Previous line repeats 1 times.
2020-08-28 01:30:57.753 T:140175731693312   DEBUG: CWebServer[8080]: request received for /jsonrpc?Player.GetActivePlayers
2020-08-28 01:30:57.761 T:140175731693312   DEBUG: Previous line repeats 1 times.
2020-08-28 01:30:57.761 T:140175731693312   DEBUG: CWebServer[8080]: request received for /jsonrpc?Base
2020-08-28 01:30:57.975 T:140179020122240   DEBUG: Previous line repeats 1 times.
2020-08-28 01:30:57.975 T:140179020122240   DEBUG: ProcessMouse: trying mouse action leftclick
2020-08-28 01:30:57.975 T:140179020122240   DEBUG: CPlayerCoreFactory::GetPlayers(smb://192.168.0.5/Share/Music/Sepultura/Chaos A.D/11 The Hunt.mp3)
2020-08-28 01:30:57.975 T:140179020122240   DEBUG: CPlayerSelectionRule::GetPlayers: considering rule: system rules
2020-08-28 01:30:57.975 T:140179020122240   DEBUG: CPlayerSelectionRule::GetPlayers: matches rule: system rules
2020-08-28 01:30:57.975 T:140179020122240   DEBUG: CPlayerSelectionRule::GetPlayers: considering rule: mms/udp
2020-08-28 01:30:57.975 T:140179020122240   DEBUG: CPlayerSelectionRule::GetPlayers: considering rule: lastfm/shout
2020-08-28 01:30:57.975 T:140179020122240   DEBUG: CPlayerSelectionRule::GetPlayers: considering rule: rtmp
2020-08-28 01:30:57.975 T:140179020122240   DEBUG: CPlayerSelectionRule::GetPlayers: considering rule: rtsp
2020-08-28 01:30:57.975 T:140179020122240   DEBUG: CPlayerSelectionRule::GetPlayers: considering rule: streams
2020-08-28 01:30:57.975 T:140179020122240   DEBUG: CPlayerSelectionRule::GetPlayers: considering rule: dvd
2020-08-28 01:30:57.976 T:140179020122240   DEBUG: CPlayerSelectionRule::GetPlayers: considering rule: dvdimage
2020-08-28 01:30:57.976 T:140179020122240   DEBUG: CPlayerSelectionRule::GetPlayers: considering rule: sdp/asf
2020-08-28 01:30:57.976 T:140179020122240   DEBUG: CPlayerSelectionRule::GetPlayers: considering rule: nsv
2020-08-28 01:30:57.976 T:140179020122240   DEBUG: CPlayerSelectionRule::GetPlayers: considering rule: radio
2020-08-28 01:30:57.976 T:140179020122240   DEBUG: CPlayerCoreFactory::GetPlayers: matched 0 rules with players
2020-08-28 01:30:57.976 T:140179020122240   DEBUG: CPlayerCoreFactory::GetPlayers: adding audiodefaultplayer (PAPlayer)
2020-08-28 01:30:57.976 T:140179020122240   DEBUG: CPlayerCoreFactory::GetPlayers: for video=0, audio=1
2020-08-28 01:30:57.976 T:140179020122240   DEBUG: CPlayerCoreFactory::GetPlayers: for video=1, audio=1
2020-08-28 01:30:57.976 T:140179020122240   DEBUG: CPlayerCoreFactory::GetPlayers: adding player: VideoPlayer
2020-08-28 01:30:57.976 T:140179020122240   DEBUG: CPlayerCoreFactory::GetPlayers: added 2 players
2020-08-28 01:30:58.026 T:140175885731584   DEBUG: CSMBFile::Close closing fd 10000
2020-08-28 01:30:58.056 T:140178498656000   DEBUG: CActiveAE::DiscardStream - audio stream deleted
2020-08-28 01:30:58.056 T:140177746745088   DEBUG: DoWork - Saving file state for audio item musicdb://recentlyaddedalbums/1/12.mp3?albumid=1
2020-08-28 01:30:58.056 T:140178498656000   DEBUG: CActiveAE::ClearDiscardedBuffers - buffer pool deleted
2020-08-28 01:30:58.059 T:140175885731584   DEBUG: Previous line repeats 1 times.
2020-08-28 01:30:58.059 T:140175885731584   DEBUG: OnPlayBackStopped: CApplication::OnPlayBackStopped
2020-08-28 01:30:58.059 T:140175885731584   DEBUG: Thread PAPlayer 140175885731584 terminating
2020-08-28 01:30:58.061 T:140179020122240   DEBUG: FreeVisualisation() started
2020-08-28 01:30:58.061 T:140179020122240   DEBUG: FreeVisualisation() done
2020-08-28 01:30:58.069 T:140179020122240   DEBUG: OnPlayBackStarted: CApplication::OnPlayBackStarted
2020-08-28 01:30:58.069 T:140175885731584   DEBUG: Thread PAPlayer start, auto delete: false
2020-08-28 01:30:58.069 T:140175885731584   DEBUG: PAPlayer::Process - Playback started
2020-08-28 01:30:58.069 T:140179020122240   DEBUG: CMusicGUIInfo::InitCurrentItem(musicdb://recentlyaddedalbums/1/11.mp3?albumid=1)
2020-08-28 01:30:58.073 T:140179020122240   DEBUG: GetArtist(SELECT idArtist, strArtist, strSortName, strMusicBrainzArtistID, strType, strGender, strDisambiguation, strBorn, strFormed, strGenres,strMoods, strStyles, strInstruments, strBiography, strDied, strDisbanded, strYearsActive, strImage, strFanart, bScrapedMBID, lastScraped, '' AS dateAdded FROM artist WHERE idArtist = 2) - took 1 ms
2020-08-28 01:30:58.073 T:140179020122240   DEBUG: SELECT albumview.*,albumartistview.*  FROM albumview  JOIN albumartistview ON albumview.idAlbum = albumartistview.idAlbum  WHERE albumview.idAlbum = 1  ORDER BY albumartistview.iOrder
2020-08-28 01:30:58.074 T:140179020122240   DEBUG: Loading additional tag info for file smb://192.168.0.5/Share/Music/Sepultura/Chaos A.D/11 The Hunt.mp3
2020-08-28 01:30:58.074 T:140177746745088   DEBUG: CSMBFile::Open - opened smb://USERNAME:PASSWORD@192.168.0.5/Share/Music/Sepultura/Chaos A.D/11 The Hunt.mp3, fd=10000
2020-08-28 01:30:58.081 T:140179020122240   DEBUG: CSMBFile::Open - opened smb://USERNAME:PASSWORD@192.168.0.5/Share/Music/Sepultura/Chaos A.D/11 The Hunt.mp3, fd=10001
2020-08-28 01:30:58.099 T:140177746745088   DEBUG: Open - probing detected format [mp3]
2020-08-28 01:30:58.099 T:140177746745088   DEBUG: Open - setting usetoc to 0 for accurate VBR MP3 seek
2020-08-28 01:30:58.100 T:140177746745088   DEBUG: Open - avformat_find_stream_info starting
2020-08-28 01:30:58.100 T:140177746745088   DEBUG: ffmpeg[7F7DACCCD700]: [mp3] Estimating duration from bitrate, this may be inaccurate
2020-08-28 01:30:58.100 T:140177746745088   DEBUG: Open - av_find_stream_info finished
2020-08-28 01:30:58.100 T:140177746745088   DEBUG: CDVDDemuxFFmpeg::AddStream ID: 0
2020-08-28 01:30:58.101 T:140177746745088  NOTICE: CDVDAudioCodecFFmpeg::Open() Successful opened audio decoder mp3float
2020-08-28 01:30:58.120 T:140177746745088   DEBUG: CSMBFile::Open - opened smb://USERNAME:PASSWORD@192.168.0.5/Share/Music/Sepultura/Chaos A.D/11 The Hunt.mp3, fd=10002
2020-08-28 01:30:58.169 T:140179020122240   DEBUG: unrecognized ID3 frame detected: MCDI
2020-08-28 01:30:58.169 T:140179020122240   DEBUG: unrecognized ID3 frame detected: PRIV
2020-08-28 01:30:58.169 T:140179020122240   DEBUG: unrecognized ID3 frame detected: TLEN
2020-08-28 01:30:58.169 T:140179020122240   DEBUG: CSMBFile::Close closing fd 10001
2020-08-28 01:30:58.175 T:140179020122240   DEBUG: CPlayerGUIInfo::InitCurrentItem(musicdb://recentlyaddedalbums/1/11.mp3?albumid=1)
2020-08-28 01:30:58.176 T:140178515441408   DEBUG: UPnP: Building didl for object 'musicdb://recentlyaddedalbums/1/11.mp3?albumid=1'
2020-08-28 01:30:58.202 T:140177746745088   DEBUG: unrecognized ID3 frame detected: MCDI
2020-08-28 01:30:58.202 T:140177746745088   DEBUG: unrecognized ID3 frame detected: PRIV
2020-08-28 01:30:58.203 T:140177746745088   DEBUG: unrecognized ID3 frame detected: TLEN
2020-08-28 01:30:58.203 T:140177746745088   DEBUG: CSMBFile::Close closing fd 10002
2020-08-28 01:30:58.205 T:140177746745088   DEBUG: SeekTime - seek ended up on time 0
2020-08-28 01:30:58.226 T:140178498656000   DEBUG: Previous line repeats 1 times.
2020-08-28 01:30:58.226 T:140178498656000   DEBUG: CActiveAE::ClearDiscardedBuffers - buffer pool deleted
2020-08-28 01:30:58.276 T:140179020122240   DEBUG: ------ Window Init (DialogBusy.xml) ------
2020-08-28 01:30:58.277 T:140179020122240   ERROR: CBinaryAddonManager::GetInstalledAddonInfo: Requested addon '' unknown as binary
2020-08-28 01:30:58.298 T:140177746745088    INFO: AudioDecoder: File is queued
2020-08-28 01:30:58.299 T:140177746745088   DEBUG: AudioDecoder::GetReplayGain - Final Replaygain applied: 1.000000, Track/Album Gain 89.000000, Peak 1.000000
2020-08-28 01:30:58.300 T:140178498656000   DEBUG: CActiveAE::ClearDiscardedBuffers - buffer pool deleted
2020-08-28 01:30:58.324 T:140177746745088    INFO: PAPlayer::PrepareStream - Ready
2020-08-28 01:30:58.332 T:140175885731584   DEBUG: OnAVStarted: CApplication::OnAVStarted
2020-08-28 01:30:58.360 T:140179020122240   DEBUG: ------ Window Deinit (DialogBusy.xml) ------
2020-08-28 01:30:58.976 T:140179020122240   DEBUG: ProcessMouse: trying mouse action leftclick
2020-08-28 01:30:58.976 T:140179020122240   DEBUG: CPlayerCoreFactory::GetPlayers(smb://192.168.0.5/Share/Music/Sepultura/Chaos A.D/10 Manifest.mp3)
2020-08-28 01:30:58.976 T:140179020122240   DEBUG: CPlayerSelectionRule::GetPlayers: considering rule: system rules
2020-08-28 01:30:58.976 T:140179020122240   DEBUG: CPlayerSelectionRule::GetPlayers: matches rule: system rules
2020-08-28 01:30:58.976 T:140179020122240   DEBUG: CPlayerSelectionRule::GetPlayers: considering rule: mms/udp
2020-08-28 01:30:58.976 T:140179020122240   DEBUG: CPlayerSelectionRule::GetPlayers: considering rule: lastfm/shout
2020-08-28 01:30:58.976 T:140179020122240   DEBUG: CPlayerSelectionRule::GetPlayers: considering rule: rtmp
2020-08-28 01:30:58.976 T:140179020122240   DEBUG: CPlayerSelectionRule::GetPlayers: considering rule: rtsp
2020-08-28 01:30:58.976 T:140179020122240   DEBUG: CPlayerSelectionRule::GetPlayers: considering rule: streams
2020-08-28 01:30:58.976 T:140179020122240   DEBUG: CPlayerSelectionRule::GetPlayers: considering rule: dvd
2020-08-28 01:30:58.976 T:140179020122240   DEBUG: CPlayerSelectionRule::GetPlayers: considering rule: dvdimage
2020-08-28 01:30:58.976 T:140179020122240   DEBUG: CPlayerSelectionRule::GetPlayers: considering rule: sdp/asf
2020-08-28 01:30:58.976 T:140179020122240   DEBUG: CPlayerSelectionRule::GetPlayers: considering rule: nsv
2020-08-28 01:30:58.976 T:140179020122240   DEBUG: CPlayerSelectionRule::GetPlayers: considering rule: radio
2020-08-28 01:30:58.977 T:140179020122240   DEBUG: CPlayerCoreFactory::GetPlayers: matched 0 rules with players
2020-08-28 01:30:58.977 T:140179020122240   DEBUG: CPlayerCoreFactory::GetPlayers: adding audiodefaultplayer (PAPlayer)
2020-08-28 01:30:58.977 T:140179020122240   DEBUG: CPlayerCoreFactory::GetPlayers: for video=0, audio=1
2020-08-28 01:30:58.977 T:140179020122240   DEBUG: CPlayerCoreFactory::GetPlayers: for video=1, audio=1
2020-08-28 01:30:58.977 T:140179020122240   DEBUG: CPlayerCoreFactory::GetPlayers: adding player: VideoPlayer
2020-08-28 01:30:58.977 T:140179020122240   DEBUG: CPlayerCoreFactory::GetPlayers: added 2 players
2020-08-28 01:30:59.051 T:140175885731584   DEBUG: CSMBFile::Close closing fd 10000
2020-08-28 01:30:59.057 T:140178498656000   DEBUG: CActiveAE::DiscardStream - audio stream deleted
2020-08-28 01:30:59.057 T:140177387517696   DEBUG: DoWork - Saving file state for audio item musicdb://recentlyaddedalbums/1/11.mp3?albumid=1
2020-08-28 01:30:59.057 T:140178498656000   DEBUG: CActiveAE::ClearDiscardedBuffers - buffer pool deleted
2020-08-28 01:30:59.064 T:140175885731584   DEBUG: Previous line repeats 1 times.
2020-08-28 01:30:59.064 T:140175885731584   DEBUG: OnPlayBackStopped: CApplication::OnPlayBackStopped
2020-08-28 01:30:59.064 T:140175885731584   DEBUG: Thread PAPlayer 140175885731584 terminating
2020-08-28 01:30:59.064 T:140179020122240   DEBUG: FreeVisualisation() started
2020-08-28 01:30:59.064 T:140179020122240   DEBUG: FreeVisualisation() done
2020-08-28 01:30:59.065 T:140175731693312   DEBUG: CWebServer[8080]: request received for /jsonrpc?Application.GetProperties
2020-08-28 01:30:59.075 T:140179020122240   DEBUG: OnPlayBackStarted: CApplication::OnPlayBackStarted
2020-08-28 01:30:59.076 T:140175885731584   DEBUG: Thread PAPlayer start, auto delete: false
2020-08-28 01:30:59.076 T:140175885731584   DEBUG: PAPlayer::Process - Playback started
2020-08-28 01:30:59.076 T:140179020122240   DEBUG: CMusicGUIInfo::InitCurrentItem(musicdb://recentlyaddedalbums/1/10.mp3?albumid=1)
2020-08-28 01:30:59.076 T:140175731693312   DEBUG: CWebServer[8080]: request received for /jsonrpc?Player.GetActivePlayers
2020-08-28 01:30:59.079 T:140177395910400   DEBUG: CSMBFile::Open - opened smb://USERNAME:PASSWORD@192.168.0.5/Share/Music/Sepultura/Chaos A.D/10 Manifest.mp3, fd=10000
2020-08-28 01:30:59.081 T:140175731693312   DEBUG: CWebServer[8080]: request received for /jsonrpc?Base
2020-08-28 01:30:59.090 T:140179020122240   DEBUG: GetArtist(SELECT idArtist, strArtist, strSortName, strMusicBrainzArtistID, strType, strGender, strDisambiguation, strBorn, strFormed, strGenres,strMoods, strStyles, strInstruments, strBiography, strDied, strDisbanded, strYearsActive, strImage, strFanart, bScrapedMBID, lastScraped, '' AS dateAdded FROM artist WHERE idArtist = 2) - took 0 ms
2020-08-28 01:30:59.090 T:140179020122240   DEBUG: SELECT albumview.*,albumartistview.*  FROM albumview  JOIN albumartistview ON albumview.idAlbum = albumartistview.idAlbum  WHERE albumview.idAlbum = 1  ORDER BY albumartistview.iOrder
2020-08-28 01:30:59.091 T:140179020122240   DEBUG: Loading additional tag info for file smb://192.168.0.5/Share/Music/Sepultura/Chaos A.D/10 Manifest.mp3
2020-08-28 01:30:59.102 T:140177395910400   DEBUG: Open - probing detected format [mp3]
2020-08-28 01:30:59.102 T:140177395910400   DEBUG: Open - setting usetoc to 0 for accurate VBR MP3 seek
2020-08-28 01:30:59.102 T:140177395910400   DEBUG: Open - avformat_find_stream_info starting
2020-08-28 01:30:59.102 T:140177395910400   DEBUG: ffmpeg[7F7D97E38700]: [mp3] Estimating duration from bitrate, this may be inaccurate
2020-08-28 01:30:59.102 T:140177395910400   DEBUG: Open - av_find_stream_info finished
2020-08-28 01:30:59.102 T:140177395910400   DEBUG: CDVDDemuxFFmpeg::AddStream ID: 0
2020-08-28 01:30:59.102 T:140177395910400  NOTICE: CDVDAudioCodecFFmpeg::Open() Successful opened audio decoder mp3float
2020-08-28 01:30:59.104 T:140179020122240   DEBUG: CSMBFile::Open - opened smb://USERNAME:PASSWORD@192.168.0.5/Share/Music/Sepultura/Chaos A.D/10 Manifest.mp3, fd=10002
2020-08-28 01:30:59.124 T:140177395910400   DEBUG: CSMBFile::Open - opened smb://USERNAME:PASSWORD@192.168.0.5/Share/Music/Sepultura/Chaos A.D/10 Manifest.mp3, fd=10001
2020-08-28 01:30:59.175 T:140179020122240   DEBUG: unrecognized ID3 frame detected: MCDI
2020-08-28 01:30:59.175 T:140179020122240   DEBUG: unrecognized ID3 frame detected: PRIV
2020-08-28 01:30:59.175 T:140179020122240   DEBUG: unrecognized ID3 frame detected: TLEN
2020-08-28 01:30:59.175 T:140179020122240   DEBUG: CSMBFile::Close closing fd 10002
2020-08-28 01:30:59.191 T:140179020122240   DEBUG: CPlayerGUIInfo::InitCurrentItem(musicdb://recentlyaddedalbums/1/10.mp3?albumid=1)
2020-08-28 01:30:59.192 T:140178515441408   DEBUG: UPnP: Building didl for object 'musicdb://recentlyaddedalbums/1/10.mp3?albumid=1'
2020-08-28 01:30:59.194 T:140177395910400   DEBUG: unrecognized ID3 frame detected: MCDI
2020-08-28 01:30:59.194 T:140177395910400   DEBUG: unrecognized ID3 frame detected: PRIV
2020-08-28 01:30:59.194 T:140177395910400   DEBUG: unrecognized ID3 frame detected: TLEN
2020-08-28 01:30:59.194 T:140177395910400   DEBUG: CSMBFile::Close closing fd 10001
2020-08-28 01:30:59.198 T:140177395910400   DEBUG: SeekTime - seek ended up on time 0
2020-08-28 01:30:59.223 T:140178498656000   DEBUG: Previous line repeats 1 times.
2020-08-28 01:30:59.223 T:140178498656000   DEBUG: CActiveAE::ClearDiscardedBuffers - buffer pool deleted
2020-08-28 01:30:59.291 T:140177395910400    INFO: AudioDecoder: File is queued
2020-08-28 01:30:59.292 T:140179020122240   DEBUG: ------ Window Init (DialogBusy.xml) ------
2020-08-28 01:30:59.293 T:140177395910400   DEBUG: AudioDecoder::GetReplayGain - Final Replaygain applied: 1.000000, Track/Album Gain 89.000000, Peak 1.000000
