2020-08-28 01:30:00.452 T:140179019949824   DEBUG: Thread DetectDVDMedia 140179019949824 terminating
2020-08-28 01:30:00.468 T:140179020122240    INFO: Unloading old skin ...
2020-08-28 01:30:00.469 T:140179020122240  NOTICE:   load skin from: /usr/share/kodi/addons/skin.estuary (version: 2.0.27)
2020-08-28 01:30:00.469 T:140179020122240    INFO:   load fonts for skin...
2020-08-28 01:30:00.469 T:140179020122240    INFO: Loading skin includes from /usr/share/kodi/addons/skin.estuary/xml/Includes.xml
2020-08-28 01:30:00.496 T:140179020122240    INFO: Loading fonts from /usr/share/kodi/addons/skin.estuary/xml/Font.xml
2020-08-28 01:30:00.505 T:140179020122240   DEBUG: LocalizeStrings: loaded 140 strings from file /usr/share/kodi/addons/skin.estuary/language/resource.language.en_gb/strings.po
2020-08-28 01:30:00.505 T:140179020122240    INFO:   load new skin...
2020-08-28 01:30:00.505 T:140179020122240    INFO: Loading custom window XMLs from skin path /usr/share/kodi/addons/skin.estuary/xml
2020-08-28 01:30:00.509 T:140179020122240   DEBUG: Load Skin XML: 3.77ms
2020-08-28 01:30:00.509 T:140179020122240    INFO:   initialize new skin...
2020-08-28 01:30:00.509 T:140179020122240   DEBUG: guilib: Fill viewport on change for solving rendering passes
2020-08-28 01:30:00.509 T:140179020122240    INFO: Loading skin file: Custom_1109_TopBarOverlay.xml, load type: LOAD_ON_GUI_INIT
2020-08-28 01:30:00.511 T:140179020122240    INFO: Loading skin file: DialogNotification.xml, load type: LOAD_ON_GUI_INIT
2020-08-28 01:30:00.511 T:140179020122240    INFO: Loading skin file: DialogSeekBar.xml, load type: LOAD_ON_GUI_INIT
2020-08-28 01:30:00.519 T:140179020122240   DEBUG: OpenBundle - Opened bundle /usr/share/kodi/addons/skin.estuary/media/Textures.xbt
2020-08-28 01:30:00.519 T:140179020122240    INFO: Loading skin file: DialogExtendedProgressBar.xml, load type: LOAD_ON_GUI_INIT
2020-08-28 01:30:00.520 T:140179020122240    INFO: Loading skin file: DialogBusy.xml, load type: LOAD_ON_GUI_INIT
2020-08-28 01:30:00.521 T:140179020122240    INFO: Loading skin file: DialogVolumeBar.xml, load type: LOAD_ON_GUI_INIT
2020-08-28 01:30:00.522 T:140179020122240    INFO: Loading skin file: Pointer.xml, load type: LOAD_ON_GUI_INIT
2020-08-28 01:30:00.523 T:140179020122240    INFO: Loading skin file: DialogBusy.xml, load type: LOAD_ON_GUI_INIT
2020-08-28 01:30:00.524 T:140179020122240    INFO: Loading resource://resource.uisounds.kodi/sounds.xml
2020-08-28 01:30:00.538 T:140179020122240    INFO:   skin loaded...
2020-08-28 01:30:00.538 T:140179020122240   DEBUG: Activating window ID: 12997
2020-08-28 01:30:00.538 T:140179020122240   DEBUG: ------ Window Init () ------
2020-08-28 01:30:00.539 T:140179020122240   DEBUG: Activating window ID: 12999
2020-08-28 01:30:00.539 T:140179020122240   DEBUG: ------ Window Init (Startup.xml) ------
2020-08-28 01:30:00.539 T:140179020122240    INFO: Loading skin file: Startup.xml, load type: LOAD_EVERY_TIME
2020-08-28 01:30:00.539 T:140179020122240   DEBUG: Activating window ID: 10000
2020-08-28 01:30:00.539 T:140179020122240   DEBUG: ------ Window Deinit (Startup.xml) ------
2020-08-28 01:30:00.539 T:140179020122240   DEBUG: ------ Window Init (Home.xml) ------
2020-08-28 01:30:00.539 T:140179020122240    INFO: Loading skin file: Home.xml, load type: KEEP_IN_MEMORY
2020-08-28 01:30:00.598 T:140179020122240   DEBUG: CDirectoryProvider[library://music/]: refreshing..
2020-08-28 01:30:00.598 T:140179020122240   DEBUG: CDirectoryProvider[musicdb://recentlyplayedalbums]: refreshing..
2020-08-28 01:30:00.598 T:140179020122240   DEBUG: CDirectoryProvider[musicdb://recentlyaddedalbums/]: refreshing..
2020-08-28 01:30:00.598 T:140179020122240   DEBUG: CDirectoryProvider[special://skin/playlists/random_albums.xsp]: refreshing..
2020-08-28 01:30:00.598 T:140179020122240   DEBUG: CDirectoryProvider[special://skin/playlists/random_artists.xsp]: refreshing..
2020-08-28 01:30:00.598 T:140179020122240   DEBUG: CDirectoryProvider[special://skin/playlists/unplayed_albums.xsp]: refreshing..
2020-08-28 01:30:00.598 T:140179020122240   DEBUG: CDirectoryProvider[special://skin/playlists/mostplayed_albums.xsp]: refreshing..
2020-08-28 01:30:00.598 T:140177395910400   DEBUG: Thread JobWorker start, auto delete: true
2020-08-28 01:30:00.598 T:140179020122240   DEBUG: CDirectoryProvider[addons://]: refreshing..
2020-08-28 01:30:00.598 T:140179020122240   DEBUG: CDirectoryProvider[addons://sources/video/]: refreshing..
2020-08-28 01:30:00.598 T:140179020122240   DEBUG: CDirectoryProvider[addons://sources/audio/]: refreshing..
2020-08-28 01:30:00.598 T:140179020122240   DEBUG: CDirectoryProvider[addons://sources/game/]: refreshing..
2020-08-28 01:30:00.598 T:140177387517696   DEBUG: Thread JobWorker start, auto delete: true
2020-08-28 01:30:00.598 T:140179020122240   DEBUG: CDirectoryProvider[addons://sources/executable/]: refreshing..
2020-08-28 01:30:00.598 T:140179020122240   DEBUG: CDirectoryProvider[addons://sources/image/]: refreshing..
2020-08-28 01:30:00.598 T:140179020122240   DEBUG: CDirectoryProvider[library://video/]: refreshing..
2020-08-28 01:30:00.598 T:140179020122240   DEBUG: CDirectoryProvider[sources://video/]: refreshing..
2020-08-28 01:30:00.598 T:140179020122240   DEBUG: CDirectoryProvider[special://videoplaylists/]: refreshing..
2020-08-28 01:30:00.599 T:140179020122240   DEBUG: CDirectoryProvider[favourites://]: refreshing..
2020-08-28 01:30:00.599 T:140179020122240   DEBUG: CDirectoryProvider[sources://pictures/]: refreshing..
2020-08-28 01:30:00.599 T:140179020122240   DEBUG: CDirectoryProvider[addons://sources/game/]: refreshing..
2020-08-28 01:30:00.603 T:140177387517696   DEBUG: GetRecentlyAddedAlbums query: SELECT albumview.*, albumartistview.* FROM (SELECT idAlbum FROM album WHERE strAlbum != '' ORDER BY idAlbum DESC LIMIT 25) AS recentalbums JOIN albumview ON albumview.idAlbum = recentalbums.idAlbum JOIN albumartistview ON albumview.idAlbum = albumartistview.idAlbum ORDER BY albumview.idAlbum desc, albumartistview.iOrder
2020-08-28 01:30:00.604 T:140177395910400   DEBUG: GetRecentlyPlayedAlbums query: SELECT albumview.*, albumartistview.* FROM (SELECT idAlbum FROM albumview WHERE albumview.lastplayed IS NOT NULL AND albumview.strReleaseType = 'album' ORDER BY albumview.lastplayed DESC LIMIT 25) as playedalbums JOIN albumview ON albumview.idAlbum = playedalbums.idAlbum JOIN albumartistview ON albumview.idAlbum = albumartistview.idAlbum ORDER BY albumview.lastplayed DESC, albumartistview.iorder
2020-08-28 01:30:00.613 T:140179020122240   DEBUG: JSONRPC: JSON schema type definition references an unknown type Setting.Details.Setting
2020-08-28 01:30:00.613 T:140179020122240 WARNING: JSONRPC: Could not parse type "Setting.Details.SettingList"
2020-08-28 01:30:00.613 T:140177395910400   DEBUG: GetAlbumsByWhere query: SELECT albumview.* FROM albumview  WHERE albumview.strReleaseType = 'album' ORDER BY RANDOM() LIMIT 15
2020-08-28 01:30:00.613 T:140179020122240    INFO: JSONRPC: Adding type "Setting.Details.SettingList" to list of incomplete definitions (waiting for "Setting.Details.Setting")
2020-08-28 01:30:00.613 T:140179020122240    INFO: JSONRPC: Resolving incomplete types/methods referencing Setting.Details.Setting
2020-08-28 01:30:00.614 T:140177395910400   DEBUG: GetAlbumsByWhere: Time to fill list with albums 2ms query took 1ms
2020-08-28 01:30:00.620 T:140177387517696   DEBUG: GetArtistsByWhere query: SELECT artistview.* FROM artistview  WHERE (EXISTS (SELECT 1 FROM song_artist WHERE song_artist.idArtist = artistview.idArtist AND song_artist.idRole = 1) OR EXISTS (SELECT 1 FROM album_artist WHERE album_artist.idArtist = artistview.idArtist)) AND (artistview.strArtist != '') ORDER BY RANDOM() LIMIT 15
2020-08-28 01:30:00.621 T:140177387517696   DEBUG: GetArtistsByWhere: Time to fill list with artists 2ms query took 1ms
2020-08-28 01:30:00.631 T:140179020122240    INFO: JSONRPC v10.3.0: Successfully initialized
2020-08-28 01:30:00.631 T:140179020122240   DEBUG: LoadMappings - loaded node "Motorola Nyxboard Hybrid"
2020-08-28 01:30:00.632 T:140179020122240   DEBUG: LoadMappings - loaded node "CEC Adapter"
2020-08-28 01:30:00.632 T:140179020122240   DEBUG: LoadMappings - loaded node "Pulse-Eight CEC Adapter"
2020-08-28 01:30:00.632 T:140179020122240   DEBUG: LoadMappings - loaded node "iMON HID device"
2020-08-28 01:30:00.632 T:140179020122240   DEBUG: LoadMappings - loaded node "WETEK Play remote"
2020-08-28 01:30:00.632 T:140179020122240   DEBUG: LoadMappings - loaded node ""
2020-08-28 01:30:00.632 T:140179020122240   DEBUG: Add-on bus: Registering add-on peripheral.joystick
2020-08-28 01:30:00.632 T:140179020122240   DEBUG: PERIPHERAL - CreateAddon - creating peripheral add-on instance 'Joystick Support'
2020-08-28 01:30:00.632 T:140179020122240   DEBUG: ADDON: Dll Initializing - Joystick Support
2020-08-28 01:30:00.632 T:140179020122240   DEBUG: SECTION:LoadDLL(/usr/lib/x86_64-linux-gnu/kodi/addons/peripheral.joystick/peripheral.joystick.so.1.4.9)
2020-08-28 01:30:00.632 T:140179020122240   DEBUG: Loading: /usr/lib/x86_64-linux-gnu/kodi/addons/peripheral.joystick/peripheral.joystick.so.1.4.9
2020-08-28 01:30:00.633 T:140177395910400   DEBUG: GetAlbumsByWhere query: SELECT albumview.* FROM albumview  WHERE (((CAST(albumview.iTimesPlayed as DECIMAL(5,1)) = 0))) AND (albumview.strReleaseType = 'album') ORDER BY RANDOM() LIMIT 15
2020-08-28 01:30:00.634 T:140177395910400   DEBUG: GetAlbumsByWhere: Time to fill list with albums 2ms query took 0ms
2020-08-28 01:30:00.635 T:140179020122240   DEBUG: AddOnLog: Joystick Support: Loaded 14 joystick families with 97 total joysticks
2020-08-28 01:30:00.635 T:140179020122240   DEBUG: Calling TransferSettings for: Joystick Support
2020-08-28 01:30:00.635 T:140179020122240   DEBUG: CAddonSettings[peripheral.joystick]: loading setting definitions
2020-08-28 01:30:00.635 T:140179020122240    INFO: AddOnLog: Joystick Support: Enabling joystick interface "linux"
2020-08-28 01:30:00.637 T:140177387517696   DEBUG: GetAlbumsByWhere query: SELECT albumview.* FROM albumview  WHERE (((CAST(albumview.iTimesPlayed as DECIMAL(5,1)) > 0))) AND (albumview.strReleaseType = 'album')
2020-08-28 01:30:00.637 T:140177368106752   DEBUG: Thread PeripBusUSBUdev start, auto delete: false
2020-08-28 01:30:00.637 T:140177368106752   DEBUG: Process - initialised udev monitor
2020-08-28 01:30:00.638 T:140177359714048   DEBUG: Thread PeripBusCEC start, auto delete: false
2020-08-28 01:30:00.644 T:140177351321344   DEBUG: Thread PeripBusAddon start, auto delete: false
2020-08-28 01:30:00.644 T:140179020122240   DEBUG: Initialise - initialised peripheral on 'keyboard' with 1 features and 0 sub devices
2020-08-28 01:30:00.644 T:140179020122240  NOTICE: Register - new keyboard device registered on application->keyboard: Keyboard (0000:0000)
2020-08-28 01:30:00.644 T:140179020122240   DEBUG: Initialise - initialised peripheral on 'mouse' with 1 features and 0 sub devices
2020-08-28 01:30:00.644 T:140179020122240  NOTICE: Register - new mouse device registered on application->mouse: Mouse (0000:0000)
2020-08-28 01:30:00.644 T:140177342928640   DEBUG: Thread PeripEventScanner start, auto delete: false
2020-08-28 01:30:00.645 T:140177746745088   DEBUG: CAddonMgr::GetAvailableUpdates took 12 ms
2020-08-28 01:30:00.646 T:140179020122240   DEBUG: ContextMenuManager: addon menus reloaded.
2020-08-28 01:30:00.646 T:140179020122240  NOTICE: Loading player core factory settings from special://xbmc/system/playercorefactory.xml.
2020-08-28 01:30:00.646 T:140179020122240   DEBUG: CPlayerCoreConfig::<ctor>: created player VideoPlayer
2020-08-28 01:30:00.646 T:140179020122240   DEBUG: CPlayerCoreConfig::<ctor>: created player PAPlayer
2020-08-28 01:30:00.646 T:140179020122240   DEBUG: CPlayerCoreConfig::<ctor>: created player RetroPlayer
2020-08-28 01:30:00.646 T:140179020122240   DEBUG: CPlayerSelectionRule::Initialize: creating rule: system rules
2020-08-28 01:30:00.646 T:140179020122240   DEBUG: CPlayerSelectionRule::Initialize: creating rule: mms/udp
2020-08-28 01:30:00.646 T:140179020122240   DEBUG: CPlayerSelectionRule::Initialize: creating rule: lastfm/shout
2020-08-28 01:30:00.647 T:140179020122240   DEBUG: CPlayerSelectionRule::Initialize: creating rule: rtmp
2020-08-28 01:30:00.647 T:140179020122240   DEBUG: CPlayerSelectionRule::Initialize: creating rule: rtsp
2020-08-28 01:30:00.647 T:140179020122240   DEBUG: CPlayerSelectionRule::Initialize: creating rule: streams
2020-08-28 01:30:00.647 T:140179020122240   DEBUG: CPlayerSelectionRule::Initialize: creating rule: aacp/sdp
2020-08-28 01:30:00.647 T:140179020122240   DEBUG: CPlayerSelectionRule::Initialize: creating rule: mp2
2020-08-28 01:30:00.647 T:140179020122240   DEBUG: CPlayerSelectionRule::Initialize: creating rule: dvd
2020-08-28 01:30:00.647 T:140179020122240   DEBUG: CPlayerSelectionRule::Initialize: creating rule: dvdimage
2020-08-28 01:30:00.647 T:140179020122240   DEBUG: CPlayerSelectionRule::Initialize: creating rule: sdp/asf
2020-08-28 01:30:00.647 T:140179020122240   DEBUG: CPlayerSelectionRule::Initialize: creating rule: nsv
2020-08-28 01:30:00.647 T:140179020122240   DEBUG: CPlayerSelectionRule::Initialize: creating rule: radio
2020-08-28 01:30:00.647 T:140179020122240  NOTICE: Loaded playercorefactory configuration
2020-08-28 01:30:00.647 T:140179020122240  NOTICE: Loading player core factory settings from special://masterprofile/playercorefactory.xml.
2020-08-28 01:30:00.647 T:140179020122240  NOTICE: special://masterprofile/playercorefactory.xml does not exist. Skipping.
2020-08-28 01:30:00.647 T:140179020122240    INFO: removing tempfiles
2020-08-28 01:30:00.651 T:140179020122240   DEBUG: CRepositoryUpdater: previous update at 08/27/2020 11:10:41 PM, next at 08/28/2020 11:10:41 PM
2020-08-28 01:30:00.652 T:140176928012032   DEBUG: Thread Timer start, auto delete: false
2020-08-28 01:30:00.655 T:140179020122240   DEBUG: CServiceAddonManager: starting service.xbmc.versioncheck
2020-08-28 01:30:00.655 T:140179020122240   DEBUG: CServiceAddonManager: starting script.cu.lrclyrics
2020-08-28 01:30:00.655 T:140179020122240  NOTICE: initialize done
2020-08-28 01:30:00.655 T:140179020122240  NOTICE: Running the application...
2020-08-28 01:30:00.655 T:140179020122240   DEBUG: no profile autoexec.py (/home/jakermx/.kodi/userdata/autoexec.py) found, skipping
2020-08-28 01:30:00.655 T:140179020122240   DEBUG: NetworkMessage - Starting network services
2020-08-28 01:30:00.660 T:140179020122240   DEBUG: CZeroconfAvahi::clientCallback: client is up and running
2020-08-28 01:30:00.661 T:140179020122240  NOTICE: starting zeroconf publishing
2020-08-28 01:30:00.661 T:140176919619328   DEBUG: Thread LanguageInvoker start, auto delete: false
2020-08-28 01:30:00.661 T:140176919619328    INFO: initializing python engine.
2020-08-28 01:30:00.661 T:140179020122240  NOTICE: CWebServer[8080]: Started
2020-08-28 01:30:00.661 T:140179020122240  NOTICE: starting upnp client
2020-08-28 01:30:00.661 T:140176911226624   DEBUG: Thread LanguageInvoker start, auto delete: false
2020-08-28 01:30:00.661 T:140176911226624    INFO: initializing python engine.
2020-08-28 01:30:00.669 T:140177395910400   DEBUG: CMultiPathDirectory::GetDirectory(multipath://special%3a%2f%2fprofile%2fplaylists%2fvideo/special%3a%2f%2fprofile%2fplaylists%2fmixed/)
2020-08-28 01:30:00.669 T:140177395910400   DEBUG: Getting Directory (special://profile/playlists/video)
2020-08-28 01:30:00.669 T:140177395910400   DEBUG: Getting Directory (special://profile/playlists/mixed)
2020-08-28 01:30:00.669 T:140177395910400   DEBUG: CMultiPathDirectory::MergeItems, items = 0
2020-08-28 01:30:00.670 T:140177387517696   DEBUG: CRecentlyAddedJob::UpdateMusic() - Running RecentlyAdded home screen update
2020-08-28 01:30:00.677 T:140177387517696   DEBUG: GetRecentlyAddedAlbumSongs() query: SELECT songview.*, songartistview.* FROM (SELECT idAlbum FROM album ORDER BY idAlbum DESC LIMIT 10) AS recentalbums JOIN songview ON songview.idAlbum = recentalbums.idAlbum JOIN songartistview ON songview.idSong = songartistview.idSong ORDER BY songview.idAlbum DESC, songview.idSong, songartistview.idRole, songartistview.iOrder
2020-08-28 01:30:00.677 T:140177395910400   DEBUG: CZeroconfAvahi::doPublishService identifier: servers.webserver type: _http._tcp name:Kodi (jakermx-lab) port:8080
2020-08-28 01:30:00.677 T:140177395910400   DEBUG: CZeroconfAvahi::addService() named: Kodi (jakermx-lab) type: _http._tcp port:8080
2020-08-28 01:30:00.680 T:140177395910400   DEBUG: CZeroconfAvahi::doPublishService identifier: servers.jsonrpc-http type: _xbmc-jsonrpc-h._tcp name:Kodi (jakermx-lab) port:8080
2020-08-28 01:30:00.680 T:140177395910400   DEBUG: CZeroconfAvahi::addService() named: Kodi (jakermx-lab) type: _xbmc-jsonrpc-h._tcp port:8080
2020-08-28 01:30:00.682 T:140177387517696   DEBUG: GetRecentlyAddedAlbums query: SELECT albumview.*, albumartistview.* FROM (SELECT idAlbum FROM album WHERE strAlbum != '' ORDER BY idAlbum DESC LIMIT 10) AS recentalbums JOIN albumview ON albumview.idAlbum = recentalbums.idAlbum JOIN albumartistview ON albumview.idAlbum = albumartistview.idAlbum ORDER BY albumview.idAlbum desc, albumartistview.iOrder
2020-08-28 01:30:00.684 T:140177387517696   DEBUG: CRecentlyAddedJob::UpdateVideos() - Running RecentlyAdded home screen update
2020-08-28 01:30:00.691 T:140177387517696   DEBUG: RunQuery took 4 ms for 0 items query: select * from movie_view  ORDER BY dateAdded desc, idMovie desc LIMIT 10
2020-08-28 01:30:00.693 T:140177387517696   DEBUG: RunQuery took 1 ms for 0 items query: select * from episode_view  ORDER BY dateAdded desc, idEpisode desc LIMIT 10
2020-08-28 01:30:00.694 T:140177387517696   DEBUG: RunQuery took 1 ms for 0 items query: select * from musicvideo_view  ORDER BY dateAdded desc, idMVideo desc LIMIT 10
2020-08-28 01:30:00.695 T:140177387517696   DEBUG: CRecentlyAddedJob::UpdateTotal() - Running RecentlyAdded home screen update
2020-08-28 01:30:00.697 T:140177387517696   DEBUG: GetArtistsByWhere query: SELECT COUNT(DISTINCT artistview.idArtist) FROM artistview  WHERE (EXISTS (SELECT 1 FROM song_artist WHERE song_artist.idArtist = artistview.idArtist AND song_artist.idRole = 1) OR EXISTS (SELECT 1 FROM album_artist WHERE album_artist.idArtist = artistview.idArtist)) AND (artistview.strArtist != '')
2020-08-28 01:30:00.704 T:140179020122240  NOTICE: starting upnp server
2020-08-28 01:30:00.716 T:140179020122240  NOTICE: starting upnp controller
2020-08-28 01:30:00.716 T:140179020122240  NOTICE: starting upnp renderer
2020-08-28 01:30:00.724 T:140179020122240   ERROR: JSONRPC Server: Failed to connect to sdpd
2020-08-28 01:30:00.724 T:140179020122240    INFO: JSONRPC Server: Successfully initialized
2020-08-28 01:30:00.724 T:140177395910400   DEBUG: CZeroconfAvahi::doPublishService identifier: servers.jsonrpc-tpc type: _xbmc-jsonrpc._tcp name:Kodi (jakermx-lab) port:9090
2020-08-28 01:30:00.724 T:140177395910400   DEBUG: CZeroconfAvahi::addService() named: Kodi (jakermx-lab) type: _xbmc-jsonrpc._tcp port:9090
2020-08-28 01:30:00.736 T:140175904593664   DEBUG: Thread TCPServer start, auto delete: false
2020-08-28 01:30:00.736 T:140175912986368   DEBUG: Thread EventServer start, auto delete: false
2020-08-28 01:30:00.736 T:140175912986368  NOTICE: ES: Starting UDP Event server on port 9777
2020-08-28 01:30:00.736 T:140175912986368  NOTICE: UDP: Listening on port 9777 (ipv6 : true)
2020-08-28 01:30:00.736 T:140177746745088   DEBUG: CZeroconfAvahi::doPublishService identifier: servers.eventserver type: _xbmc-events._udp name:Kodi (jakermx-lab) port:9777
2020-08-28 01:30:00.736 T:140177746745088   DEBUG: CZeroconfAvahi::addService() named: Kodi (jakermx-lab) type: _xbmc-events._udp port:9777
2020-08-28 01:30:00.784 T:140176919619328   DEBUG: CPythonInvoker(0, /home/jakermx/.kodi/addons/service.xbmc.versioncheck/resources/lib/runner.py): start processing
2020-08-28 01:30:00.784 T:140176911226624   DEBUG: CPythonInvoker(1, /home/jakermx/.kodi/addons/script.cu.lrclyrics/default.py): start processing
2020-08-28 01:30:00.822 T:140179020122240   DEBUG: ------ Window Init () ------
2020-08-28 01:30:00.854 T:140177395910400    INFO: WEATHER: Downloading weather
2020-08-28 01:30:00.854 T:140179020122240   DEBUG: ------ Window Init (Pointer.xml) ------
2020-08-28 01:30:00.854 T:140175885731584   DEBUG: Thread LanguageInvoker start, auto delete: false
2020-08-28 01:30:00.854 T:140175885731584    INFO: initializing python engine.
2020-08-28 01:30:00.854 T:140175885731584   DEBUG: CPythonInvoker(2, /home/jakermx/.kodi/addons/weather.yahoo/default.py): start processing
2020-08-28 01:30:00.863 T:140176919619328   DEBUG: -->Python Interpreter Initialized<--
2020-08-28 01:30:00.863 T:140176919619328   DEBUG: CPythonInvoker(0, /home/jakermx/.kodi/addons/service.xbmc.versioncheck/resources/lib/runner.py): the source file to load is "/home/jakermx/.kodi/addons/service.xbmc.versioncheck/resources/lib/runner.py"
2020-08-28 01:30:00.863 T:140176919619328   DEBUG: CPythonInvoker(0, /home/jakermx/.kodi/addons/service.xbmc.versioncheck/resources/lib/runner.py): setting the Python path to /home/jakermx/.kodi/addons/service.xbmc.versioncheck/resources/lib:/usr/lib/python2.7:/usr/lib/python2.7/plat-x86_64-linux-gnu:/usr/lib/python2.7/lib-tk:/usr/lib/python2.7/lib-old:/usr/lib/python2.7/lib-dynload:/usr/local/lib/python2.7/dist-packages:/usr/lib/python2.7/dist-packages
2020-08-28 01:30:00.863 T:140176919619328   DEBUG: CPythonInvoker(0, /home/jakermx/.kodi/addons/service.xbmc.versioncheck/resources/lib/runner.py): entering source directory /home/jakermx/.kodi/addons/service.xbmc.versioncheck/resources/lib
2020-08-28 01:30:00.925 T:140176919619328   DEBUG: CPythonInvoker(0, /home/jakermx/.kodi/addons/service.xbmc.versioncheck/resources/lib/runner.py): instantiating addon using automatically obtained id of "service.xbmc.versioncheck" dependent on version 2.14.0 of the xbmc.python api
2020-08-28 01:30:01.128 T:140176919619328   DEBUG: CAddonSettings[service.xbmc.versioncheck]: loading setting definitions
2020-08-28 01:30:01.128 T:140176919619328   DEBUG: CAddonSettings[service.xbmc.versioncheck]: trying to load setting definitions from old format...
2020-08-28 01:30:01.128 T:140176919619328   DEBUG: Version Check: Version 0.5.6 started
2020-08-28 01:30:01.129 T:140175885731584   DEBUG: -->Python Interpreter Initialized<--
2020-08-28 01:30:01.129 T:140175885731584   DEBUG: CPythonInvoker(2, /home/jakermx/.kodi/addons/weather.yahoo/default.py): the source file to load is "/home/jakermx/.kodi/addons/weather.yahoo/default.py"
2020-08-28 01:30:01.129 T:140175885731584   DEBUG: CPythonInvoker(2, /home/jakermx/.kodi/addons/weather.yahoo/default.py): setting the Python path to /home/jakermx/.kodi/addons/weather.yahoo:/home/jakermx/.kodi/addons/script.module.certifi/lib:/home/jakermx/.kodi/addons/script.module.chardet/lib:/home/jakermx/.kodi/addons/script.module.idna/lib:/home/jakermx/.kodi/addons/script.module.requests/lib:/home/jakermx/.kodi/addons/script.module.urllib3/lib:/usr/lib/python2.7:/usr/lib/python2.7/plat-x86_64-linux-gnu:/usr/lib/python2.7/lib-tk:/usr/lib/python2.7/lib-old:/usr/lib/python2.7/lib-dynload:/usr/local/lib/python2.7/dist-packages:/usr/lib/python2.7/dist-packages
2020-08-28 01:30:01.129 T:140175885731584   DEBUG: CPythonInvoker(2, /home/jakermx/.kodi/addons/weather.yahoo/default.py): entering source directory /home/jakermx/.kodi/addons/weather.yahoo
2020-08-28 01:30:01.129 T:140175885731584   DEBUG: CPythonInvoker(2, /home/jakermx/.kodi/addons/weather.yahoo/default.py): instantiating addon using automatically obtained id of "weather.yahoo" dependent on version 2.25.0 of the xbmc.python api
2020-08-28 01:30:01.132 T:140176911226624   DEBUG: -->Python Interpreter Initialized<--
2020-08-28 01:30:01.132 T:140176911226624   DEBUG: CPythonInvoker(1, /home/jakermx/.kodi/addons/script.cu.lrclyrics/default.py): the source file to load is "/home/jakermx/.kodi/addons/script.cu.lrclyrics/default.py"
2020-08-28 01:30:01.148 T:140176911226624   DEBUG: CPythonInvoker(1, /home/jakermx/.kodi/addons/script.cu.lrclyrics/default.py): setting the Python path to /home/jakermx/.kodi/addons/script.cu.lrclyrics:/home/jakermx/.kodi/addons/script.module.beautifulsoup4/lib:/home/jakermx/.kodi/addons/script.module.certifi/lib:/home/jakermx/.kodi/addons/script.module.chardet/lib:/home/jakermx/.kodi/addons/script.module.idna/lib:/home/jakermx/.kodi/addons/script.module.requests/lib:/home/jakermx/.kodi/addons/script.module.urllib3/lib:/usr/lib/python2.7:/usr/lib/python2.7/plat-x86_64-linux-gnu:/usr/lib/python2.7/lib-tk:/usr/lib/python2.7/lib-old:/usr/lib/python2.7/lib-dynload:/usr/local/lib/python2.7/dist-packages:/usr/lib/python2.7/dist-packages
2020-08-28 01:30:01.148 T:140176911226624   DEBUG: CPythonInvoker(1, /home/jakermx/.kodi/addons/script.cu.lrclyrics/default.py): entering source directory /home/jakermx/.kodi/addons/script.cu.lrclyrics
2020-08-28 01:30:01.148 T:140176911226624   DEBUG: CPythonInvoker(1, /home/jakermx/.kodi/addons/script.cu.lrclyrics/default.py): instantiating addon using automatically obtained id of "script.cu.lrclyrics" dependent on version 2.25.0 of the xbmc.python api
2020-08-28 01:30:01.160 T:140179020122240   DEBUG: LogindUPowerSyscall - Received unknown signal NameAcquired
2020-08-28 01:30:01.534 T:140176902833920   DEBUG: CZeroconfAvahi::groupCallback: Service successfully established
2020-08-28 01:30:01.608 T:140175885731584   DEBUG: Previous line repeats 3 times.
2020-08-28 01:30:01.609 T:140175885731584   DEBUG: CAddonSettings[weather.yahoo]: loading setting definitions
2020-08-28 01:30:01.609 T:140175885731584   DEBUG: CAddonSettings[weather.yahoo]: trying to load setting definitions from old format...
2020-08-28 01:30:01.609 T:140175885731584   DEBUG: CAddonSettings[weather.yahoo]: loading setting values
2020-08-28 01:30:01.877 T:140176911226624   DEBUG: CAddonSettings[script.cu.lrclyrics]: loading setting definitions
2020-08-28 01:30:01.877 T:140176911226624   DEBUG: CAddonSettings[script.cu.lrclyrics]: trying to load setting definitions from old format...
2020-08-28 01:30:01.878 T:140176911226624   DEBUG: CAddonSettings[script.cu.lrclyrics]: loading setting values
2020-08-28 01:30:01.995 T:140179020122240   DEBUG: ProcessMouse: trying mouse action leftclick
2020-08-28 01:30:02.297 T:140175885731584    INFO: CPythonInvoker(2, /home/jakermx/.kodi/addons/weather.yahoo/default.py): script successfully run
2020-08-28 01:30:02.297 T:140175885731584   DEBUG: onExecutionDone(2, /home/jakermx/.kodi/addons/weather.yahoo/default.py)
2020-08-28 01:30:02.320 T:140175885731584    INFO: Python interpreter stopped
2020-08-28 01:30:02.320 T:140175885731584   DEBUG: Thread LanguageInvoker 140175885731584 terminating
2020-08-28 01:30:02.365 T:140177395910400   DEBUG: POParser: loaded 130 weather tokens
2020-08-28 01:30:02.561 T:140179020122240   DEBUG: ProcessMouse: trying mouse action leftclick
2020-08-28 01:30:03.813 T:140179020122240   DEBUG: Previous line repeats 1 times.
2020-08-28 01:30:03.813 T:140179020122240   DEBUG: Activating window ID: 10502
2020-08-28 01:30:04.144 T:140179020122240   DEBUG: ------ Window Deinit (Home.xml) ------
2020-08-28 01:30:04.144 T:140179020122240   DEBUG: FreeVisualisation() done
2020-08-28 01:30:04.147 T:140179020122240   DEBUG: ------ Window Init (MyMusicNav.xml) ------
2020-08-28 01:30:04.147 T:140179020122240    INFO: Loading skin file: MyMusicNav.xml, load type: KEEP_IN_MEMORY
2020-08-28 01:30:04.185 T:140179020122240   DEBUG: CGUIMediaWindow::GetDirectory (musicdb://recentlyaddedalbums/1/)
2020-08-28 01:30:04.185 T:140179020122240   DEBUG:   ParentPath = []
2020-08-28 01:30:04.187 T:140179020122240   DEBUG: GetSongsFullByWhere query = SELECT songview.*, songartistview.* FROM songview JOIN songartistview ON songartistview.idsong = songview.idsong  WHERE songview.idAlbum = 1 ORDER BY songartistview.idsong, songartistview.idRole, songartistview.iOrder
2020-08-28 01:30:04.188 T:140179020122240   DEBUG: GetSongsFullByWhere() - took 1 ms
2020-08-28 01:30:04.189 T:140179020122240   DEBUG: Custom album format = [%B]
2020-08-28 01:30:04.193 T:140175885731584   DEBUG: Previous line repeats 1 times.
2020-08-28 01:30:04.193 T:140175885731584   DEBUG: Thread BackgroundLoader start, auto delete: false
2020-08-28 01:30:04.197 T:140175885731584   DEBUG: Thread BackgroundLoader 140175885731584 terminating
2020-08-28 01:30:05.132 T:140179020122240   DEBUG: ProcessMouse: trying mouse action leftclick
2020-08-28 01:30:05.132 T:140179020122240   DEBUG: GetArtist(SELECT idArtist, strArtist, strSortName, strMusicBrainzArtistID, strType, strGender, strDisambiguation, strBorn, strFormed, strGenres,strMoods, strStyles, strInstruments, strBiography, strDied, strDisbanded, strYearsActive, strImage, strFanart, bScrapedMBID, lastScraped, '' AS dateAdded FROM artist WHERE idArtist = 2) - took 0 ms
2020-08-28 01:30:05.132 T:140179020122240   DEBUG: SELECT albumview.*,albumartistview.*  FROM albumview  JOIN albumartistview ON albumview.idAlbum = albumartistview.idAlbum  WHERE albumview.idAlbum = 1  ORDER BY albumartistview.iOrder
2020-08-28 01:30:05.134 T:140179020122240   DEBUG: CPlayerCoreFactory::GetPlayers(smb://192.168.0.5/Share/Music/Sepultura/Chaos A.D/11 The Hunt.mp3)
2020-08-28 01:30:05.134 T:140179020122240   DEBUG: CPlayerSelectionRule::GetPlayers: considering rule: system rules
2020-08-28 01:30:05.134 T:140179020122240   DEBUG: CPlayerSelectionRule::GetPlayers: matches rule: system rules
2020-08-28 01:30:05.134 T:140179020122240   DEBUG: CPlayerSelectionRule::GetPlayers: considering rule: mms/udp
2020-08-28 01:30:05.134 T:140179020122240   DEBUG: CPlayerSelectionRule::GetPlayers: considering rule: lastfm/shout
2020-08-28 01:30:05.134 T:140179020122240   DEBUG: CPlayerSelectionRule::GetPlayers: considering rule: rtmp
2020-08-28 01:30:05.134 T:140179020122240   DEBUG: CPlayerSelectionRule::GetPlayers: considering rule: rtsp
2020-08-28 01:30:05.134 T:140179020122240   DEBUG: CPlayerSelectionRule::GetPlayers: considering rule: streams
2020-08-28 01:30:05.134 T:140179020122240   DEBUG: CPlayerSelectionRule::GetPlayers: considering rule: dvd
2020-08-28 01:30:05.134 T:140179020122240   DEBUG: CPlayerSelectionRule::GetPlayers: considering rule: dvdimage
2020-08-28 01:30:05.134 T:140179020122240   DEBUG: CPlayerSelectionRule::GetPlayers: considering rule: sdp/asf
2020-08-28 01:30:05.134 T:140179020122240   DEBUG: CPlayerSelectionRule::GetPlayers: considering rule: nsv
2020-08-28 01:30:05.134 T:140179020122240   DEBUG: CPlayerSelectionRule::GetPlayers: considering rule: radio
2020-08-28 01:30:05.134 T:140179020122240   DEBUG: CPlayerCoreFactory::GetPlayers: matched 0 rules with players
2020-08-28 01:30:05.134 T:140179020122240   DEBUG: CPlayerCoreFactory::GetPlayers: adding audiodefaultplayer (PAPlayer)
2020-08-28 01:30:05.134 T:140179020122240   DEBUG: CPlayerCoreFactory::GetPlayers: for video=0, audio=1
2020-08-28 01:30:05.134 T:140179020122240   DEBUG: CPlayerCoreFactory::GetPlayers: for video=1, audio=1
2020-08-28 01:30:05.134 T:140179020122240   DEBUG: CPlayerCoreFactory::GetPlayers: adding player: VideoPlayer
2020-08-28 01:30:05.134 T:140179020122240   DEBUG: CPlayerCoreFactory::GetPlayers: added 2 players
2020-08-28 01:30:05.134 T:140179020122240   DEBUG: OnPlayBackStarted: CApplication::OnPlayBackStarted
2020-08-28 01:30:05.134 T:140175885731584   DEBUG: Thread PAPlayer start, auto delete: false
2020-08-28 01:30:05.134 T:140175885731584   DEBUG: PAPlayer::Process - Playback started
2020-08-28 01:30:05.144 T:140179020122240   DEBUG: CMusicGUIInfo::InitCurrentItem(musicdb://recentlyaddedalbums/1/11.mp3?albumid=1)
2020-08-28 01:30:05.148 T:140179020122240   DEBUG: GetArtist(SELECT idArtist, strArtist, strSortName, strMusicBrainzArtistID, strType, strGender, strDisambiguation, strBorn, strFormed, strGenres,strMoods, strStyles, strInstruments, strBiography, strDied, strDisbanded, strYearsActive, strImage, strFanart, bScrapedMBID, lastScraped, '' AS dateAdded FROM artist WHERE idArtist = 2) - took 0 ms
2020-08-28 01:30:05.149 T:140179020122240   DEBUG: SELECT albumview.*,albumartistview.*  FROM albumview  JOIN albumartistview ON albumview.idAlbum = albumartistview.idAlbum  WHERE albumview.idAlbum = 1  ORDER BY albumartistview.iOrder
2020-08-28 01:30:05.150 T:140179020122240   DEBUG: Loading additional tag info for file smb://192.168.0.5/Share/Music/Sepultura/Chaos A.D/11 The Hunt.mp3
2020-08-28 01:30:05.208 T:140177746745088   DEBUG: CSMBFile::Open - opened smb://USERNAME:PASSWORD@192.168.0.5/Share/Music/Sepultura/Chaos A.D/11 The Hunt.mp3, fd=10000
2020-08-28 01:30:05.219 T:140179020122240   DEBUG: CSMBFile::Open - opened smb://USERNAME:PASSWORD@192.168.0.5/Share/Music/Sepultura/Chaos A.D/11 The Hunt.mp3, fd=10001
2020-08-28 01:30:05.245 T:140177746745088   DEBUG: Open - probing detected format [mp3]
2020-08-28 01:30:05.245 T:140177746745088   DEBUG: Open - setting usetoc to 0 for accurate VBR MP3 seek
2020-08-28 01:30:05.245 T:140177746745088   DEBUG: Open - avformat_find_stream_info starting
2020-08-28 01:30:05.249 T:140177746745088   DEBUG: ffmpeg[7F7DACCCD700]: [mp3] Estimating duration from bitrate, this may be inaccurate
2020-08-28 01:30:05.249 T:140177746745088   DEBUG: Open - av_find_stream_info finished
2020-08-28 01:30:05.250 T:140177746745088   DEBUG: CDVDDemuxFFmpeg::AddStream ID: 0
2020-08-28 01:30:05.250 T:140177746745088  NOTICE: CDVDAudioCodecFFmpeg::Open() Successful opened audio decoder mp3float
2020-08-28 01:30:05.269 T:140177746745088   DEBUG: CSMBFile::Open - opened smb://USERNAME:PASSWORD@192.168.0.5/Share/Music/Sepultura/Chaos A.D/11 The Hunt.mp3, fd=10002
2020-08-28 01:30:05.345 T:140179020122240   DEBUG: unrecognized ID3 frame detected: MCDI
2020-08-28 01:30:05.345 T:140179020122240   DEBUG: unrecognized ID3 frame detected: PRIV
2020-08-28 01:30:05.345 T:140179020122240   DEBUG: unrecognized ID3 frame detected: TLEN
2020-08-28 01:30:05.345 T:140179020122240   DEBUG: CSMBFile::Close closing fd 10001
2020-08-28 01:30:05.350 T:140179020122240   DEBUG: CPlayerGUIInfo::InitCurrentItem(musicdb://recentlyaddedalbums/1/11.mp3?albumid=1)
2020-08-28 01:30:05.351 T:140178515441408   DEBUG: UPnP: Building didl for object 'musicdb://recentlyaddedalbums/1/11.mp3?albumid=1'
2020-08-28 01:30:05.353 T:140177746745088   DEBUG: unrecognized ID3 frame detected: MCDI
2020-08-28 01:30:05.353 T:140177746745088   DEBUG: unrecognized ID3 frame detected: PRIV
2020-08-28 01:30:05.353 T:140177746745088   DEBUG: unrecognized ID3 frame detected: TLEN
2020-08-28 01:30:05.353 T:140177746745088   DEBUG: CSMBFile::Close closing fd 10002
2020-08-28 01:30:05.357 T:140177746745088   DEBUG: SeekTime - seek ended up on time 0
2020-08-28 01:30:05.451 T:140179020122240   DEBUG: Previous line repeats 1 times.
2020-08-28 01:30:05.451 T:140179020122240   DEBUG: ------ Window Init (DialogBusy.xml) ------
2020-08-28 01:30:05.451 T:140177746745088    INFO: AudioDecoder: File is queued
2020-08-28 01:30:05.453 T:140177746745088   DEBUG: AudioDecoder::GetReplayGain - Final Replaygain applied: 1.000000, Track/Album Gain 89.000000, Peak 1.000000
2020-08-28 01:30:05.454 T:140178498656000   DEBUG: CActiveAE::ClearDiscardedBuffers - buffer pool deleted
2020-08-28 01:30:05.476 T:140177746745088    INFO: PAPlayer::PrepareStream - Ready
2020-08-28 01:30:05.478 T:140175885731584   DEBUG: OnAVStarted: CApplication::OnAVStarted
2020-08-28 01:30:05.488 T:140179020122240   DEBUG: ------ Window Deinit (DialogBusy.xml) ------
2020-08-28 01:30:06.148 T:140176919619328   DEBUG: Version Check: Version installed {u'major': 18, u'tag': u'stable', u'minor': 8, u'revision': u'20200728-45686bddb1'}
2020-08-28 01:30:06.148 T:140176919619328   DEBUG: Version Check: Version available  {u'major': u'18', u'extrainfo': u'final', u'tagversion': u'', u'tag': u'stable', u'addon_support': u'yes', u'minor': u'8', u'revision': u'20200727-45686bddb1'}
2020-08-28 01:30:06.148 T:140176919619328   DEBUG: Version Check: There is no newer stable available
2020-08-28 01:30:06.148 T:140176919619328    INFO: CPythonInvoker(0, /home/jakermx/.kodi/addons/service.xbmc.versioncheck/resources/lib/runner.py): script successfully run
2020-08-28 01:30:06.148 T:140176919619328   DEBUG: onExecutionDone(0, /home/jakermx/.kodi/addons/service.xbmc.versioncheck/resources/lib/runner.py)
2020-08-28 01:30:06.170 T:140176919619328    INFO: Python interpreter stopped
2020-08-28 01:30:06.170 T:140176919619328   DEBUG: Thread LanguageInvoker 140176919619328 terminating
2020-08-28 01:30:06.796 T:140176919619328   DEBUG: Received request to serve unknown md5 ''
2020-08-28 01:30:07.800 T:140179020122240   DEBUG: ProcessMouse: trying mouse action leftclick
2020-08-28 01:30:07.801 T:140179020122240   DEBUG: Activating window ID: 12006
2020-08-28 01:30:08.129 T:140179020122240   DEBUG: ------ Window Deinit (MyMusicNav.xml) ------
2020-08-28 01:30:08.129 T:140179020122240   DEBUG: FreeVisualisation() done
2020-08-28 01:30:08.130 T:140179020122240   DEBUG: ------ Window Init (MusicVisualisation.xml) ------
2020-08-28 01:30:08.130 T:140179020122240    INFO: Loading skin file: MusicVisualisation.xml, load type: KEEP_IN_MEMORY
2020-08-28 01:30:08.133 T:140179020122240   DEBUG: ------ Window Init (MusicOSD.xml) ------
2020-08-28 01:30:08.133 T:140179020122240    INFO: Loading skin file: MusicOSD.xml, load type: KEEP_IN_MEMORY
2020-08-28 01:30:08.141 T:140179020122240   DEBUG: ------ Window Init (DialogNotification.xml) ------
2020-08-28 01:30:08.141 T:140179020122240   DEBUG: FreeVisualisation() done
2020-08-28 01:30:08.141 T:140179020122240   ERROR: CBinaryAddonManager::GetInstalledAddonInfo: Requested addon '' unknown as binary
2020-08-28 01:30:08.142 T:140179020122240   DEBUG: ------ Window Init (DialogSeekBar.xml) ------
2020-08-28 01:30:08.147 T:140179020122240   DEBUG: ------ Window Init (Custom_1109_TopBarOverlay.xml) ------
2020-08-28 01:30:08.181 T:140176911226624   DEBUG: CSMBFile::Open - opened smb://USERNAME:PASSWORD@192.168.0.5/Share/Music/Sepultura/Chaos A.D/11 The Hunt.mp3, fd=10002
2020-08-28 01:30:08.218 T:140176911226624   DEBUG: CSMBFile::Close closing fd 10002
2020-08-28 01:30:08.224 T:140176911226624   DEBUG: CSMBFile::Open - opened smb://USERNAME:PASSWORD@192.168.0.5/Share/Music/Sepultura/Chaos A.D/11 The Hunt.mp3, fd=10002
2020-08-28 01:30:08.248 T:140176911226624   DEBUG: CSMBFile::Close closing fd 10002
2020-08-28 01:30:08.255 T:140176911226624   DEBUG: CSMBFile::Open - opened smb://USERNAME:PASSWORD@192.168.0.5/Share/Music/Sepultura/Chaos A.D/11 The Hunt.mp3, fd=10002
2020-08-28 01:30:08.263 T:140176911226624   DEBUG: CSMBFile::Close closing fd 10002
2020-08-28 01:30:08.327 T:140179020122240   DEBUG: ------ Window Init (/home/jakermx/.kodi/addons/script.cu.lrclyrics/resources/skins/Default/1080i/script-cu-lrclyrics-main.xml) ------
2020-08-28 01:30:08.327 T:140179020122240    INFO: Loading skin file: /home/jakermx/.kodi/addons/script.cu.lrclyrics/resources/skins/Default/1080i/script-cu-lrclyrics-main.xml, load type: LOAD_ON_GUI_INIT
2020-08-28 01:30:08.332 T:140179020122240   DEBUG: [Warning] CGUITextureManager::GetTexturePath: could not find texture '-'
2020-08-28 01:30:08.362 T:140179020122240   DEBUG: Previous line repeats 6 times.
2020-08-28 01:30:08.362 T:140179020122240   DEBUG: ------ Window Deinit (MusicOSD.xml) ------
2020-08-28 01:30:08.370 T:140176911226624   DEBUG: CSMBFile::Open - opened smb://USERNAME:PASSWORD@192.168.0.5/Share/Music/Sepultura/Chaos A.D/12 Clenched Fist.mp3, fd=10002
2020-08-28 01:30:08.404 T:140176911226624   DEBUG: CSMBFile::Close closing fd 10002
2020-08-28 01:30:08.412 T:140176911226624   DEBUG: CSMBFile::Open - opened smb://USERNAME:PASSWORD@192.168.0.5/Share/Music/Sepultura/Chaos A.D/12 Clenched Fist.mp3, fd=10002
2020-08-28 01:30:08.436 T:140176911226624   DEBUG: CSMBFile::Close closing fd 10002
2020-08-28 01:30:08.442 T:140176911226624   DEBUG: CSMBFile::Open - opened smb://USERNAME:PASSWORD@192.168.0.5/Share/Music/Sepultura/Chaos A.D/12 Clenched Fist.mp3, fd=10002
2020-08-28 01:30:08.450 T:140176911226624   DEBUG: CSMBFile::Close closing fd 10002
2020-08-28 01:30:08.943 T:140179020122240   DEBUG: [Warning] CGUITextureManager::GetTexturePath: could not find texture '-'
2020-08-28 01:30:09.060 T:140179020122240   DEBUG: Previous line repeats 1 times.
2020-08-28 01:30:09.060 T:140179020122240   DEBUG: Activating window ID: 10120
2020-08-28 01:30:09.060 T:140179020122240   DEBUG: ------ Window Init (MusicOSD.xml) ------
2020-08-28 01:30:09.061 T:140179020122240   DEBUG: Activating window ID: 10120
2020-08-28 01:30:10.294 T:140179020122240   DEBUG: ProcessMouse: trying mouse action leftclick
2020-08-28 01:30:10.295 T:140179020122240   DEBUG: CPlayerCoreFactory::GetPlayers(smb://192.168.0.5/Share/Music/Sepultura/Chaos A.D/12 Clenched Fist.mp3)
2020-08-28 01:30:10.295 T:140179020122240   DEBUG: CPlayerSelectionRule::GetPlayers: considering rule: system rules
2020-08-28 01:30:10.295 T:140179020122240   DEBUG: CPlayerSelectionRule::GetPlayers: matches rule: system rules
2020-08-28 01:30:10.295 T:140179020122240   DEBUG: CPlayerSelectionRule::GetPlayers: considering rule: mms/udp
2020-08-28 01:30:10.295 T:140179020122240   DEBUG: CPlayerSelectionRule::GetPlayers: considering rule: lastfm/shout
2020-08-28 01:30:10.295 T:140179020122240   DEBUG: CPlayerSelectionRule::GetPlayers: considering rule: rtmp
2020-08-28 01:30:10.295 T:140179020122240   DEBUG: CPlayerSelectionRule::GetPlayers: considering rule: rtsp
2020-08-28 01:30:10.295 T:140179020122240   DEBUG: CPlayerSelectionRule::GetPlayers: considering rule: streams
2020-08-28 01:30:10.295 T:140179020122240   DEBUG: CPlayerSelectionRule::GetPlayers: considering rule: dvd
2020-08-28 01:30:10.295 T:140179020122240   DEBUG: CPlayerSelectionRule::GetPlayers: considering rule: dvdimage
2020-08-28 01:30:10.295 T:140179020122240   DEBUG: CPlayerSelectionRule::GetPlayers: considering rule: sdp/asf
2020-08-28 01:30:10.295 T:140179020122240   DEBUG: CPlayerSelectionRule::GetPlayers: considering rule: nsv
2020-08-28 01:30:10.295 T:140179020122240   DEBUG: CPlayerSelectionRule::GetPlayers: considering rule: radio
2020-08-28 01:30:10.295 T:140179020122240   DEBUG: CPlayerCoreFactory::GetPlayers: matched 0 rules with players
2020-08-28 01:30:10.295 T:140179020122240   DEBUG: CPlayerCoreFactory::GetPlayers: adding audiodefaultplayer (PAPlayer)
2020-08-28 01:30:10.295 T:140179020122240   DEBUG: CPlayerCoreFactory::GetPlayers: for video=0, audio=1
2020-08-28 01:30:10.295 T:140179020122240   DEBUG: CPlayerCoreFactory::GetPlayers: for video=1, audio=1
2020-08-28 01:30:10.295 T:140179020122240   DEBUG: CPlayerCoreFactory::GetPlayers: adding player: VideoPlayer
2020-08-28 01:30:10.295 T:140179020122240   DEBUG: CPlayerCoreFactory::GetPlayers: added 2 players
2020-08-28 01:30:10.376 T:140178498656000   DEBUG: CActiveAE::DiscardStream - audio stream deleted
2020-08-28 01:30:10.376 T:140177395910400   DEBUG: DoWork - Saving file state for audio item musicdb://recentlyaddedalbums/1/11.mp3?albumid=1
2020-08-28 01:30:10.376 T:140178498656000   DEBUG: CActiveAE::ClearDiscardedBuffers - buffer pool deleted
2020-08-28 01:30:10.376 T:140179020122240   DEBUG: Previous line repeats 1 times.
2020-08-28 01:30:10.376 T:140179020122240   DEBUG: CSMBFile::Close closing fd 10000
2020-08-28 01:30:10.381 T:140175885731584   DEBUG: OnPlayBackStopped: CApplication::OnPlayBackStopped
2020-08-28 01:30:10.381 T:140175885731584   DEBUG: Thread PAPlayer 140175885731584 terminating
2020-08-28 01:30:10.381 T:140179020122240   DEBUG: FreeVisualisation() started
2020-08-28 01:30:10.381 T:140179020122240   DEBUG: FreeVisualisation() done
2020-08-28 01:30:10.388 T:140179020122240   DEBUG: OnPlayBackStarted: CApplication::OnPlayBackStarted
2020-08-28 01:30:10.388 T:140175885731584   DEBUG: Thread PAPlayer start, auto delete: false
2020-08-28 01:30:10.388 T:140175885731584   DEBUG: PAPlayer::Process - Playback started
2020-08-28 01:30:10.388 T:140179020122240   DEBUG: CMusicGUIInfo::InitCurrentItem(musicdb://recentlyaddedalbums/1/12.mp3?albumid=1)
2020-08-28 01:30:10.392 T:140177746745088   DEBUG: CSMBFile::Open - opened smb://USERNAME:PASSWORD@192.168.0.5/Share/Music/Sepultura/Chaos A.D/12 Clenched Fist.mp3, fd=10000
2020-08-28 01:30:10.395 T:140179020122240   DEBUG: GetArtist(SELECT idArtist, strArtist, strSortName, strMusicBrainzArtistID, strType, strGender, strDisambiguation, strBorn, strFormed, strGenres,strMoods, strStyles, strInstruments, strBiography, strDied, strDisbanded, strYearsActive, strImage, strFanart, bScrapedMBID, lastScraped, '' AS dateAdded FROM artist WHERE idArtist = 2) - took 0 ms
2020-08-28 01:30:10.395 T:140179020122240   DEBUG: SELECT albumview.*,albumartistview.*  FROM albumview  JOIN albumartistview ON albumview.idAlbum = albumartistview.idAlbum  WHERE albumview.idAlbum = 1  ORDER BY albumartistview.iOrder
2020-08-28 01:30:10.396 T:140179020122240   DEBUG: Loading additional tag info for file smb://192.168.0.5/Share/Music/Sepultura/Chaos A.D/12 Clenched Fist.mp3
2020-08-28 01:30:10.422 T:140177746745088   DEBUG: Open - probing detected format [mp3]
2020-08-28 01:30:10.422 T:140177746745088   DEBUG: Open - setting usetoc to 0 for accurate VBR MP3 seek
2020-08-28 01:30:10.423 T:140177746745088   DEBUG: Open - avformat_find_stream_info starting
2020-08-28 01:30:10.423 T:140177746745088   DEBUG: ffmpeg[7F7DACCCD700]: [mp3] Estimating duration from bitrate, this may be inaccurate
2020-08-28 01:30:10.423 T:140177746745088   DEBUG: Open - av_find_stream_info finished
2020-08-28 01:30:10.423 T:140177746745088   DEBUG: CDVDDemuxFFmpeg::AddStream ID: 0
2020-08-28 01:30:10.423 T:140177746745088  NOTICE: CDVDAudioCodecFFmpeg::Open() Successful opened audio decoder mp3float
2020-08-28 01:30:10.424 T:140179020122240   DEBUG: CSMBFile::Open - opened smb://USERNAME:PASSWORD@192.168.0.5/Share/Music/Sepultura/Chaos A.D/12 Clenched Fist.mp3, fd=10002
2020-08-28 01:30:10.455 T:140177746745088   DEBUG: CSMBFile::Open - opened smb://USERNAME:PASSWORD@192.168.0.5/Share/Music/Sepultura/Chaos A.D/12 Clenched Fist.mp3, fd=10001
2020-08-28 01:30:10.516 T:140179020122240   DEBUG: unrecognized ID3 frame detected: MCDI
2020-08-28 01:30:10.516 T:140179020122240   DEBUG: unrecognized ID3 frame detected: PRIV
2020-08-28 01:30:10.516 T:140179020122240   DEBUG: unrecognized ID3 frame detected: TLEN
2020-08-28 01:30:10.516 T:140179020122240   DEBUG: CSMBFile::Close closing fd 10002
2020-08-28 01:30:10.520 T:140179020122240   DEBUG: CPlayerGUIInfo::InitCurrentItem(musicdb://recentlyaddedalbums/1/12.mp3?albumid=1)
2020-08-28 01:30:10.521 T:140178515441408   DEBUG: UPnP: Building didl for object 'musicdb://recentlyaddedalbums/1/12.mp3?albumid=1'
2020-08-28 01:30:10.541 T:140177746745088   DEBUG: unrecognized ID3 frame detected: MCDI
2020-08-28 01:30:10.541 T:140177746745088   DEBUG: unrecognized ID3 frame detected: PRIV
2020-08-28 01:30:10.541 T:140177746745088   DEBUG: unrecognized ID3 frame detected: TLEN
2020-08-28 01:30:10.541 T:140177746745088   DEBUG: CSMBFile::Close closing fd 10001
2020-08-28 01:30:10.543 T:140177746745088   DEBUG: SeekTime - seek ended up on time 0
2020-08-28 01:30:10.580 T:140178498656000   DEBUG: Previous line repeats 1 times.
2020-08-28 01:30:10.580 T:140178498656000   DEBUG: CActiveAE::ClearDiscardedBuffers - buffer pool deleted
2020-08-28 01:30:10.621 T:140179020122240   DEBUG: ------ Window Init (DialogBusy.xml) ------
2020-08-28 01:30:10.622 T:140179020122240   ERROR: CBinaryAddonManager::GetInstalledAddonInfo: Requested addon '' unknown as binary
2020-08-28 01:30:10.637 T:140177746745088    INFO: AudioDecoder: File is queued
2020-08-28 01:30:10.638 T:140177746745088   DEBUG: AudioDecoder::GetReplayGain - Final Replaygain applied: 1.000000, Track/Album Gain 89.000000, Peak 1.000000
2020-08-28 01:30:10.639 T:140178498656000   DEBUG: CActiveAE::ClearDiscardedBuffers - buffer pool deleted
2020-08-28 01:30:10.685 T:140177746745088    INFO: PAPlayer::PrepareStream - Ready
2020-08-28 01:30:10.691 T:140175885731584   DEBUG: OnAVStarted: CApplication::OnAVStarted
2020-08-28 01:30:10.711 T:140179020122240   DEBUG: ------ Window Deinit (DialogBusy.xml) ------
2020-08-28 01:30:10.959 T:140179020122240   DEBUG: ------ Window Deinit (DialogNotification.xml) ------
2020-08-28 01:30:13.143 T:140179020122240   DEBUG: ProcessMouse: trying mouse action leftclick
2020-08-28 01:30:13.143 T:140179020122240   DEBUG: CPlayerCoreFactory::GetPlayers(smb://192.168.0.5/Share/Music/Sepultura/Chaos A.D/13 Chaos B.C. [-].mp3)
2020-08-28 01:30:13.143 T:140179020122240   DEBUG: CPlayerSelectionRule::GetPlayers: considering rule: system rules
2020-08-28 01:30:13.143 T:140179020122240   DEBUG: CPlayerSelectionRule::GetPlayers: matches rule: system rules
2020-08-28 01:30:13.143 T:140179020122240   DEBUG: CPlayerSelectionRule::GetPlayers: considering rule: mms/udp
2020-08-28 01:30:13.143 T:140179020122240   DEBUG: CPlayerSelectionRule::GetPlayers: considering rule: lastfm/shout
2020-08-28 01:30:13.143 T:140179020122240   DEBUG: CPlayerSelectionRule::GetPlayers: considering rule: rtmp
2020-08-28 01:30:13.143 T:140179020122240   DEBUG: CPlayerSelectionRule::GetPlayers: considering rule: rtsp
2020-08-28 01:30:13.143 T:140179020122240   DEBUG: CPlayerSelectionRule::GetPlayers: considering rule: streams
2020-08-28 01:30:13.143 T:140179020122240   DEBUG: CPlayerSelectionRule::GetPlayers: considering rule: dvd
2020-08-28 01:30:13.143 T:140179020122240   DEBUG: CPlayerSelectionRule::GetPlayers: considering rule: dvdimage
2020-08-28 01:30:13.143 T:140179020122240   DEBUG: CPlayerSelectionRule::GetPlayers: considering rule: sdp/asf
2020-08-28 01:30:13.143 T:140179020122240   DEBUG: CPlayerSelectionRule::GetPlayers: considering rule: nsv
2020-08-28 01:30:13.143 T:140179020122240   DEBUG: CPlayerSelectionRule::GetPlayers: considering rule: radio
