2020-08-28 01:30:13.143 T:140179020122240   DEBUG: CPlayerCoreFactory::GetPlayers: matched 0 rules with players
2020-08-28 01:30:13.143 T:140179020122240   DEBUG: CPlayerCoreFactory::GetPlayers: adding audiodefaultplayer (PAPlayer)
2020-08-28 01:30:13.143 T:140179020122240   DEBUG: CPlayerCoreFactory::GetPlayers: for video=0, audio=1
2020-08-28 01:30:13.143 T:140179020122240   DEBUG: CPlayerCoreFactory::GetPlayers: for video=1, audio=1
2020-08-28 01:30:13.143 T:140179020122240   DEBUG: CPlayerCoreFactory::GetPlayers: adding player: VideoPlayer
2020-08-28 01:30:13.143 T:140179020122240   DEBUG: CPlayerCoreFactory::GetPlayers: added 2 players
2020-08-28 01:30:13.227 T:140175885731584   DEBUG: CSMBFile::Close closing fd 10000
2020-08-28 01:30:13.229 T:140178498656000   DEBUG: CActiveAE::DiscardStream - audio stream deleted
2020-08-28 01:30:13.229 T:140177387517696   DEBUG: DoWork - Saving file state for audio item musicdb://recentlyaddedalbums/1/12.mp3?albumid=1
2020-08-28 01:30:13.229 T:140178498656000   DEBUG: CActiveAE::ClearDiscardedBuffers - buffer pool deleted
2020-08-28 01:30:13.239 T:140175885731584   DEBUG: Previous line repeats 1 times.
2020-08-28 01:30:13.239 T:140175885731584   DEBUG: OnPlayBackStopped: CApplication::OnPlayBackStopped
2020-08-28 01:30:13.239 T:140175885731584   DEBUG: Thread PAPlayer 140175885731584 terminating
2020-08-28 01:30:13.247 T:140179020122240   DEBUG: FreeVisualisation() started
2020-08-28 01:30:13.248 T:140179020122240   DEBUG: FreeVisualisation() done
2020-08-28 01:30:13.254 T:140179020122240   DEBUG: OnPlayBackStarted: CApplication::OnPlayBackStarted
2020-08-28 01:30:13.254 T:140175885731584   DEBUG: Thread PAPlayer start, auto delete: false
2020-08-28 01:30:13.254 T:140175885731584   DEBUG: PAPlayer::Process - Playback started
2020-08-28 01:30:13.254 T:140179020122240   DEBUG: CMusicGUIInfo::InitCurrentItem(musicdb://recentlyaddedalbums/1/13.mp3?albumid=1)
2020-08-28 01:30:13.259 T:140177387517696   DEBUG: CSMBFile::Open - opened smb://USERNAME:PASSWORD@192.168.0.5/Share/Music/Sepultura/Chaos A.D/13 Chaos B.C. [-].mp3, fd=10000
2020-08-28 01:30:13.259 T:140179020122240   DEBUG: GetArtist(SELECT idArtist, strArtist, strSortName, strMusicBrainzArtistID, strType, strGender, strDisambiguation, strBorn, strFormed, strGenres,strMoods, strStyles, strInstruments, strBiography, strDied, strDisbanded, strYearsActive, strImage, strFanart, bScrapedMBID, lastScraped, '' AS dateAdded FROM artist WHERE idArtist = 2) - took 1 ms
2020-08-28 01:30:13.259 T:140179020122240   DEBUG: SELECT albumview.*,albumartistview.*  FROM albumview  JOIN albumartistview ON albumview.idAlbum = albumartistview.idAlbum  WHERE albumview.idAlbum = 1  ORDER BY albumartistview.iOrder
2020-08-28 01:30:13.260 T:140179020122240   DEBUG: Loading additional tag info for file smb://192.168.0.5/Share/Music/Sepultura/Chaos A.D/13 Chaos B.C. [-].mp3
2020-08-28 01:30:13.266 T:140179020122240   DEBUG: CSMBFile::Open - opened smb://USERNAME:PASSWORD@192.168.0.5/Share/Music/Sepultura/Chaos A.D/13 Chaos B.C. [-].mp3, fd=10001
2020-08-28 01:30:13.292 T:140177387517696   DEBUG: Open - probing detected format [mp3]
2020-08-28 01:30:13.292 T:140177387517696   DEBUG: Open - setting usetoc to 0 for accurate VBR MP3 seek
2020-08-28 01:30:13.292 T:140177387517696   DEBUG: Open - avformat_find_stream_info starting
2020-08-28 01:30:13.293 T:140177387517696   DEBUG: ffmpeg[7F7D97637700]: [mp3] Estimating duration from bitrate, this may be inaccurate
2020-08-28 01:30:13.293 T:140177387517696   DEBUG: Open - av_find_stream_info finished
2020-08-28 01:30:13.293 T:140177387517696   DEBUG: CDVDDemuxFFmpeg::AddStream ID: 0
2020-08-28 01:30:13.293 T:140177387517696  NOTICE: CDVDAudioCodecFFmpeg::Open() Successful opened audio decoder mp3float
2020-08-28 01:30:13.314 T:140177387517696   DEBUG: CSMBFile::Open - opened smb://USERNAME:PASSWORD@192.168.0.5/Share/Music/Sepultura/Chaos A.D/13 Chaos B.C. [-].mp3, fd=10002
2020-08-28 01:30:13.376 T:140179020122240   DEBUG: unrecognized ID3 frame detected: MCDI
2020-08-28 01:30:13.376 T:140179020122240   DEBUG: unrecognized ID3 frame detected: PRIV
2020-08-28 01:30:13.376 T:140179020122240   DEBUG: unrecognized ID3 frame detected: TLEN
2020-08-28 01:30:13.376 T:140179020122240   DEBUG: CSMBFile::Close closing fd 10001
2020-08-28 01:30:13.379 T:140179020122240   DEBUG: CPlayerGUIInfo::InitCurrentItem(musicdb://recentlyaddedalbums/1/13.mp3?albumid=1)
2020-08-28 01:30:13.380 T:140178515441408   DEBUG: UPnP: Building didl for object 'musicdb://recentlyaddedalbums/1/13.mp3?albumid=1'
2020-08-28 01:30:13.409 T:140177387517696   DEBUG: unrecognized ID3 frame detected: MCDI
2020-08-28 01:30:13.409 T:140177387517696   DEBUG: unrecognized ID3 frame detected: PRIV
2020-08-28 01:30:13.409 T:140177387517696   DEBUG: unrecognized ID3 frame detected: TLEN
2020-08-28 01:30:13.409 T:140177387517696   DEBUG: CSMBFile::Close closing fd 10002
2020-08-28 01:30:13.412 T:140177387517696   DEBUG: SeekTime - seek ended up on time 0
2020-08-28 01:30:13.434 T:140178498656000   DEBUG: Previous line repeats 1 times.
2020-08-28 01:30:13.434 T:140178498656000   DEBUG: CActiveAE::ClearDiscardedBuffers - buffer pool deleted
2020-08-28 01:30:13.480 T:140179020122240   DEBUG: ------ Window Init (DialogBusy.xml) ------
2020-08-28 01:30:13.482 T:140179020122240   ERROR: CBinaryAddonManager::GetInstalledAddonInfo: Requested addon '' unknown as binary
2020-08-28 01:30:13.504 T:140177387517696    INFO: AudioDecoder: File is queued
2020-08-28 01:30:13.505 T:140177387517696   DEBUG: AudioDecoder::GetReplayGain - Final Replaygain applied: 1.000000, Track/Album Gain 89.000000, Peak 1.000000
2020-08-28 01:30:13.506 T:140178498656000   DEBUG: CActiveAE::ClearDiscardedBuffers - buffer pool deleted
2020-08-28 01:30:13.537 T:140177387517696    INFO: PAPlayer::PrepareStream - Ready
2020-08-28 01:30:13.547 T:140175885731584   DEBUG: OnAVStarted: CApplication::OnAVStarted
2020-08-28 01:30:13.562 T:140179020122240   DEBUG: ------ Window Deinit (DialogBusy.xml) ------
2020-08-28 01:30:14.693 T:140179020122240   DEBUG: ProcessMouse: trying mouse action leftclick
2020-08-28 01:30:14.694 T:140179020122240   DEBUG: CPlayerCoreFactory::GetPlayers(smb://192.168.0.5/Share/Music/Sepultura/Chaos A.D/12 Clenched Fist.mp3)
2020-08-28 01:30:14.694 T:140179020122240   DEBUG: CPlayerSelectionRule::GetPlayers: considering rule: system rules
2020-08-28 01:30:14.694 T:140179020122240   DEBUG: CPlayerSelectionRule::GetPlayers: matches rule: system rules
2020-08-28 01:30:14.694 T:140179020122240   DEBUG: CPlayerSelectionRule::GetPlayers: considering rule: mms/udp
2020-08-28 01:30:14.694 T:140179020122240   DEBUG: CPlayerSelectionRule::GetPlayers: considering rule: lastfm/shout
2020-08-28 01:30:14.694 T:140179020122240   DEBUG: CPlayerSelectionRule::GetPlayers: considering rule: rtmp
2020-08-28 01:30:14.694 T:140179020122240   DEBUG: CPlayerSelectionRule::GetPlayers: considering rule: rtsp
2020-08-28 01:30:14.694 T:140179020122240   DEBUG: CPlayerSelectionRule::GetPlayers: considering rule: streams
2020-08-28 01:30:14.694 T:140179020122240   DEBUG: CPlayerSelectionRule::GetPlayers: considering rule: dvd
2020-08-28 01:30:14.694 T:140179020122240   DEBUG: CPlayerSelectionRule::GetPlayers: considering rule: dvdimage
2020-08-28 01:30:14.694 T:140179020122240   DEBUG: CPlayerSelectionRule::GetPlayers: considering rule: sdp/asf
2020-08-28 01:30:14.694 T:140179020122240   DEBUG: CPlayerSelectionRule::GetPlayers: considering rule: nsv
2020-08-28 01:30:14.694 T:140179020122240   DEBUG: CPlayerSelectionRule::GetPlayers: considering rule: radio
2020-08-28 01:30:14.694 T:140179020122240   DEBUG: CPlayerCoreFactory::GetPlayers: matched 0 rules with players
2020-08-28 01:30:14.694 T:140179020122240   DEBUG: CPlayerCoreFactory::GetPlayers: adding audiodefaultplayer (PAPlayer)
2020-08-28 01:30:14.694 T:140179020122240   DEBUG: CPlayerCoreFactory::GetPlayers: for video=0, audio=1
2020-08-28 01:30:14.694 T:140179020122240   DEBUG: CPlayerCoreFactory::GetPlayers: for video=1, audio=1
2020-08-28 01:30:14.694 T:140179020122240   DEBUG: CPlayerCoreFactory::GetPlayers: adding player: VideoPlayer
2020-08-28 01:30:14.694 T:140179020122240   DEBUG: CPlayerCoreFactory::GetPlayers: added 2 players
2020-08-28 01:30:14.796 T:140175885731584   DEBUG: CSMBFile::Close closing fd 10000
2020-08-28 01:30:14.798 T:140178498656000   DEBUG: CActiveAE::DiscardStream - audio stream deleted
2020-08-28 01:30:14.798 T:140177395910400   DEBUG: DoWork - Saving file state for audio item musicdb://recentlyaddedalbums/1/13.mp3?albumid=1
2020-08-28 01:30:14.798 T:140178498656000   DEBUG: CActiveAE::ClearDiscardedBuffers - buffer pool deleted
2020-08-28 01:30:14.808 T:140175885731584   DEBUG: Previous line repeats 1 times.
2020-08-28 01:30:14.808 T:140175885731584   DEBUG: OnPlayBackStopped: CApplication::OnPlayBackStopped
2020-08-28 01:30:14.808 T:140175885731584   DEBUG: Thread PAPlayer 140175885731584 terminating
2020-08-28 01:30:14.810 T:140179020122240   DEBUG: FreeVisualisation() started
2020-08-28 01:30:14.810 T:140179020122240   DEBUG: FreeVisualisation() done
2020-08-28 01:30:14.817 T:140179020122240   DEBUG: OnPlayBackStarted: CApplication::OnPlayBackStarted
2020-08-28 01:30:14.817 T:140175885731584   DEBUG: Thread PAPlayer start, auto delete: false
2020-08-28 01:30:14.817 T:140175885731584   DEBUG: PAPlayer::Process - Playback started
2020-08-28 01:30:14.817 T:140179020122240   DEBUG: CMusicGUIInfo::InitCurrentItem(musicdb://recentlyaddedalbums/1/12.mp3?albumid=1)
2020-08-28 01:30:14.822 T:140177395910400   DEBUG: CSMBFile::Open - opened smb://USERNAME:PASSWORD@192.168.0.5/Share/Music/Sepultura/Chaos A.D/12 Clenched Fist.mp3, fd=10000
2020-08-28 01:30:14.822 T:140179020122240   DEBUG: GetArtist(SELECT idArtist, strArtist, strSortName, strMusicBrainzArtistID, strType, strGender, strDisambiguation, strBorn, strFormed, strGenres,strMoods, strStyles, strInstruments, strBiography, strDied, strDisbanded, strYearsActive, strImage, strFanart, bScrapedMBID, lastScraped, '' AS dateAdded FROM artist WHERE idArtist = 2) - took 0 ms
2020-08-28 01:30:14.822 T:140179020122240   DEBUG: SELECT albumview.*,albumartistview.*  FROM albumview  JOIN albumartistview ON albumview.idAlbum = albumartistview.idAlbum  WHERE albumview.idAlbum = 1  ORDER BY albumartistview.iOrder
2020-08-28 01:30:14.823 T:140179020122240   DEBUG: Loading additional tag info for file smb://192.168.0.5/Share/Music/Sepultura/Chaos A.D/12 Clenched Fist.mp3
2020-08-28 01:30:14.845 T:140177395910400   DEBUG: Open - probing detected format [mp3]
2020-08-28 01:30:14.845 T:140177395910400   DEBUG: Open - setting usetoc to 0 for accurate VBR MP3 seek
2020-08-28 01:30:14.846 T:140177395910400   DEBUG: Open - avformat_find_stream_info starting
2020-08-28 01:30:14.846 T:140177395910400   DEBUG: ffmpeg[7F7D97E38700]: [mp3] Estimating duration from bitrate, this may be inaccurate
2020-08-28 01:30:14.846 T:140177395910400   DEBUG: Open - av_find_stream_info finished
2020-08-28 01:30:14.846 T:140177395910400   DEBUG: CDVDDemuxFFmpeg::AddStream ID: 0
2020-08-28 01:30:14.846 T:140177395910400  NOTICE: CDVDAudioCodecFFmpeg::Open() Successful opened audio decoder mp3float
2020-08-28 01:30:14.847 T:140179020122240   DEBUG: CSMBFile::Open - opened smb://USERNAME:PASSWORD@192.168.0.5/Share/Music/Sepultura/Chaos A.D/12 Clenched Fist.mp3, fd=10002
2020-08-28 01:30:14.876 T:140177395910400   DEBUG: CSMBFile::Open - opened smb://USERNAME:PASSWORD@192.168.0.5/Share/Music/Sepultura/Chaos A.D/12 Clenched Fist.mp3, fd=10001
2020-08-28 01:30:14.934 T:140179020122240   DEBUG: unrecognized ID3 frame detected: MCDI
2020-08-28 01:30:14.934 T:140179020122240   DEBUG: unrecognized ID3 frame detected: PRIV
2020-08-28 01:30:14.934 T:140179020122240   DEBUG: unrecognized ID3 frame detected: TLEN
2020-08-28 01:30:14.935 T:140179020122240   DEBUG: CSMBFile::Close closing fd 10002
2020-08-28 01:30:14.939 T:140179020122240   DEBUG: CPlayerGUIInfo::InitCurrentItem(musicdb://recentlyaddedalbums/1/12.mp3?albumid=1)
2020-08-28 01:30:14.939 T:140178515441408   DEBUG: UPnP: Building didl for object 'musicdb://recentlyaddedalbums/1/12.mp3?albumid=1'
2020-08-28 01:30:14.966 T:140177395910400   DEBUG: unrecognized ID3 frame detected: MCDI
2020-08-28 01:30:14.966 T:140177395910400   DEBUG: unrecognized ID3 frame detected: PRIV
2020-08-28 01:30:14.966 T:140177395910400   DEBUG: unrecognized ID3 frame detected: TLEN
2020-08-28 01:30:14.966 T:140177395910400   DEBUG: CSMBFile::Close closing fd 10001
2020-08-28 01:30:14.968 T:140177395910400   DEBUG: SeekTime - seek ended up on time 0
2020-08-28 01:30:14.973 T:140178498656000   DEBUG: Previous line repeats 1 times.
2020-08-28 01:30:14.973 T:140178498656000   DEBUG: CActiveAE::ClearDiscardedBuffers - buffer pool deleted
2020-08-28 01:30:15.039 T:140179020122240   DEBUG: ------ Window Init (DialogBusy.xml) ------
2020-08-28 01:30:15.041 T:140179020122240   ERROR: CBinaryAddonManager::GetInstalledAddonInfo: Requested addon '' unknown as binary
2020-08-28 01:30:15.061 T:140177395910400    INFO: AudioDecoder: File is queued
2020-08-28 01:30:15.062 T:140177395910400   DEBUG: AudioDecoder::GetReplayGain - Final Replaygain applied: 1.000000, Track/Album Gain 89.000000, Peak 1.000000
2020-08-28 01:30:15.063 T:140178498656000   DEBUG: CActiveAE::ClearDiscardedBuffers - buffer pool deleted
2020-08-28 01:30:15.090 T:140177395910400    INFO: PAPlayer::PrepareStream - Ready
2020-08-28 01:30:15.100 T:140175885731584   DEBUG: OnAVStarted: CApplication::OnAVStarted
2020-08-28 01:30:15.111 T:140179020122240   DEBUG: ------ Window Deinit (DialogBusy.xml) ------
2020-08-28 01:30:15.243 T:140179020122240   DEBUG: ProcessMouse: trying mouse action leftclick
2020-08-28 01:30:15.243 T:140179020122240   DEBUG: CPlayerCoreFactory::GetPlayers(smb://192.168.0.5/Share/Music/Sepultura/Chaos A.D/11 The Hunt.mp3)
2020-08-28 01:30:15.243 T:140179020122240   DEBUG: CPlayerSelectionRule::GetPlayers: considering rule: system rules
2020-08-28 01:30:15.243 T:140179020122240   DEBUG: CPlayerSelectionRule::GetPlayers: matches rule: system rules
2020-08-28 01:30:15.244 T:140179020122240   DEBUG: CPlayerSelectionRule::GetPlayers: considering rule: mms/udp
2020-08-28 01:30:15.244 T:140179020122240   DEBUG: CPlayerSelectionRule::GetPlayers: considering rule: lastfm/shout
2020-08-28 01:30:15.244 T:140179020122240   DEBUG: CPlayerSelectionRule::GetPlayers: considering rule: rtmp
2020-08-28 01:30:15.244 T:140179020122240   DEBUG: CPlayerSelectionRule::GetPlayers: considering rule: rtsp
2020-08-28 01:30:15.244 T:140179020122240   DEBUG: CPlayerSelectionRule::GetPlayers: considering rule: streams
2020-08-28 01:30:15.244 T:140179020122240   DEBUG: CPlayerSelectionRule::GetPlayers: considering rule: dvd
2020-08-28 01:30:15.244 T:140179020122240   DEBUG: CPlayerSelectionRule::GetPlayers: considering rule: dvdimage
2020-08-28 01:30:15.244 T:140179020122240   DEBUG: CPlayerSelectionRule::GetPlayers: considering rule: sdp/asf
2020-08-28 01:30:15.244 T:140179020122240   DEBUG: CPlayerSelectionRule::GetPlayers: considering rule: nsv
2020-08-28 01:30:15.244 T:140179020122240   DEBUG: CPlayerSelectionRule::GetPlayers: considering rule: radio
2020-08-28 01:30:15.244 T:140179020122240   DEBUG: CPlayerCoreFactory::GetPlayers: matched 0 rules with players
2020-08-28 01:30:15.244 T:140179020122240   DEBUG: CPlayerCoreFactory::GetPlayers: adding audiodefaultplayer (PAPlayer)
2020-08-28 01:30:15.244 T:140179020122240   DEBUG: CPlayerCoreFactory::GetPlayers: for video=0, audio=1
2020-08-28 01:30:15.244 T:140179020122240   DEBUG: CPlayerCoreFactory::GetPlayers: for video=1, audio=1
2020-08-28 01:30:15.244 T:140179020122240   DEBUG: CPlayerCoreFactory::GetPlayers: adding player: VideoPlayer
2020-08-28 01:30:15.244 T:140179020122240   DEBUG: CPlayerCoreFactory::GetPlayers: added 2 players
2020-08-28 01:30:15.330 T:140178498656000   DEBUG: CActiveAE::DiscardStream - audio stream deleted
2020-08-28 01:30:15.330 T:140177395910400   DEBUG: DoWork - Saving file state for audio item musicdb://recentlyaddedalbums/1/12.mp3?albumid=1
2020-08-28 01:30:15.330 T:140178498656000   DEBUG: CActiveAE::ClearDiscardedBuffers - buffer pool deleted
2020-08-28 01:30:15.330 T:140179020122240   DEBUG: Previous line repeats 1 times.
2020-08-28 01:30:15.330 T:140179020122240   DEBUG: CSMBFile::Close closing fd 10000
2020-08-28 01:30:15.338 T:140175885731584   DEBUG: OnPlayBackStopped: CApplication::OnPlayBackStopped
2020-08-28 01:30:15.338 T:140175885731584   DEBUG: Thread PAPlayer 140175885731584 terminating
2020-08-28 01:30:15.340 T:140179020122240   DEBUG: FreeVisualisation() started
2020-08-28 01:30:15.340 T:140179020122240   DEBUG: FreeVisualisation() done
2020-08-28 01:30:15.347 T:140179020122240   DEBUG: OnPlayBackStarted: CApplication::OnPlayBackStarted
2020-08-28 01:30:15.347 T:140175885731584   DEBUG: Thread PAPlayer start, auto delete: false
2020-08-28 01:30:15.347 T:140175885731584   DEBUG: PAPlayer::Process - Playback started
2020-08-28 01:30:15.347 T:140179020122240   DEBUG: CMusicGUIInfo::InitCurrentItem(musicdb://recentlyaddedalbums/1/11.mp3?albumid=1)
2020-08-28 01:30:15.351 T:140177387517696   DEBUG: CSMBFile::Open - opened smb://USERNAME:PASSWORD@192.168.0.5/Share/Music/Sepultura/Chaos A.D/11 The Hunt.mp3, fd=10000
2020-08-28 01:30:15.352 T:140179020122240   DEBUG: GetArtist(SELECT idArtist, strArtist, strSortName, strMusicBrainzArtistID, strType, strGender, strDisambiguation, strBorn, strFormed, strGenres,strMoods, strStyles, strInstruments, strBiography, strDied, strDisbanded, strYearsActive, strImage, strFanart, bScrapedMBID, lastScraped, '' AS dateAdded FROM artist WHERE idArtist = 2) - took 0 ms
2020-08-28 01:30:15.353 T:140179020122240   DEBUG: SELECT albumview.*,albumartistview.*  FROM albumview  JOIN albumartistview ON albumview.idAlbum = albumartistview.idAlbum  WHERE albumview.idAlbum = 1  ORDER BY albumartistview.iOrder
2020-08-28 01:30:15.353 T:140179020122240   DEBUG: Loading additional tag info for file smb://192.168.0.5/Share/Music/Sepultura/Chaos A.D/11 The Hunt.mp3
2020-08-28 01:30:15.377 T:140177387517696   DEBUG: Open - probing detected format [mp3]
2020-08-28 01:30:15.377 T:140177387517696   DEBUG: Open - setting usetoc to 0 for accurate VBR MP3 seek
2020-08-28 01:30:15.378 T:140177387517696   DEBUG: Open - avformat_find_stream_info starting
2020-08-28 01:30:15.378 T:140177387517696   DEBUG: ffmpeg[7F7D97637700]: [mp3] Estimating duration from bitrate, this may be inaccurate
2020-08-28 01:30:15.378 T:140177387517696   DEBUG: Open - av_find_stream_info finished
2020-08-28 01:30:15.379 T:140177387517696   DEBUG: CDVDDemuxFFmpeg::AddStream ID: 0
2020-08-28 01:30:15.379 T:140177387517696  NOTICE: CDVDAudioCodecFFmpeg::Open() Successful opened audio decoder mp3float
2020-08-28 01:30:15.379 T:140179020122240   DEBUG: CSMBFile::Open - opened smb://USERNAME:PASSWORD@192.168.0.5/Share/Music/Sepultura/Chaos A.D/11 The Hunt.mp3, fd=10001
2020-08-28 01:30:15.405 T:140177387517696   DEBUG: CSMBFile::Open - opened smb://USERNAME:PASSWORD@192.168.0.5/Share/Music/Sepultura/Chaos A.D/11 The Hunt.mp3, fd=10002
2020-08-28 01:30:15.463 T:140179020122240   DEBUG: unrecognized ID3 frame detected: MCDI
2020-08-28 01:30:15.463 T:140179020122240   DEBUG: unrecognized ID3 frame detected: PRIV
2020-08-28 01:30:15.463 T:140179020122240   DEBUG: unrecognized ID3 frame detected: TLEN
2020-08-28 01:30:15.463 T:140179020122240   DEBUG: CSMBFile::Close closing fd 10001
2020-08-28 01:30:15.466 T:140179020122240   DEBUG: CPlayerGUIInfo::InitCurrentItem(musicdb://recentlyaddedalbums/1/11.mp3?albumid=1)
2020-08-28 01:30:15.467 T:140178515441408   DEBUG: UPnP: Building didl for object 'musicdb://recentlyaddedalbums/1/11.mp3?albumid=1'
2020-08-28 01:30:15.500 T:140177387517696   DEBUG: unrecognized ID3 frame detected: MCDI
2020-08-28 01:30:15.500 T:140177387517696   DEBUG: unrecognized ID3 frame detected: PRIV
2020-08-28 01:30:15.500 T:140177387517696   DEBUG: unrecognized ID3 frame detected: TLEN
2020-08-28 01:30:15.500 T:140177387517696   DEBUG: CSMBFile::Close closing fd 10002
2020-08-28 01:30:15.502 T:140177387517696   DEBUG: SeekTime - seek ended up on time 0
2020-08-28 01:30:15.538 T:140178498656000   DEBUG: Previous line repeats 1 times.
2020-08-28 01:30:15.538 T:140178498656000   DEBUG: CActiveAE::ClearDiscardedBuffers - buffer pool deleted
2020-08-28 01:30:15.567 T:140179020122240   DEBUG: ------ Window Init (DialogBusy.xml) ------
2020-08-28 01:30:15.569 T:140179020122240   ERROR: CBinaryAddonManager::GetInstalledAddonInfo: Requested addon '' unknown as binary
2020-08-28 01:30:15.594 T:140177387517696    INFO: AudioDecoder: File is queued
2020-08-28 01:30:15.595 T:140177387517696   DEBUG: AudioDecoder::GetReplayGain - Final Replaygain applied: 1.000000, Track/Album Gain 89.000000, Peak 1.000000
2020-08-28 01:30:15.595 T:140178498656000   DEBUG: CActiveAE::ClearDiscardedBuffers - buffer pool deleted
2020-08-28 01:30:15.672 T:140177387517696    INFO: PAPlayer::PrepareStream - Ready
2020-08-28 01:30:15.680 T:140175885731584   DEBUG: OnAVStarted: CApplication::OnAVStarted
2020-08-28 01:30:15.710 T:140179020122240   DEBUG: ------ Window Deinit (DialogBusy.xml) ------
2020-08-28 01:30:15.876 T:140179020122240   DEBUG: ProcessMouse: trying mouse action leftclick
2020-08-28 01:30:15.877 T:140179020122240   DEBUG: CPlayerCoreFactory::GetPlayers(smb://192.168.0.5/Share/Music/Sepultura/Chaos A.D/10 Manifest.mp3)
2020-08-28 01:30:15.877 T:140179020122240   DEBUG: CPlayerSelectionRule::GetPlayers: considering rule: system rules
2020-08-28 01:30:15.877 T:140179020122240   DEBUG: CPlayerSelectionRule::GetPlayers: matches rule: system rules
2020-08-28 01:30:15.877 T:140179020122240   DEBUG: CPlayerSelectionRule::GetPlayers: considering rule: mms/udp
2020-08-28 01:30:15.877 T:140179020122240   DEBUG: CPlayerSelectionRule::GetPlayers: considering rule: lastfm/shout
2020-08-28 01:30:15.877 T:140179020122240   DEBUG: CPlayerSelectionRule::GetPlayers: considering rule: rtmp
2020-08-28 01:30:15.877 T:140179020122240   DEBUG: CPlayerSelectionRule::GetPlayers: considering rule: rtsp
2020-08-28 01:30:15.877 T:140179020122240   DEBUG: CPlayerSelectionRule::GetPlayers: considering rule: streams
2020-08-28 01:30:15.877 T:140179020122240   DEBUG: CPlayerSelectionRule::GetPlayers: considering rule: dvd
2020-08-28 01:30:15.877 T:140179020122240   DEBUG: CPlayerSelectionRule::GetPlayers: considering rule: dvdimage
2020-08-28 01:30:15.877 T:140179020122240   DEBUG: CPlayerSelectionRule::GetPlayers: considering rule: sdp/asf
2020-08-28 01:30:15.877 T:140179020122240   DEBUG: CPlayerSelectionRule::GetPlayers: considering rule: nsv
2020-08-28 01:30:15.877 T:140179020122240   DEBUG: CPlayerSelectionRule::GetPlayers: considering rule: radio
2020-08-28 01:30:15.877 T:140179020122240   DEBUG: CPlayerCoreFactory::GetPlayers: matched 0 rules with players
2020-08-28 01:30:15.877 T:140179020122240   DEBUG: CPlayerCoreFactory::GetPlayers: adding audiodefaultplayer (PAPlayer)
2020-08-28 01:30:15.877 T:140179020122240   DEBUG: CPlayerCoreFactory::GetPlayers: for video=0, audio=1
2020-08-28 01:30:15.877 T:140179020122240   DEBUG: CPlayerCoreFactory::GetPlayers: for video=1, audio=1
2020-08-28 01:30:15.877 T:140179020122240   DEBUG: CPlayerCoreFactory::GetPlayers: adding player: VideoPlayer
2020-08-28 01:30:15.877 T:140179020122240   DEBUG: CPlayerCoreFactory::GetPlayers: added 2 players
2020-08-28 01:30:15.929 T:140175885731584   DEBUG: CSMBFile::Close closing fd 10000
2020-08-28 01:30:15.958 T:140178498656000   DEBUG: CActiveAE::DiscardStream - audio stream deleted
2020-08-28 01:30:15.958 T:140177387517696   DEBUG: DoWork - Saving file state for audio item musicdb://recentlyaddedalbums/1/11.mp3?albumid=1
2020-08-28 01:30:15.958 T:140178498656000   DEBUG: CActiveAE::ClearDiscardedBuffers - buffer pool deleted
2020-08-28 01:30:15.963 T:140175885731584   DEBUG: Previous line repeats 1 times.
2020-08-28 01:30:15.963 T:140175885731584   DEBUG: OnPlayBackStopped: CApplication::OnPlayBackStopped
2020-08-28 01:30:15.963 T:140175885731584   DEBUG: Thread PAPlayer 140175885731584 terminating
2020-08-28 01:30:15.966 T:140179020122240   DEBUG: FreeVisualisation() started
2020-08-28 01:30:15.966 T:140179020122240   DEBUG: FreeVisualisation() done
2020-08-28 01:30:15.972 T:140179020122240   DEBUG: OnPlayBackStarted: CApplication::OnPlayBackStarted
2020-08-28 01:30:15.972 T:140175885731584   DEBUG: Thread PAPlayer start, auto delete: false
2020-08-28 01:30:15.972 T:140175885731584   DEBUG: PAPlayer::Process - Playback started
2020-08-28 01:30:15.972 T:140179020122240   DEBUG: CMusicGUIInfo::InitCurrentItem(musicdb://recentlyaddedalbums/1/10.mp3?albumid=1)
2020-08-28 01:30:15.977 T:140177746745088   DEBUG: CSMBFile::Open - opened smb://USERNAME:PASSWORD@192.168.0.5/Share/Music/Sepultura/Chaos A.D/10 Manifest.mp3, fd=10000
2020-08-28 01:30:15.977 T:140179020122240   DEBUG: GetArtist(SELECT idArtist, strArtist, strSortName, strMusicBrainzArtistID, strType, strGender, strDisambiguation, strBorn, strFormed, strGenres,strMoods, strStyles, strInstruments, strBiography, strDied, strDisbanded, strYearsActive, strImage, strFanart, bScrapedMBID, lastScraped, '' AS dateAdded FROM artist WHERE idArtist = 2) - took 0 ms
2020-08-28 01:30:15.977 T:140179020122240   DEBUG: SELECT albumview.*,albumartistview.*  FROM albumview  JOIN albumartistview ON albumview.idAlbum = albumartistview.idAlbum  WHERE albumview.idAlbum = 1  ORDER BY albumartistview.iOrder
2020-08-28 01:30:15.978 T:140179020122240   DEBUG: Loading additional tag info for file smb://192.168.0.5/Share/Music/Sepultura/Chaos A.D/10 Manifest.mp3
2020-08-28 01:30:15.986 T:140179020122240   DEBUG: CSMBFile::Open - opened smb://USERNAME:PASSWORD@192.168.0.5/Share/Music/Sepultura/Chaos A.D/10 Manifest.mp3, fd=10002
2020-08-28 01:30:16.007 T:140177746745088   DEBUG: Open - probing detected format [mp3]
2020-08-28 01:30:16.007 T:140177746745088   DEBUG: Open - setting usetoc to 0 for accurate VBR MP3 seek
2020-08-28 01:30:16.007 T:140177746745088   DEBUG: Open - avformat_find_stream_info starting
2020-08-28 01:30:16.008 T:140177746745088   DEBUG: ffmpeg[7F7DACCCD700]: [mp3] Estimating duration from bitrate, this may be inaccurate
2020-08-28 01:30:16.008 T:140177746745088   DEBUG: Open - av_find_stream_info finished
2020-08-28 01:30:16.008 T:140177746745088   DEBUG: CDVDDemuxFFmpeg::AddStream ID: 0
2020-08-28 01:30:16.008 T:140177746745088  NOTICE: CDVDAudioCodecFFmpeg::Open() Successful opened audio decoder mp3float
2020-08-28 01:30:16.031 T:140177746745088   DEBUG: CSMBFile::Open - opened smb://USERNAME:PASSWORD@192.168.0.5/Share/Music/Sepultura/Chaos A.D/10 Manifest.mp3, fd=10001
2020-08-28 01:30:16.091 T:140179020122240   DEBUG: unrecognized ID3 frame detected: MCDI
2020-08-28 01:30:16.091 T:140179020122240   DEBUG: unrecognized ID3 frame detected: PRIV
2020-08-28 01:30:16.091 T:140179020122240   DEBUG: unrecognized ID3 frame detected: TLEN
2020-08-28 01:30:16.091 T:140179020122240   DEBUG: CSMBFile::Close closing fd 10002
2020-08-28 01:30:16.096 T:140179020122240   DEBUG: CPlayerGUIInfo::InitCurrentItem(musicdb://recentlyaddedalbums/1/10.mp3?albumid=1)
2020-08-28 01:30:16.096 T:140178515441408   DEBUG: UPnP: Building didl for object 'musicdb://recentlyaddedalbums/1/10.mp3?albumid=1'
2020-08-28 01:30:16.116 T:140177746745088   DEBUG: unrecognized ID3 frame detected: MCDI
2020-08-28 01:30:16.117 T:140177746745088   DEBUG: unrecognized ID3 frame detected: PRIV
2020-08-28 01:30:16.117 T:140177746745088   DEBUG: unrecognized ID3 frame detected: TLEN
2020-08-28 01:30:16.117 T:140177746745088   DEBUG: CSMBFile::Close closing fd 10001
2020-08-28 01:30:16.119 T:140177746745088   DEBUG: SeekTime - seek ended up on time 0
2020-08-28 01:30:16.132 T:140178498656000   DEBUG: Previous line repeats 1 times.
2020-08-28 01:30:16.132 T:140178498656000   DEBUG: CActiveAE::ClearDiscardedBuffers - buffer pool deleted
2020-08-28 01:30:16.196 T:140179020122240   DEBUG: ------ Window Init (DialogBusy.xml) ------
2020-08-28 01:30:16.198 T:140179020122240   ERROR: CBinaryAddonManager::GetInstalledAddonInfo: Requested addon '' unknown as binary
2020-08-28 01:30:16.213 T:140177746745088    INFO: AudioDecoder: File is queued
2020-08-28 01:30:16.214 T:140177746745088   DEBUG: AudioDecoder::GetReplayGain - Final Replaygain applied: 1.000000, Track/Album Gain 89.000000, Peak 1.000000
2020-08-28 01:30:16.214 T:140178498656000   DEBUG: CActiveAE::ClearDiscardedBuffers - buffer pool deleted
2020-08-28 01:30:16.245 T:140177746745088    INFO: PAPlayer::PrepareStream - Ready
2020-08-28 01:30:16.246 T:140175885731584   DEBUG: OnAVStarted: CApplication::OnAVStarted
2020-08-28 01:30:16.261 T:140179020122240   DEBUG: ------ Window Deinit (DialogBusy.xml) ------
2020-08-28 01:30:16.577 T:140179020122240   DEBUG: ProcessMouse: trying mouse action leftclick
2020-08-28 01:30:16.578 T:140179020122240   DEBUG: CPlayerCoreFactory::GetPlayers(smb://192.168.0.5/Share/Music/Sepultura/Chaos A.D/09 We Who Are Not as Others.mp3)
2020-08-28 01:30:16.578 T:140179020122240   DEBUG: CPlayerSelectionRule::GetPlayers: considering rule: system rules
2020-08-28 01:30:16.578 T:140179020122240   DEBUG: CPlayerSelectionRule::GetPlayers: matches rule: system rules
2020-08-28 01:30:16.578 T:140179020122240   DEBUG: CPlayerSelectionRule::GetPlayers: considering rule: mms/udp
2020-08-28 01:30:16.578 T:140179020122240   DEBUG: CPlayerSelectionRule::GetPlayers: considering rule: lastfm/shout
2020-08-28 01:30:16.578 T:140179020122240   DEBUG: CPlayerSelectionRule::GetPlayers: considering rule: rtmp
2020-08-28 01:30:16.578 T:140179020122240   DEBUG: CPlayerSelectionRule::GetPlayers: considering rule: rtsp
2020-08-28 01:30:16.578 T:140179020122240   DEBUG: CPlayerSelectionRule::GetPlayers: considering rule: streams
2020-08-28 01:30:16.578 T:140179020122240   DEBUG: CPlayerSelectionRule::GetPlayers: considering rule: dvd
2020-08-28 01:30:16.578 T:140179020122240   DEBUG: CPlayerSelectionRule::GetPlayers: considering rule: dvdimage
2020-08-28 01:30:16.578 T:140179020122240   DEBUG: CPlayerSelectionRule::GetPlayers: considering rule: sdp/asf
2020-08-28 01:30:16.578 T:140179020122240   DEBUG: CPlayerSelectionRule::GetPlayers: considering rule: nsv
2020-08-28 01:30:16.578 T:140179020122240   DEBUG: CPlayerSelectionRule::GetPlayers: considering rule: radio
2020-08-28 01:30:16.578 T:140179020122240   DEBUG: CPlayerCoreFactory::GetPlayers: matched 0 rules with players
2020-08-28 01:30:16.578 T:140179020122240   DEBUG: CPlayerCoreFactory::GetPlayers: adding audiodefaultplayer (PAPlayer)
2020-08-28 01:30:16.578 T:140179020122240   DEBUG: CPlayerCoreFactory::GetPlayers: for video=0, audio=1
2020-08-28 01:30:16.578 T:140179020122240   DEBUG: CPlayerCoreFactory::GetPlayers: for video=1, audio=1
2020-08-28 01:30:16.578 T:140179020122240   DEBUG: CPlayerCoreFactory::GetPlayers: adding player: VideoPlayer
2020-08-28 01:30:16.578 T:140179020122240   DEBUG: CPlayerCoreFactory::GetPlayers: added 2 players
2020-08-28 01:30:16.691 T:140178498656000   DEBUG: CActiveAE::DiscardStream - audio stream deleted
2020-08-28 01:30:16.691 T:140177387517696   DEBUG: DoWork - Saving file state for audio item musicdb://recentlyaddedalbums/1/10.mp3?albumid=1
2020-08-28 01:30:16.691 T:140178498656000   DEBUG: CActiveAE::ClearDiscardedBuffers - buffer pool deleted
2020-08-28 01:30:16.691 T:140179020122240   DEBUG: Previous line repeats 1 times.
2020-08-28 01:30:16.691 T:140179020122240   DEBUG: CSMBFile::Close closing fd 10000
2020-08-28 01:30:16.700 T:140175885731584   DEBUG: OnPlayBackStopped: CApplication::OnPlayBackStopped
2020-08-28 01:30:16.700 T:140175885731584   DEBUG: Thread PAPlayer 140175885731584 terminating
2020-08-28 01:30:16.702 T:140179020122240   DEBUG: FreeVisualisation() started
2020-08-28 01:30:16.702 T:140179020122240   DEBUG: FreeVisualisation() done
2020-08-28 01:30:16.706 T:140179020122240   DEBUG: OnPlayBackStarted: CApplication::OnPlayBackStarted
2020-08-28 01:30:16.706 T:140175885731584   DEBUG: Thread PAPlayer start, auto delete: false
2020-08-28 01:30:16.706 T:140175885731584   DEBUG: PAPlayer::Process - Playback started
2020-08-28 01:30:16.706 T:140179020122240   DEBUG: CMusicGUIInfo::InitCurrentItem(musicdb://recentlyaddedalbums/1/9.mp3?albumid=1)
2020-08-28 01:30:16.710 T:140179020122240   DEBUG: GetArtist(SELECT idArtist, strArtist, strSortName, strMusicBrainzArtistID, strType, strGender, strDisambiguation, strBorn, strFormed, strGenres,strMoods, strStyles, strInstruments, strBiography, strDied, strDisbanded, strYearsActive, strImage, strFanart, bScrapedMBID, lastScraped, '' AS dateAdded FROM artist WHERE idArtist = 2) - took 0 ms
2020-08-28 01:30:16.710 T:140179020122240   DEBUG: SELECT albumview.*,albumartistview.*  FROM albumview  JOIN albumartistview ON albumview.idAlbum = albumartistview.idAlbum  WHERE albumview.idAlbum = 1  ORDER BY albumartistview.iOrder
2020-08-28 01:30:16.711 T:140177395910400   DEBUG: CSMBFile::Open - opened smb://USERNAME:PASSWORD@192.168.0.5/Share/Music/Sepultura/Chaos A.D/09 We Who Are Not as Others.mp3, fd=10000
2020-08-28 01:30:16.711 T:140179020122240   DEBUG: Loading additional tag info for file smb://192.168.0.5/Share/Music/Sepultura/Chaos A.D/09 We Who Are Not as Others.mp3
2020-08-28 01:30:16.735 T:140177395910400   DEBUG: Open - probing detected format [mp3]
2020-08-28 01:30:16.735 T:140177395910400   DEBUG: Open - setting usetoc to 0 for accurate VBR MP3 seek
2020-08-28 01:30:16.735 T:140177395910400   DEBUG: Open - avformat_find_stream_info starting
2020-08-28 01:30:16.736 T:140177395910400   DEBUG: ffmpeg[7F7D97E38700]: [mp3] Estimating duration from bitrate, this may be inaccurate
2020-08-28 01:30:16.736 T:140177395910400   DEBUG: Open - av_find_stream_info finished
2020-08-28 01:30:16.736 T:140177395910400   DEBUG: CDVDDemuxFFmpeg::AddStream ID: 0
2020-08-28 01:30:16.736 T:140177395910400  NOTICE: CDVDAudioCodecFFmpeg::Open() Successful opened audio decoder mp3float
2020-08-28 01:30:16.737 T:140179020122240   DEBUG: CSMBFile::Open - opened smb://USERNAME:PASSWORD@192.168.0.5/Share/Music/Sepultura/Chaos A.D/09 We Who Are Not as Others.mp3, fd=10001
2020-08-28 01:30:16.764 T:140177395910400   DEBUG: CSMBFile::Open - opened smb://USERNAME:PASSWORD@192.168.0.5/Share/Music/Sepultura/Chaos A.D/09 We Who Are Not as Others.mp3, fd=10002
2020-08-28 01:30:16.822 T:140179020122240   DEBUG: unrecognized ID3 frame detected: MCDI
2020-08-28 01:30:16.822 T:140179020122240   DEBUG: unrecognized ID3 frame detected: PRIV
2020-08-28 01:30:16.822 T:140179020122240   DEBUG: unrecognized ID3 frame detected: TLEN
2020-08-28 01:30:16.823 T:140179020122240   DEBUG: CSMBFile::Close closing fd 10001
2020-08-28 01:30:16.826 T:140179020122240   DEBUG: CPlayerGUIInfo::InitCurrentItem(musicdb://recentlyaddedalbums/1/9.mp3?albumid=1)
2020-08-28 01:30:16.827 T:140178515441408   DEBUG: UPnP: Building didl for object 'musicdb://recentlyaddedalbums/1/9.mp3?albumid=1'
2020-08-28 01:30:16.854 T:140177395910400   DEBUG: unrecognized ID3 frame detected: MCDI
2020-08-28 01:30:16.854 T:140177395910400   DEBUG: unrecognized ID3 frame detected: PRIV
2020-08-28 01:30:16.854 T:140177395910400   DEBUG: unrecognized ID3 frame detected: TLEN
2020-08-28 01:30:16.854 T:140177395910400   DEBUG: CSMBFile::Close closing fd 10002
2020-08-28 01:30:16.855 T:140177395910400   DEBUG: SeekTime - seek ended up on time 0
2020-08-28 01:30:16.870 T:140178498656000   DEBUG: Previous line repeats 1 times.
2020-08-28 01:30:16.870 T:140178498656000   DEBUG: CActiveAE::ClearDiscardedBuffers - buffer pool deleted
2020-08-28 01:30:16.927 T:140179020122240   DEBUG: ------ Window Init (DialogBusy.xml) ------
2020-08-28 01:30:16.928 T:140179020122240   ERROR: CBinaryAddonManager::GetInstalledAddonInfo: Requested addon '' unknown as binary
2020-08-28 01:30:16.938 T:140177395910400    INFO: AudioDecoder: File is queued
2020-08-28 01:30:16.939 T:140177395910400   DEBUG: AudioDecoder::GetReplayGain - Final Replaygain applied: 1.000000, Track/Album Gain 89.000000, Peak 1.000000
2020-08-28 01:30:16.939 T:140178498656000   DEBUG: CActiveAE::ClearDiscardedBuffers - buffer pool deleted
2020-08-28 01:30:16.967 T:140177395910400    INFO: PAPlayer::PrepareStream - Ready
2020-08-28 01:30:16.969 T:140175885731584   DEBUG: OnAVStarted: CApplication::OnAVStarted
2020-08-28 01:30:16.983 T:140179020122240   DEBUG: ------ Window Deinit (DialogBusy.xml) ------
2020-08-28 01:30:17.660 T:140179020122240   DEBUG: ProcessMouse: trying mouse action leftclick
2020-08-28 01:30:17.660 T:140179020122240   DEBUG: CPlayerCoreFactory::GetPlayers(smb://192.168.0.5/Share/Music/Sepultura/Chaos A.D/08 Nomad.mp3)
2020-08-28 01:30:17.661 T:140179020122240   DEBUG: CPlayerSelectionRule::GetPlayers: considering rule: system rules
2020-08-28 01:30:17.661 T:140179020122240   DEBUG: CPlayerSelectionRule::GetPlayers: matches rule: system rules
2020-08-28 01:30:17.661 T:140179020122240   DEBUG: CPlayerSelectionRule::GetPlayers: considering rule: mms/udp
2020-08-28 01:30:17.661 T:140179020122240   DEBUG: CPlayerSelectionRule::GetPlayers: considering rule: lastfm/shout
2020-08-28 01:30:17.661 T:140179020122240   DEBUG: CPlayerSelectionRule::GetPlayers: considering rule: rtmp
2020-08-28 01:30:17.661 T:140179020122240   DEBUG: CPlayerSelectionRule::GetPlayers: considering rule: rtsp
2020-08-28 01:30:17.661 T:140179020122240   DEBUG: CPlayerSelectionRule::GetPlayers: considering rule: streams
2020-08-28 01:30:17.661 T:140179020122240   DEBUG: CPlayerSelectionRule::GetPlayers: considering rule: dvd
2020-08-28 01:30:17.661 T:140179020122240   DEBUG: CPlayerSelectionRule::GetPlayers: considering rule: dvdimage
2020-08-28 01:30:17.661 T:140179020122240   DEBUG: CPlayerSelectionRule::GetPlayers: considering rule: sdp/asf
2020-08-28 01:30:17.661 T:140179020122240   DEBUG: CPlayerSelectionRule::GetPlayers: considering rule: nsv
2020-08-28 01:30:17.661 T:140179020122240   DEBUG: CPlayerSelectionRule::GetPlayers: considering rule: radio
2020-08-28 01:30:17.661 T:140179020122240   DEBUG: CPlayerCoreFactory::GetPlayers: matched 0 rules with players
2020-08-28 01:30:17.661 T:140179020122240   DEBUG: CPlayerCoreFactory::GetPlayers: adding audiodefaultplayer (PAPlayer)
2020-08-28 01:30:17.661 T:140179020122240   DEBUG: CPlayerCoreFactory::GetPlayers: for video=0, audio=1
2020-08-28 01:30:17.661 T:140179020122240   DEBUG: CPlayerCoreFactory::GetPlayers: for video=1, audio=1
2020-08-28 01:30:17.661 T:140179020122240   DEBUG: CPlayerCoreFactory::GetPlayers: adding player: VideoPlayer
2020-08-28 01:30:17.661 T:140179020122240   DEBUG: CPlayerCoreFactory::GetPlayers: added 2 players
2020-08-28 01:30:17.738 T:140175885731584   DEBUG: CSMBFile::Close closing fd 10000
2020-08-28 01:30:17.741 T:140178498656000   DEBUG: CActiveAE::DiscardStream - audio stream deleted
2020-08-28 01:30:17.741 T:140177746745088   DEBUG: DoWork - Saving file state for audio item musicdb://recentlyaddedalbums/1/9.mp3?albumid=1
2020-08-28 01:30:17.741 T:140178498656000   DEBUG: CActiveAE::ClearDiscardedBuffers - buffer pool deleted
2020-08-28 01:30:17.751 T:140175885731584   DEBUG: Previous line repeats 1 times.
2020-08-28 01:30:17.751 T:140175885731584   DEBUG: OnPlayBackStopped: CApplication::OnPlayBackStopped
2020-08-28 01:30:17.751 T:140175885731584   DEBUG: Thread PAPlayer 140175885731584 terminating
2020-08-28 01:30:17.753 T:140179020122240   DEBUG: FreeVisualisation() started
2020-08-28 01:30:17.753 T:140179020122240   DEBUG: FreeVisualisation() done
2020-08-28 01:30:17.760 T:140179020122240   DEBUG: OnPlayBackStarted: CApplication::OnPlayBackStarted
2020-08-28 01:30:17.760 T:140175885731584   DEBUG: Thread PAPlayer start, auto delete: false
2020-08-28 01:30:17.760 T:140175885731584   DEBUG: PAPlayer::Process - Playback started
2020-08-28 01:30:17.760 T:140179020122240   DEBUG: CMusicGUIInfo::InitCurrentItem(musicdb://recentlyaddedalbums/1/8.mp3?albumid=1)
2020-08-28 01:30:17.764 T:140177746745088   DEBUG: CSMBFile::Open - opened smb://USERNAME:PASSWORD@192.168.0.5/Share/Music/Sepultura/Chaos A.D/08 Nomad.mp3, fd=10000
2020-08-28 01:30:17.766 T:140179020122240   DEBUG: GetArtist(SELECT idArtist, strArtist, strSortName, strMusicBrainzArtistID, strType, strGender, strDisambiguation, strBorn, strFormed, strGenres,strMoods, strStyles, strInstruments, strBiography, strDied, strDisbanded, strYearsActive, strImage, strFanart, bScrapedMBID, lastScraped, '' AS dateAdded FROM artist WHERE idArtist = 2) - took 0 ms
2020-08-28 01:30:17.766 T:140179020122240   DEBUG: SELECT albumview.*,albumartistview.*  FROM albumview  JOIN albumartistview ON albumview.idAlbum = albumartistview.idAlbum  WHERE albumview.idAlbum = 1  ORDER BY albumartistview.iOrder
2020-08-28 01:30:17.767 T:140179020122240   DEBUG: Loading additional tag info for file smb://192.168.0.5/Share/Music/Sepultura/Chaos A.D/08 Nomad.mp3
2020-08-28 01:30:17.772 T:140179020122240   DEBUG: CSMBFile::Open - opened smb://USERNAME:PASSWORD@192.168.0.5/Share/Music/Sepultura/Chaos A.D/08 Nomad.mp3, fd=10002
2020-08-28 01:30:17.795 T:140177746745088   DEBUG: Open - probing detected format [mp3]
2020-08-28 01:30:17.795 T:140177746745088   DEBUG: Open - setting usetoc to 0 for accurate VBR MP3 seek
2020-08-28 01:30:17.795 T:140177746745088   DEBUG: Open - avformat_find_stream_info starting
2020-08-28 01:30:17.796 T:140177746745088   DEBUG: ffmpeg[7F7DACCCD700]: [mp3] Estimating duration from bitrate, this may be inaccurate
2020-08-28 01:30:17.796 T:140177746745088   DEBUG: Open - av_find_stream_info finished
2020-08-28 01:30:17.796 T:140177746745088   DEBUG: CDVDDemuxFFmpeg::AddStream ID: 0
2020-08-28 01:30:17.796 T:140177746745088  NOTICE: CDVDAudioCodecFFmpeg::Open() Successful opened audio decoder mp3float
2020-08-28 01:30:17.817 T:140177746745088   DEBUG: CSMBFile::Open - opened smb://USERNAME:PASSWORD@192.168.0.5/Share/Music/Sepultura/Chaos A.D/08 Nomad.mp3, fd=10001
2020-08-28 01:30:17.869 T:140179020122240   DEBUG: unrecognized ID3 frame detected: MCDI
2020-08-28 01:30:17.869 T:140179020122240   DEBUG: unrecognized ID3 frame detected: PRIV
2020-08-28 01:30:17.869 T:140179020122240   DEBUG: unrecognized ID3 frame detected: TLEN
2020-08-28 01:30:17.869 T:140179020122240   DEBUG: CSMBFile::Close closing fd 10002
2020-08-28 01:30:17.872 T:140179020122240   DEBUG: CPlayerGUIInfo::InitCurrentItem(musicdb://recentlyaddedalbums/1/8.mp3?albumid=1)
2020-08-28 01:30:17.873 T:140178515441408   DEBUG: UPnP: Building didl for object 'musicdb://recentlyaddedalbums/1/8.mp3?albumid=1'
2020-08-28 01:30:17.903 T:140177746745088   DEBUG: unrecognized ID3 frame detected: MCDI
2020-08-28 01:30:17.903 T:140177746745088   DEBUG: unrecognized ID3 frame detected: PRIV
2020-08-28 01:30:17.903 T:140177746745088   DEBUG: unrecognized ID3 frame detected: TLEN
2020-08-28 01:30:17.903 T:140177746745088   DEBUG: CSMBFile::Close closing fd 10001
2020-08-28 01:30:17.905 T:140177746745088   DEBUG: SeekTime - seek ended up on time 0
2020-08-28 01:30:17.944 T:140178498656000   DEBUG: Previous line repeats 1 times.
2020-08-28 01:30:17.944 T:140178498656000   DEBUG: CActiveAE::ClearDiscardedBuffers - buffer pool deleted
2020-08-28 01:30:17.973 T:140179020122240   DEBUG: ------ Window Init (DialogBusy.xml) ------
2020-08-28 01:30:17.974 T:140179020122240   ERROR: CBinaryAddonManager::GetInstalledAddonInfo: Requested addon '' unknown as binary
2020-08-28 01:30:17.997 T:140177746745088    INFO: AudioDecoder: File is queued
2020-08-28 01:30:17.999 T:140177746745088   DEBUG: AudioDecoder::GetReplayGain - Final Replaygain applied: 1.000000, Track/Album Gain 89.000000, Peak 1.000000
2020-08-28 01:30:17.999 T:140178498656000   DEBUG: CActiveAE::ClearDiscardedBuffers - buffer pool deleted
2020-08-28 01:30:18.025 T:140177746745088    INFO: PAPlayer::PrepareStream - Ready
2020-08-28 01:30:18.033 T:140175885731584   DEBUG: OnAVStarted: CApplication::OnAVStarted
2020-08-28 01:30:18.060 T:140179020122240   DEBUG: ------ Window Deinit (DialogBusy.xml) ------
2020-08-28 01:30:19.718 T:140175904593664   DEBUG: JSONRPC Server: New connection detected
2020-08-28 01:30:19.718 T:140175904593664    INFO: JSONRPC Server: New connection added
2020-08-28 01:30:25.292 T:140179020122240   DEBUG: ProcessMouse: trying mouse action leftclick
2020-08-28 01:30:25.298 T:140175885731584   DEBUG: SeekTime - seek ended up on time 0
2020-08-28 01:30:26.493 T:140179020122240   DEBUG: ProcessMouse: trying mouse action leftclick
2020-08-28 01:30:26.494 T:140179020122240   DEBUG: CPlayerCoreFactory::GetPlayers(smb://192.168.0.5/Share/Music/Sepultura/Chaos A.D/07 Biotech Is Godzilla.mp3)
2020-08-28 01:30:26.494 T:140179020122240   DEBUG: CPlayerSelectionRule::GetPlayers: considering rule: system rules
2020-08-28 01:30:26.494 T:140179020122240   DEBUG: CPlayerSelectionRule::GetPlayers: matches rule: system rules
2020-08-28 01:30:26.494 T:140179020122240   DEBUG: CPlayerSelectionRule::GetPlayers: considering rule: mms/udp
2020-08-28 01:30:26.494 T:140179020122240   DEBUG: CPlayerSelectionRule::GetPlayers: considering rule: lastfm/shout
2020-08-28 01:30:26.494 T:140179020122240   DEBUG: CPlayerSelectionRule::GetPlayers: considering rule: rtmp
2020-08-28 01:30:26.494 T:140179020122240   DEBUG: CPlayerSelectionRule::GetPlayers: considering rule: rtsp
2020-08-28 01:30:26.494 T:140179020122240   DEBUG: CPlayerSelectionRule::GetPlayers: considering rule: streams
2020-08-28 01:30:26.494 T:140179020122240   DEBUG: CPlayerSelectionRule::GetPlayers: considering rule: dvd
2020-08-28 01:30:26.494 T:140179020122240   DEBUG: CPlayerSelectionRule::GetPlayers: considering rule: dvdimage
2020-08-28 01:30:26.494 T:140179020122240   DEBUG: CPlayerSelectionRule::GetPlayers: considering rule: sdp/asf
2020-08-28 01:30:26.494 T:140179020122240   DEBUG: CPlayerSelectionRule::GetPlayers: considering rule: nsv
2020-08-28 01:30:26.494 T:140179020122240   DEBUG: CPlayerSelectionRule::GetPlayers: considering rule: radio
2020-08-28 01:30:26.494 T:140179020122240   DEBUG: CPlayerCoreFactory::GetPlayers: matched 0 rules with players
2020-08-28 01:30:26.494 T:140179020122240   DEBUG: CPlayerCoreFactory::GetPlayers: adding audiodefaultplayer (PAPlayer)
2020-08-28 01:30:26.494 T:140179020122240   DEBUG: CPlayerCoreFactory::GetPlayers: for video=0, audio=1
2020-08-28 01:30:26.494 T:140179020122240   DEBUG: CPlayerCoreFactory::GetPlayers: for video=1, audio=1
2020-08-28 01:30:26.494 T:140179020122240   DEBUG: CPlayerCoreFactory::GetPlayers: adding player: VideoPlayer
2020-08-28 01:30:26.494 T:140179020122240   DEBUG: CPlayerCoreFactory::GetPlayers: added 2 players
2020-08-28 01:30:26.597 T:140178498656000   DEBUG: CActiveAE::DiscardStream - audio stream deleted
2020-08-28 01:30:26.597 T:140177746745088   DEBUG: DoWork - Saving file state for audio item musicdb://recentlyaddedalbums/1/8.mp3?albumid=1
2020-08-28 01:30:26.597 T:140178498656000   DEBUG: CActiveAE::ClearDiscardedBuffers - buffer pool deleted
2020-08-28 01:30:26.597 T:140179020122240   DEBUG: Previous line repeats 1 times.
2020-08-28 01:30:26.597 T:140179020122240   DEBUG: CSMBFile::Close closing fd 10000
2020-08-28 01:30:26.601 T:140175885731584   DEBUG: OnPlayBackStopped: CApplication::OnPlayBackStopped
2020-08-28 01:30:26.601 T:140175885731584   DEBUG: Thread PAPlayer 140175885731584 terminating
2020-08-28 01:30:26.606 T:140179020122240   DEBUG: FreeVisualisation() started
2020-08-28 01:30:26.606 T:140179020122240   DEBUG: FreeVisualisation() done
2020-08-28 01:30:26.613 T:140179020122240   DEBUG: OnPlayBackStarted: CApplication::OnPlayBackStarted
2020-08-28 01:30:26.613 T:140175885731584   DEBUG: Thread PAPlayer start, auto delete: false
2020-08-28 01:30:26.613 T:140175885731584   DEBUG: PAPlayer::Process - Playback started
2020-08-28 01:30:26.613 T:140179020122240   DEBUG: CMusicGUIInfo::InitCurrentItem(musicdb://recentlyaddedalbums/1/7.mp3?albumid=1)
2020-08-28 01:30:26.617 T:140177395910400   DEBUG: CSMBFile::Open - opened smb://USERNAME:PASSWORD@192.168.0.5/Share/Music/Sepultura/Chaos A.D/07 Biotech Is Godzilla.mp3, fd=10000
2020-08-28 01:30:26.620 T:140179020122240   DEBUG: GetArtist(SELECT idArtist, strArtist, strSortName, strMusicBrainzArtistID, strType, strGender, strDisambiguation, strBorn, strFormed, strGenres,strMoods, strStyles, strInstruments, strBiography, strDied, strDisbanded, strYearsActive, strImage, strFanart, bScrapedMBID, lastScraped, '' AS dateAdded FROM artist WHERE idArtist = 2) - took 0 ms
2020-08-28 01:30:26.620 T:140179020122240   DEBUG: SELECT albumview.*,albumartistview.*  FROM albumview  JOIN albumartistview ON albumview.idAlbum = albumartistview.idAlbum  WHERE albumview.idAlbum = 1  ORDER BY albumartistview.iOrder
2020-08-28 01:30:26.621 T:140179020122240   DEBUG: Loading additional tag info for file smb://192.168.0.5/Share/Music/Sepultura/Chaos A.D/07 Biotech Is Godzilla.mp3
2020-08-28 01:30:26.680 T:140177395910400   DEBUG: Open - probing detected format [mp3]
2020-08-28 01:30:26.680 T:140177395910400   DEBUG: Open - setting usetoc to 0 for accurate VBR MP3 seek
2020-08-28 01:30:26.680 T:140177395910400   DEBUG: Open - avformat_find_stream_info starting
2020-08-28 01:30:26.681 T:140177395910400   DEBUG: ffmpeg[7F7D97E38700]: [mp3] Estimating duration from bitrate, this may be inaccurate
2020-08-28 01:30:26.681 T:140177395910400   DEBUG: Open - av_find_stream_info finished
2020-08-28 01:30:26.681 T:140179020122240   DEBUG: CSMBFile::Open - opened smb://USERNAME:PASSWORD@192.168.0.5/Share/Music/Sepultura/Chaos A.D/07 Biotech Is Godzilla.mp3, fd=10001
2020-08-28 01:30:26.681 T:140177395910400   DEBUG: CDVDDemuxFFmpeg::AddStream ID: 0
2020-08-28 01:30:26.681 T:140177395910400  NOTICE: CDVDAudioCodecFFmpeg::Open() Successful opened audio decoder mp3float
2020-08-28 01:30:26.708 T:140177395910400   DEBUG: CSMBFile::Open - opened smb://USERNAME:PASSWORD@192.168.0.5/Share/Music/Sepultura/Chaos A.D/07 Biotech Is Godzilla.mp3, fd=10002
