2020-08-28 01:30:26.756 T:140179020122240   DEBUG: unrecognized ID3 frame detected: MCDI
2020-08-28 01:30:26.756 T:140179020122240   DEBUG: unrecognized ID3 frame detected: PRIV
2020-08-28 01:30:26.756 T:140179020122240   DEBUG: unrecognized ID3 frame detected: TLEN
2020-08-28 01:30:26.756 T:140179020122240   DEBUG: CSMBFile::Close closing fd 10001
2020-08-28 01:30:26.759 T:140179020122240   DEBUG: CPlayerGUIInfo::InitCurrentItem(musicdb://recentlyaddedalbums/1/7.mp3?albumid=1)
2020-08-28 01:30:26.760 T:140178515441408   DEBUG: UPnP: Building didl for object 'musicdb://recentlyaddedalbums/1/7.mp3?albumid=1'
2020-08-28 01:30:26.768 T:140178498656000   DEBUG: CActiveAE::ClearDiscardedBuffers - buffer pool deleted
2020-08-28 01:30:26.782 T:140177395910400   DEBUG: unrecognized ID3 frame detected: MCDI
2020-08-28 01:30:26.782 T:140177395910400   DEBUG: unrecognized ID3 frame detected: PRIV
2020-08-28 01:30:26.782 T:140177395910400   DEBUG: unrecognized ID3 frame detected: TLEN
2020-08-28 01:30:26.782 T:140177395910400   DEBUG: CSMBFile::Close closing fd 10002
2020-08-28 01:30:26.787 T:140177395910400   DEBUG: SeekTime - seek ended up on time 0
2020-08-28 01:30:26.860 T:140179020122240   DEBUG: Previous line repeats 1 times.
2020-08-28 01:30:26.860 T:140179020122240   DEBUG: ------ Window Init (DialogBusy.xml) ------
2020-08-28 01:30:26.861 T:140179020122240   ERROR: CBinaryAddonManager::GetInstalledAddonInfo: Requested addon '' unknown as binary
2020-08-28 01:30:26.872 T:140179020122240   DEBUG: ProcessMouse: trying mouse action doubleclick
2020-08-28 01:30:26.879 T:140177395910400    INFO: AudioDecoder: File is queued
2020-08-28 01:30:26.880 T:140177395910400   DEBUG: AudioDecoder::GetReplayGain - Final Replaygain applied: 1.000000, Track/Album Gain 89.000000, Peak 1.000000
2020-08-28 01:30:26.881 T:140178498656000   DEBUG: CActiveAE::ClearDiscardedBuffers - buffer pool deleted
2020-08-28 01:30:26.907 T:140177395910400    INFO: PAPlayer::PrepareStream - Ready
2020-08-28 01:30:26.917 T:140175885731584   DEBUG: OnAVStarted: CApplication::OnAVStarted
2020-08-28 01:30:26.930 T:140179020122240   DEBUG: ------ Window Deinit (Pointer.xml) ------
2020-08-28 01:30:26.945 T:140179020122240   DEBUG: ------ Window Deinit (DialogBusy.xml) ------
2020-08-28 01:30:27.299 T:140175652943616   DEBUG: CWebServer[8080]: request received for /jsonrpc?Application.GetProperties
2020-08-28 01:30:27.305 T:140175652943616   DEBUG: CWebServer[8080]: request received for /jsonrpc?Player.GetActivePlayers
2020-08-28 01:30:27.314 T:140175652943616   DEBUG: CWebServer[8080]: request received for /jsonrpc?Base
2020-08-28 01:30:27.393 T:140179020122240   DEBUG: [Warning] CGUITextureManager::GetTexturePath: could not find texture '-'
2020-08-28 01:30:28.076 T:140179020122240   DEBUG: ------ Window Init (Pointer.xml) ------
2020-08-28 01:30:28.301 T:140175652943616   DEBUG: CWebServer[8080]: request received for /jsonrpc?Application.GetProperties
2020-08-28 01:30:28.315 T:140175652943616   DEBUG: Previous line repeats 1 times.
2020-08-28 01:30:28.315 T:140175652943616   DEBUG: CWebServer[8080]: request received for /jsonrpc?Player.GetActivePlayers
2020-08-28 01:30:28.325 T:140175652943616   DEBUG: Previous line repeats 1 times.
2020-08-28 01:30:28.325 T:140175652943616   DEBUG: CWebServer[8080]: request received for /jsonrpc?Base
2020-08-28 01:30:36.210 T:140179020122240   DEBUG: Previous line repeats 1 times.
2020-08-28 01:30:36.210 T:140179020122240   DEBUG: ProcessMouse: trying mouse action leftclick
2020-08-28 01:30:36.210 T:140179020122240   DEBUG: CPlayerCoreFactory::GetPlayers(smb://192.168.0.5/Share/Music/Sepultura/Chaos A.D/08 Nomad.mp3)
2020-08-28 01:30:36.210 T:140179020122240   DEBUG: CPlayerSelectionRule::GetPlayers: considering rule: system rules
2020-08-28 01:30:36.210 T:140179020122240   DEBUG: CPlayerSelectionRule::GetPlayers: matches rule: system rules
2020-08-28 01:30:36.210 T:140179020122240   DEBUG: CPlayerSelectionRule::GetPlayers: considering rule: mms/udp
2020-08-28 01:30:36.211 T:140179020122240   DEBUG: CPlayerSelectionRule::GetPlayers: considering rule: lastfm/shout
2020-08-28 01:30:36.211 T:140179020122240   DEBUG: CPlayerSelectionRule::GetPlayers: considering rule: rtmp
2020-08-28 01:30:36.211 T:140179020122240   DEBUG: CPlayerSelectionRule::GetPlayers: considering rule: rtsp
2020-08-28 01:30:36.211 T:140179020122240   DEBUG: CPlayerSelectionRule::GetPlayers: considering rule: streams
2020-08-28 01:30:36.211 T:140179020122240   DEBUG: CPlayerSelectionRule::GetPlayers: considering rule: dvd
2020-08-28 01:30:36.211 T:140179020122240   DEBUG: CPlayerSelectionRule::GetPlayers: considering rule: dvdimage
2020-08-28 01:30:36.211 T:140179020122240   DEBUG: CPlayerSelectionRule::GetPlayers: considering rule: sdp/asf
2020-08-28 01:30:36.211 T:140179020122240   DEBUG: CPlayerSelectionRule::GetPlayers: considering rule: nsv
2020-08-28 01:30:36.211 T:140179020122240   DEBUG: CPlayerSelectionRule::GetPlayers: considering rule: radio
2020-08-28 01:30:36.211 T:140179020122240   DEBUG: CPlayerCoreFactory::GetPlayers: matched 0 rules with players
2020-08-28 01:30:36.211 T:140179020122240   DEBUG: CPlayerCoreFactory::GetPlayers: adding audiodefaultplayer (PAPlayer)
2020-08-28 01:30:36.211 T:140179020122240   DEBUG: CPlayerCoreFactory::GetPlayers: for video=0, audio=1
2020-08-28 01:30:36.211 T:140179020122240   DEBUG: CPlayerCoreFactory::GetPlayers: for video=1, audio=1
2020-08-28 01:30:36.211 T:140179020122240   DEBUG: CPlayerCoreFactory::GetPlayers: adding player: VideoPlayer
2020-08-28 01:30:36.211 T:140179020122240   DEBUG: CPlayerCoreFactory::GetPlayers: added 2 players
2020-08-28 01:30:36.280 T:140175885731584   DEBUG: CSMBFile::Close closing fd 10000
2020-08-28 01:30:36.291 T:140178498656000   DEBUG: CActiveAE::DiscardStream - audio stream deleted
2020-08-28 01:30:36.291 T:140177395910400   DEBUG: DoWork - Saving file state for audio item musicdb://recentlyaddedalbums/1/7.mp3?albumid=1
2020-08-28 01:30:36.291 T:140178498656000   DEBUG: CActiveAE::ClearDiscardedBuffers - buffer pool deleted
2020-08-28 01:30:36.293 T:140175885731584   DEBUG: Previous line repeats 1 times.
2020-08-28 01:30:36.293 T:140175885731584   DEBUG: OnPlayBackStopped: CApplication::OnPlayBackStopped
2020-08-28 01:30:36.293 T:140175885731584   DEBUG: Thread PAPlayer 140175885731584 terminating
2020-08-28 01:30:36.293 T:140179020122240   DEBUG: FreeVisualisation() started
2020-08-28 01:30:36.293 T:140179020122240   DEBUG: FreeVisualisation() done
2020-08-28 01:30:36.301 T:140179020122240   DEBUG: OnPlayBackStarted: CApplication::OnPlayBackStarted
2020-08-28 01:30:36.301 T:140175885731584   DEBUG: Thread PAPlayer start, auto delete: false
2020-08-28 01:30:36.301 T:140175885731584   DEBUG: PAPlayer::Process - Playback started
2020-08-28 01:30:36.301 T:140179020122240   DEBUG: CMusicGUIInfo::InitCurrentItem(musicdb://recentlyaddedalbums/1/8.mp3?albumid=1)
2020-08-28 01:30:36.306 T:140179020122240   DEBUG: GetArtist(SELECT idArtist, strArtist, strSortName, strMusicBrainzArtistID, strType, strGender, strDisambiguation, strBorn, strFormed, strGenres,strMoods, strStyles, strInstruments, strBiography, strDied, strDisbanded, strYearsActive, strImage, strFanart, bScrapedMBID, lastScraped, '' AS dateAdded FROM artist WHERE idArtist = 2) - took 0 ms
2020-08-28 01:30:36.306 T:140179020122240   DEBUG: SELECT albumview.*,albumartistview.*  FROM albumview  JOIN albumartistview ON albumview.idAlbum = albumartistview.idAlbum  WHERE albumview.idAlbum = 1  ORDER BY albumartistview.iOrder
2020-08-28 01:30:36.306 T:140177746745088   DEBUG: CSMBFile::Open - opened smb://USERNAME:PASSWORD@192.168.0.5/Share/Music/Sepultura/Chaos A.D/08 Nomad.mp3, fd=10000
2020-08-28 01:30:36.307 T:140179020122240   DEBUG: Loading additional tag info for file smb://192.168.0.5/Share/Music/Sepultura/Chaos A.D/08 Nomad.mp3
2020-08-28 01:30:36.333 T:140177746745088   DEBUG: Open - probing detected format [mp3]
2020-08-28 01:30:36.333 T:140177746745088   DEBUG: Open - setting usetoc to 0 for accurate VBR MP3 seek
2020-08-28 01:30:36.333 T:140177746745088   DEBUG: Open - avformat_find_stream_info starting
2020-08-28 01:30:36.334 T:140177746745088   DEBUG: ffmpeg[7F7DACCCD700]: [mp3] Estimating duration from bitrate, this may be inaccurate
2020-08-28 01:30:36.334 T:140177746745088   DEBUG: Open - av_find_stream_info finished
2020-08-28 01:30:36.334 T:140177746745088   DEBUG: CDVDDemuxFFmpeg::AddStream ID: 0
2020-08-28 01:30:36.334 T:140177746745088  NOTICE: CDVDAudioCodecFFmpeg::Open() Successful opened audio decoder mp3float
2020-08-28 01:30:36.335 T:140179020122240   DEBUG: CSMBFile::Open - opened smb://USERNAME:PASSWORD@192.168.0.5/Share/Music/Sepultura/Chaos A.D/08 Nomad.mp3, fd=10002
2020-08-28 01:30:36.359 T:140177746745088   DEBUG: CSMBFile::Open - opened smb://USERNAME:PASSWORD@192.168.0.5/Share/Music/Sepultura/Chaos A.D/08 Nomad.mp3, fd=10001
2020-08-28 01:30:36.408 T:140179020122240   DEBUG: unrecognized ID3 frame detected: MCDI
2020-08-28 01:30:36.408 T:140179020122240   DEBUG: unrecognized ID3 frame detected: PRIV
2020-08-28 01:30:36.408 T:140179020122240   DEBUG: unrecognized ID3 frame detected: TLEN
2020-08-28 01:30:36.408 T:140179020122240   DEBUG: CSMBFile::Close closing fd 10002
2020-08-28 01:30:36.416 T:140179020122240   DEBUG: CPlayerGUIInfo::InitCurrentItem(musicdb://recentlyaddedalbums/1/8.mp3?albumid=1)
2020-08-28 01:30:36.416 T:140178515441408   DEBUG: UPnP: Building didl for object 'musicdb://recentlyaddedalbums/1/8.mp3?albumid=1'
2020-08-28 01:30:36.433 T:140177746745088   DEBUG: unrecognized ID3 frame detected: MCDI
2020-08-28 01:30:36.433 T:140177746745088   DEBUG: unrecognized ID3 frame detected: PRIV
2020-08-28 01:30:36.433 T:140177746745088   DEBUG: unrecognized ID3 frame detected: TLEN
2020-08-28 01:30:36.433 T:140177746745088   DEBUG: CSMBFile::Close closing fd 10001
2020-08-28 01:30:36.435 T:140177746745088   DEBUG: SeekTime - seek ended up on time 0
2020-08-28 01:30:36.488 T:140178498656000   DEBUG: Previous line repeats 1 times.
2020-08-28 01:30:36.488 T:140178498656000   DEBUG: CActiveAE::ClearDiscardedBuffers - buffer pool deleted
2020-08-28 01:30:36.516 T:140179020122240   DEBUG: ------ Window Init (DialogBusy.xml) ------
2020-08-28 01:30:36.518 T:140179020122240   ERROR: CBinaryAddonManager::GetInstalledAddonInfo: Requested addon '' unknown as binary
2020-08-28 01:30:36.530 T:140177746745088    INFO: AudioDecoder: File is queued
2020-08-28 01:30:36.531 T:140177746745088   DEBUG: AudioDecoder::GetReplayGain - Final Replaygain applied: 1.000000, Track/Album Gain 89.000000, Peak 1.000000
2020-08-28 01:30:36.531 T:140178498656000   DEBUG: CActiveAE::ClearDiscardedBuffers - buffer pool deleted
2020-08-28 01:30:36.541 T:140179020122240   DEBUG: ------ Window Deinit (/home/jakermx/.kodi/addons/script.cu.lrclyrics/resources/skins/Default/1080i/script-cu-lrclyrics-main.xml) ------
2020-08-28 01:30:36.551 T:140179020122240   DEBUG: [Warning] CGUITextureManager::GetTexturePath: could not find texture '-'
2020-08-28 01:30:36.554 T:140177746745088   DEBUG: Previous line repeats 2 times.
2020-08-28 01:30:36.554 T:140177746745088    INFO: PAPlayer::PrepareStream - Ready
2020-08-28 01:30:36.564 T:140175885731584   DEBUG: OnAVStarted: CApplication::OnAVStarted
2020-08-28 01:30:36.578 T:140179020122240   DEBUG: ------ Window Deinit (DialogBusy.xml) ------
2020-08-28 01:30:38.301 T:140175652943616   DEBUG: CWebServer[8080]: request received for /jsonrpc?Application.GetProperties
2020-08-28 01:30:38.312 T:140175652943616   DEBUG: Previous line repeats 1 times.
2020-08-28 01:30:38.312 T:140175652943616   DEBUG: CWebServer[8080]: request received for /jsonrpc?Player.GetActivePlayers
2020-08-28 01:30:38.319 T:140175652943616   DEBUG: Previous line repeats 1 times.
2020-08-28 01:30:38.319 T:140175652943616   DEBUG: CWebServer[8080]: request received for /jsonrpc?Base
2020-08-28 01:30:39.563 T:140176911226624   DEBUG: Previous line repeats 1 times.
2020-08-28 01:30:39.563 T:140176911226624   DEBUG: CSMBFile::Open - opened smb://USERNAME:PASSWORD@192.168.0.5/Share/Music/Sepultura/Chaos A.D/12 Clenched Fist.mp3, fd=10001
2020-08-28 01:30:39.603 T:140176911226624   DEBUG: CSMBFile::Close closing fd 10001
2020-08-28 01:30:42.013 T:140176911226624   DEBUG: CSMBFile::Open - opened smb://USERNAME:PASSWORD@192.168.0.5/Share/Music/Sepultura/Chaos A.D/12 Clenched Fist.mp3, fd=10001
2020-08-28 01:30:42.038 T:140176911226624   DEBUG: CSMBFile::Close closing fd 10001
2020-08-28 01:30:42.046 T:140176911226624   DEBUG: CSMBFile::Open - opened smb://USERNAME:PASSWORD@192.168.0.5/Share/Music/Sepultura/Chaos A.D/12 Clenched Fist.mp3, fd=10001
2020-08-28 01:30:42.065 T:140176911226624   DEBUG: CSMBFile::Close closing fd 10001
2020-08-28 01:30:42.071 T:140176911226624   DEBUG: CSMBFile::Open - opened smb://USERNAME:PASSWORD@192.168.0.5/Share/Music/Sepultura/Chaos A.D/12 Clenched Fist.mp3, fd=10001
2020-08-28 01:30:42.078 T:140176911226624   DEBUG: CSMBFile::Close closing fd 10001
2020-08-28 01:30:42.280 T:140176911226624   DEBUG: CSMBFile::Open - opened smb://USERNAME:PASSWORD@192.168.0.5/Share/Music/Sepultura/Chaos A.D/08 Nomad.mp3, fd=10001
2020-08-28 01:30:42.301 T:140176911226624   DEBUG: CSMBFile::Close closing fd 10001
2020-08-28 01:30:42.322 T:140176911226624   DEBUG: CSMBFile::Open - opened smb://USERNAME:PASSWORD@192.168.0.5/Share/Music/Sepultura/Chaos A.D/08 Nomad.mp3, fd=10001
2020-08-28 01:30:42.339 T:140176911226624   DEBUG: CSMBFile::Close closing fd 10001
2020-08-28 01:30:42.345 T:140176911226624   DEBUG: CSMBFile::Open - opened smb://USERNAME:PASSWORD@192.168.0.5/Share/Music/Sepultura/Chaos A.D/08 Nomad.mp3, fd=10001
2020-08-28 01:30:42.355 T:140176911226624   DEBUG: CSMBFile::Close closing fd 10001
2020-08-28 01:30:42.409 T:140179020122240   DEBUG: ------ Window Init (/home/jakermx/.kodi/addons/script.cu.lrclyrics/resources/skins/Default/1080i/script-cu-lrclyrics-main.xml) ------
2020-08-28 01:30:42.409 T:140179020122240    INFO: Loading skin file: /home/jakermx/.kodi/addons/script.cu.lrclyrics/resources/skins/Default/1080i/script-cu-lrclyrics-main.xml, load type: LOAD_ON_GUI_INIT
2020-08-28 01:30:42.415 T:140179020122240   DEBUG: [Warning] CGUITextureManager::GetTexturePath: could not find texture '-'
2020-08-28 01:30:42.442 T:140179020122240   DEBUG: Previous line repeats 5 times.
2020-08-28 01:30:42.442 T:140179020122240   DEBUG: ------ Window Deinit (MusicOSD.xml) ------
2020-08-28 01:30:42.449 T:140176911226624   DEBUG: CSMBFile::Open - opened smb://USERNAME:PASSWORD@192.168.0.5/Share/Music/Sepultura/Chaos A.D/09 We Who Are Not as Others.mp3, fd=10001
2020-08-28 01:30:42.474 T:140176911226624   DEBUG: CSMBFile::Close closing fd 10001
2020-08-28 01:30:42.479 T:140176911226624   DEBUG: CSMBFile::Open - opened smb://USERNAME:PASSWORD@192.168.0.5/Share/Music/Sepultura/Chaos A.D/09 We Who Are Not as Others.mp3, fd=10001
2020-08-28 01:30:42.495 T:140176911226624   DEBUG: CSMBFile::Close closing fd 10001
2020-08-28 01:30:42.500 T:140176911226624   DEBUG: CSMBFile::Open - opened smb://USERNAME:PASSWORD@192.168.0.5/Share/Music/Sepultura/Chaos A.D/09 We Who Are Not as Others.mp3, fd=10001
2020-08-28 01:30:42.510 T:140176911226624   DEBUG: CSMBFile::Close closing fd 10001
2020-08-28 01:30:44.359 T:140179020122240   DEBUG: [Warning] CGUITextureManager::GetTexturePath: could not find texture '-'
2020-08-28 01:30:44.376 T:140179020122240   DEBUG: Activating window ID: 10120
2020-08-28 01:30:44.376 T:140179020122240   DEBUG: ------ Window Init (MusicOSD.xml) ------
2020-08-28 01:30:44.377 T:140179020122240   DEBUG: Activating window ID: 10120
2020-08-28 01:30:45.626 T:140179020122240   DEBUG: ProcessMouse: trying mouse action leftclick
2020-08-28 01:30:45.627 T:140179020122240   DEBUG: CPlayerCoreFactory::GetPlayers(smb://192.168.0.5/Share/Music/Sepultura/Chaos A.D/09 We Who Are Not as Others.mp3)
2020-08-28 01:30:45.627 T:140179020122240   DEBUG: CPlayerSelectionRule::GetPlayers: considering rule: system rules
2020-08-28 01:30:45.627 T:140179020122240   DEBUG: CPlayerSelectionRule::GetPlayers: matches rule: system rules
2020-08-28 01:30:45.627 T:140179020122240   DEBUG: CPlayerSelectionRule::GetPlayers: considering rule: mms/udp
2020-08-28 01:30:45.627 T:140179020122240   DEBUG: CPlayerSelectionRule::GetPlayers: considering rule: lastfm/shout
2020-08-28 01:30:45.627 T:140179020122240   DEBUG: CPlayerSelectionRule::GetPlayers: considering rule: rtmp
2020-08-28 01:30:45.627 T:140179020122240   DEBUG: CPlayerSelectionRule::GetPlayers: considering rule: rtsp
2020-08-28 01:30:45.627 T:140179020122240   DEBUG: CPlayerSelectionRule::GetPlayers: considering rule: streams
2020-08-28 01:30:45.627 T:140179020122240   DEBUG: CPlayerSelectionRule::GetPlayers: considering rule: dvd
2020-08-28 01:30:45.627 T:140179020122240   DEBUG: CPlayerSelectionRule::GetPlayers: considering rule: dvdimage
2020-08-28 01:30:45.627 T:140179020122240   DEBUG: CPlayerSelectionRule::GetPlayers: considering rule: sdp/asf
2020-08-28 01:30:45.627 T:140179020122240   DEBUG: CPlayerSelectionRule::GetPlayers: considering rule: nsv
2020-08-28 01:30:45.627 T:140179020122240   DEBUG: CPlayerSelectionRule::GetPlayers: considering rule: radio
2020-08-28 01:30:45.627 T:140179020122240   DEBUG: CPlayerCoreFactory::GetPlayers: matched 0 rules with players
2020-08-28 01:30:45.627 T:140179020122240   DEBUG: CPlayerCoreFactory::GetPlayers: adding audiodefaultplayer (PAPlayer)
2020-08-28 01:30:45.627 T:140179020122240   DEBUG: CPlayerCoreFactory::GetPlayers: for video=0, audio=1
2020-08-28 01:30:45.627 T:140179020122240   DEBUG: CPlayerCoreFactory::GetPlayers: for video=1, audio=1
2020-08-28 01:30:45.627 T:140179020122240   DEBUG: CPlayerCoreFactory::GetPlayers: adding player: VideoPlayer
2020-08-28 01:30:45.627 T:140179020122240   DEBUG: CPlayerCoreFactory::GetPlayers: added 2 players
2020-08-28 01:30:45.683 T:140175885731584   DEBUG: CSMBFile::Close closing fd 10000
2020-08-28 01:30:45.707 T:140178498656000   DEBUG: CActiveAE::DiscardStream - audio stream deleted
2020-08-28 01:30:45.707 T:140177746745088   DEBUG: DoWork - Saving file state for audio item musicdb://recentlyaddedalbums/1/8.mp3?albumid=1
2020-08-28 01:30:45.708 T:140178498656000   DEBUG: CActiveAE::ClearDiscardedBuffers - buffer pool deleted
2020-08-28 01:30:45.715 T:140175885731584   DEBUG: Previous line repeats 1 times.
2020-08-28 01:30:45.715 T:140175885731584   DEBUG: OnPlayBackStopped: CApplication::OnPlayBackStopped
2020-08-28 01:30:45.715 T:140175885731584   DEBUG: Thread PAPlayer 140175885731584 terminating
2020-08-28 01:30:45.718 T:140179020122240   DEBUG: FreeVisualisation() started
2020-08-28 01:30:45.718 T:140179020122240   DEBUG: FreeVisualisation() done
2020-08-28 01:30:45.726 T:140179020122240   DEBUG: OnPlayBackStarted: CApplication::OnPlayBackStarted
2020-08-28 01:30:45.726 T:140175885731584   DEBUG: Thread PAPlayer start, auto delete: false
2020-08-28 01:30:45.726 T:140175885731584   DEBUG: PAPlayer::Process - Playback started
2020-08-28 01:30:45.726 T:140179020122240   DEBUG: CMusicGUIInfo::InitCurrentItem(musicdb://recentlyaddedalbums/1/9.mp3?albumid=1)
2020-08-28 01:30:45.729 T:140179020122240   DEBUG: GetArtist(SELECT idArtist, strArtist, strSortName, strMusicBrainzArtistID, strType, strGender, strDisambiguation, strBorn, strFormed, strGenres,strMoods, strStyles, strInstruments, strBiography, strDied, strDisbanded, strYearsActive, strImage, strFanart, bScrapedMBID, lastScraped, '' AS dateAdded FROM artist WHERE idArtist = 2) - took 0 ms
2020-08-28 01:30:45.729 T:140179020122240   DEBUG: SELECT albumview.*,albumartistview.*  FROM albumview  JOIN albumartistview ON albumview.idAlbum = albumartistview.idAlbum  WHERE albumview.idAlbum = 1  ORDER BY albumartistview.iOrder
2020-08-28 01:30:45.730 T:140179020122240   DEBUG: Loading additional tag info for file smb://192.168.0.5/Share/Music/Sepultura/Chaos A.D/09 We Who Are Not as Others.mp3
2020-08-28 01:30:45.733 T:140177746745088   DEBUG: CSMBFile::Open - opened smb://USERNAME:PASSWORD@192.168.0.5/Share/Music/Sepultura/Chaos A.D/09 We Who Are Not as Others.mp3, fd=10000
2020-08-28 01:30:45.756 T:140177746745088   DEBUG: Open - probing detected format [mp3]
2020-08-28 01:30:45.756 T:140177746745088   DEBUG: Open - setting usetoc to 0 for accurate VBR MP3 seek
2020-08-28 01:30:45.757 T:140177746745088   DEBUG: Open - avformat_find_stream_info starting
2020-08-28 01:30:45.757 T:140177746745088   DEBUG: ffmpeg[7F7DACCCD700]: [mp3] Estimating duration from bitrate, this may be inaccurate
2020-08-28 01:30:45.757 T:140177746745088   DEBUG: Open - av_find_stream_info finished
2020-08-28 01:30:45.757 T:140177746745088   DEBUG: CDVDDemuxFFmpeg::AddStream ID: 0
2020-08-28 01:30:45.757 T:140177746745088  NOTICE: CDVDAudioCodecFFmpeg::Open() Successful opened audio decoder mp3float
2020-08-28 01:30:45.758 T:140179020122240   DEBUG: CSMBFile::Open - opened smb://USERNAME:PASSWORD@192.168.0.5/Share/Music/Sepultura/Chaos A.D/09 We Who Are Not as Others.mp3, fd=10001
2020-08-28 01:30:45.785 T:140177746745088   DEBUG: CSMBFile::Open - opened smb://USERNAME:PASSWORD@192.168.0.5/Share/Music/Sepultura/Chaos A.D/09 We Who Are Not as Others.mp3, fd=10002
2020-08-28 01:30:45.864 T:140179020122240   DEBUG: unrecognized ID3 frame detected: MCDI
2020-08-28 01:30:45.864 T:140179020122240   DEBUG: unrecognized ID3 frame detected: PRIV
2020-08-28 01:30:45.864 T:140179020122240   DEBUG: unrecognized ID3 frame detected: TLEN
2020-08-28 01:30:45.864 T:140179020122240   DEBUG: CSMBFile::Close closing fd 10001
2020-08-28 01:30:45.869 T:140179020122240   DEBUG: CPlayerGUIInfo::InitCurrentItem(musicdb://recentlyaddedalbums/1/9.mp3?albumid=1)
2020-08-28 01:30:45.870 T:140178515441408   DEBUG: UPnP: Building didl for object 'musicdb://recentlyaddedalbums/1/9.mp3?albumid=1'
2020-08-28 01:30:45.882 T:140178498656000   DEBUG: CActiveAE::ClearDiscardedBuffers - buffer pool deleted
2020-08-28 01:30:45.893 T:140177746745088   DEBUG: unrecognized ID3 frame detected: MCDI
2020-08-28 01:30:45.893 T:140177746745088   DEBUG: unrecognized ID3 frame detected: PRIV
2020-08-28 01:30:45.893 T:140177746745088   DEBUG: unrecognized ID3 frame detected: TLEN
2020-08-28 01:30:45.893 T:140177746745088   DEBUG: CSMBFile::Close closing fd 10002
2020-08-28 01:30:45.895 T:140177746745088   DEBUG: SeekTime - seek ended up on time 0
2020-08-28 01:30:45.970 T:140179020122240   DEBUG: Previous line repeats 1 times.
2020-08-28 01:30:45.970 T:140179020122240   DEBUG: ------ Window Init (DialogBusy.xml) ------
2020-08-28 01:30:45.975 T:140179020122240   ERROR: CBinaryAddonManager::GetInstalledAddonInfo: Requested addon '' unknown as binary
2020-08-28 01:30:45.989 T:140177746745088    INFO: AudioDecoder: File is queued
2020-08-28 01:30:45.991 T:140177746745088   DEBUG: AudioDecoder::GetReplayGain - Final Replaygain applied: 1.000000, Track/Album Gain 89.000000, Peak 1.000000
2020-08-28 01:30:45.991 T:140178498656000   DEBUG: CActiveAE::ClearDiscardedBuffers - buffer pool deleted
2020-08-28 01:30:46.014 T:140177746745088    INFO: PAPlayer::PrepareStream - Ready
2020-08-28 01:30:46.020 T:140175885731584   DEBUG: OnAVStarted: CApplication::OnAVStarted
2020-08-28 01:30:46.031 T:140179020122240   DEBUG: ------ Window Deinit (DialogBusy.xml) ------
2020-08-28 01:30:46.164 T:140176911226624   DEBUG: CSMBFile::Open - opened smb://USERNAME:PASSWORD@192.168.0.5/Share/Music/Sepultura/Chaos A.D/10 Manifest.mp3, fd=10002
2020-08-28 01:30:46.196 T:140176911226624   DEBUG: CSMBFile::Close closing fd 10002
2020-08-28 01:30:46.202 T:140176911226624   DEBUG: CSMBFile::Open - opened smb://USERNAME:PASSWORD@192.168.0.5/Share/Music/Sepultura/Chaos A.D/10 Manifest.mp3, fd=10002
2020-08-28 01:30:46.209 T:140179020122240   DEBUG: [Warning] CGUITextureManager::GetTexturePath: could not find texture '-'
2020-08-28 01:30:46.223 T:140176911226624   DEBUG: CSMBFile::Close closing fd 10002
2020-08-28 01:30:46.228 T:140176911226624   DEBUG: CSMBFile::Open - opened smb://USERNAME:PASSWORD@192.168.0.5/Share/Music/Sepultura/Chaos A.D/10 Manifest.mp3, fd=10002
2020-08-28 01:30:46.249 T:140176911226624   DEBUG: CSMBFile::Close closing fd 10002
2020-08-28 01:30:46.776 T:140179020122240   DEBUG: ProcessMouse: trying mouse action leftclick
2020-08-28 01:30:46.777 T:140179020122240   DEBUG: CPlayerCoreFactory::GetPlayers(smb://192.168.0.5/Share/Music/Sepultura/Chaos A.D/10 Manifest.mp3)
2020-08-28 01:30:46.777 T:140179020122240   DEBUG: CPlayerSelectionRule::GetPlayers: considering rule: system rules
2020-08-28 01:30:46.777 T:140179020122240   DEBUG: CPlayerSelectionRule::GetPlayers: matches rule: system rules
2020-08-28 01:30:46.777 T:140179020122240   DEBUG: CPlayerSelectionRule::GetPlayers: considering rule: mms/udp
2020-08-28 01:30:46.777 T:140179020122240   DEBUG: CPlayerSelectionRule::GetPlayers: considering rule: lastfm/shout
2020-08-28 01:30:46.777 T:140179020122240   DEBUG: CPlayerSelectionRule::GetPlayers: considering rule: rtmp
2020-08-28 01:30:46.777 T:140179020122240   DEBUG: CPlayerSelectionRule::GetPlayers: considering rule: rtsp
2020-08-28 01:30:46.777 T:140179020122240   DEBUG: CPlayerSelectionRule::GetPlayers: considering rule: streams
2020-08-28 01:30:46.777 T:140179020122240   DEBUG: CPlayerSelectionRule::GetPlayers: considering rule: dvd
2020-08-28 01:30:46.777 T:140179020122240   DEBUG: CPlayerSelectionRule::GetPlayers: considering rule: dvdimage
2020-08-28 01:30:46.777 T:140179020122240   DEBUG: CPlayerSelectionRule::GetPlayers: considering rule: sdp/asf
2020-08-28 01:30:46.777 T:140179020122240   DEBUG: CPlayerSelectionRule::GetPlayers: considering rule: nsv
2020-08-28 01:30:46.777 T:140179020122240   DEBUG: CPlayerSelectionRule::GetPlayers: considering rule: radio
2020-08-28 01:30:46.777 T:140179020122240   DEBUG: CPlayerCoreFactory::GetPlayers: matched 0 rules with players
2020-08-28 01:30:46.777 T:140179020122240   DEBUG: CPlayerCoreFactory::GetPlayers: adding audiodefaultplayer (PAPlayer)
2020-08-28 01:30:46.777 T:140179020122240   DEBUG: CPlayerCoreFactory::GetPlayers: for video=0, audio=1
2020-08-28 01:30:46.777 T:140179020122240   DEBUG: CPlayerCoreFactory::GetPlayers: for video=1, audio=1
2020-08-28 01:30:46.777 T:140179020122240   DEBUG: CPlayerCoreFactory::GetPlayers: adding player: VideoPlayer
2020-08-28 01:30:46.777 T:140179020122240   DEBUG: CPlayerCoreFactory::GetPlayers: added 2 players
2020-08-28 01:30:46.896 T:140178498656000   DEBUG: CActiveAE::DiscardStream - audio stream deleted
2020-08-28 01:30:46.896 T:140177395910400   DEBUG: DoWork - Saving file state for audio item musicdb://recentlyaddedalbums/1/9.mp3?albumid=1
2020-08-28 01:30:46.896 T:140178498656000   DEBUG: CActiveAE::ClearDiscardedBuffers - buffer pool deleted
2020-08-28 01:30:46.897 T:140179020122240   DEBUG: Previous line repeats 1 times.
2020-08-28 01:30:46.897 T:140179020122240   DEBUG: CSMBFile::Close closing fd 10000
2020-08-28 01:30:46.902 T:140175885731584   DEBUG: OnPlayBackStopped: CApplication::OnPlayBackStopped
2020-08-28 01:30:46.902 T:140175885731584   DEBUG: Thread PAPlayer 140175885731584 terminating
2020-08-28 01:30:46.905 T:140179020122240   DEBUG: FreeVisualisation() started
2020-08-28 01:30:46.905 T:140179020122240   DEBUG: FreeVisualisation() done
2020-08-28 01:30:46.913 T:140179020122240   DEBUG: OnPlayBackStarted: CApplication::OnPlayBackStarted
2020-08-28 01:30:46.913 T:140175885731584   DEBUG: Thread PAPlayer start, auto delete: false
2020-08-28 01:30:46.913 T:140175885731584   DEBUG: PAPlayer::Process - Playback started
2020-08-28 01:30:46.913 T:140179020122240   DEBUG: CMusicGUIInfo::InitCurrentItem(musicdb://recentlyaddedalbums/1/10.mp3?albumid=1)
2020-08-28 01:30:46.918 T:140177395910400   DEBUG: CSMBFile::Open - opened smb://USERNAME:PASSWORD@192.168.0.5/Share/Music/Sepultura/Chaos A.D/10 Manifest.mp3, fd=10000
2020-08-28 01:30:46.920 T:140179020122240   DEBUG: GetArtist(SELECT idArtist, strArtist, strSortName, strMusicBrainzArtistID, strType, strGender, strDisambiguation, strBorn, strFormed, strGenres,strMoods, strStyles, strInstruments, strBiography, strDied, strDisbanded, strYearsActive, strImage, strFanart, bScrapedMBID, lastScraped, '' AS dateAdded FROM artist WHERE idArtist = 2) - took 0 ms
2020-08-28 01:30:46.920 T:140179020122240   DEBUG: SELECT albumview.*,albumartistview.*  FROM albumview  JOIN albumartistview ON albumview.idAlbum = albumartistview.idAlbum  WHERE albumview.idAlbum = 1  ORDER BY albumartistview.iOrder
2020-08-28 01:30:46.921 T:140179020122240   DEBUG: Loading additional tag info for file smb://192.168.0.5/Share/Music/Sepultura/Chaos A.D/10 Manifest.mp3
2020-08-28 01:30:46.925 T:140179020122240   DEBUG: CSMBFile::Open - opened smb://USERNAME:PASSWORD@192.168.0.5/Share/Music/Sepultura/Chaos A.D/10 Manifest.mp3, fd=10002
2020-08-28 01:30:46.942 T:140177395910400   DEBUG: Open - probing detected format [mp3]
2020-08-28 01:30:46.942 T:140177395910400   DEBUG: Open - setting usetoc to 0 for accurate VBR MP3 seek
2020-08-28 01:30:46.942 T:140177395910400   DEBUG: Open - avformat_find_stream_info starting
2020-08-28 01:30:46.943 T:140177395910400   DEBUG: ffmpeg[7F7D97E38700]: [mp3] Estimating duration from bitrate, this may be inaccurate
2020-08-28 01:30:46.943 T:140177395910400   DEBUG: Open - av_find_stream_info finished
2020-08-28 01:30:46.943 T:140177395910400   DEBUG: CDVDDemuxFFmpeg::AddStream ID: 0
2020-08-28 01:30:46.943 T:140177395910400  NOTICE: CDVDAudioCodecFFmpeg::Open() Successful opened audio decoder mp3float
2020-08-28 01:30:46.963 T:140177395910400   DEBUG: CSMBFile::Open - opened smb://USERNAME:PASSWORD@192.168.0.5/Share/Music/Sepultura/Chaos A.D/10 Manifest.mp3, fd=10001
2020-08-28 01:30:47.021 T:140179020122240   DEBUG: unrecognized ID3 frame detected: MCDI
2020-08-28 01:30:47.021 T:140179020122240   DEBUG: unrecognized ID3 frame detected: PRIV
2020-08-28 01:30:47.021 T:140179020122240   DEBUG: unrecognized ID3 frame detected: TLEN
2020-08-28 01:30:47.021 T:140179020122240   DEBUG: CSMBFile::Close closing fd 10002
2020-08-28 01:30:47.035 T:140179020122240   DEBUG: CPlayerGUIInfo::InitCurrentItem(musicdb://recentlyaddedalbums/1/10.mp3?albumid=1)
2020-08-28 01:30:47.036 T:140178515441408   DEBUG: UPnP: Building didl for object 'musicdb://recentlyaddedalbums/1/10.mp3?albumid=1'
2020-08-28 01:30:47.039 T:140177395910400   DEBUG: unrecognized ID3 frame detected: MCDI
2020-08-28 01:30:47.039 T:140177395910400   DEBUG: unrecognized ID3 frame detected: PRIV
2020-08-28 01:30:47.039 T:140177395910400   DEBUG: unrecognized ID3 frame detected: TLEN
2020-08-28 01:30:47.039 T:140177395910400   DEBUG: CSMBFile::Close closing fd 10001
2020-08-28 01:30:47.041 T:140177395910400   DEBUG: SeekTime - seek ended up on time 0
2020-08-28 01:30:47.074 T:140178498656000   DEBUG: Previous line repeats 1 times.
2020-08-28 01:30:47.074 T:140178498656000   DEBUG: CActiveAE::ClearDiscardedBuffers - buffer pool deleted
2020-08-28 01:30:47.136 T:140179020122240   DEBUG: ------ Window Init (DialogBusy.xml) ------
2020-08-28 01:30:47.136 T:140177395910400    INFO: AudioDecoder: File is queued
2020-08-28 01:30:47.138 T:140177395910400   DEBUG: AudioDecoder::GetReplayGain - Final Replaygain applied: 1.000000, Track/Album Gain 89.000000, Peak 1.000000
2020-08-28 01:30:47.138 T:140178498656000   DEBUG: CActiveAE::ClearDiscardedBuffers - buffer pool deleted
2020-08-28 01:30:47.142 T:140179020122240   ERROR: CBinaryAddonManager::GetInstalledAddonInfo: Requested addon '' unknown as binary
2020-08-28 01:30:47.159 T:140177395910400    INFO: PAPlayer::PrepareStream - Ready
2020-08-28 01:30:47.166 T:140175885731584   DEBUG: OnAVStarted: CApplication::OnAVStarted
2020-08-28 01:30:47.186 T:140179020122240   DEBUG: ------ Window Deinit (DialogBusy.xml) ------
2020-08-28 01:30:47.725 T:140175652943616   DEBUG: CWebServer[8080]: request received for /jsonrpc?Application.GetProperties
2020-08-28 01:30:47.734 T:140175652943616   DEBUG: Previous line repeats 1 times.
2020-08-28 01:30:47.735 T:140175652943616   DEBUG: CWebServer[8080]: request received for /jsonrpc?Player.GetActivePlayers
2020-08-28 01:30:47.745 T:140175652943616   DEBUG: Previous line repeats 1 times.
2020-08-28 01:30:47.745 T:140175652943616   DEBUG: CWebServer[8080]: request received for /jsonrpc?Base
2020-08-28 01:30:47.910 T:140179020122240   DEBUG: Previous line repeats 1 times.
2020-08-28 01:30:47.910 T:140179020122240   DEBUG: ProcessMouse: trying mouse action leftclick
2020-08-28 01:30:47.910 T:140179020122240   DEBUG: CPlayerCoreFactory::GetPlayers(smb://192.168.0.5/Share/Music/Sepultura/Chaos A.D/11 The Hunt.mp3)
2020-08-28 01:30:47.910 T:140179020122240   DEBUG: CPlayerSelectionRule::GetPlayers: considering rule: system rules
2020-08-28 01:30:47.910 T:140179020122240   DEBUG: CPlayerSelectionRule::GetPlayers: matches rule: system rules
2020-08-28 01:30:47.910 T:140179020122240   DEBUG: CPlayerSelectionRule::GetPlayers: considering rule: mms/udp
2020-08-28 01:30:47.910 T:140179020122240   DEBUG: CPlayerSelectionRule::GetPlayers: considering rule: lastfm/shout
2020-08-28 01:30:47.910 T:140179020122240   DEBUG: CPlayerSelectionRule::GetPlayers: considering rule: rtmp
2020-08-28 01:30:47.910 T:140179020122240   DEBUG: CPlayerSelectionRule::GetPlayers: considering rule: rtsp
2020-08-28 01:30:47.910 T:140179020122240   DEBUG: CPlayerSelectionRule::GetPlayers: considering rule: streams
2020-08-28 01:30:47.910 T:140179020122240   DEBUG: CPlayerSelectionRule::GetPlayers: considering rule: dvd
2020-08-28 01:30:47.910 T:140179020122240   DEBUG: CPlayerSelectionRule::GetPlayers: considering rule: dvdimage
2020-08-28 01:30:47.910 T:140179020122240   DEBUG: CPlayerSelectionRule::GetPlayers: considering rule: sdp/asf
2020-08-28 01:30:47.911 T:140179020122240   DEBUG: CPlayerSelectionRule::GetPlayers: considering rule: nsv
2020-08-28 01:30:47.911 T:140179020122240   DEBUG: CPlayerSelectionRule::GetPlayers: considering rule: radio
2020-08-28 01:30:47.911 T:140179020122240   DEBUG: CPlayerCoreFactory::GetPlayers: matched 0 rules with players
2020-08-28 01:30:47.911 T:140179020122240   DEBUG: CPlayerCoreFactory::GetPlayers: adding audiodefaultplayer (PAPlayer)
2020-08-28 01:30:47.911 T:140179020122240   DEBUG: CPlayerCoreFactory::GetPlayers: for video=0, audio=1
2020-08-28 01:30:47.911 T:140179020122240   DEBUG: CPlayerCoreFactory::GetPlayers: for video=1, audio=1
2020-08-28 01:30:47.911 T:140179020122240   DEBUG: CPlayerCoreFactory::GetPlayers: adding player: VideoPlayer
2020-08-28 01:30:47.911 T:140179020122240   DEBUG: CPlayerCoreFactory::GetPlayers: added 2 players
2020-08-28 01:30:47.991 T:140178498656000   DEBUG: CActiveAE::DiscardStream - audio stream deleted
2020-08-28 01:30:47.991 T:140177746745088   DEBUG: DoWork - Saving file state for audio item musicdb://recentlyaddedalbums/1/10.mp3?albumid=1
2020-08-28 01:30:47.991 T:140178498656000   DEBUG: CActiveAE::ClearDiscardedBuffers - buffer pool deleted
2020-08-28 01:30:47.992 T:140179020122240   DEBUG: Previous line repeats 1 times.
2020-08-28 01:30:47.992 T:140179020122240   DEBUG: CSMBFile::Close closing fd 10000
2020-08-28 01:30:47.997 T:140175885731584   DEBUG: OnPlayBackStopped: CApplication::OnPlayBackStopped
2020-08-28 01:30:47.997 T:140175885731584   DEBUG: Thread PAPlayer 140175885731584 terminating
2020-08-28 01:30:48.000 T:140179020122240   DEBUG: FreeVisualisation() started
2020-08-28 01:30:48.000 T:140179020122240   DEBUG: FreeVisualisation() done
2020-08-28 01:30:48.007 T:140179020122240   DEBUG: OnPlayBackStarted: CApplication::OnPlayBackStarted
2020-08-28 01:30:48.007 T:140175885731584   DEBUG: Thread PAPlayer start, auto delete: false
2020-08-28 01:30:48.008 T:140175885731584   DEBUG: PAPlayer::Process - Playback started
2020-08-28 01:30:48.008 T:140179020122240   DEBUG: CMusicGUIInfo::InitCurrentItem(musicdb://recentlyaddedalbums/1/11.mp3?albumid=1)
2020-08-28 01:30:48.011 T:140179020122240   DEBUG: GetArtist(SELECT idArtist, strArtist, strSortName, strMusicBrainzArtistID, strType, strGender, strDisambiguation, strBorn, strFormed, strGenres,strMoods, strStyles, strInstruments, strBiography, strDied, strDisbanded, strYearsActive, strImage, strFanart, bScrapedMBID, lastScraped, '' AS dateAdded FROM artist WHERE idArtist = 2) - took 0 ms
2020-08-28 01:30:48.011 T:140179020122240   DEBUG: SELECT albumview.*,albumartistview.*  FROM albumview  JOIN albumartistview ON albumview.idAlbum = albumartistview.idAlbum  WHERE albumview.idAlbum = 1  ORDER BY albumartistview.iOrder
2020-08-28 01:30:48.012 T:140177395910400   DEBUG: CSMBFile::Open - opened smb://USERNAME:PASSWORD@192.168.0.5/Share/Music/Sepultura/Chaos A.D/11 The Hunt.mp3, fd=10000
2020-08-28 01:30:48.012 T:140179020122240   DEBUG: Loading additional tag info for file smb://192.168.0.5/Share/Music/Sepultura/Chaos A.D/11 The Hunt.mp3
2020-08-28 01:30:48.038 T:140177395910400   DEBUG: Open - probing detected format [mp3]
2020-08-28 01:30:48.038 T:140177395910400   DEBUG: Open - setting usetoc to 0 for accurate VBR MP3 seek
2020-08-28 01:30:48.039 T:140177395910400   DEBUG: Open - avformat_find_stream_info starting
2020-08-28 01:30:48.039 T:140177395910400   DEBUG: ffmpeg[7F7D97E38700]: [mp3] Estimating duration from bitrate, this may be inaccurate
2020-08-28 01:30:48.039 T:140177395910400   DEBUG: Open - av_find_stream_info finished
2020-08-28 01:30:48.039 T:140177395910400   DEBUG: CDVDDemuxFFmpeg::AddStream ID: 0
2020-08-28 01:30:48.040 T:140177395910400  NOTICE: CDVDAudioCodecFFmpeg::Open() Successful opened audio decoder mp3float
2020-08-28 01:30:48.040 T:140179020122240   DEBUG: CSMBFile::Open - opened smb://USERNAME:PASSWORD@192.168.0.5/Share/Music/Sepultura/Chaos A.D/11 The Hunt.mp3, fd=10001
2020-08-28 01:30:48.061 T:140177395910400   DEBUG: CSMBFile::Open - opened smb://USERNAME:PASSWORD@192.168.0.5/Share/Music/Sepultura/Chaos A.D/11 The Hunt.mp3, fd=10002
2020-08-28 01:30:48.111 T:140179020122240   DEBUG: unrecognized ID3 frame detected: MCDI
2020-08-28 01:30:48.111 T:140179020122240   DEBUG: unrecognized ID3 frame detected: PRIV
2020-08-28 01:30:48.111 T:140179020122240   DEBUG: unrecognized ID3 frame detected: TLEN
2020-08-28 01:30:48.111 T:140179020122240   DEBUG: CSMBFile::Close closing fd 10001
2020-08-28 01:30:48.115 T:140179020122240   DEBUG: CPlayerGUIInfo::InitCurrentItem(musicdb://recentlyaddedalbums/1/11.mp3?albumid=1)
2020-08-28 01:30:48.115 T:140178515441408   DEBUG: UPnP: Building didl for object 'musicdb://recentlyaddedalbums/1/11.mp3?albumid=1'
2020-08-28 01:30:48.140 T:140177395910400   DEBUG: unrecognized ID3 frame detected: MCDI
2020-08-28 01:30:48.140 T:140177395910400   DEBUG: unrecognized ID3 frame detected: PRIV
2020-08-28 01:30:48.140 T:140177395910400   DEBUG: unrecognized ID3 frame detected: TLEN
2020-08-28 01:30:48.140 T:140177395910400   DEBUG: CSMBFile::Close closing fd 10002
2020-08-28 01:30:48.142 T:140177395910400   DEBUG: SeekTime - seek ended up on time 0
2020-08-28 01:30:48.196 T:140178498656000   DEBUG: Previous line repeats 1 times.
2020-08-28 01:30:48.196 T:140178498656000   DEBUG: CActiveAE::ClearDiscardedBuffers - buffer pool deleted
2020-08-28 01:30:48.215 T:140179020122240   DEBUG: ------ Window Init (DialogBusy.xml) ------
2020-08-28 01:30:48.221 T:140179020122240   ERROR: CBinaryAddonManager::GetInstalledAddonInfo: Requested addon '' unknown as binary
2020-08-28 01:30:48.235 T:140177395910400    INFO: AudioDecoder: File is queued
2020-08-28 01:30:48.237 T:140177395910400   DEBUG: AudioDecoder::GetReplayGain - Final Replaygain applied: 1.000000, Track/Album Gain 89.000000, Peak 1.000000
2020-08-28 01:30:48.237 T:140178498656000   DEBUG: CActiveAE::ClearDiscardedBuffers - buffer pool deleted
2020-08-28 01:30:48.259 T:140177395910400    INFO: PAPlayer::PrepareStream - Ready
2020-08-28 01:30:48.260 T:140175885731584   DEBUG: OnAVStarted: CApplication::OnAVStarted
2020-08-28 01:30:48.277 T:140179020122240   DEBUG: ------ Window Deinit (DialogBusy.xml) ------
2020-08-28 01:30:48.730 T:140175652943616   DEBUG: CWebServer[8080]: request received for /jsonrpc?Application.GetProperties
2020-08-28 01:30:48.737 T:140175652943616   DEBUG: Previous line repeats 1 times.
2020-08-28 01:30:48.737 T:140175652943616   DEBUG: CWebServer[8080]: request received for /jsonrpc?Player.GetActivePlayers
2020-08-28 01:30:48.748 T:140175652943616   DEBUG: Previous line repeats 1 times.
2020-08-28 01:30:48.748 T:140175652943616   DEBUG: CWebServer[8080]: request received for /jsonrpc?Base
2020-08-28 01:30:49.408 T:140179020122240   DEBUG: Previous line repeats 1 times.
2020-08-28 01:30:49.408 T:140179020122240   DEBUG: ProcessMouse: trying mouse action leftclick
2020-08-28 01:30:49.735 T:140175652943616   DEBUG: CWebServer[8080]: request received for /jsonrpc?Application.GetProperties
2020-08-28 01:30:49.745 T:140175652943616   DEBUG: Previous line repeats 1 times.
2020-08-28 01:30:49.745 T:140175652943616   DEBUG: CWebServer[8080]: request received for /jsonrpc?Player.GetActivePlayers
2020-08-28 01:30:49.751 T:140175652943616   DEBUG: Previous line repeats 1 times.
2020-08-28 01:30:49.751 T:140175652943616   DEBUG: CWebServer[8080]: request received for /jsonrpc?Base
2020-08-28 01:30:49.776 T:140179020122240   DEBUG: Previous line repeats 1 times.
2020-08-28 01:30:49.776 T:140179020122240   DEBUG: ProcessMouse: trying mouse action leftclick
2020-08-28 01:30:49.776 T:140179020122240   DEBUG: CPlayerCoreFactory::GetPlayers(smb://192.168.0.5/Share/Music/Sepultura/Chaos A.D/10 Manifest.mp3)
2020-08-28 01:30:49.776 T:140179020122240   DEBUG: CPlayerSelectionRule::GetPlayers: considering rule: system rules
2020-08-28 01:30:49.776 T:140179020122240   DEBUG: CPlayerSelectionRule::GetPlayers: matches rule: system rules
2020-08-28 01:30:49.776 T:140179020122240   DEBUG: CPlayerSelectionRule::GetPlayers: considering rule: mms/udp
2020-08-28 01:30:49.776 T:140179020122240   DEBUG: CPlayerSelectionRule::GetPlayers: considering rule: lastfm/shout
2020-08-28 01:30:49.776 T:140179020122240   DEBUG: CPlayerSelectionRule::GetPlayers: considering rule: rtmp
2020-08-28 01:30:49.776 T:140179020122240   DEBUG: CPlayerSelectionRule::GetPlayers: considering rule: rtsp
2020-08-28 01:30:49.776 T:140179020122240   DEBUG: CPlayerSelectionRule::GetPlayers: considering rule: streams
2020-08-28 01:30:49.776 T:140179020122240   DEBUG: CPlayerSelectionRule::GetPlayers: considering rule: dvd
2020-08-28 01:30:49.776 T:140179020122240   DEBUG: CPlayerSelectionRule::GetPlayers: considering rule: dvdimage
2020-08-28 01:30:49.776 T:140179020122240   DEBUG: CPlayerSelectionRule::GetPlayers: considering rule: sdp/asf
2020-08-28 01:30:49.776 T:140179020122240   DEBUG: CPlayerSelectionRule::GetPlayers: considering rule: nsv
2020-08-28 01:30:49.777 T:140179020122240   DEBUG: CPlayerSelectionRule::GetPlayers: considering rule: radio
2020-08-28 01:30:49.777 T:140179020122240   DEBUG: CPlayerCoreFactory::GetPlayers: matched 0 rules with players
2020-08-28 01:30:49.777 T:140179020122240   DEBUG: CPlayerCoreFactory::GetPlayers: adding audiodefaultplayer (PAPlayer)
2020-08-28 01:30:49.777 T:140179020122240   DEBUG: CPlayerCoreFactory::GetPlayers: for video=0, audio=1
2020-08-28 01:30:49.777 T:140179020122240   DEBUG: CPlayerCoreFactory::GetPlayers: for video=1, audio=1
2020-08-28 01:30:49.777 T:140179020122240   DEBUG: CPlayerCoreFactory::GetPlayers: adding player: VideoPlayer
2020-08-28 01:30:49.777 T:140179020122240   DEBUG: CPlayerCoreFactory::GetPlayers: added 2 players
2020-08-28 01:30:49.898 T:140178498656000   DEBUG: CActiveAE::DiscardStream - audio stream deleted
2020-08-28 01:30:49.898 T:140177387517696   DEBUG: DoWork - Saving file state for audio item musicdb://recentlyaddedalbums/1/11.mp3?albumid=1
2020-08-28 01:30:49.898 T:140178498656000   DEBUG: CActiveAE::ClearDiscardedBuffers - buffer pool deleted
2020-08-28 01:30:49.898 T:140179020122240   DEBUG: Previous line repeats 1 times.
2020-08-28 01:30:49.898 T:140179020122240   DEBUG: CSMBFile::Close closing fd 10000
2020-08-28 01:30:49.906 T:140175885731584   DEBUG: OnPlayBackStopped: CApplication::OnPlayBackStopped
2020-08-28 01:30:49.907 T:140175885731584   DEBUG: Thread PAPlayer 140175885731584 terminating
2020-08-28 01:30:49.909 T:140179020122240   DEBUG: FreeVisualisation() started
2020-08-28 01:30:49.909 T:140179020122240   DEBUG: FreeVisualisation() done
2020-08-28 01:30:49.917 T:140179020122240   DEBUG: OnPlayBackStarted: CApplication::OnPlayBackStarted
2020-08-28 01:30:49.917 T:140175885731584   DEBUG: Thread PAPlayer start, auto delete: false
2020-08-28 01:30:49.917 T:140175885731584   DEBUG: PAPlayer::Process - Playback started
2020-08-28 01:30:49.917 T:140179020122240   DEBUG: CMusicGUIInfo::InitCurrentItem(musicdb://recentlyaddedalbums/1/10.mp3?albumid=1)
2020-08-28 01:30:49.921 T:140177746745088   DEBUG: CSMBFile::Open - opened smb://USERNAME:PASSWORD@192.168.0.5/Share/Music/Sepultura/Chaos A.D/10 Manifest.mp3, fd=10000
2020-08-28 01:30:49.921 T:140179020122240   DEBUG: GetArtist(SELECT idArtist, strArtist, strSortName, strMusicBrainzArtistID, strType, strGender, strDisambiguation, strBorn, strFormed, strGenres,strMoods, strStyles, strInstruments, strBiography, strDied, strDisbanded, strYearsActive, strImage, strFanart, bScrapedMBID, lastScraped, '' AS dateAdded FROM artist WHERE idArtist = 2) - took 0 ms
2020-08-28 01:30:49.921 T:140179020122240   DEBUG: SELECT albumview.*,albumartistview.*  FROM albumview  JOIN albumartistview ON albumview.idAlbum = albumartistview.idAlbum  WHERE albumview.idAlbum = 1  ORDER BY albumartistview.iOrder
2020-08-28 01:30:49.923 T:140179020122240   DEBUG: Loading additional tag info for file smb://192.168.0.5/Share/Music/Sepultura/Chaos A.D/10 Manifest.mp3
2020-08-28 01:30:49.946 T:140177746745088   DEBUG: Open - probing detected format [mp3]
2020-08-28 01:30:49.946 T:140177746745088   DEBUG: Open - setting usetoc to 0 for accurate VBR MP3 seek
2020-08-28 01:30:49.946 T:140177746745088   DEBUG: Open - avformat_find_stream_info starting
2020-08-28 01:30:49.947 T:140177746745088   DEBUG: ffmpeg[7F7DACCCD700]: [mp3] Estimating duration from bitrate, this may be inaccurate
2020-08-28 01:30:49.947 T:140177746745088   DEBUG: Open - av_find_stream_info finished
2020-08-28 01:30:49.947 T:140177746745088   DEBUG: CDVDDemuxFFmpeg::AddStream ID: 0
2020-08-28 01:30:49.947 T:140177746745088  NOTICE: CDVDAudioCodecFFmpeg::Open() Successful opened audio decoder mp3float
2020-08-28 01:30:49.947 T:140179020122240   DEBUG: CSMBFile::Open - opened smb://USERNAME:PASSWORD@192.168.0.5/Share/Music/Sepultura/Chaos A.D/10 Manifest.mp3, fd=10002
2020-08-28 01:30:49.971 T:140177746745088   DEBUG: CSMBFile::Open - opened smb://USERNAME:PASSWORD@192.168.0.5/Share/Music/Sepultura/Chaos A.D/10 Manifest.mp3, fd=10001
2020-08-28 01:30:50.024 T:140179020122240   DEBUG: unrecognized ID3 frame detected: MCDI
2020-08-28 01:30:50.024 T:140179020122240   DEBUG: unrecognized ID3 frame detected: PRIV
2020-08-28 01:30:50.024 T:140179020122240   DEBUG: unrecognized ID3 frame detected: TLEN
2020-08-28 01:30:50.025 T:140179020122240   DEBUG: CSMBFile::Close closing fd 10002
2020-08-28 01:30:50.043 T:140179020122240   DEBUG: CPlayerGUIInfo::InitCurrentItem(musicdb://recentlyaddedalbums/1/10.mp3?albumid=1)
2020-08-28 01:30:50.044 T:140178515441408   DEBUG: UPnP: Building didl for object 'musicdb://recentlyaddedalbums/1/10.mp3?albumid=1'
2020-08-28 01:30:50.046 T:140177746745088   DEBUG: unrecognized ID3 frame detected: MCDI
2020-08-28 01:30:50.046 T:140177746745088   DEBUG: unrecognized ID3 frame detected: PRIV
2020-08-28 01:30:50.046 T:140177746745088   DEBUG: unrecognized ID3 frame detected: TLEN
2020-08-28 01:30:50.046 T:140177746745088   DEBUG: CSMBFile::Close closing fd 10001
2020-08-28 01:30:50.048 T:140177746745088   DEBUG: SeekTime - seek ended up on time 0
2020-08-28 01:30:50.076 T:140178498656000   DEBUG: Previous line repeats 1 times.
2020-08-28 01:30:50.076 T:140178498656000   DEBUG: CActiveAE::ClearDiscardedBuffers - buffer pool deleted
2020-08-28 01:30:50.143 T:140177746745088    INFO: AudioDecoder: File is queued
2020-08-28 01:30:50.144 T:140179020122240   DEBUG: ------ Window Init (DialogBusy.xml) ------
2020-08-28 01:30:50.144 T:140177746745088   DEBUG: AudioDecoder::GetReplayGain - Final Replaygain applied: 1.000000, Track/Album Gain 89.000000, Peak 1.000000
2020-08-28 01:30:50.145 T:140178498656000   DEBUG: CActiveAE::ClearDiscardedBuffers - buffer pool deleted
2020-08-28 01:30:50.147 T:140179020122240   ERROR: CBinaryAddonManager::GetInstalledAddonInfo: Requested addon '' unknown as binary
2020-08-28 01:30:50.167 T:140177746745088    INFO: PAPlayer::PrepareStream - Ready
2020-08-28 01:30:50.170 T:140175885731584   DEBUG: OnAVStarted: CApplication::OnAVStarted
2020-08-28 01:30:50.190 T:140179020122240   DEBUG: ------ Window Deinit (DialogBusy.xml) ------
2020-08-28 01:30:51.737 T:140175652943616   DEBUG: CWebServer[8080]: request received for /jsonrpc?Application.GetProperties
2020-08-28 01:30:51.750 T:140175652943616   DEBUG: Previous line repeats 1 times.
2020-08-28 01:30:51.750 T:140175652943616   DEBUG: CWebServer[8080]: request received for /jsonrpc?Player.GetActivePlayers
2020-08-28 01:30:51.758 T:140175652943616   DEBUG: Previous line repeats 1 times.
2020-08-28 01:30:51.758 T:140175652943616   DEBUG: CWebServer[8080]: request received for /jsonrpc?Base
2020-08-28 01:30:52.025 T:140179020122240   DEBUG: Previous line repeats 1 times.
2020-08-28 01:30:52.025 T:140179020122240   DEBUG: ProcessMouse: trying mouse action leftclick
2020-08-28 01:30:52.026 T:140179020122240   DEBUG: CPlayerCoreFactory::GetPlayers(smb://192.168.0.5/Share/Music/Sepultura/Chaos A.D/09 We Who Are Not as Others.mp3)
2020-08-28 01:30:52.026 T:140179020122240   DEBUG: CPlayerSelectionRule::GetPlayers: considering rule: system rules
2020-08-28 01:30:52.026 T:140179020122240   DEBUG: CPlayerSelectionRule::GetPlayers: matches rule: system rules
