2020-08-28 03:33:10.717 T:139709662217984   DEBUG: Thread DetectDVDMedia 139709662217984 terminating
2020-08-28 03:33:10.732 T:139709662390400    INFO: Unloading old skin ...
2020-08-28 03:33:10.733 T:139709662390400  NOTICE:   load skin from: /usr/share/kodi/addons/skin.estuary (version: 2.0.27)
2020-08-28 03:33:10.733 T:139709662390400    INFO:   load fonts for skin...
2020-08-28 03:33:10.734 T:139709662390400    INFO: Loading skin includes from /usr/share/kodi/addons/skin.estuary/xml/Includes.xml
2020-08-28 03:33:10.758 T:139709662390400    INFO: Loading fonts from /usr/share/kodi/addons/skin.estuary/xml/Font.xml
2020-08-28 03:33:10.767 T:139709662390400   DEBUG: LocalizeStrings: loaded 140 strings from file /usr/share/kodi/addons/skin.estuary/language/resource.language.en_gb/strings.po
2020-08-28 03:33:10.767 T:139709662390400    INFO:   load new skin...
2020-08-28 03:33:10.767 T:139709662390400    INFO: Loading custom window XMLs from skin path /usr/share/kodi/addons/skin.estuary/xml
2020-08-28 03:33:10.770 T:139709662390400   DEBUG: Load Skin XML: 2.99ms
2020-08-28 03:33:10.770 T:139709662390400    INFO:   initialize new skin...
2020-08-28 03:33:10.770 T:139709662390400   DEBUG: guilib: Fill viewport on change for solving rendering passes
2020-08-28 03:33:10.770 T:139709662390400    INFO: Loading skin file: Custom_1109_TopBarOverlay.xml, load type: LOAD_ON_GUI_INIT
2020-08-28 03:33:10.772 T:139709662390400    INFO: Loading skin file: DialogNotification.xml, load type: LOAD_ON_GUI_INIT
2020-08-28 03:33:10.773 T:139709662390400    INFO: Loading skin file: DialogSeekBar.xml, load type: LOAD_ON_GUI_INIT
2020-08-28 03:33:10.781 T:139709662390400   DEBUG: OpenBundle - Opened bundle /usr/share/kodi/addons/skin.estuary/media/Textures.xbt
2020-08-28 03:33:10.781 T:139709662390400    INFO: Loading skin file: DialogExtendedProgressBar.xml, load type: LOAD_ON_GUI_INIT
2020-08-28 03:33:10.782 T:139709662390400    INFO: Loading skin file: DialogBusy.xml, load type: LOAD_ON_GUI_INIT
2020-08-28 03:33:10.782 T:139709662390400    INFO: Loading skin file: DialogVolumeBar.xml, load type: LOAD_ON_GUI_INIT
2020-08-28 03:33:10.783 T:139709662390400    INFO: Loading skin file: Pointer.xml, load type: LOAD_ON_GUI_INIT
2020-08-28 03:33:10.783 T:139709662390400    INFO: Loading skin file: DialogBusy.xml, load type: LOAD_ON_GUI_INIT
2020-08-28 03:33:10.785 T:139709662390400    INFO: Loading resource://resource.uisounds.kodi/sounds.xml
2020-08-28 03:33:10.799 T:139709662390400    INFO:   skin loaded...
2020-08-28 03:33:10.799 T:139709662390400   DEBUG: Activating window ID: 12997
2020-08-28 03:33:10.799 T:139709662390400   DEBUG: ------ Window Init () ------
2020-08-28 03:33:10.799 T:139709662390400   DEBUG: Activating window ID: 12999
2020-08-28 03:33:10.799 T:139709662390400   DEBUG: ------ Window Init (Startup.xml) ------
2020-08-28 03:33:10.799 T:139709662390400    INFO: Loading skin file: Startup.xml, load type: LOAD_EVERY_TIME
2020-08-28 03:33:10.799 T:139709662390400   DEBUG: Activating window ID: 10000
2020-08-28 03:33:10.799 T:139709662390400   DEBUG: ------ Window Deinit (Startup.xml) ------
2020-08-28 03:33:10.799 T:139709662390400   DEBUG: ------ Window Init (Home.xml) ------
2020-08-28 03:33:10.799 T:139709662390400    INFO: Loading skin file: Home.xml, load type: KEEP_IN_MEMORY
2020-08-28 03:33:10.857 T:139709662390400   DEBUG: CDirectoryProvider[library://music/]: refreshing..
2020-08-28 03:33:10.857 T:139709662390400   DEBUG: CDirectoryProvider[musicdb://recentlyplayedalbums]: refreshing..
2020-08-28 03:33:10.857 T:139709662390400   DEBUG: CDirectoryProvider[musicdb://recentlyaddedalbums/]: refreshing..
2020-08-28 03:33:10.857 T:139709662390400   DEBUG: CDirectoryProvider[special://skin/playlists/random_albums.xsp]: refreshing..
2020-08-28 03:33:10.857 T:139709662390400   DEBUG: CDirectoryProvider[special://skin/playlists/random_artists.xsp]: refreshing..
2020-08-28 03:33:10.857 T:139709662390400   DEBUG: CDirectoryProvider[special://skin/playlists/unplayed_albums.xsp]: refreshing..
2020-08-28 03:33:10.857 T:139709662390400   DEBUG: CDirectoryProvider[special://skin/playlists/mostplayed_albums.xsp]: refreshing..
2020-08-28 03:33:10.857 T:139708290635520   DEBUG: Thread JobWorker start, auto delete: true
2020-08-28 03:33:10.857 T:139709662390400   DEBUG: CDirectoryProvider[addons://]: refreshing..
2020-08-28 03:33:10.857 T:139709662390400   DEBUG: CDirectoryProvider[addons://sources/video/]: refreshing..
2020-08-28 03:33:10.857 T:139709662390400   DEBUG: CDirectoryProvider[addons://sources/audio/]: refreshing..
2020-08-28 03:33:10.857 T:139709662390400   DEBUG: CDirectoryProvider[addons://sources/game/]: refreshing..
2020-08-28 03:33:10.857 T:139709662390400   DEBUG: CDirectoryProvider[addons://sources/executable/]: refreshing..
2020-08-28 03:33:10.857 T:139708282242816   DEBUG: Thread JobWorker start, auto delete: true
2020-08-28 03:33:10.857 T:139709662390400   DEBUG: CDirectoryProvider[addons://sources/image/]: refreshing..
2020-08-28 03:33:10.857 T:139709662390400   DEBUG: CDirectoryProvider[library://video/]: refreshing..
2020-08-28 03:33:10.857 T:139709662390400   DEBUG: CDirectoryProvider[sources://video/]: refreshing..
2020-08-28 03:33:10.857 T:139709662390400   DEBUG: CDirectoryProvider[special://videoplaylists/]: refreshing..
2020-08-28 03:33:10.857 T:139709662390400   DEBUG: CDirectoryProvider[favourites://]: refreshing..
2020-08-28 03:33:10.857 T:139709662390400   DEBUG: CDirectoryProvider[sources://pictures/]: refreshing..
2020-08-28 03:33:10.857 T:139709662390400   DEBUG: CDirectoryProvider[addons://sources/game/]: refreshing..
2020-08-28 03:33:10.862 T:139708282242816   DEBUG: GetRecentlyAddedAlbums query: SELECT albumview.*, albumartistview.* FROM (SELECT idAlbum FROM album WHERE strAlbum != '' ORDER BY idAlbum DESC LIMIT 25) AS recentalbums JOIN albumview ON albumview.idAlbum = recentalbums.idAlbum JOIN albumartistview ON albumview.idAlbum = albumartistview.idAlbum ORDER BY albumview.idAlbum desc, albumartistview.iOrder
2020-08-28 03:33:10.862 T:139708290635520   DEBUG: GetRecentlyPlayedAlbums query: SELECT albumview.*, albumartistview.* FROM (SELECT idAlbum FROM albumview WHERE albumview.lastplayed IS NOT NULL AND albumview.strReleaseType = 'album' ORDER BY albumview.lastplayed DESC LIMIT 25) as playedalbums JOIN albumview ON albumview.idAlbum = playedalbums.idAlbum JOIN albumartistview ON albumview.idAlbum = albumartistview.idAlbum ORDER BY albumview.lastplayed DESC, albumartistview.iorder
2020-08-28 03:33:10.871 T:139709662390400   DEBUG: JSONRPC: JSON schema type definition references an unknown type Setting.Details.Setting
2020-08-28 03:33:10.871 T:139709662390400 WARNING: JSONRPC: Could not parse type "Setting.Details.SettingList"
2020-08-28 03:33:10.871 T:139709662390400    INFO: JSONRPC: Adding type "Setting.Details.SettingList" to list of incomplete definitions (waiting for "Setting.Details.Setting")
2020-08-28 03:33:10.872 T:139709662390400    INFO: JSONRPC: Resolving incomplete types/methods referencing Setting.Details.Setting
2020-08-28 03:33:10.875 T:139708290635520   DEBUG: GetAlbumsByWhere query: SELECT albumview.* FROM albumview  WHERE albumview.strReleaseType = 'album' ORDER BY RANDOM() LIMIT 15
2020-08-28 03:33:10.877 T:139708290635520   DEBUG: GetAlbumsByWhere: Time to fill list with albums 3ms query took 2ms
2020-08-28 03:33:10.879 T:139708282242816   DEBUG: GetArtistsByWhere query: SELECT artistview.* FROM artistview  WHERE (EXISTS (SELECT 1 FROM song_artist WHERE song_artist.idArtist = artistview.idArtist AND song_artist.idRole = 1) OR EXISTS (SELECT 1 FROM album_artist WHERE album_artist.idArtist = artistview.idArtist)) AND (artistview.strArtist != '') ORDER BY RANDOM() LIMIT 15
2020-08-28 03:33:10.880 T:139708282242816   DEBUG: GetArtistsByWhere: Time to fill list with artists 2ms query took 1ms
2020-08-28 03:33:10.889 T:139708397856512   DEBUG: GetAlbumsByWhere query: SELECT albumview.* FROM albumview  WHERE (((CAST(albumview.iTimesPlayed as DECIMAL(5,1)) = 0))) AND (albumview.strReleaseType = 'album') ORDER BY RANDOM() LIMIT 15
2020-08-28 03:33:10.890 T:139708397856512   DEBUG: GetAlbumsByWhere: Time to fill list with albums 2ms query took 1ms
2020-08-28 03:33:10.890 T:139708290635520   DEBUG: GetAlbumsByWhere query: SELECT albumview.* FROM albumview  WHERE (((CAST(albumview.iTimesPlayed as DECIMAL(5,1)) > 0))) AND (albumview.strReleaseType = 'album')
2020-08-28 03:33:10.891 T:139709662390400    INFO: JSONRPC v10.3.0: Successfully initialized
2020-08-28 03:33:10.891 T:139709662390400   DEBUG: LoadMappings - loaded node "Motorola Nyxboard Hybrid"
2020-08-28 03:33:10.891 T:139709662390400   DEBUG: LoadMappings - loaded node "CEC Adapter"
2020-08-28 03:33:10.891 T:139709662390400   DEBUG: LoadMappings - loaded node "Pulse-Eight CEC Adapter"
2020-08-28 03:33:10.892 T:139709662390400   DEBUG: LoadMappings - loaded node "iMON HID device"
2020-08-28 03:33:10.892 T:139709662390400   DEBUG: LoadMappings - loaded node "WETEK Play remote"
2020-08-28 03:33:10.892 T:139709662390400   DEBUG: LoadMappings - loaded node ""
2020-08-28 03:33:10.892 T:139709662390400   DEBUG: Add-on bus: Registering add-on peripheral.joystick
2020-08-28 03:33:10.892 T:139709662390400   DEBUG: PERIPHERAL - CreateAddon - creating peripheral add-on instance 'Joystick Support'
2020-08-28 03:33:10.892 T:139709662390400   DEBUG: ADDON: Dll Initializing - Joystick Support
2020-08-28 03:33:10.892 T:139709662390400   DEBUG: SECTION:LoadDLL(/usr/lib/x86_64-linux-gnu/kodi/addons/peripheral.joystick/peripheral.joystick.so.1.4.9)
2020-08-28 03:33:10.892 T:139709662390400   DEBUG: Loading: /usr/lib/x86_64-linux-gnu/kodi/addons/peripheral.joystick/peripheral.joystick.so.1.4.9
2020-08-28 03:33:10.895 T:139709662390400   DEBUG: AddOnLog: Joystick Support: Loaded 14 joystick families with 97 total joysticks
2020-08-28 03:33:10.895 T:139709662390400   DEBUG: Calling TransferSettings for: Joystick Support
2020-08-28 03:33:10.896 T:139709662390400   DEBUG: CAddonSettings[peripheral.joystick]: loading setting definitions
2020-08-28 03:33:10.896 T:139709662390400    INFO: AddOnLog: Joystick Support: Enabling joystick interface "linux"
2020-08-28 03:33:10.896 T:139708265457408   DEBUG: Thread PeripBusUSBUdev start, auto delete: false
2020-08-28 03:33:10.896 T:139708265457408   DEBUG: Process - initialised udev monitor
2020-08-28 03:33:10.896 T:139708257064704   DEBUG: Thread PeripBusCEC start, auto delete: false
2020-08-28 03:33:10.899 T:139708248672000   DEBUG: Thread PeripBusAddon start, auto delete: false
2020-08-28 03:33:10.900 T:139709662390400   DEBUG: Initialise - initialised peripheral on 'keyboard' with 1 features and 0 sub devices
2020-08-28 03:33:10.900 T:139709662390400  NOTICE: Register - new keyboard device registered on application->keyboard: Keyboard (0000:0000)
2020-08-28 03:33:10.900 T:139709662390400   DEBUG: Initialise - initialised peripheral on 'mouse' with 1 features and 0 sub devices
2020-08-28 03:33:10.900 T:139709662390400  NOTICE: Register - new mouse device registered on application->mouse: Mouse (0000:0000)
2020-08-28 03:33:10.903 T:139708282242816   DEBUG: CAddonMgr::GetAvailableUpdates took 15 ms
2020-08-28 03:33:10.903 T:139707635726080   DEBUG: Thread PeripEventScanner start, auto delete: false
2020-08-28 03:33:10.905 T:139709662390400   DEBUG: ContextMenuManager: addon menus reloaded.
2020-08-28 03:33:10.905 T:139709662390400  NOTICE: Loading player core factory settings from special://xbmc/system/playercorefactory.xml.
2020-08-28 03:33:10.905 T:139709662390400   DEBUG: CPlayerCoreConfig::<ctor>: created player VideoPlayer
2020-08-28 03:33:10.905 T:139709662390400   DEBUG: CPlayerCoreConfig::<ctor>: created player PAPlayer
2020-08-28 03:33:10.905 T:139709662390400   DEBUG: CPlayerCoreConfig::<ctor>: created player RetroPlayer
2020-08-28 03:33:10.905 T:139709662390400   DEBUG: CPlayerSelectionRule::Initialize: creating rule: system rules
2020-08-28 03:33:10.905 T:139709662390400   DEBUG: CPlayerSelectionRule::Initialize: creating rule: mms/udp
2020-08-28 03:33:10.905 T:139709662390400   DEBUG: CPlayerSelectionRule::Initialize: creating rule: lastfm/shout
2020-08-28 03:33:10.905 T:139709662390400   DEBUG: CPlayerSelectionRule::Initialize: creating rule: rtmp
2020-08-28 03:33:10.905 T:139709662390400   DEBUG: CPlayerSelectionRule::Initialize: creating rule: rtsp
2020-08-28 03:33:10.905 T:139709662390400   DEBUG: CPlayerSelectionRule::Initialize: creating rule: streams
2020-08-28 03:33:10.905 T:139709662390400   DEBUG: CPlayerSelectionRule::Initialize: creating rule: aacp/sdp
2020-08-28 03:33:10.905 T:139709662390400   DEBUG: CPlayerSelectionRule::Initialize: creating rule: mp2
2020-08-28 03:33:10.905 T:139709662390400   DEBUG: CPlayerSelectionRule::Initialize: creating rule: dvd
2020-08-28 03:33:10.905 T:139709662390400   DEBUG: CPlayerSelectionRule::Initialize: creating rule: dvdimage
2020-08-28 03:33:10.905 T:139709662390400   DEBUG: CPlayerSelectionRule::Initialize: creating rule: sdp/asf
2020-08-28 03:33:10.905 T:139709662390400   DEBUG: CPlayerSelectionRule::Initialize: creating rule: nsv
2020-08-28 03:33:10.905 T:139709662390400   DEBUG: CPlayerSelectionRule::Initialize: creating rule: radio
2020-08-28 03:33:10.905 T:139709662390400  NOTICE: Loaded playercorefactory configuration
2020-08-28 03:33:10.906 T:139709662390400  NOTICE: Loading player core factory settings from special://masterprofile/playercorefactory.xml.
2020-08-28 03:33:10.906 T:139709662390400  NOTICE: special://masterprofile/playercorefactory.xml does not exist. Skipping.
2020-08-28 03:33:10.906 T:139709662390400    INFO: removing tempfiles
2020-08-28 03:33:10.912 T:139709662390400   DEBUG: CRepositoryUpdater: previous update at 08/27/2020 11:10:41 PM, next at 08/28/2020 11:10:41 PM
2020-08-28 03:33:10.912 T:139707627333376   DEBUG: Thread Timer start, auto delete: false
2020-08-28 03:33:10.918 T:139709662390400   DEBUG: CServiceAddonManager: starting service.xbmc.versioncheck
2020-08-28 03:33:10.918 T:139709662390400   DEBUG: CServiceAddonManager: starting script.cu.lrclyrics
2020-08-28 03:33:10.919 T:139709662390400  NOTICE: initialize done
2020-08-28 03:33:10.919 T:139709662390400  NOTICE: Running the application...
2020-08-28 03:33:10.919 T:139709662390400   DEBUG: no profile autoexec.py (/home/jakermx/.kodi/userdata/autoexec.py) found, skipping
2020-08-28 03:33:10.919 T:139709662390400   DEBUG: NetworkMessage - Starting network services
2020-08-28 03:33:10.920 T:139707610547968   DEBUG: Thread LanguageInvoker start, auto delete: false
2020-08-28 03:33:10.920 T:139707610547968    INFO: initializing python engine.
2020-08-28 03:33:10.923 T:139709662390400   DEBUG: CZeroconfAvahi::clientCallback: client is up and running
2020-08-28 03:33:10.923 T:139709662390400  NOTICE: starting zeroconf publishing
2020-08-28 03:33:10.923 T:139709662390400  NOTICE: CWebServer[8080]: Started
2020-08-28 03:33:10.923 T:139709662390400  NOTICE: starting upnp client
2020-08-28 03:33:10.928 T:139707618940672   DEBUG: Thread LanguageInvoker start, auto delete: false
2020-08-28 03:33:10.928 T:139707618940672    INFO: initializing python engine.
2020-08-28 03:33:10.940 T:139708290635520   DEBUG: CMultiPathDirectory::GetDirectory(multipath://special%3a%2f%2fprofile%2fplaylists%2fvideo/special%3a%2f%2fprofile%2fplaylists%2fmixed/)
2020-08-28 03:33:10.940 T:139708290635520   DEBUG: Getting Directory (special://profile/playlists/video)
2020-08-28 03:33:10.940 T:139708290635520   DEBUG: Getting Directory (special://profile/playlists/mixed)
2020-08-28 03:33:10.940 T:139708290635520   DEBUG: CMultiPathDirectory::MergeItems, items = 0
2020-08-28 03:33:10.945 T:139708282242816   DEBUG: CRecentlyAddedJob::UpdateMusic() - Running RecentlyAdded home screen update
2020-08-28 03:33:10.949 T:139708282242816   DEBUG: GetRecentlyAddedAlbumSongs() query: SELECT songview.*, songartistview.* FROM (SELECT idAlbum FROM album ORDER BY idAlbum DESC LIMIT 10) AS recentalbums JOIN songview ON songview.idAlbum = recentalbums.idAlbum JOIN songartistview ON songview.idSong = songartistview.idSong ORDER BY songview.idAlbum DESC, songview.idSong, songartistview.idRole, songartistview.iOrder
2020-08-28 03:33:10.955 T:139709662390400  NOTICE: starting upnp server
2020-08-28 03:33:10.956 T:139708397856512   DEBUG: CZeroconfAvahi::doPublishService identifier: servers.webserver type: _http._tcp name:Kodi (jakermx-lab) port:8080
2020-08-28 03:33:10.956 T:139708397856512   DEBUG: CZeroconfAvahi::addService() named: Kodi (jakermx-lab) type: _http._tcp port:8080
2020-08-28 03:33:10.959 T:139708397856512   DEBUG: CZeroconfAvahi::doPublishService identifier: servers.jsonrpc-http type: _xbmc-jsonrpc-h._tcp name:Kodi (jakermx-lab) port:8080
2020-08-28 03:33:10.960 T:139708397856512   DEBUG: CZeroconfAvahi::addService() named: Kodi (jakermx-lab) type: _xbmc-jsonrpc-h._tcp port:8080
2020-08-28 03:33:10.967 T:139708282242816   DEBUG: GetRecentlyAddedAlbums query: SELECT albumview.*, albumartistview.* FROM (SELECT idAlbum FROM album WHERE strAlbum != '' ORDER BY idAlbum DESC LIMIT 10) AS recentalbums JOIN albumview ON albumview.idAlbum = recentalbums.idAlbum JOIN albumartistview ON albumview.idAlbum = albumartistview.idAlbum ORDER BY albumview.idAlbum desc, albumartistview.iOrder
2020-08-28 03:33:10.969 T:139708282242816   DEBUG: CRecentlyAddedJob::UpdateVideos() - Running RecentlyAdded home screen update
2020-08-28 03:33:10.976 T:139709662390400  NOTICE: starting upnp controller
2020-08-28 03:33:10.976 T:139708282242816   DEBUG: RunQuery took 1 ms for 0 items query: select * from movie_view  ORDER BY dateAdded desc, idMovie desc LIMIT 10
2020-08-28 03:33:10.978 T:139708282242816   DEBUG: RunQuery took 1 ms for 0 items query: select * from episode_view  ORDER BY dateAdded desc, idEpisode desc LIMIT 10
2020-08-28 03:33:10.979 T:139708282242816   DEBUG: RunQuery took 1 ms for 0 items query: select * from musicvideo_view  ORDER BY dateAdded desc, idMVideo desc LIMIT 10
2020-08-28 03:33:10.980 T:139708282242816   DEBUG: CRecentlyAddedJob::UpdateTotal() - Running RecentlyAdded home screen update
2020-08-28 03:33:10.982 T:139708282242816   DEBUG: GetArtistsByWhere query: SELECT COUNT(DISTINCT artistview.idArtist) FROM artistview  WHERE (EXISTS (SELECT 1 FROM song_artist WHERE song_artist.idArtist = artistview.idArtist AND song_artist.idRole = 1) OR EXISTS (SELECT 1 FROM album_artist WHERE album_artist.idArtist = artistview.idArtist)) AND (artistview.strArtist != '')
2020-08-28 03:33:10.983 T:139709662390400  NOTICE: starting upnp renderer
2020-08-28 03:33:10.994 T:139709662390400   ERROR: JSONRPC Server: Failed to connect to sdpd
2020-08-28 03:33:10.994 T:139709662390400    INFO: JSONRPC Server: Successfully initialized
2020-08-28 03:33:10.994 T:139708290635520   DEBUG: CZeroconfAvahi::doPublishService identifier: servers.jsonrpc-tpc type: _xbmc-jsonrpc._tcp name:Kodi (jakermx-lab) port:9090
2020-08-28 03:33:10.994 T:139708290635520   DEBUG: CZeroconfAvahi::addService() named: Kodi (jakermx-lab) type: _xbmc-jsonrpc._tcp port:9090
2020-08-28 03:33:10.998 T:139706645845760   DEBUG: Thread TCPServer start, auto delete: false
2020-08-28 03:33:10.998 T:139706654238464   DEBUG: Thread EventServer start, auto delete: false
2020-08-28 03:33:10.998 T:139706654238464  NOTICE: ES: Starting UDP Event server on port 9777
2020-08-28 03:33:10.999 T:139706654238464  NOTICE: UDP: Listening on port 9777 (ipv6 : true)
2020-08-28 03:33:10.999 T:139708282242816   DEBUG: CZeroconfAvahi::doPublishService identifier: servers.eventserver type: _xbmc-events._udp name:Kodi (jakermx-lab) port:9777
2020-08-28 03:33:11.000 T:139708282242816   DEBUG: CZeroconfAvahi::addService() named: Kodi (jakermx-lab) type: _xbmc-events._udp port:9777
2020-08-28 03:33:11.059 T:139707618940672   DEBUG: CPythonInvoker(0, /home/jakermx/.kodi/addons/service.xbmc.versioncheck/resources/lib/runner.py): start processing
2020-08-28 03:33:11.059 T:139707610547968   DEBUG: CPythonInvoker(1, /home/jakermx/.kodi/addons/script.cu.lrclyrics/default.py): start processing
2020-08-28 03:33:11.098 T:139709662390400   DEBUG: ------ Window Init () ------
2020-08-28 03:33:11.130 T:139708290635520    INFO: WEATHER: Downloading weather
2020-08-28 03:33:11.137 T:139706360657664   DEBUG: Thread LanguageInvoker start, auto delete: false
2020-08-28 03:33:11.137 T:139706360657664    INFO: initializing python engine.
2020-08-28 03:33:11.137 T:139706360657664   DEBUG: CPythonInvoker(2, /home/jakermx/.kodi/addons/weather.yahoo/default.py): start processing
2020-08-28 03:33:11.138 T:139707618940672   DEBUG: -->Python Interpreter Initialized<--
2020-08-28 03:33:11.138 T:139707618940672   DEBUG: CPythonInvoker(0, /home/jakermx/.kodi/addons/service.xbmc.versioncheck/resources/lib/runner.py): the source file to load is "/home/jakermx/.kodi/addons/service.xbmc.versioncheck/resources/lib/runner.py"
2020-08-28 03:33:11.138 T:139707618940672   DEBUG: CPythonInvoker(0, /home/jakermx/.kodi/addons/service.xbmc.versioncheck/resources/lib/runner.py): setting the Python path to /home/jakermx/.kodi/addons/service.xbmc.versioncheck/resources/lib:/usr/lib/python2.7:/usr/lib/python2.7/plat-x86_64-linux-gnu:/usr/lib/python2.7/lib-tk:/usr/lib/python2.7/lib-old:/usr/lib/python2.7/lib-dynload:/usr/local/lib/python2.7/dist-packages:/usr/lib/python2.7/dist-packages
2020-08-28 03:33:11.138 T:139707618940672   DEBUG: CPythonInvoker(0, /home/jakermx/.kodi/addons/service.xbmc.versioncheck/resources/lib/runner.py): entering source directory /home/jakermx/.kodi/addons/service.xbmc.versioncheck/resources/lib
2020-08-28 03:33:11.198 T:139707618940672   DEBUG: CPythonInvoker(0, /home/jakermx/.kodi/addons/service.xbmc.versioncheck/resources/lib/runner.py): instantiating addon using automatically obtained id of "service.xbmc.versioncheck" dependent on version 2.14.0 of the xbmc.python api
2020-08-28 03:33:11.406 T:139707618940672   DEBUG: CAddonSettings[service.xbmc.versioncheck]: loading setting definitions
2020-08-28 03:33:11.406 T:139707618940672   DEBUG: CAddonSettings[service.xbmc.versioncheck]: trying to load setting definitions from old format...
2020-08-28 03:33:11.407 T:139707618940672   DEBUG: Version Check: Version 0.5.6 started
2020-08-28 03:33:11.407 T:139707610547968   DEBUG: -->Python Interpreter Initialized<--
2020-08-28 03:33:11.407 T:139707610547968   DEBUG: CPythonInvoker(1, /home/jakermx/.kodi/addons/script.cu.lrclyrics/default.py): the source file to load is "/home/jakermx/.kodi/addons/script.cu.lrclyrics/default.py"
2020-08-28 03:33:11.407 T:139706360657664   DEBUG: -->Python Interpreter Initialized<--
2020-08-28 03:33:11.407 T:139706360657664   DEBUG: CPythonInvoker(2, /home/jakermx/.kodi/addons/weather.yahoo/default.py): the source file to load is "/home/jakermx/.kodi/addons/weather.yahoo/default.py"
2020-08-28 03:33:11.407 T:139707610547968   DEBUG: CPythonInvoker(1, /home/jakermx/.kodi/addons/script.cu.lrclyrics/default.py): setting the Python path to /home/jakermx/.kodi/addons/script.cu.lrclyrics:/home/jakermx/.kodi/addons/script.module.beautifulsoup4/lib:/home/jakermx/.kodi/addons/script.module.certifi/lib:/home/jakermx/.kodi/addons/script.module.chardet/lib:/home/jakermx/.kodi/addons/script.module.idna/lib:/home/jakermx/.kodi/addons/script.module.requests/lib:/home/jakermx/.kodi/addons/script.module.urllib3/lib:/usr/lib/python2.7:/usr/lib/python2.7/plat-x86_64-linux-gnu:/usr/lib/python2.7/lib-tk:/usr/lib/python2.7/lib-old:/usr/lib/python2.7/lib-dynload:/usr/local/lib/python2.7/dist-packages:/usr/lib/python2.7/dist-packages
2020-08-28 03:33:11.407 T:139707610547968   DEBUG: CPythonInvoker(1, /home/jakermx/.kodi/addons/script.cu.lrclyrics/default.py): entering source directory /home/jakermx/.kodi/addons/script.cu.lrclyrics
2020-08-28 03:33:11.407 T:139706360657664   DEBUG: CPythonInvoker(2, /home/jakermx/.kodi/addons/weather.yahoo/default.py): setting the Python path to /home/jakermx/.kodi/addons/weather.yahoo:/home/jakermx/.kodi/addons/script.module.certifi/lib:/home/jakermx/.kodi/addons/script.module.chardet/lib:/home/jakermx/.kodi/addons/script.module.idna/lib:/home/jakermx/.kodi/addons/script.module.requests/lib:/home/jakermx/.kodi/addons/script.module.urllib3/lib:/usr/lib/python2.7:/usr/lib/python2.7/plat-x86_64-linux-gnu:/usr/lib/python2.7/lib-tk:/usr/lib/python2.7/lib-old:/usr/lib/python2.7/lib-dynload:/usr/local/lib/python2.7/dist-packages:/usr/lib/python2.7/dist-packages
2020-08-28 03:33:11.407 T:139706360657664   DEBUG: CPythonInvoker(2, /home/jakermx/.kodi/addons/weather.yahoo/default.py): entering source directory /home/jakermx/.kodi/addons/weather.yahoo
2020-08-28 03:33:11.407 T:139707610547968   DEBUG: CPythonInvoker(1, /home/jakermx/.kodi/addons/script.cu.lrclyrics/default.py): instantiating addon using automatically obtained id of "script.cu.lrclyrics" dependent on version 2.25.0 of the xbmc.python api
2020-08-28 03:33:11.416 T:139709662390400   DEBUG: LogindUPowerSyscall - Received unknown signal NameAcquired
2020-08-28 03:33:11.488 T:139706360657664   DEBUG: CPythonInvoker(2, /home/jakermx/.kodi/addons/weather.yahoo/default.py): instantiating addon using automatically obtained id of "weather.yahoo" dependent on version 2.25.0 of the xbmc.python api
2020-08-28 03:33:11.693 T:139707610547968   DEBUG: CAddonSettings[script.cu.lrclyrics]: loading setting definitions
2020-08-28 03:33:11.693 T:139707610547968   DEBUG: CAddonSettings[script.cu.lrclyrics]: trying to load setting definitions from old format...
2020-08-28 03:33:11.693 T:139707610547968   DEBUG: CAddonSettings[script.cu.lrclyrics]: loading setting values
2020-08-28 03:33:11.694 T:139707610547968   DEBUG: script.cu.lrclyrics: script version 5.7.4 started
2020-08-28 03:33:11.694 T:139707610547968   DEBUG: script.cu.lrclyrics: mode is service
2020-08-28 03:33:11.780 T:139707602155264   DEBUG: CZeroconfAvahi::groupCallback: Service successfully established
2020-08-28 03:33:12.137 T:139706360657664   DEBUG: Previous line repeats 3 times.
2020-08-28 03:33:12.137 T:139706360657664   DEBUG: CAddonSettings[weather.yahoo]: loading setting definitions
2020-08-28 03:33:12.137 T:139706360657664   DEBUG: CAddonSettings[weather.yahoo]: trying to load setting definitions from old format...
2020-08-28 03:33:12.138 T:139706360657664   DEBUG: CAddonSettings[weather.yahoo]: loading setting values
2020-08-28 03:33:12.409 T:139706687809280   DEBUG: Received request to serve unknown md5 ''
2020-08-28 03:33:12.583 T:139706360657664    INFO: CPythonInvoker(2, /home/jakermx/.kodi/addons/weather.yahoo/default.py): script successfully run
2020-08-28 03:33:12.583 T:139706360657664   DEBUG: onExecutionDone(2, /home/jakermx/.kodi/addons/weather.yahoo/default.py)
2020-08-28 03:33:12.616 T:139706360657664    INFO: Python interpreter stopped
2020-08-28 03:33:12.616 T:139706360657664   DEBUG: Thread LanguageInvoker 139706360657664 terminating
2020-08-28 03:33:12.640 T:139708290635520   DEBUG: POParser: loaded 130 weather tokens
2020-08-28 03:33:14.636 T:139709662390400   DEBUG: ------ Window Init (Pointer.xml) ------
2020-08-28 03:33:15.718 T:139709662390400   DEBUG: ProcessMouse: trying mouse action leftclick
2020-08-28 03:33:15.719 T:139709662390400   DEBUG: Activating window ID: 10502
2020-08-28 03:33:16.032 T:139709662390400   DEBUG: ------ Window Deinit (Home.xml) ------
2020-08-28 03:33:16.033 T:139709662390400   DEBUG: FreeVisualisation() done
2020-08-28 03:33:16.036 T:139709662390400   DEBUG: ------ Window Init (MyMusicNav.xml) ------
2020-08-28 03:33:16.036 T:139709662390400    INFO: Loading skin file: MyMusicNav.xml, load type: KEEP_IN_MEMORY
2020-08-28 03:33:16.073 T:139709662390400   DEBUG: CGUIMediaWindow::GetDirectory (musicdb://recentlyaddedalbums/1/)
2020-08-28 03:33:16.073 T:139709662390400   DEBUG:   ParentPath = []
2020-08-28 03:33:16.075 T:139709662390400   DEBUG: GetSongsFullByWhere query = SELECT songview.*, songartistview.* FROM songview JOIN songartistview ON songartistview.idsong = songview.idsong  WHERE songview.idAlbum = 1 ORDER BY songartistview.idsong, songartistview.idRole, songartistview.iOrder
2020-08-28 03:33:16.076 T:139709662390400   DEBUG: GetSongsFullByWhere() - took 1 ms
2020-08-28 03:33:16.077 T:139709662390400   DEBUG: Custom album format = [%B]
2020-08-28 03:33:16.081 T:139706360657664   DEBUG: Previous line repeats 1 times.
2020-08-28 03:33:16.081 T:139706360657664   DEBUG: Thread BackgroundLoader start, auto delete: false
2020-08-28 03:33:16.085 T:139706360657664   DEBUG: Thread BackgroundLoader 139706360657664 terminating
2020-08-28 03:33:16.418 T:139707618940672   DEBUG: Version Check: Version installed {u'major': 18, u'tag': u'stable', u'minor': 8, u'revision': u'20200728-45686bddb1'}
2020-08-28 03:33:16.418 T:139707618940672   DEBUG: Version Check: Version available  {u'major': u'18', u'extrainfo': u'final', u'tagversion': u'', u'tag': u'stable', u'addon_support': u'yes', u'minor': u'8', u'revision': u'20200727-45686bddb1'}
2020-08-28 03:33:16.418 T:139707618940672   DEBUG: Version Check: There is no newer stable available
2020-08-28 03:33:16.418 T:139707618940672    INFO: CPythonInvoker(0, /home/jakermx/.kodi/addons/service.xbmc.versioncheck/resources/lib/runner.py): script successfully run
2020-08-28 03:33:16.418 T:139707618940672   DEBUG: onExecutionDone(0, /home/jakermx/.kodi/addons/service.xbmc.versioncheck/resources/lib/runner.py)
2020-08-28 03:33:16.443 T:139707618940672    INFO: Python interpreter stopped
2020-08-28 03:33:16.443 T:139707618940672   DEBUG: Thread LanguageInvoker 139707618940672 terminating
2020-08-28 03:33:19.149 T:139709662390400   DEBUG: ProcessMouse: trying mouse action leftclick
2020-08-28 03:33:19.150 T:139709662390400   DEBUG: GetArtist(SELECT idArtist, strArtist, strSortName, strMusicBrainzArtistID, strType, strGender, strDisambiguation, strBorn, strFormed, strGenres,strMoods, strStyles, strInstruments, strBiography, strDied, strDisbanded, strYearsActive, strImage, strFanart, bScrapedMBID, lastScraped, '' AS dateAdded FROM artist WHERE idArtist = 2) - took 0 ms
2020-08-28 03:33:19.150 T:139709662390400   DEBUG: SELECT albumview.*,albumartistview.*  FROM albumview  JOIN albumartistview ON albumview.idAlbum = albumartistview.idAlbum  WHERE albumview.idAlbum = 1  ORDER BY albumartistview.iOrder
2020-08-28 03:33:19.153 T:139709662390400   DEBUG: CPlayerCoreFactory::GetPlayers(smb://192.168.0.5/Share/Music/Sepultura/Chaos A.D/11 The Hunt.mp3)
2020-08-28 03:33:19.153 T:139709662390400   DEBUG: CPlayerSelectionRule::GetPlayers: considering rule: system rules
2020-08-28 03:33:19.153 T:139709662390400   DEBUG: CPlayerSelectionRule::GetPlayers: matches rule: system rules
2020-08-28 03:33:19.153 T:139709662390400   DEBUG: CPlayerSelectionRule::GetPlayers: considering rule: mms/udp
2020-08-28 03:33:19.153 T:139709662390400   DEBUG: CPlayerSelectionRule::GetPlayers: considering rule: lastfm/shout
2020-08-28 03:33:19.153 T:139709662390400   DEBUG: CPlayerSelectionRule::GetPlayers: considering rule: rtmp
2020-08-28 03:33:19.153 T:139709662390400   DEBUG: CPlayerSelectionRule::GetPlayers: considering rule: rtsp
2020-08-28 03:33:19.153 T:139709662390400   DEBUG: CPlayerSelectionRule::GetPlayers: considering rule: streams
2020-08-28 03:33:19.153 T:139709662390400   DEBUG: CPlayerSelectionRule::GetPlayers: considering rule: dvd
2020-08-28 03:33:19.153 T:139709662390400   DEBUG: CPlayerSelectionRule::GetPlayers: considering rule: dvdimage
2020-08-28 03:33:19.153 T:139709662390400   DEBUG: CPlayerSelectionRule::GetPlayers: considering rule: sdp/asf
2020-08-28 03:33:19.153 T:139709662390400   DEBUG: CPlayerSelectionRule::GetPlayers: considering rule: nsv
2020-08-28 03:33:19.153 T:139709662390400   DEBUG: CPlayerSelectionRule::GetPlayers: considering rule: radio
2020-08-28 03:33:19.154 T:139709662390400   DEBUG: CPlayerCoreFactory::GetPlayers: matched 0 rules with players
2020-08-28 03:33:19.154 T:139709662390400   DEBUG: CPlayerCoreFactory::GetPlayers: adding audiodefaultplayer (PAPlayer)
2020-08-28 03:33:19.154 T:139709662390400   DEBUG: CPlayerCoreFactory::GetPlayers: for video=0, audio=1
2020-08-28 03:33:19.154 T:139709662390400   DEBUG: CPlayerCoreFactory::GetPlayers: for video=1, audio=1
2020-08-28 03:33:19.154 T:139709662390400   DEBUG: CPlayerCoreFactory::GetPlayers: adding player: VideoPlayer
2020-08-28 03:33:19.154 T:139709662390400   DEBUG: CPlayerCoreFactory::GetPlayers: added 2 players
2020-08-28 03:33:19.156 T:139709662390400   DEBUG: OnPlayBackStarted: CApplication::OnPlayBackStarted
2020-08-28 03:33:19.156 T:139707618940672   DEBUG: Thread PAPlayer start, auto delete: false
2020-08-28 03:33:19.156 T:139707618940672   DEBUG: PAPlayer::Process - Playback started
2020-08-28 03:33:19.166 T:139709662390400   DEBUG: CMusicGUIInfo::InitCurrentItem(musicdb://recentlyaddedalbums/1/11.mp3?albumid=1)
2020-08-28 03:33:19.169 T:139709662390400   DEBUG: GetArtist(SELECT idArtist, strArtist, strSortName, strMusicBrainzArtistID, strType, strGender, strDisambiguation, strBorn, strFormed, strGenres,strMoods, strStyles, strInstruments, strBiography, strDied, strDisbanded, strYearsActive, strImage, strFanart, bScrapedMBID, lastScraped, '' AS dateAdded FROM artist WHERE idArtist = 2) - took 0 ms
2020-08-28 03:33:19.169 T:139709662390400   DEBUG: SELECT albumview.*,albumartistview.*  FROM albumview  JOIN albumartistview ON albumview.idAlbum = albumartistview.idAlbum  WHERE albumview.idAlbum = 1  ORDER BY albumartistview.iOrder
2020-08-28 03:33:19.170 T:139709662390400   DEBUG: Loading additional tag info for file smb://192.168.0.5/Share/Music/Sepultura/Chaos A.D/11 The Hunt.mp3
2020-08-28 03:33:19.246 T:139708282242816   DEBUG: CSMBFile::Open - opened smb://USERNAME:PASSWORD@192.168.0.5/Share/Music/Sepultura/Chaos A.D/11 The Hunt.mp3, fd=10000
2020-08-28 03:33:19.258 T:139709662390400   DEBUG: CSMBFile::Open - opened smb://USERNAME:PASSWORD@192.168.0.5/Share/Music/Sepultura/Chaos A.D/11 The Hunt.mp3, fd=10001
2020-08-28 03:33:19.297 T:139708282242816   DEBUG: Open - probing detected format [mp3]
2020-08-28 03:33:19.297 T:139708282242816   DEBUG: Open - setting usetoc to 0 for accurate VBR MP3 seek
2020-08-28 03:33:19.299 T:139708282242816   DEBUG: Open - avformat_find_stream_info starting
2020-08-28 03:33:19.318 T:139708282242816   DEBUG: ffmpeg[7F105E890700]: [mp3] Estimating duration from bitrate, this may be inaccurate
2020-08-28 03:33:19.318 T:139708282242816   DEBUG: Open - av_find_stream_info finished
2020-08-28 03:33:19.318 T:139708282242816   DEBUG: CDVDDemuxFFmpeg::AddStream ID: 0
2020-08-28 03:33:19.320 T:139708282242816  NOTICE: CDVDAudioCodecFFmpeg::Open() Successful opened audio decoder mp3float
2020-08-28 03:33:19.347 T:139708282242816   DEBUG: CSMBFile::Open - opened smb://USERNAME:PASSWORD@192.168.0.5/Share/Music/Sepultura/Chaos A.D/11 The Hunt.mp3, fd=10002
2020-08-28 03:33:19.359 T:139709662390400   DEBUG: unrecognized ID3 frame detected: MCDI
2020-08-28 03:33:19.359 T:139709662390400   DEBUG: unrecognized ID3 frame detected: PRIV
2020-08-28 03:33:19.359 T:139709662390400   DEBUG: unrecognized ID3 frame detected: TLEN
2020-08-28 03:33:19.359 T:139709662390400   DEBUG: CSMBFile::Close closing fd 10001
2020-08-28 03:33:19.376 T:139709662390400   DEBUG: CPlayerGUIInfo::InitCurrentItem(musicdb://recentlyaddedalbums/1/11.mp3?albumid=1)
2020-08-28 03:33:19.376 T:139709157709568   DEBUG: UPnP: Building didl for object 'musicdb://recentlyaddedalbums/1/11.mp3?albumid=1'
2020-08-28 03:33:19.411 T:139708282242816   DEBUG: unrecognized ID3 frame detected: MCDI
2020-08-28 03:33:19.411 T:139708282242816   DEBUG: unrecognized ID3 frame detected: PRIV
2020-08-28 03:33:19.411 T:139708282242816   DEBUG: unrecognized ID3 frame detected: TLEN
2020-08-28 03:33:19.411 T:139708282242816   DEBUG: CSMBFile::Close closing fd 10002
2020-08-28 03:33:19.415 T:139708282242816   DEBUG: SeekTime - seek ended up on time 0
2020-08-28 03:33:19.476 T:139709662390400   DEBUG: Previous line repeats 1 times.
2020-08-28 03:33:19.476 T:139709662390400   DEBUG: ------ Window Init (DialogBusy.xml) ------
2020-08-28 03:33:19.478 T:139709662390400   DEBUG: ProcessMouse: trying mouse action doubleclick
2020-08-28 03:33:19.506 T:139708282242816    INFO: AudioDecoder: File is queued
2020-08-28 03:33:19.508 T:139708282242816   DEBUG: AudioDecoder::GetReplayGain - Final Replaygain applied: 1.000000, Track/Album Gain 89.000000, Peak 1.000000
2020-08-28 03:33:19.508 T:139709140924160   DEBUG: CActiveAE::ClearDiscardedBuffers - buffer pool deleted
2020-08-28 03:33:19.534 T:139708282242816    INFO: PAPlayer::PrepareStream - Ready
2020-08-28 03:33:19.541 T:139707618940672   DEBUG: OnAVStarted: CApplication::OnAVStarted
2020-08-28 03:33:19.567 T:139709662390400   DEBUG: ------ Window Deinit (DialogBusy.xml) ------
2020-08-28 03:33:21.601 T:139709662390400   DEBUG: ProcessMouse: trying mouse action leftclick
2020-08-28 03:33:21.601 T:139709662390400   DEBUG: Activating window ID: 12006
2020-08-28 03:33:21.931 T:139709662390400   DEBUG: ------ Window Deinit (MyMusicNav.xml) ------
2020-08-28 03:33:21.931 T:139709662390400   DEBUG: FreeVisualisation() done
2020-08-28 03:33:21.932 T:139709662390400   DEBUG: ------ Window Init (MusicVisualisation.xml) ------
2020-08-28 03:33:21.932 T:139709662390400    INFO: Loading skin file: MusicVisualisation.xml, load type: KEEP_IN_MEMORY
2020-08-28 03:33:21.935 T:139709662390400   DEBUG: ------ Window Init (MusicOSD.xml) ------
2020-08-28 03:33:21.935 T:139709662390400    INFO: Loading skin file: MusicOSD.xml, load type: KEEP_IN_MEMORY
2020-08-28 03:33:21.945 T:139709662390400   DEBUG: FreeVisualisation() done
2020-08-28 03:33:21.945 T:139709662390400   ERROR: CBinaryAddonManager::GetInstalledAddonInfo: Requested addon '' unknown as binary
2020-08-28 03:33:21.946 T:139709662390400   DEBUG: ------ Window Init (DialogSeekBar.xml) ------
2020-08-28 03:33:21.951 T:139709662390400   DEBUG: ------ Window Init (DialogNotification.xml) ------
2020-08-28 03:33:21.951 T:139707610547968   DEBUG: script.cu.lrclyrics: Current Song: Sepultura - The Hunt
2020-08-28 03:33:21.951 T:139707610547968   DEBUG: script.cu.lrclyrics: searching memory for lyrics
2020-08-28 03:33:21.952 T:139709662390400   DEBUG: ------ Window Init (Custom_1109_TopBarOverlay.xml) ------
2020-08-28 03:33:21.980 T:139707610547968   DEBUG: script.cu.lrclyrics: searching for embedded lrc lyrics
2020-08-28 03:33:21.985 T:139707610547968   DEBUG: CSMBFile::Open - opened smb://USERNAME:PASSWORD@192.168.0.5/Share/Music/Sepultura/Chaos A.D/11 The Hunt.mp3, fd=10002
2020-08-28 03:33:22.010 T:139707610547968   DEBUG: CSMBFile::Close closing fd 10002
2020-08-28 03:33:22.015 T:139707610547968   DEBUG: CSMBFile::Open - opened smb://USERNAME:PASSWORD@192.168.0.5/Share/Music/Sepultura/Chaos A.D/11 The Hunt.mp3, fd=10002
2020-08-28 03:33:22.038 T:139707610547968   DEBUG: CSMBFile::Close closing fd 10002
2020-08-28 03:33:22.043 T:139707610547968   DEBUG: CSMBFile::Open - opened smb://USERNAME:PASSWORD@192.168.0.5/Share/Music/Sepultura/Chaos A.D/11 The Hunt.mp3, fd=10002
2020-08-28 03:33:22.052 T:139707610547968   DEBUG: CSMBFile::Close closing fd 10002
2020-08-28 03:33:22.065 T:139707610547968   DEBUG: script.cu.lrclyrics: searching files for lyrics
2020-08-28 03:33:22.068 T:139707610547968   DEBUG: script.cu.lrclyrics: found lrc lyrics from file
2020-08-28 03:33:22.115 T:139709662390400   DEBUG: ------ Window Init (/home/jakermx/.kodi/addons/script.cu.lrclyrics/resources/skins/Default/1080i/script-cu-lrclyrics-main.xml) ------
2020-08-28 03:33:22.115 T:139709662390400    INFO: Loading skin file: /home/jakermx/.kodi/addons/script.cu.lrclyrics/resources/skins/Default/1080i/script-cu-lrclyrics-main.xml, load type: LOAD_ON_GUI_INIT
2020-08-28 03:33:22.121 T:139709662390400   DEBUG: [Warning] CGUITextureManager::GetTexturePath: could not find texture '-'
2020-08-28 03:33:22.153 T:139709662390400   DEBUG: Previous line repeats 5 times.
2020-08-28 03:33:22.153 T:139709662390400   DEBUG: ------ Window Deinit (MusicOSD.xml) ------
2020-08-28 03:33:22.186 T:139707610547968   DEBUG: script.cu.lrclyrics: Next Song: Sepultura - Clenched Fist
2020-08-28 03:33:22.186 T:139707610547968   DEBUG: script.cu.lrclyrics: searching memory for lyrics
2020-08-28 03:33:22.215 T:139707610547968   DEBUG: script.cu.lrclyrics: searching for embedded lrc lyrics
2020-08-28 03:33:22.216 T:139709662390400   DEBUG: [Warning] CGUITextureManager::GetTexturePath: could not find texture '-'
2020-08-28 03:33:22.220 T:139707610547968   DEBUG: CSMBFile::Open - opened smb://USERNAME:PASSWORD@192.168.0.5/Share/Music/Sepultura/Chaos A.D/12 Clenched Fist.mp3, fd=10002
2020-08-28 03:33:22.246 T:139707610547968   DEBUG: CSMBFile::Close closing fd 10002
2020-08-28 03:33:22.251 T:139707610547968   DEBUG: CSMBFile::Open - opened smb://USERNAME:PASSWORD@192.168.0.5/Share/Music/Sepultura/Chaos A.D/12 Clenched Fist.mp3, fd=10002
2020-08-28 03:33:22.274 T:139707610547968   DEBUG: CSMBFile::Close closing fd 10002
2020-08-28 03:33:22.279 T:139707610547968   DEBUG: CSMBFile::Open - opened smb://USERNAME:PASSWORD@192.168.0.5/Share/Music/Sepultura/Chaos A.D/12 Clenched Fist.mp3, fd=10002
2020-08-28 03:33:22.287 T:139707610547968   DEBUG: CSMBFile::Close closing fd 10002
2020-08-28 03:33:22.297 T:139707610547968   DEBUG: script.cu.lrclyrics: searching files for lyrics
2020-08-28 03:33:22.314 T:139707610547968   DEBUG: script.cu.lrclyrics: MiniLyrics: searching lyrics for Sepultura - Clenched Fist
2020-08-28 03:33:22.615 T:139707610547968   DEBUG: script.cu.lrclyrics: TTPlayer: searching lyrics for Sepultura - Clenched Fist
2020-08-28 03:33:22.682 T:139709662390400   DEBUG: [Warning] CGUITextureManager::GetTexturePath: could not find texture '-'
2020-08-28 03:33:22.798 T:139709662390400   DEBUG: Activating window ID: 10120
2020-08-28 03:33:22.798 T:139709662390400   DEBUG: ------ Window Init (MusicOSD.xml) ------
2020-08-28 03:33:22.799 T:139709662390400   DEBUG: [Warning] CGUITextureManager::GetTexturePath: could not find texture '-'
2020-08-28 03:33:24.715 T:139709662390400   DEBUG: ------ Window Deinit (DialogNotification.xml) ------
2020-08-28 03:33:25.348 T:139709662390400   DEBUG: ProcessMouse: trying mouse action leftclick
2020-08-28 03:33:25.356 T:139707618940672   DEBUG: SeekTime - seek ended up on time 0
2020-08-28 03:33:26.916 T:139709662390400   DEBUG: ProcessMouse: trying mouse action leftclick
2020-08-28 03:33:26.916 T:139709662390400   DEBUG: CPlayerCoreFactory::GetPlayers(smb://192.168.0.5/Share/Music/Sepultura/Chaos A.D/10 Manifest.mp3)
2020-08-28 03:33:26.917 T:139709662390400   DEBUG: CPlayerSelectionRule::GetPlayers: considering rule: system rules
2020-08-28 03:33:26.917 T:139709662390400   DEBUG: CPlayerSelectionRule::GetPlayers: matches rule: system rules
2020-08-28 03:33:26.917 T:139709662390400   DEBUG: CPlayerSelectionRule::GetPlayers: considering rule: mms/udp
2020-08-28 03:33:26.917 T:139709662390400   DEBUG: CPlayerSelectionRule::GetPlayers: considering rule: lastfm/shout
2020-08-28 03:33:26.917 T:139709662390400   DEBUG: CPlayerSelectionRule::GetPlayers: considering rule: rtmp
2020-08-28 03:33:26.917 T:139709662390400   DEBUG: CPlayerSelectionRule::GetPlayers: considering rule: rtsp
2020-08-28 03:33:26.917 T:139709662390400   DEBUG: CPlayerSelectionRule::GetPlayers: considering rule: streams
2020-08-28 03:33:26.917 T:139709662390400   DEBUG: CPlayerSelectionRule::GetPlayers: considering rule: dvd
2020-08-28 03:33:26.917 T:139709662390400   DEBUG: CPlayerSelectionRule::GetPlayers: considering rule: dvdimage
2020-08-28 03:33:26.917 T:139709662390400   DEBUG: CPlayerSelectionRule::GetPlayers: considering rule: sdp/asf
2020-08-28 03:33:26.917 T:139709662390400   DEBUG: CPlayerSelectionRule::GetPlayers: considering rule: nsv
2020-08-28 03:33:26.917 T:139709662390400   DEBUG: CPlayerSelectionRule::GetPlayers: considering rule: radio
2020-08-28 03:33:26.917 T:139709662390400   DEBUG: CPlayerCoreFactory::GetPlayers: matched 0 rules with players
2020-08-28 03:33:26.917 T:139709662390400   DEBUG: CPlayerCoreFactory::GetPlayers: adding audiodefaultplayer (PAPlayer)
2020-08-28 03:33:26.917 T:139709662390400   DEBUG: CPlayerCoreFactory::GetPlayers: for video=0, audio=1
2020-08-28 03:33:26.917 T:139709662390400   DEBUG: CPlayerCoreFactory::GetPlayers: for video=1, audio=1
2020-08-28 03:33:26.917 T:139709662390400   DEBUG: CPlayerCoreFactory::GetPlayers: adding player: VideoPlayer
2020-08-28 03:33:26.917 T:139709662390400   DEBUG: CPlayerCoreFactory::GetPlayers: added 2 players
2020-08-28 03:33:26.975 T:139707618940672   DEBUG: CSMBFile::Close closing fd 10000
2020-08-28 03:33:26.998 T:139709140924160   DEBUG: CActiveAE::DiscardStream - audio stream deleted
2020-08-28 03:33:26.998 T:139708397856512   DEBUG: DoWork - Saving file state for audio item musicdb://recentlyaddedalbums/1/11.mp3?albumid=1
2020-08-28 03:33:26.998 T:139709140924160   DEBUG: CActiveAE::ClearDiscardedBuffers - buffer pool deleted
2020-08-28 03:33:26.998 T:139707618940672   DEBUG: Previous line repeats 1 times.
2020-08-28 03:33:26.998 T:139707618940672   DEBUG: OnPlayBackStopped: CApplication::OnPlayBackStopped
2020-08-28 03:33:26.998 T:139707618940672   DEBUG: Thread PAPlayer 139707618940672 terminating
2020-08-28 03:33:27.000 T:139709662390400   DEBUG: FreeVisualisation() started
2020-08-28 03:33:27.001 T:139709662390400   DEBUG: FreeVisualisation() done
2020-08-28 03:33:27.007 T:139709662390400   DEBUG: OnPlayBackStarted: CApplication::OnPlayBackStarted
2020-08-28 03:33:27.007 T:139707618940672   DEBUG: Thread PAPlayer start, auto delete: false
2020-08-28 03:33:27.007 T:139707618940672   DEBUG: PAPlayer::Process - Playback started
2020-08-28 03:33:27.007 T:139709662390400   DEBUG: CMusicGUIInfo::InitCurrentItem(musicdb://recentlyaddedalbums/1/10.mp3?albumid=1)
2020-08-28 03:33:27.011 T:139708397856512   DEBUG: CSMBFile::Open - opened smb://USERNAME:PASSWORD@192.168.0.5/Share/Music/Sepultura/Chaos A.D/10 Manifest.mp3, fd=10000
2020-08-28 03:33:27.012 T:139709662390400   DEBUG: GetArtist(SELECT idArtist, strArtist, strSortName, strMusicBrainzArtistID, strType, strGender, strDisambiguation, strBorn, strFormed, strGenres,strMoods, strStyles, strInstruments, strBiography, strDied, strDisbanded, strYearsActive, strImage, strFanart, bScrapedMBID, lastScraped, '' AS dateAdded FROM artist WHERE idArtist = 2) - took 0 ms
2020-08-28 03:33:27.012 T:139709662390400   DEBUG: SELECT albumview.*,albumartistview.*  FROM albumview  JOIN albumartistview ON albumview.idAlbum = albumartistview.idAlbum  WHERE albumview.idAlbum = 1  ORDER BY albumartistview.iOrder
2020-08-28 03:33:27.013 T:139709662390400   DEBUG: Loading additional tag info for file smb://192.168.0.5/Share/Music/Sepultura/Chaos A.D/10 Manifest.mp3
2020-08-28 03:33:27.019 T:139709662390400   DEBUG: CSMBFile::Open - opened smb://USERNAME:PASSWORD@192.168.0.5/Share/Music/Sepultura/Chaos A.D/10 Manifest.mp3, fd=10002
2020-08-28 03:33:27.038 T:139708397856512   DEBUG: Open - probing detected format [mp3]
2020-08-28 03:33:27.038 T:139708397856512   DEBUG: Open - setting usetoc to 0 for accurate VBR MP3 seek
2020-08-28 03:33:27.038 T:139708397856512   DEBUG: Open - avformat_find_stream_info starting
2020-08-28 03:33:27.039 T:139708397856512   DEBUG: ffmpeg[7F10656D2700]: [mp3] Estimating duration from bitrate, this may be inaccurate
2020-08-28 03:33:27.039 T:139708397856512   DEBUG: Open - av_find_stream_info finished
2020-08-28 03:33:27.039 T:139708397856512   DEBUG: CDVDDemuxFFmpeg::AddStream ID: 0
2020-08-28 03:33:27.039 T:139708397856512  NOTICE: CDVDAudioCodecFFmpeg::Open() Successful opened audio decoder mp3float
2020-08-28 03:33:27.067 T:139708397856512   DEBUG: CSMBFile::Open - opened smb://USERNAME:PASSWORD@192.168.0.5/Share/Music/Sepultura/Chaos A.D/10 Manifest.mp3, fd=10001
2020-08-28 03:33:27.116 T:139709662390400   DEBUG: unrecognized ID3 frame detected: MCDI
2020-08-28 03:33:27.116 T:139709662390400   DEBUG: unrecognized ID3 frame detected: PRIV
2020-08-28 03:33:27.116 T:139709662390400   DEBUG: unrecognized ID3 frame detected: TLEN
2020-08-28 03:33:27.116 T:139709662390400   DEBUG: CSMBFile::Close closing fd 10002
2020-08-28 03:33:27.132 T:139709662390400   DEBUG: CPlayerGUIInfo::InitCurrentItem(musicdb://recentlyaddedalbums/1/10.mp3?albumid=1)
2020-08-28 03:33:27.133 T:139709157709568   DEBUG: UPnP: Building didl for object 'musicdb://recentlyaddedalbums/1/10.mp3?albumid=1'
2020-08-28 03:33:27.136 T:139708397856512   DEBUG: unrecognized ID3 frame detected: MCDI
2020-08-28 03:33:27.136 T:139708397856512   DEBUG: unrecognized ID3 frame detected: PRIV
2020-08-28 03:33:27.136 T:139708397856512   DEBUG: unrecognized ID3 frame detected: TLEN
2020-08-28 03:33:27.136 T:139708397856512   DEBUG: CSMBFile::Close closing fd 10001
2020-08-28 03:33:27.138 T:139708397856512   DEBUG: SeekTime - seek ended up on time 0
2020-08-28 03:33:27.178 T:139709140924160   DEBUG: Previous line repeats 1 times.
2020-08-28 03:33:27.178 T:139709140924160   DEBUG: CActiveAE::ClearDiscardedBuffers - buffer pool deleted
2020-08-28 03:33:27.229 T:139708397856512    INFO: AudioDecoder: File is queued
2020-08-28 03:33:27.231 T:139708397856512   DEBUG: AudioDecoder::GetReplayGain - Final Replaygain applied: 1.000000, Track/Album Gain 89.000000, Peak 1.000000
2020-08-28 03:33:27.231 T:139709140924160   DEBUG: CActiveAE::ClearDiscardedBuffers - buffer pool deleted
2020-08-28 03:33:27.233 T:139709662390400   DEBUG: ------ Window Init (DialogBusy.xml) ------
2020-08-28 03:33:27.234 T:139709662390400   ERROR: CBinaryAddonManager::GetInstalledAddonInfo: Requested addon '' unknown as binary
2020-08-28 03:33:27.240 T:139709662390400   DEBUG: ProcessMouse: trying mouse action doubleclick
2020-08-28 03:33:27.253 T:139708397856512    INFO: PAPlayer::PrepareStream - Ready
2020-08-28 03:33:27.259 T:139707618940672   DEBUG: OnAVStarted: CApplication::OnAVStarted
