2020-08-28 03:33:27.277 T:139709662390400   DEBUG: ------ Window Deinit (DialogBusy.xml) ------
2020-08-28 03:33:28.483 T:139709662390400   DEBUG: ProcessMouse: trying mouse action leftclick
2020-08-28 03:33:28.483 T:139709662390400   DEBUG: CPlayerCoreFactory::GetPlayers(smb://192.168.0.5/Share/Music/Sepultura/Chaos A.D/09 We Who Are Not as Others.mp3)
2020-08-28 03:33:28.483 T:139709662390400   DEBUG: CPlayerSelectionRule::GetPlayers: considering rule: system rules
2020-08-28 03:33:28.483 T:139709662390400   DEBUG: CPlayerSelectionRule::GetPlayers: matches rule: system rules
2020-08-28 03:33:28.483 T:139709662390400   DEBUG: CPlayerSelectionRule::GetPlayers: considering rule: mms/udp
2020-08-28 03:33:28.483 T:139709662390400   DEBUG: CPlayerSelectionRule::GetPlayers: considering rule: lastfm/shout
2020-08-28 03:33:28.483 T:139709662390400   DEBUG: CPlayerSelectionRule::GetPlayers: considering rule: rtmp
2020-08-28 03:33:28.483 T:139709662390400   DEBUG: CPlayerSelectionRule::GetPlayers: considering rule: rtsp
2020-08-28 03:33:28.483 T:139709662390400   DEBUG: CPlayerSelectionRule::GetPlayers: considering rule: streams
2020-08-28 03:33:28.483 T:139709662390400   DEBUG: CPlayerSelectionRule::GetPlayers: considering rule: dvd
2020-08-28 03:33:28.483 T:139709662390400   DEBUG: CPlayerSelectionRule::GetPlayers: considering rule: dvdimage
2020-08-28 03:33:28.483 T:139709662390400   DEBUG: CPlayerSelectionRule::GetPlayers: considering rule: sdp/asf
2020-08-28 03:33:28.483 T:139709662390400   DEBUG: CPlayerSelectionRule::GetPlayers: considering rule: nsv
2020-08-28 03:33:28.483 T:139709662390400   DEBUG: CPlayerSelectionRule::GetPlayers: considering rule: radio
2020-08-28 03:33:28.483 T:139709662390400   DEBUG: CPlayerCoreFactory::GetPlayers: matched 0 rules with players
2020-08-28 03:33:28.483 T:139709662390400   DEBUG: CPlayerCoreFactory::GetPlayers: adding audiodefaultplayer (PAPlayer)
2020-08-28 03:33:28.483 T:139709662390400   DEBUG: CPlayerCoreFactory::GetPlayers: for video=0, audio=1
2020-08-28 03:33:28.483 T:139709662390400   DEBUG: CPlayerCoreFactory::GetPlayers: for video=1, audio=1
2020-08-28 03:33:28.483 T:139709662390400   DEBUG: CPlayerCoreFactory::GetPlayers: adding player: VideoPlayer
2020-08-28 03:33:28.483 T:139709662390400   DEBUG: CPlayerCoreFactory::GetPlayers: added 2 players
2020-08-28 03:33:28.570 T:139709140924160   DEBUG: CActiveAE::DiscardStream - audio stream deleted
2020-08-28 03:33:28.570 T:139708397856512   DEBUG: DoWork - Saving file state for audio item musicdb://recentlyaddedalbums/1/10.mp3?albumid=1
2020-08-28 03:33:28.571 T:139709140924160   DEBUG: CActiveAE::ClearDiscardedBuffers - buffer pool deleted
2020-08-28 03:33:28.571 T:139709662390400   DEBUG: Previous line repeats 1 times.
2020-08-28 03:33:28.571 T:139709662390400   DEBUG: CSMBFile::Close closing fd 10000
2020-08-28 03:33:28.580 T:139707618940672   DEBUG: OnPlayBackStopped: CApplication::OnPlayBackStopped
2020-08-28 03:33:28.580 T:139707618940672   DEBUG: Thread PAPlayer 139707618940672 terminating
2020-08-28 03:33:28.582 T:139709662390400   DEBUG: FreeVisualisation() started
2020-08-28 03:33:28.582 T:139709662390400   DEBUG: FreeVisualisation() done
2020-08-28 03:33:28.588 T:139709662390400   DEBUG: OnPlayBackStarted: CApplication::OnPlayBackStarted
2020-08-28 03:33:28.588 T:139707618940672   DEBUG: Thread PAPlayer start, auto delete: false
2020-08-28 03:33:28.589 T:139707618940672   DEBUG: PAPlayer::Process - Playback started
2020-08-28 03:33:28.589 T:139709662390400   DEBUG: CMusicGUIInfo::InitCurrentItem(musicdb://recentlyaddedalbums/1/9.mp3?albumid=1)
2020-08-28 03:33:28.593 T:139708282242816   DEBUG: CSMBFile::Open - opened smb://USERNAME:PASSWORD@192.168.0.5/Share/Music/Sepultura/Chaos A.D/09 We Who Are Not as Others.mp3, fd=10000
2020-08-28 03:33:28.593 T:139709662390400   DEBUG: GetArtist(SELECT idArtist, strArtist, strSortName, strMusicBrainzArtistID, strType, strGender, strDisambiguation, strBorn, strFormed, strGenres,strMoods, strStyles, strInstruments, strBiography, strDied, strDisbanded, strYearsActive, strImage, strFanart, bScrapedMBID, lastScraped, '' AS dateAdded FROM artist WHERE idArtist = 2) - took 1 ms
2020-08-28 03:33:28.594 T:139709662390400   DEBUG: SELECT albumview.*,albumartistview.*  FROM albumview  JOIN albumartistview ON albumview.idAlbum = albumartistview.idAlbum  WHERE albumview.idAlbum = 1  ORDER BY albumartistview.iOrder
2020-08-28 03:33:28.595 T:139709662390400   DEBUG: Loading additional tag info for file smb://192.168.0.5/Share/Music/Sepultura/Chaos A.D/09 We Who Are Not as Others.mp3
2020-08-28 03:33:28.618 T:139708282242816   DEBUG: Open - probing detected format [mp3]
2020-08-28 03:33:28.618 T:139708282242816   DEBUG: Open - setting usetoc to 0 for accurate VBR MP3 seek
2020-08-28 03:33:28.619 T:139708282242816   DEBUG: Open - avformat_find_stream_info starting
2020-08-28 03:33:28.619 T:139708282242816   DEBUG: ffmpeg[7F105E890700]: [mp3] Estimating duration from bitrate, this may be inaccurate
2020-08-28 03:33:28.619 T:139708282242816   DEBUG: Open - av_find_stream_info finished
2020-08-28 03:33:28.619 T:139708282242816   DEBUG: CDVDDemuxFFmpeg::AddStream ID: 0
2020-08-28 03:33:28.619 T:139708282242816  NOTICE: CDVDAudioCodecFFmpeg::Open() Successful opened audio decoder mp3float
2020-08-28 03:33:28.620 T:139709662390400   DEBUG: CSMBFile::Open - opened smb://USERNAME:PASSWORD@192.168.0.5/Share/Music/Sepultura/Chaos A.D/09 We Who Are Not as Others.mp3, fd=10001
2020-08-28 03:33:28.643 T:139708282242816   DEBUG: CSMBFile::Open - opened smb://USERNAME:PASSWORD@192.168.0.5/Share/Music/Sepultura/Chaos A.D/09 We Who Are Not as Others.mp3, fd=10002
2020-08-28 03:33:28.693 T:139709662390400   DEBUG: unrecognized ID3 frame detected: MCDI
2020-08-28 03:33:28.693 T:139709662390400   DEBUG: unrecognized ID3 frame detected: PRIV
2020-08-28 03:33:28.693 T:139709662390400   DEBUG: unrecognized ID3 frame detected: TLEN
2020-08-28 03:33:28.693 T:139709662390400   DEBUG: CSMBFile::Close closing fd 10001
2020-08-28 03:33:28.696 T:139709662390400   DEBUG: CPlayerGUIInfo::InitCurrentItem(musicdb://recentlyaddedalbums/1/9.mp3?albumid=1)
2020-08-28 03:33:28.696 T:139709157709568   DEBUG: UPnP: Building didl for object 'musicdb://recentlyaddedalbums/1/9.mp3?albumid=1'
2020-08-28 03:33:28.761 T:139708282242816   DEBUG: unrecognized ID3 frame detected: MCDI
2020-08-28 03:33:28.761 T:139708282242816   DEBUG: unrecognized ID3 frame detected: PRIV
2020-08-28 03:33:28.761 T:139708282242816   DEBUG: unrecognized ID3 frame detected: TLEN
2020-08-28 03:33:28.761 T:139708282242816   DEBUG: CSMBFile::Close closing fd 10002
2020-08-28 03:33:28.763 T:139708282242816   DEBUG: SeekTime - seek ended up on time 0
2020-08-28 03:33:28.779 T:139709140924160   DEBUG: Previous line repeats 1 times.
2020-08-28 03:33:28.779 T:139709140924160   DEBUG: CActiveAE::ClearDiscardedBuffers - buffer pool deleted
2020-08-28 03:33:28.796 T:139709662390400   DEBUG: ------ Window Init (DialogBusy.xml) ------
2020-08-28 03:33:28.798 T:139709662390400   ERROR: CBinaryAddonManager::GetInstalledAddonInfo: Requested addon '' unknown as binary
2020-08-28 03:33:28.806 T:139709662390400   DEBUG: ProcessMouse: trying mouse action doubleclick
2020-08-28 03:33:28.852 T:139708282242816    INFO: AudioDecoder: File is queued
2020-08-28 03:33:28.853 T:139708282242816   DEBUG: AudioDecoder::GetReplayGain - Final Replaygain applied: 1.000000, Track/Album Gain 89.000000, Peak 1.000000
2020-08-28 03:33:28.853 T:139709140924160   DEBUG: CActiveAE::ClearDiscardedBuffers - buffer pool deleted
2020-08-28 03:33:28.876 T:139708282242816    INFO: PAPlayer::PrepareStream - Ready
2020-08-28 03:33:28.882 T:139707618940672   DEBUG: OnAVStarted: CApplication::OnAVStarted
2020-08-28 03:33:28.883 T:139709662390400   DEBUG: ProcessMouse: trying mouse action leftclick
2020-08-28 03:33:28.900 T:139709662390400   DEBUG: ------ Window Deinit (DialogBusy.xml) ------
2020-08-28 03:33:31.198 T:139709662390400   DEBUG: ProcessMouse: trying mouse action leftclick
2020-08-28 03:33:31.198 T:139709662390400   DEBUG: CPlayerCoreFactory::GetPlayers(smb://192.168.0.5/Share/Music/Sepultura/Chaos A.D/08 Nomad.mp3)
2020-08-28 03:33:31.198 T:139709662390400   DEBUG: CPlayerSelectionRule::GetPlayers: considering rule: system rules
2020-08-28 03:33:31.198 T:139709662390400   DEBUG: CPlayerSelectionRule::GetPlayers: matches rule: system rules
2020-08-28 03:33:31.198 T:139709662390400   DEBUG: CPlayerSelectionRule::GetPlayers: considering rule: mms/udp
2020-08-28 03:33:31.198 T:139709662390400   DEBUG: CPlayerSelectionRule::GetPlayers: considering rule: lastfm/shout
2020-08-28 03:33:31.198 T:139709662390400   DEBUG: CPlayerSelectionRule::GetPlayers: considering rule: rtmp
2020-08-28 03:33:31.198 T:139709662390400   DEBUG: CPlayerSelectionRule::GetPlayers: considering rule: rtsp
2020-08-28 03:33:31.198 T:139709662390400   DEBUG: CPlayerSelectionRule::GetPlayers: considering rule: streams
2020-08-28 03:33:31.198 T:139709662390400   DEBUG: CPlayerSelectionRule::GetPlayers: considering rule: dvd
2020-08-28 03:33:31.198 T:139709662390400   DEBUG: CPlayerSelectionRule::GetPlayers: considering rule: dvdimage
2020-08-28 03:33:31.198 T:139709662390400   DEBUG: CPlayerSelectionRule::GetPlayers: considering rule: sdp/asf
2020-08-28 03:33:31.198 T:139709662390400   DEBUG: CPlayerSelectionRule::GetPlayers: considering rule: nsv
2020-08-28 03:33:31.198 T:139709662390400   DEBUG: CPlayerSelectionRule::GetPlayers: considering rule: radio
2020-08-28 03:33:31.198 T:139709662390400   DEBUG: CPlayerCoreFactory::GetPlayers: matched 0 rules with players
2020-08-28 03:33:31.198 T:139709662390400   DEBUG: CPlayerCoreFactory::GetPlayers: adding audiodefaultplayer (PAPlayer)
2020-08-28 03:33:31.198 T:139709662390400   DEBUG: CPlayerCoreFactory::GetPlayers: for video=0, audio=1
2020-08-28 03:33:31.198 T:139709662390400   DEBUG: CPlayerCoreFactory::GetPlayers: for video=1, audio=1
2020-08-28 03:33:31.198 T:139709662390400   DEBUG: CPlayerCoreFactory::GetPlayers: adding player: VideoPlayer
2020-08-28 03:33:31.198 T:139709662390400   DEBUG: CPlayerCoreFactory::GetPlayers: added 2 players
2020-08-28 03:33:31.291 T:139708282242816   DEBUG: DoWork - Saving file state for audio item musicdb://recentlyaddedalbums/1/9.mp3?albumid=1
2020-08-28 03:33:31.291 T:139709140924160   DEBUG: CActiveAE::DiscardStream - audio stream deleted
2020-08-28 03:33:31.291 T:139709140924160   DEBUG: CActiveAE::ClearDiscardedBuffers - buffer pool deleted
2020-08-28 03:33:31.291 T:139709662390400   DEBUG: Previous line repeats 1 times.
2020-08-28 03:33:31.291 T:139709662390400   DEBUG: CSMBFile::Close closing fd 10000
2020-08-28 03:33:31.294 T:139707618940672   DEBUG: OnPlayBackStopped: CApplication::OnPlayBackStopped
2020-08-28 03:33:31.294 T:139707618940672   DEBUG: Thread PAPlayer 139707618940672 terminating
2020-08-28 03:33:31.299 T:139709662390400   DEBUG: FreeVisualisation() started
2020-08-28 03:33:31.299 T:139709662390400   DEBUG: FreeVisualisation() done
2020-08-28 03:33:31.305 T:139709662390400   DEBUG: OnPlayBackStarted: CApplication::OnPlayBackStarted
2020-08-28 03:33:31.306 T:139707618940672   DEBUG: Thread PAPlayer start, auto delete: false
2020-08-28 03:33:31.306 T:139707618940672   DEBUG: PAPlayer::Process - Playback started
2020-08-28 03:33:31.306 T:139709662390400   DEBUG: CMusicGUIInfo::InitCurrentItem(musicdb://recentlyaddedalbums/1/8.mp3?albumid=1)
2020-08-28 03:33:31.310 T:139708397856512   DEBUG: CSMBFile::Open - opened smb://USERNAME:PASSWORD@192.168.0.5/Share/Music/Sepultura/Chaos A.D/08 Nomad.mp3, fd=10000
2020-08-28 03:33:31.311 T:139709662390400   DEBUG: GetArtist(SELECT idArtist, strArtist, strSortName, strMusicBrainzArtistID, strType, strGender, strDisambiguation, strBorn, strFormed, strGenres,strMoods, strStyles, strInstruments, strBiography, strDied, strDisbanded, strYearsActive, strImage, strFanart, bScrapedMBID, lastScraped, '' AS dateAdded FROM artist WHERE idArtist = 2) - took 0 ms
2020-08-28 03:33:31.311 T:139709662390400   DEBUG: SELECT albumview.*,albumartistview.*  FROM albumview  JOIN albumartistview ON albumview.idAlbum = albumartistview.idAlbum  WHERE albumview.idAlbum = 1  ORDER BY albumartistview.iOrder
2020-08-28 03:33:31.312 T:139709662390400   DEBUG: Loading additional tag info for file smb://192.168.0.5/Share/Music/Sepultura/Chaos A.D/08 Nomad.mp3
2020-08-28 03:33:31.334 T:139708397856512   DEBUG: Open - probing detected format [mp3]
2020-08-28 03:33:31.334 T:139708397856512   DEBUG: Open - setting usetoc to 0 for accurate VBR MP3 seek
2020-08-28 03:33:31.334 T:139708397856512   DEBUG: Open - avformat_find_stream_info starting
2020-08-28 03:33:31.335 T:139708397856512   DEBUG: ffmpeg[7F10656D2700]: [mp3] Estimating duration from bitrate, this may be inaccurate
2020-08-28 03:33:31.335 T:139708397856512   DEBUG: Open - av_find_stream_info finished
2020-08-28 03:33:31.335 T:139708397856512   DEBUG: CDVDDemuxFFmpeg::AddStream ID: 0
2020-08-28 03:33:31.335 T:139708397856512  NOTICE: CDVDAudioCodecFFmpeg::Open() Successful opened audio decoder mp3float
2020-08-28 03:33:31.335 T:139709662390400   DEBUG: CSMBFile::Open - opened smb://USERNAME:PASSWORD@192.168.0.5/Share/Music/Sepultura/Chaos A.D/08 Nomad.mp3, fd=10002
2020-08-28 03:33:31.362 T:139708397856512   DEBUG: CSMBFile::Open - opened smb://USERNAME:PASSWORD@192.168.0.5/Share/Music/Sepultura/Chaos A.D/08 Nomad.mp3, fd=10001
2020-08-28 03:33:31.414 T:139709662390400   DEBUG: unrecognized ID3 frame detected: MCDI
2020-08-28 03:33:31.414 T:139709662390400   DEBUG: unrecognized ID3 frame detected: PRIV
2020-08-28 03:33:31.414 T:139709662390400   DEBUG: unrecognized ID3 frame detected: TLEN
2020-08-28 03:33:31.414 T:139709662390400   DEBUG: CSMBFile::Close closing fd 10002
2020-08-28 03:33:31.418 T:139709662390400   DEBUG: CPlayerGUIInfo::InitCurrentItem(musicdb://recentlyaddedalbums/1/8.mp3?albumid=1)
2020-08-28 03:33:31.418 T:139709157709568   DEBUG: UPnP: Building didl for object 'musicdb://recentlyaddedalbums/1/8.mp3?albumid=1'
2020-08-28 03:33:31.436 T:139708397856512   DEBUG: unrecognized ID3 frame detected: MCDI
2020-08-28 03:33:31.436 T:139708397856512   DEBUG: unrecognized ID3 frame detected: PRIV
2020-08-28 03:33:31.437 T:139708397856512   DEBUG: unrecognized ID3 frame detected: TLEN
2020-08-28 03:33:31.437 T:139708397856512   DEBUG: CSMBFile::Close closing fd 10001
2020-08-28 03:33:31.438 T:139708397856512   DEBUG: SeekTime - seek ended up on time 0
2020-08-28 03:33:31.469 T:139709140924160   DEBUG: Previous line repeats 1 times.
2020-08-28 03:33:31.469 T:139709140924160   DEBUG: CActiveAE::ClearDiscardedBuffers - buffer pool deleted
2020-08-28 03:33:31.518 T:139709662390400   DEBUG: ------ Window Init (DialogBusy.xml) ------
2020-08-28 03:33:31.520 T:139709662390400   ERROR: CBinaryAddonManager::GetInstalledAddonInfo: Requested addon '' unknown as binary
2020-08-28 03:33:31.528 T:139709662390400   DEBUG: ProcessMouse: trying mouse action doubleclick
2020-08-28 03:33:31.532 T:139708397856512    INFO: AudioDecoder: File is queued
2020-08-28 03:33:31.534 T:139708397856512   DEBUG: AudioDecoder::GetReplayGain - Final Replaygain applied: 1.000000, Track/Album Gain 89.000000, Peak 1.000000
2020-08-28 03:33:31.534 T:139709140924160   DEBUG: CActiveAE::ClearDiscardedBuffers - buffer pool deleted
2020-08-28 03:33:31.558 T:139708397856512    INFO: PAPlayer::PrepareStream - Ready
2020-08-28 03:33:31.558 T:139707618940672   DEBUG: OnAVStarted: CApplication::OnAVStarted
2020-08-28 03:33:31.573 T:139709662390400   DEBUG: ------ Window Deinit (DialogBusy.xml) ------
2020-08-28 03:33:32.799 T:139709662390400   DEBUG: ProcessMouse: trying mouse action leftclick
2020-08-28 03:33:32.799 T:139709662390400   DEBUG: CPlayerCoreFactory::GetPlayers(smb://192.168.0.5/Share/Music/Sepultura/Chaos A.D/07 Biotech Is Godzilla.mp3)
2020-08-28 03:33:32.799 T:139709662390400   DEBUG: CPlayerSelectionRule::GetPlayers: considering rule: system rules
2020-08-28 03:33:32.799 T:139709662390400   DEBUG: CPlayerSelectionRule::GetPlayers: matches rule: system rules
2020-08-28 03:33:32.799 T:139709662390400   DEBUG: CPlayerSelectionRule::GetPlayers: considering rule: mms/udp
2020-08-28 03:33:32.799 T:139709662390400   DEBUG: CPlayerSelectionRule::GetPlayers: considering rule: lastfm/shout
2020-08-28 03:33:32.799 T:139709662390400   DEBUG: CPlayerSelectionRule::GetPlayers: considering rule: rtmp
2020-08-28 03:33:32.799 T:139709662390400   DEBUG: CPlayerSelectionRule::GetPlayers: considering rule: rtsp
2020-08-28 03:33:32.799 T:139709662390400   DEBUG: CPlayerSelectionRule::GetPlayers: considering rule: streams
2020-08-28 03:33:32.799 T:139709662390400   DEBUG: CPlayerSelectionRule::GetPlayers: considering rule: dvd
2020-08-28 03:33:32.799 T:139709662390400   DEBUG: CPlayerSelectionRule::GetPlayers: considering rule: dvdimage
2020-08-28 03:33:32.800 T:139709662390400   DEBUG: CPlayerSelectionRule::GetPlayers: considering rule: sdp/asf
2020-08-28 03:33:32.800 T:139709662390400   DEBUG: CPlayerSelectionRule::GetPlayers: considering rule: nsv
2020-08-28 03:33:32.800 T:139709662390400   DEBUG: CPlayerSelectionRule::GetPlayers: considering rule: radio
2020-08-28 03:33:32.800 T:139709662390400   DEBUG: CPlayerCoreFactory::GetPlayers: matched 0 rules with players
2020-08-28 03:33:32.800 T:139709662390400   DEBUG: CPlayerCoreFactory::GetPlayers: adding audiodefaultplayer (PAPlayer)
2020-08-28 03:33:32.800 T:139709662390400   DEBUG: CPlayerCoreFactory::GetPlayers: for video=0, audio=1
2020-08-28 03:33:32.800 T:139709662390400   DEBUG: CPlayerCoreFactory::GetPlayers: for video=1, audio=1
2020-08-28 03:33:32.800 T:139709662390400   DEBUG: CPlayerCoreFactory::GetPlayers: adding player: VideoPlayer
2020-08-28 03:33:32.800 T:139709662390400   DEBUG: CPlayerCoreFactory::GetPlayers: added 2 players
2020-08-28 03:33:32.869 T:139707618940672   DEBUG: CSMBFile::Close closing fd 10000
2020-08-28 03:33:32.880 T:139709140924160   DEBUG: CActiveAE::DiscardStream - audio stream deleted
2020-08-28 03:33:32.880 T:139709140924160   DEBUG: CActiveAE::ClearDiscardedBuffers - buffer pool deleted
2020-08-28 03:33:32.880 T:139708282242816   DEBUG: DoWork - Saving file state for audio item musicdb://recentlyaddedalbums/1/8.mp3?albumid=1
2020-08-28 03:33:32.880 T:139709140924160   DEBUG: CActiveAE::ClearDiscardedBuffers - buffer pool deleted
2020-08-28 03:33:32.881 T:139707618940672   DEBUG: OnPlayBackStopped: CApplication::OnPlayBackStopped
2020-08-28 03:33:32.881 T:139707618940672   DEBUG: Thread PAPlayer 139707618940672 terminating
2020-08-28 03:33:32.884 T:139709662390400   DEBUG: FreeVisualisation() started
2020-08-28 03:33:32.884 T:139709662390400   DEBUG: FreeVisualisation() done
2020-08-28 03:33:32.890 T:139709662390400   DEBUG: OnPlayBackStarted: CApplication::OnPlayBackStarted
2020-08-28 03:33:32.890 T:139707618940672   DEBUG: Thread PAPlayer start, auto delete: false
2020-08-28 03:33:32.890 T:139707618940672   DEBUG: PAPlayer::Process - Playback started
2020-08-28 03:33:32.890 T:139709662390400   DEBUG: CMusicGUIInfo::InitCurrentItem(musicdb://recentlyaddedalbums/1/7.mp3?albumid=1)
2020-08-28 03:33:32.894 T:139708282242816   DEBUG: CSMBFile::Open - opened smb://USERNAME:PASSWORD@192.168.0.5/Share/Music/Sepultura/Chaos A.D/07 Biotech Is Godzilla.mp3, fd=10000
2020-08-28 03:33:32.895 T:139709662390400   DEBUG: GetArtist(SELECT idArtist, strArtist, strSortName, strMusicBrainzArtistID, strType, strGender, strDisambiguation, strBorn, strFormed, strGenres,strMoods, strStyles, strInstruments, strBiography, strDied, strDisbanded, strYearsActive, strImage, strFanart, bScrapedMBID, lastScraped, '' AS dateAdded FROM artist WHERE idArtist = 2) - took 1 ms
2020-08-28 03:33:32.895 T:139709662390400   DEBUG: SELECT albumview.*,albumartistview.*  FROM albumview  JOIN albumartistview ON albumview.idAlbum = albumartistview.idAlbum  WHERE albumview.idAlbum = 1  ORDER BY albumartistview.iOrder
2020-08-28 03:33:32.897 T:139709662390400   DEBUG: Loading additional tag info for file smb://192.168.0.5/Share/Music/Sepultura/Chaos A.D/07 Biotech Is Godzilla.mp3
2020-08-28 03:33:32.920 T:139708282242816   DEBUG: Open - probing detected format [mp3]
2020-08-28 03:33:32.920 T:139708282242816   DEBUG: Open - setting usetoc to 0 for accurate VBR MP3 seek
2020-08-28 03:33:32.920 T:139708282242816   DEBUG: Open - avformat_find_stream_info starting
2020-08-28 03:33:32.921 T:139708282242816   DEBUG: ffmpeg[7F105E890700]: [mp3] Estimating duration from bitrate, this may be inaccurate
2020-08-28 03:33:32.921 T:139708282242816   DEBUG: Open - av_find_stream_info finished
2020-08-28 03:33:32.921 T:139708282242816   DEBUG: CDVDDemuxFFmpeg::AddStream ID: 0
2020-08-28 03:33:32.921 T:139708282242816  NOTICE: CDVDAudioCodecFFmpeg::Open() Successful opened audio decoder mp3float
2020-08-28 03:33:32.922 T:139709662390400   DEBUG: CSMBFile::Open - opened smb://USERNAME:PASSWORD@192.168.0.5/Share/Music/Sepultura/Chaos A.D/07 Biotech Is Godzilla.mp3, fd=10001
2020-08-28 03:33:32.946 T:139708282242816   DEBUG: CSMBFile::Open - opened smb://USERNAME:PASSWORD@192.168.0.5/Share/Music/Sepultura/Chaos A.D/07 Biotech Is Godzilla.mp3, fd=10002
2020-08-28 03:33:32.994 T:139709662390400   DEBUG: unrecognized ID3 frame detected: MCDI
2020-08-28 03:33:32.995 T:139709662390400   DEBUG: unrecognized ID3 frame detected: PRIV
2020-08-28 03:33:32.995 T:139709662390400   DEBUG: unrecognized ID3 frame detected: TLEN
2020-08-28 03:33:32.995 T:139709662390400   DEBUG: CSMBFile::Close closing fd 10001
2020-08-28 03:33:32.999 T:139709662390400   DEBUG: CPlayerGUIInfo::InitCurrentItem(musicdb://recentlyaddedalbums/1/7.mp3?albumid=1)
2020-08-28 03:33:32.999 T:139709157709568   DEBUG: UPnP: Building didl for object 'musicdb://recentlyaddedalbums/1/7.mp3?albumid=1'
2020-08-28 03:33:33.023 T:139708282242816   DEBUG: unrecognized ID3 frame detected: MCDI
2020-08-28 03:33:33.023 T:139708282242816   DEBUG: unrecognized ID3 frame detected: PRIV
2020-08-28 03:33:33.023 T:139708282242816   DEBUG: unrecognized ID3 frame detected: TLEN
2020-08-28 03:33:33.023 T:139708282242816   DEBUG: CSMBFile::Close closing fd 10002
2020-08-28 03:33:33.026 T:139708282242816   DEBUG: SeekTime - seek ended up on time 0
2020-08-28 03:33:33.074 T:139709140924160   DEBUG: Previous line repeats 1 times.
2020-08-28 03:33:33.074 T:139709140924160   DEBUG: CActiveAE::ClearDiscardedBuffers - buffer pool deleted
2020-08-28 03:33:33.099 T:139709662390400   DEBUG: ------ Window Init (DialogBusy.xml) ------
2020-08-28 03:33:33.101 T:139709662390400   ERROR: CBinaryAddonManager::GetInstalledAddonInfo: Requested addon '' unknown as binary
2020-08-28 03:33:33.109 T:139709662390400   DEBUG: ProcessMouse: trying mouse action doubleclick
2020-08-28 03:33:33.119 T:139708282242816    INFO: AudioDecoder: File is queued
2020-08-28 03:33:33.120 T:139708282242816   DEBUG: AudioDecoder::GetReplayGain - Final Replaygain applied: 1.000000, Track/Album Gain 89.000000, Peak 1.000000
2020-08-28 03:33:33.120 T:139709140924160   DEBUG: CActiveAE::ClearDiscardedBuffers - buffer pool deleted
2020-08-28 03:33:33.144 T:139708282242816    INFO: PAPlayer::PrepareStream - Ready
2020-08-28 03:33:33.153 T:139707618940672   DEBUG: OnAVStarted: CApplication::OnAVStarted
2020-08-28 03:33:33.182 T:139709662390400   DEBUG: ------ Window Deinit (DialogBusy.xml) ------
2020-08-28 03:33:48.648 T:139709662390400   DEBUG: ProcessMouse: trying mouse action leftclick
2020-08-28 03:33:48.648 T:139709662390400   DEBUG: CPlayerCoreFactory::GetPlayers(smb://192.168.0.5/Share/Music/Sepultura/Chaos A.D/08 Nomad.mp3)
2020-08-28 03:33:48.648 T:139709662390400   DEBUG: CPlayerSelectionRule::GetPlayers: considering rule: system rules
2020-08-28 03:33:48.648 T:139709662390400   DEBUG: CPlayerSelectionRule::GetPlayers: matches rule: system rules
2020-08-28 03:33:48.648 T:139709662390400   DEBUG: CPlayerSelectionRule::GetPlayers: considering rule: mms/udp
2020-08-28 03:33:48.648 T:139709662390400   DEBUG: CPlayerSelectionRule::GetPlayers: considering rule: lastfm/shout
2020-08-28 03:33:48.648 T:139709662390400   DEBUG: CPlayerSelectionRule::GetPlayers: considering rule: rtmp
2020-08-28 03:33:48.648 T:139709662390400   DEBUG: CPlayerSelectionRule::GetPlayers: considering rule: rtsp
2020-08-28 03:33:48.648 T:139709662390400   DEBUG: CPlayerSelectionRule::GetPlayers: considering rule: streams
2020-08-28 03:33:48.648 T:139709662390400   DEBUG: CPlayerSelectionRule::GetPlayers: considering rule: dvd
2020-08-28 03:33:48.649 T:139709662390400   DEBUG: CPlayerSelectionRule::GetPlayers: considering rule: dvdimage
2020-08-28 03:33:48.649 T:139709662390400   DEBUG: CPlayerSelectionRule::GetPlayers: considering rule: sdp/asf
2020-08-28 03:33:48.649 T:139709662390400   DEBUG: CPlayerSelectionRule::GetPlayers: considering rule: nsv
2020-08-28 03:33:48.649 T:139709662390400   DEBUG: CPlayerSelectionRule::GetPlayers: considering rule: radio
2020-08-28 03:33:48.649 T:139709662390400   DEBUG: CPlayerCoreFactory::GetPlayers: matched 0 rules with players
2020-08-28 03:33:48.649 T:139709662390400   DEBUG: CPlayerCoreFactory::GetPlayers: adding audiodefaultplayer (PAPlayer)
2020-08-28 03:33:48.649 T:139709662390400   DEBUG: CPlayerCoreFactory::GetPlayers: for video=0, audio=1
2020-08-28 03:33:48.649 T:139709662390400   DEBUG: CPlayerCoreFactory::GetPlayers: for video=1, audio=1
2020-08-28 03:33:48.649 T:139709662390400   DEBUG: CPlayerCoreFactory::GetPlayers: adding player: VideoPlayer
2020-08-28 03:33:48.649 T:139709662390400   DEBUG: CPlayerCoreFactory::GetPlayers: added 2 players
2020-08-28 03:33:48.735 T:139709140924160   DEBUG: CActiveAE::DiscardStream - audio stream deleted
2020-08-28 03:33:48.735 T:139708397856512   DEBUG: DoWork - Saving file state for audio item musicdb://recentlyaddedalbums/1/7.mp3?albumid=1
2020-08-28 03:33:48.735 T:139709140924160   DEBUG: CActiveAE::ClearDiscardedBuffers - buffer pool deleted
2020-08-28 03:33:48.735 T:139709662390400   DEBUG: Previous line repeats 1 times.
2020-08-28 03:33:48.735 T:139709662390400   DEBUG: CSMBFile::Close closing fd 10000
2020-08-28 03:33:48.749 T:139707618940672   DEBUG: OnPlayBackStopped: CApplication::OnPlayBackStopped
2020-08-28 03:33:48.749 T:139707618940672   DEBUG: Thread PAPlayer 139707618940672 terminating
2020-08-28 03:33:48.770 T:139709662390400   DEBUG: FreeVisualisation() started
2020-08-28 03:33:48.770 T:139709662390400   DEBUG: FreeVisualisation() done
2020-08-28 03:33:48.777 T:139709662390400   DEBUG: OnPlayBackStarted: CApplication::OnPlayBackStarted
2020-08-28 03:33:48.777 T:139707618940672   DEBUG: Thread PAPlayer start, auto delete: false
2020-08-28 03:33:48.777 T:139707618940672   DEBUG: PAPlayer::Process - Playback started
2020-08-28 03:33:48.777 T:139709662390400   DEBUG: CMusicGUIInfo::InitCurrentItem(musicdb://recentlyaddedalbums/1/8.mp3?albumid=1)
2020-08-28 03:33:48.781 T:139708397856512   DEBUG: CSMBFile::Open - opened smb://USERNAME:PASSWORD@192.168.0.5/Share/Music/Sepultura/Chaos A.D/08 Nomad.mp3, fd=10000
2020-08-28 03:33:48.783 T:139709662390400   DEBUG: GetArtist(SELECT idArtist, strArtist, strSortName, strMusicBrainzArtistID, strType, strGender, strDisambiguation, strBorn, strFormed, strGenres,strMoods, strStyles, strInstruments, strBiography, strDied, strDisbanded, strYearsActive, strImage, strFanart, bScrapedMBID, lastScraped, '' AS dateAdded FROM artist WHERE idArtist = 2) - took 0 ms
2020-08-28 03:33:48.783 T:139709662390400   DEBUG: SELECT albumview.*,albumartistview.*  FROM albumview  JOIN albumartistview ON albumview.idAlbum = albumartistview.idAlbum  WHERE albumview.idAlbum = 1  ORDER BY albumartistview.iOrder
2020-08-28 03:33:48.784 T:139709662390400   DEBUG: Loading additional tag info for file smb://192.168.0.5/Share/Music/Sepultura/Chaos A.D/08 Nomad.mp3
2020-08-28 03:33:48.824 T:139708397856512   DEBUG: Open - probing detected format [mp3]
2020-08-28 03:33:48.824 T:139708397856512   DEBUG: Open - setting usetoc to 0 for accurate VBR MP3 seek
2020-08-28 03:33:48.825 T:139708397856512   DEBUG: Open - avformat_find_stream_info starting
2020-08-28 03:33:48.826 T:139708397856512   DEBUG: ffmpeg[7F10656D2700]: [mp3] Estimating duration from bitrate, this may be inaccurate
2020-08-28 03:33:48.826 T:139708397856512   DEBUG: Open - av_find_stream_info finished
2020-08-28 03:33:48.826 T:139708397856512   DEBUG: CDVDDemuxFFmpeg::AddStream ID: 0
2020-08-28 03:33:48.826 T:139708397856512  NOTICE: CDVDAudioCodecFFmpeg::Open() Successful opened audio decoder mp3float
2020-08-28 03:33:48.826 T:139709662390400   DEBUG: CSMBFile::Open - opened smb://USERNAME:PASSWORD@192.168.0.5/Share/Music/Sepultura/Chaos A.D/08 Nomad.mp3, fd=10002
2020-08-28 03:33:48.848 T:139708397856512   DEBUG: CSMBFile::Open - opened smb://USERNAME:PASSWORD@192.168.0.5/Share/Music/Sepultura/Chaos A.D/08 Nomad.mp3, fd=10001
2020-08-28 03:33:48.903 T:139709662390400   DEBUG: unrecognized ID3 frame detected: MCDI
2020-08-28 03:33:48.903 T:139709662390400   DEBUG: unrecognized ID3 frame detected: PRIV
2020-08-28 03:33:48.903 T:139709662390400   DEBUG: unrecognized ID3 frame detected: TLEN
2020-08-28 03:33:48.903 T:139709662390400   DEBUG: CSMBFile::Close closing fd 10002
2020-08-28 03:33:48.909 T:139709662390400   DEBUG: CPlayerGUIInfo::InitCurrentItem(musicdb://recentlyaddedalbums/1/8.mp3?albumid=1)
2020-08-28 03:33:48.909 T:139709157709568   DEBUG: UPnP: Building didl for object 'musicdb://recentlyaddedalbums/1/8.mp3?albumid=1'
2020-08-28 03:33:48.929 T:139708397856512   DEBUG: unrecognized ID3 frame detected: MCDI
2020-08-28 03:33:48.929 T:139708397856512   DEBUG: unrecognized ID3 frame detected: PRIV
2020-08-28 03:33:48.929 T:139708397856512   DEBUG: unrecognized ID3 frame detected: TLEN
2020-08-28 03:33:48.929 T:139708397856512   DEBUG: CSMBFile::Close closing fd 10001
2020-08-28 03:33:48.931 T:139708397856512   DEBUG: SeekTime - seek ended up on time 0
2020-08-28 03:33:48.942 T:139709140924160   DEBUG: Previous line repeats 1 times.
2020-08-28 03:33:48.943 T:139709140924160   DEBUG: CActiveAE::ClearDiscardedBuffers - buffer pool deleted
2020-08-28 03:33:49.009 T:139709662390400   DEBUG: ------ Window Init (DialogBusy.xml) ------
2020-08-28 03:33:49.011 T:139709662390400   ERROR: CBinaryAddonManager::GetInstalledAddonInfo: Requested addon '' unknown as binary
2020-08-28 03:33:49.025 T:139708397856512    INFO: AudioDecoder: File is queued
2020-08-28 03:33:49.027 T:139708397856512   DEBUG: AudioDecoder::GetReplayGain - Final Replaygain applied: 1.000000, Track/Album Gain 89.000000, Peak 1.000000
2020-08-28 03:33:49.027 T:139709140924160   DEBUG: CActiveAE::ClearDiscardedBuffers - buffer pool deleted
2020-08-28 03:33:49.050 T:139708397856512    INFO: PAPlayer::PrepareStream - Ready
2020-08-28 03:33:49.060 T:139707618940672   DEBUG: OnAVStarted: CApplication::OnAVStarted
2020-08-28 03:33:49.082 T:139709662390400   DEBUG: ------ Window Deinit (DialogBusy.xml) ------
2020-08-28 03:33:50.947 T:139709662390400   DEBUG: ProcessMouse: trying mouse action leftclick
2020-08-28 03:33:50.947 T:139709662390400   DEBUG: CPlayerCoreFactory::GetPlayers(smb://192.168.0.5/Share/Music/Sepultura/Chaos A.D/09 We Who Are Not as Others.mp3)
2020-08-28 03:33:50.947 T:139709662390400   DEBUG: CPlayerSelectionRule::GetPlayers: considering rule: system rules
2020-08-28 03:33:50.947 T:139709662390400   DEBUG: CPlayerSelectionRule::GetPlayers: matches rule: system rules
2020-08-28 03:33:50.947 T:139709662390400   DEBUG: CPlayerSelectionRule::GetPlayers: considering rule: mms/udp
2020-08-28 03:33:50.947 T:139709662390400   DEBUG: CPlayerSelectionRule::GetPlayers: considering rule: lastfm/shout
2020-08-28 03:33:50.947 T:139709662390400   DEBUG: CPlayerSelectionRule::GetPlayers: considering rule: rtmp
2020-08-28 03:33:50.947 T:139709662390400   DEBUG: CPlayerSelectionRule::GetPlayers: considering rule: rtsp
2020-08-28 03:33:50.947 T:139709662390400   DEBUG: CPlayerSelectionRule::GetPlayers: considering rule: streams
2020-08-28 03:33:50.947 T:139709662390400   DEBUG: CPlayerSelectionRule::GetPlayers: considering rule: dvd
2020-08-28 03:33:50.947 T:139709662390400   DEBUG: CPlayerSelectionRule::GetPlayers: considering rule: dvdimage
2020-08-28 03:33:50.947 T:139709662390400   DEBUG: CPlayerSelectionRule::GetPlayers: considering rule: sdp/asf
2020-08-28 03:33:50.947 T:139709662390400   DEBUG: CPlayerSelectionRule::GetPlayers: considering rule: nsv
2020-08-28 03:33:50.947 T:139709662390400   DEBUG: CPlayerSelectionRule::GetPlayers: considering rule: radio
2020-08-28 03:33:50.947 T:139709662390400   DEBUG: CPlayerCoreFactory::GetPlayers: matched 0 rules with players
2020-08-28 03:33:50.947 T:139709662390400   DEBUG: CPlayerCoreFactory::GetPlayers: adding audiodefaultplayer (PAPlayer)
2020-08-28 03:33:50.947 T:139709662390400   DEBUG: CPlayerCoreFactory::GetPlayers: for video=0, audio=1
2020-08-28 03:33:50.947 T:139709662390400   DEBUG: CPlayerCoreFactory::GetPlayers: for video=1, audio=1
2020-08-28 03:33:50.947 T:139709662390400   DEBUG: CPlayerCoreFactory::GetPlayers: adding player: VideoPlayer
2020-08-28 03:33:50.947 T:139709662390400   DEBUG: CPlayerCoreFactory::GetPlayers: added 2 players
2020-08-28 03:33:51.025 T:139707618940672   DEBUG: CSMBFile::Close closing fd 10000
2020-08-28 03:33:51.030 T:139709140924160   DEBUG: CActiveAE::DiscardStream - audio stream deleted
2020-08-28 03:33:51.030 T:139708282242816   DEBUG: DoWork - Saving file state for audio item musicdb://recentlyaddedalbums/1/8.mp3?albumid=1
2020-08-28 03:33:51.030 T:139709140924160   DEBUG: CActiveAE::ClearDiscardedBuffers - buffer pool deleted
2020-08-28 03:33:51.040 T:139707618940672   DEBUG: Previous line repeats 1 times.
2020-08-28 03:33:51.040 T:139707618940672   DEBUG: OnPlayBackStopped: CApplication::OnPlayBackStopped
2020-08-28 03:33:51.040 T:139707618940672   DEBUG: Thread PAPlayer 139707618940672 terminating
2020-08-28 03:33:51.044 T:139709662390400   DEBUG: FreeVisualisation() started
2020-08-28 03:33:51.044 T:139709662390400   DEBUG: FreeVisualisation() done
2020-08-28 03:33:51.051 T:139709662390400   DEBUG: OnPlayBackStarted: CApplication::OnPlayBackStarted
2020-08-28 03:33:51.051 T:139707618940672   DEBUG: Thread PAPlayer start, auto delete: false
2020-08-28 03:33:51.051 T:139707618940672   DEBUG: PAPlayer::Process - Playback started
2020-08-28 03:33:51.051 T:139709662390400   DEBUG: CMusicGUIInfo::InitCurrentItem(musicdb://recentlyaddedalbums/1/9.mp3?albumid=1)
2020-08-28 03:33:51.056 T:139709662390400   DEBUG: GetArtist(SELECT idArtist, strArtist, strSortName, strMusicBrainzArtistID, strType, strGender, strDisambiguation, strBorn, strFormed, strGenres,strMoods, strStyles, strInstruments, strBiography, strDied, strDisbanded, strYearsActive, strImage, strFanart, bScrapedMBID, lastScraped, '' AS dateAdded FROM artist WHERE idArtist = 2) - took 1 ms
2020-08-28 03:33:51.056 T:139709662390400   DEBUG: SELECT albumview.*,albumartistview.*  FROM albumview  JOIN albumartistview ON albumview.idAlbum = albumartistview.idAlbum  WHERE albumview.idAlbum = 1  ORDER BY albumartistview.iOrder
2020-08-28 03:33:51.057 T:139708290635520   DEBUG: CSMBFile::Open - opened smb://USERNAME:PASSWORD@192.168.0.5/Share/Music/Sepultura/Chaos A.D/09 We Who Are Not as Others.mp3, fd=10000
2020-08-28 03:33:51.057 T:139709662390400   DEBUG: Loading additional tag info for file smb://192.168.0.5/Share/Music/Sepultura/Chaos A.D/09 We Who Are Not as Others.mp3
2020-08-28 03:33:51.083 T:139708290635520   DEBUG: Open - probing detected format [mp3]
2020-08-28 03:33:51.083 T:139708290635520   DEBUG: Open - setting usetoc to 0 for accurate VBR MP3 seek
2020-08-28 03:33:51.083 T:139708290635520   DEBUG: Open - avformat_find_stream_info starting
2020-08-28 03:33:51.084 T:139708290635520   DEBUG: ffmpeg[7F105F091700]: [mp3] Estimating duration from bitrate, this may be inaccurate
2020-08-28 03:33:51.084 T:139708290635520   DEBUG: Open - av_find_stream_info finished
2020-08-28 03:33:51.084 T:139708290635520   DEBUG: CDVDDemuxFFmpeg::AddStream ID: 0
2020-08-28 03:33:51.084 T:139708290635520  NOTICE: CDVDAudioCodecFFmpeg::Open() Successful opened audio decoder mp3float
2020-08-28 03:33:51.085 T:139709662390400   DEBUG: CSMBFile::Open - opened smb://USERNAME:PASSWORD@192.168.0.5/Share/Music/Sepultura/Chaos A.D/09 We Who Are Not as Others.mp3, fd=10001
2020-08-28 03:33:51.111 T:139708290635520   DEBUG: CSMBFile::Open - opened smb://USERNAME:PASSWORD@192.168.0.5/Share/Music/Sepultura/Chaos A.D/09 We Who Are Not as Others.mp3, fd=10002
2020-08-28 03:33:51.229 T:139709140924160   DEBUG: CActiveAE::ClearDiscardedBuffers - buffer pool deleted
2020-08-28 03:33:51.410 T:139709662390400   DEBUG: unrecognized ID3 frame detected: MCDI
2020-08-28 03:33:51.410 T:139709662390400   DEBUG: unrecognized ID3 frame detected: PRIV
2020-08-28 03:33:51.410 T:139709662390400   DEBUG: unrecognized ID3 frame detected: TLEN
2020-08-28 03:33:51.410 T:139709662390400   DEBUG: CSMBFile::Close closing fd 10001
2020-08-28 03:33:51.414 T:139709140924160   DEBUG: CActiveAE::ClearDiscardedBuffers - buffer pool deleted
2020-08-28 03:33:51.456 T:139709662390400   DEBUG: CPlayerGUIInfo::InitCurrentItem(musicdb://recentlyaddedalbums/1/9.mp3?albumid=1)
2020-08-28 03:33:51.456 T:139709157709568   DEBUG: UPnP: Building didl for object 'musicdb://recentlyaddedalbums/1/9.mp3?albumid=1'
2020-08-28 03:33:51.462 T:139708290635520   DEBUG: unrecognized ID3 frame detected: MCDI
2020-08-28 03:33:51.462 T:139708290635520   DEBUG: unrecognized ID3 frame detected: PRIV
2020-08-28 03:33:51.462 T:139708290635520   DEBUG: unrecognized ID3 frame detected: TLEN
2020-08-28 03:33:51.462 T:139708290635520   DEBUG: CSMBFile::Close closing fd 10002
2020-08-28 03:33:51.468 T:139708290635520   DEBUG: SeekTime - seek ended up on time 0
2020-08-28 03:33:51.556 T:139709662390400   DEBUG: Previous line repeats 1 times.
2020-08-28 03:33:51.556 T:139709662390400   DEBUG: ------ Window Init (DialogBusy.xml) ------
2020-08-28 03:33:51.558 T:139709662390400   ERROR: CBinaryAddonManager::GetInstalledAddonInfo: Requested addon '' unknown as binary
2020-08-28 03:33:51.563 T:139708290635520    INFO: AudioDecoder: File is queued
2020-08-28 03:33:51.564 T:139708290635520   DEBUG: AudioDecoder::GetReplayGain - Final Replaygain applied: 1.000000, Track/Album Gain 89.000000, Peak 1.000000
2020-08-28 03:33:51.565 T:139709140924160   DEBUG: CActiveAE::ClearDiscardedBuffers - buffer pool deleted
2020-08-28 03:33:51.596 T:139708290635520    INFO: PAPlayer::PrepareStream - Ready
2020-08-28 03:33:51.598 T:139707618940672   DEBUG: OnAVStarted: CApplication::OnAVStarted
2020-08-28 03:33:51.607 T:139709662390400   DEBUG: ------ Window Deinit (DialogBusy.xml) ------
2020-08-28 03:33:53.298 T:139709662390400   DEBUG: ProcessMouse: trying mouse action leftclick
2020-08-28 03:33:53.378 T:139707618940672   DEBUG: CSMBFile::Close closing fd 10000
2020-08-28 03:33:53.380 T:139708397856512   DEBUG: DoWork - Saving file state for audio item musicdb://recentlyaddedalbums/1/9.mp3?albumid=1
2020-08-28 03:33:53.380 T:139709140924160   DEBUG: CActiveAE::DiscardStream - audio stream deleted
2020-08-28 03:33:53.380 T:139709140924160   DEBUG: CActiveAE::ClearDiscardedBuffers - buffer pool deleted
2020-08-28 03:33:53.390 T:139707618940672   DEBUG: Previous line repeats 1 times.
2020-08-28 03:33:53.390 T:139707618940672   DEBUG: OnPlayBackStopped: CApplication::OnPlayBackStopped
2020-08-28 03:33:53.390 T:139707618940672   DEBUG: Thread PAPlayer 139707618940672 terminating
2020-08-28 03:33:53.412 T:139707610547968   DEBUG: script.cu.lrclyrics: TTPlayer: LyricsFetcher::get_lyrics (149) [[Errno socket error] timed out]
2020-08-28 03:33:53.470 T:139709662390400   DEBUG: CGUIWindowManager::PreviousWindow: Deactivate
2020-08-28 03:33:53.471 T:139709662390400   DEBUG: FreeVisualisation() started
2020-08-28 03:33:53.471 T:139709662390400   DEBUG: FreeVisualisation() done
2020-08-28 03:33:53.472 T:139709662390400   DEBUG: ------ Window Deinit (DialogSeekBar.xml) ------
2020-08-28 03:33:53.477 T:139709662390400   DEBUG: ------ Window Init (DialogSeekBar.xml) ------
2020-08-28 03:33:53.477 T:139709662390400   DEBUG: ------ Window Deinit (DialogSeekBar.xml) ------
2020-08-28 03:33:53.487 T:139709662390400   DEBUG: ------ Window Init (DialogSeekBar.xml) ------
2020-08-28 03:33:53.488 T:139709662390400   DEBUG: ------ Window Deinit (DialogSeekBar.xml) ------
2020-08-28 03:33:53.497 T:139709662390400   DEBUG: ------ Window Init (DialogSeekBar.xml) ------
2020-08-28 03:33:53.497 T:139709662390400   DEBUG: ------ Window Deinit (DialogSeekBar.xml) ------
2020-08-28 03:33:53.507 T:139709662390400   DEBUG: ------ Window Init (DialogSeekBar.xml) ------
2020-08-28 03:33:53.507 T:139709662390400   DEBUG: ------ Window Deinit (DialogSeekBar.xml) ------
2020-08-28 03:33:53.518 T:139709662390400   DEBUG: ------ Window Init (DialogSeekBar.xml) ------
2020-08-28 03:33:53.519 T:139709662390400   DEBUG: ------ Window Deinit (DialogSeekBar.xml) ------
2020-08-28 03:33:53.532 T:139709662390400   DEBUG: ------ Window Init (DialogSeekBar.xml) ------
2020-08-28 03:33:53.532 T:139709662390400   DEBUG: ------ Window Deinit (DialogSeekBar.xml) ------
2020-08-28 03:33:53.549 T:139709662390400   DEBUG: ------ Window Init (DialogSeekBar.xml) ------
2020-08-28 03:33:53.549 T:139709662390400   DEBUG: ------ Window Deinit (DialogSeekBar.xml) ------
2020-08-28 03:33:53.564 T:139709662390400   DEBUG: ------ Window Init (DialogSeekBar.xml) ------
2020-08-28 03:33:53.565 T:139709662390400   DEBUG: ------ Window Deinit (DialogSeekBar.xml) ------
2020-08-28 03:33:53.575 T:139709140924160   DEBUG: CActiveAE::ClearDiscardedBuffers - buffer pool deleted
2020-08-28 03:33:53.580 T:139709662390400   DEBUG: ------ Window Init (DialogSeekBar.xml) ------
2020-08-28 03:33:53.581 T:139709662390400   DEBUG: ------ Window Deinit (DialogSeekBar.xml) ------
2020-08-28 03:33:53.596 T:139709662390400   DEBUG: ------ Window Init (DialogSeekBar.xml) ------
2020-08-28 03:33:53.596 T:139709662390400   DEBUG: ------ Window Deinit (DialogSeekBar.xml) ------
2020-08-28 03:33:53.612 T:139709662390400   DEBUG: ------ Window Init (DialogSeekBar.xml) ------
2020-08-28 03:33:53.613 T:139709662390400   DEBUG: ------ Window Deinit (DialogSeekBar.xml) ------
2020-08-28 03:33:53.630 T:139709662390400   DEBUG: ------ Window Deinit (MusicOSD.xml) ------
2020-08-28 03:33:53.630 T:139709662390400   DEBUG: ------ Window Deinit (MusicVisualisation.xml) ------
2020-08-28 03:33:53.630 T:139709662390400   DEBUG: FreeVisualisation() done
2020-08-28 03:33:53.631 T:139709662390400   DEBUG: CGUIWindowManager::PreviousWindow: Activate new
2020-08-28 03:33:53.632 T:139709662390400   DEBUG: ------ Window Init (MyMusicNav.xml) ------
2020-08-28 03:33:53.633 T:139709662390400   DEBUG: CGUIMediaWindow::GetDirectory (musicdb://recentlyaddedalbums/1/)
2020-08-28 03:33:53.633 T:139709662390400   DEBUG:   ParentPath = [musicdb://recentlyaddedalbums/1/]
2020-08-28 03:33:53.635 T:139709662390400   DEBUG: GetSongsFullByWhere query = SELECT songview.*, songartistview.* FROM songview JOIN songartistview ON songartistview.idsong = songview.idsong  WHERE songview.idAlbum = 1 ORDER BY songartistview.idsong, songartistview.idRole, songartistview.iOrder
2020-08-28 03:33:53.636 T:139709662390400   DEBUG: GetSongsFullByWhere() - took 1 ms
2020-08-28 03:33:53.637 T:139709662390400   DEBUG: Custom album format = [%B]
2020-08-28 03:33:53.641 T:139707618940672   DEBUG: Previous line repeats 1 times.
2020-08-28 03:33:53.641 T:139707618940672   DEBUG: Thread BackgroundLoader start, auto delete: false
2020-08-28 03:33:53.650 T:139707618940672   DEBUG: Thread BackgroundLoader 139707618940672 terminating
2020-08-28 03:33:53.658 T:139709662390400   DEBUG: [Warning] CGUITextureManager::GetTexturePath: could not find texture '-'
2020-08-28 03:33:53.666 T:139707610547968   DEBUG: Previous line repeats 1 times.
2020-08-28 03:33:53.666 T:139707610547968   DEBUG: script.cu.lrclyrics: no lyrics found
2020-08-28 03:33:53.763 T:139709140924160   DEBUG: CActiveAE::ClearDiscardedBuffers - buffer pool deleted
2020-08-28 03:33:53.781 T:139709662390400   DEBUG: Activating window ID: 10120
2020-08-28 03:33:53.781 T:139709662390400   DEBUG: ------ Window Init (MusicOSD.xml) ------
2020-08-28 03:33:53.781 T:139709662390400   ERROR: Control 602 in window 10120 has been asked to focus, but it can't
2020-08-28 03:33:53.781 T:139709662390400   DEBUG: Activating window ID: 10120
2020-08-28 03:33:53.797 T:139709662390400   DEBUG: ------ Window Deinit (Custom_1109_TopBarOverlay.xml) ------
2020-08-28 03:33:53.932 T:139709662390400   DEBUG: ------ Window Deinit (/home/jakermx/.kodi/addons/script.cu.lrclyrics/resources/skins/Default/1080i/script-cu-lrclyrics-main.xml) ------
2020-08-28 03:33:53.933 T:139709662390400   DEBUG: [Warning] CGUITextureManager::GetTexturePath: could not find texture '-'
2020-08-28 03:34:01.380 T:139709662390400   DEBUG: Previous line repeats 2 times.
2020-08-28 03:34:01.380 T:139709662390400   DEBUG: ProcessMouse: trying mouse action rightclick
2020-08-28 03:34:01.513 T:139709662390400   DEBUG: ProcessMouse: unknown mouse command 57361
2020-08-28 03:34:01.514 T:139709662390400   DEBUG: ------ Window Deinit (Pointer.xml) ------
2020-08-28 03:34:01.697 T:139709662390400   DEBUG: ------ Window Deinit (MusicOSD.xml) ------
2020-08-28 03:34:01.895 T:139709662390400   DEBUG: ProcessMouse: trying mouse action rightclick
2020-08-28 03:34:01.896 T:139709662390400   DEBUG: CGUIWindowManager::PreviousWindow: Deactivate
2020-08-28 03:34:01.897 T:139709662390400   DEBUG: ------ Window Init (Pointer.xml) ------
2020-08-28 03:34:02.131 T:139709662390400   DEBUG: ------ Window Deinit (Pointer.xml) ------
2020-08-28 03:34:02.213 T:139709662390400   DEBUG: ------ Window Deinit (MyMusicNav.xml) ------
2020-08-28 03:34:02.213 T:139709662390400   DEBUG: FreeVisualisation() done
2020-08-28 03:34:02.214 T:139709662390400   DEBUG: CGUIWindowManager::PreviousWindow: Activate new
2020-08-28 03:34:02.214 T:139709662390400   DEBUG: ------ Window Init (Home.xml) ------
2020-08-28 03:34:02.215 T:139709662390400   DEBUG: CDirectoryProvider[library://music/]: refreshing..
2020-08-28 03:34:02.215 T:139709662390400   DEBUG: CDirectoryProvider[musicdb://recentlyplayedalbums]: refreshing..
2020-08-28 03:34:02.215 T:139709662390400   DEBUG: CDirectoryProvider[musicdb://recentlyaddedalbums/]: refreshing..
2020-08-28 03:34:02.215 T:139709662390400   DEBUG: CDirectoryProvider[special://skin/playlists/random_albums.xsp]: refreshing..
2020-08-28 03:34:02.215 T:139709662390400   DEBUG: CDirectoryProvider[special://skin/playlists/random_artists.xsp]: refreshing..
2020-08-28 03:34:02.215 T:139709662390400   DEBUG: CDirectoryProvider[special://skin/playlists/unplayed_albums.xsp]: refreshing..
2020-08-28 03:34:02.215 T:139709662390400   DEBUG: CDirectoryProvider[special://skin/playlists/mostplayed_albums.xsp]: refreshing..
2020-08-28 03:34:02.215 T:139709662390400   DEBUG: CDirectoryProvider[addons://]: refreshing..
2020-08-28 03:34:02.215 T:139709662390400   DEBUG: CDirectoryProvider[addons://sources/video/]: refreshing..
2020-08-28 03:34:02.215 T:139709662390400   DEBUG: CDirectoryProvider[addons://sources/audio/]: refreshing..
2020-08-28 03:34:02.215 T:139709662390400   DEBUG: CDirectoryProvider[addons://sources/game/]: refreshing..
2020-08-28 03:34:02.215 T:139709662390400   DEBUG: CDirectoryProvider[addons://sources/executable/]: refreshing..
2020-08-28 03:34:02.215 T:139709662390400   DEBUG: CDirectoryProvider[addons://sources/image/]: refreshing..
2020-08-28 03:34:02.215 T:139709662390400   DEBUG: CDirectoryProvider[library://video/]: refreshing..
2020-08-28 03:34:02.215 T:139709662390400   DEBUG: CDirectoryProvider[sources://video/]: refreshing..
2020-08-28 03:34:02.215 T:139709662390400   DEBUG: CDirectoryProvider[special://videoplaylists/]: refreshing..
2020-08-28 03:34:02.215 T:139709662390400   DEBUG: CDirectoryProvider[favourites://]: refreshing..
2020-08-28 03:34:02.215 T:139709662390400   DEBUG: CDirectoryProvider[sources://pictures/]: refreshing..
2020-08-28 03:34:02.215 T:139709662390400   DEBUG: CDirectoryProvider[addons://sources/game/]: refreshing..
2020-08-28 03:34:02.218 T:139709662390400   DEBUG: ProcessMouse: unknown mouse command 57361
2020-08-28 03:34:02.223 T:139708290635520   DEBUG: GetRecentlyPlayedAlbums query: SELECT albumview.*, albumartistview.* FROM (SELECT idAlbum FROM albumview WHERE albumview.lastplayed IS NOT NULL AND albumview.strReleaseType = 'album' ORDER BY albumview.lastplayed DESC LIMIT 25) as playedalbums JOIN albumview ON albumview.idAlbum = playedalbums.idAlbum JOIN albumartistview ON albumview.idAlbum = albumartistview.idAlbum ORDER BY albumview.lastplayed DESC, albumartistview.iorder
2020-08-28 03:34:02.223 T:139708282242816   DEBUG: GetRecentlyAddedAlbums query: SELECT albumview.*, albumartistview.* FROM (SELECT idAlbum FROM album WHERE strAlbum != '' ORDER BY idAlbum DESC LIMIT 25) AS recentalbums JOIN albumview ON albumview.idAlbum = recentalbums.idAlbum JOIN albumartistview ON albumview.idAlbum = albumartistview.idAlbum ORDER BY albumview.idAlbum desc, albumartistview.iOrder
2020-08-28 03:34:02.235 T:139708397856512   DEBUG: GetAlbumsByWhere query: SELECT albumview.* FROM albumview  WHERE albumview.strReleaseType = 'album' ORDER BY RANDOM() LIMIT 15
2020-08-28 03:34:02.237 T:139708290635520   DEBUG: GetArtistsByWhere query: SELECT artistview.* FROM artistview  WHERE (EXISTS (SELECT 1 FROM song_artist WHERE song_artist.idArtist = artistview.idArtist AND song_artist.idRole = 1) OR EXISTS (SELECT 1 FROM album_artist WHERE album_artist.idArtist = artistview.idArtist)) AND (artistview.strArtist != '') ORDER BY RANDOM() LIMIT 15
2020-08-28 03:34:02.237 T:139708397856512   DEBUG: GetAlbumsByWhere: Time to fill list with albums 3ms query took 2ms
2020-08-28 03:34:02.238 T:139708290635520   DEBUG: GetArtistsByWhere: Time to fill list with artists 3ms query took 1ms
