2020-08-28 03:34:35.358 T:139709140924160   DEBUG: CActiveAE::ClearDiscardedBuffers - buffer pool deleted
2020-08-28 03:34:35.389 T:139706294781696    INFO: PAPlayer::PrepareStream - Ready
2020-08-28 03:34:35.394 T:139707618940672   DEBUG: OnAVStarted: CApplication::OnAVStarted
2020-08-28 03:34:35.404 T:139709662390400   DEBUG: ------ Window Deinit (DialogBusy.xml) ------
2020-08-28 03:34:35.464 T:139707610547968   DEBUG: script.cu.lrclyrics: Current Song: Sepultura - Manifest
2020-08-28 03:34:35.464 T:139707610547968   DEBUG: script.cu.lrclyrics: searching memory for lyrics
2020-08-28 03:34:35.464 T:139707610547968   DEBUG: script.cu.lrclyrics: found lyrics in memory
2020-08-28 03:34:35.502 T:139707610547968   DEBUG: script.cu.lrclyrics: Next Song: Sepultura - The Hunt
2020-08-28 03:34:35.502 T:139707610547968   DEBUG: script.cu.lrclyrics: searching memory for lyrics
2020-08-28 03:34:35.502 T:139707610547968   DEBUG: script.cu.lrclyrics: found lyrics in memory
2020-08-28 03:34:36.146 T:139709662390400   DEBUG: ProcessMouse: trying mouse action leftclick
2020-08-28 03:34:36.146 T:139709662390400   DEBUG: CPlayerCoreFactory::GetPlayers(smb://192.168.0.5/Share/Music/Sepultura/Chaos A.D/09 We Who Are Not as Others.mp3)
2020-08-28 03:34:36.146 T:139709662390400   DEBUG: CPlayerSelectionRule::GetPlayers: considering rule: system rules
2020-08-28 03:34:36.146 T:139709662390400   DEBUG: CPlayerSelectionRule::GetPlayers: matches rule: system rules
2020-08-28 03:34:36.146 T:139709662390400   DEBUG: CPlayerSelectionRule::GetPlayers: considering rule: mms/udp
2020-08-28 03:34:36.147 T:139709662390400   DEBUG: CPlayerSelectionRule::GetPlayers: considering rule: lastfm/shout
2020-08-28 03:34:36.147 T:139709662390400   DEBUG: CPlayerSelectionRule::GetPlayers: considering rule: rtmp
2020-08-28 03:34:36.147 T:139709662390400   DEBUG: CPlayerSelectionRule::GetPlayers: considering rule: rtsp
2020-08-28 03:34:36.147 T:139709662390400   DEBUG: CPlayerSelectionRule::GetPlayers: considering rule: streams
2020-08-28 03:34:36.147 T:139709662390400   DEBUG: CPlayerSelectionRule::GetPlayers: considering rule: dvd
2020-08-28 03:34:36.147 T:139709662390400   DEBUG: CPlayerSelectionRule::GetPlayers: considering rule: dvdimage
2020-08-28 03:34:36.147 T:139709662390400   DEBUG: CPlayerSelectionRule::GetPlayers: considering rule: sdp/asf
2020-08-28 03:34:36.147 T:139709662390400   DEBUG: CPlayerSelectionRule::GetPlayers: considering rule: nsv
2020-08-28 03:34:36.147 T:139709662390400   DEBUG: CPlayerSelectionRule::GetPlayers: considering rule: radio
2020-08-28 03:34:36.147 T:139709662390400   DEBUG: CPlayerCoreFactory::GetPlayers: matched 0 rules with players
2020-08-28 03:34:36.147 T:139709662390400   DEBUG: CPlayerCoreFactory::GetPlayers: adding audiodefaultplayer (PAPlayer)
2020-08-28 03:34:36.147 T:139709662390400   DEBUG: CPlayerCoreFactory::GetPlayers: for video=0, audio=1
2020-08-28 03:34:36.147 T:139709662390400   DEBUG: CPlayerCoreFactory::GetPlayers: for video=1, audio=1
2020-08-28 03:34:36.147 T:139709662390400   DEBUG: CPlayerCoreFactory::GetPlayers: adding player: VideoPlayer
2020-08-28 03:34:36.147 T:139709662390400   DEBUG: CPlayerCoreFactory::GetPlayers: added 2 players
2020-08-28 03:34:36.226 T:139707618940672   DEBUG: CSMBFile::Close closing fd 10000
2020-08-28 03:34:36.228 T:139708282242816   DEBUG: DoWork - Saving file state for audio item musicdb://albums/1/10.mp3?albumid=1&xsp=%7b%22limit%22%3a15%2c%22order%22%3a%7b%22direction%22%3a%22ascending%22%2c%22ignorefolders%22%3a0%2c%22method%22%3a%22random%22%7d%2c%22type%22%3a%22albums%22%7d
2020-08-28 03:34:36.228 T:139709140924160   DEBUG: CActiveAE::DiscardStream - audio stream deleted
2020-08-28 03:34:36.228 T:139709140924160   DEBUG: CActiveAE::ClearDiscardedBuffers - buffer pool deleted
2020-08-28 03:34:36.238 T:139707618940672   DEBUG: Previous line repeats 1 times.
2020-08-28 03:34:36.238 T:139707618940672   DEBUG: OnPlayBackStopped: CApplication::OnPlayBackStopped
2020-08-28 03:34:36.238 T:139707618940672   DEBUG: Thread PAPlayer 139707618940672 terminating
2020-08-28 03:34:36.240 T:139709662390400   DEBUG: FreeVisualisation() started
2020-08-28 03:34:36.240 T:139709662390400   DEBUG: FreeVisualisation() done
2020-08-28 03:34:36.244 T:139709662390400   DEBUG: OnPlayBackStarted: CApplication::OnPlayBackStarted
2020-08-28 03:34:36.244 T:139707618940672   DEBUG: Thread PAPlayer start, auto delete: false
2020-08-28 03:34:36.244 T:139709662390400   DEBUG: CMusicGUIInfo::InitCurrentItem(musicdb://albums/1/9.mp3?albumid=1&xsp=%7b%22limit%22%3a15%2c%22order%22%3a%7b%22direction%22%3a%22ascending%22%2c%22ignorefolders%22%3a0%2c%22method%22%3a%22random%22%7d%2c%22type%22%3a%22albums%22%7d)
2020-08-28 03:34:36.244 T:139707618940672   DEBUG: PAPlayer::Process - Playback started
2020-08-28 03:34:36.247 T:139709662390400   DEBUG: GetArtist(SELECT idArtist, strArtist, strSortName, strMusicBrainzArtistID, strType, strGender, strDisambiguation, strBorn, strFormed, strGenres,strMoods, strStyles, strInstruments, strBiography, strDied, strDisbanded, strYearsActive, strImage, strFanart, bScrapedMBID, lastScraped, '' AS dateAdded FROM artist WHERE idArtist = 2) - took 0 ms
2020-08-28 03:34:36.247 T:139709662390400   DEBUG: SELECT albumview.*,albumartistview.*  FROM albumview  JOIN albumartistview ON albumview.idAlbum = albumartistview.idAlbum  WHERE albumview.idAlbum = 1  ORDER BY albumartistview.iOrder
2020-08-28 03:34:36.248 T:139706294781696   DEBUG: CSMBFile::Open - opened smb://USERNAME:PASSWORD@192.168.0.5/Share/Music/Sepultura/Chaos A.D/09 We Who Are Not as Others.mp3, fd=10000
2020-08-28 03:34:36.248 T:139709662390400   DEBUG: Loading additional tag info for file smb://192.168.0.5/Share/Music/Sepultura/Chaos A.D/09 We Who Are Not as Others.mp3
2020-08-28 03:34:36.275 T:139706294781696   DEBUG: Open - probing detected format [mp3]
2020-08-28 03:34:36.275 T:139706294781696   DEBUG: Open - setting usetoc to 0 for accurate VBR MP3 seek
2020-08-28 03:34:36.275 T:139706294781696   DEBUG: Open - avformat_find_stream_info starting
2020-08-28 03:34:36.276 T:139706294781696   DEBUG: ffmpeg[7F0FE812C700]: [mp3] Estimating duration from bitrate, this may be inaccurate
2020-08-28 03:34:36.276 T:139706294781696   DEBUG: Open - av_find_stream_info finished
2020-08-28 03:34:36.276 T:139706294781696   DEBUG: CDVDDemuxFFmpeg::AddStream ID: 0
2020-08-28 03:34:36.276 T:139706294781696  NOTICE: CDVDAudioCodecFFmpeg::Open() Successful opened audio decoder mp3float
2020-08-28 03:34:36.277 T:139709662390400   DEBUG: CSMBFile::Open - opened smb://USERNAME:PASSWORD@192.168.0.5/Share/Music/Sepultura/Chaos A.D/09 We Who Are Not as Others.mp3, fd=10002
2020-08-28 03:34:36.303 T:139706294781696   DEBUG: CSMBFile::Open - opened smb://USERNAME:PASSWORD@192.168.0.5/Share/Music/Sepultura/Chaos A.D/09 We Who Are Not as Others.mp3, fd=10001
2020-08-28 03:34:36.352 T:139709662390400   DEBUG: unrecognized ID3 frame detected: MCDI
2020-08-28 03:34:36.352 T:139709662390400   DEBUG: unrecognized ID3 frame detected: PRIV
2020-08-28 03:34:36.352 T:139709662390400   DEBUG: unrecognized ID3 frame detected: TLEN
2020-08-28 03:34:36.352 T:139709662390400   DEBUG: CSMBFile::Close closing fd 10002
2020-08-28 03:34:36.355 T:139709662390400   DEBUG: CPlayerGUIInfo::InitCurrentItem(musicdb://albums/1/9.mp3?albumid=1&xsp=%7b%22limit%22%3a15%2c%22order%22%3a%7b%22direction%22%3a%22ascending%22%2c%22ignorefolders%22%3a0%2c%22method%22%3a%22random%22%7d%2c%22type%22%3a%22albums%22%7d)
2020-08-28 03:34:36.356 T:139709157709568   DEBUG: UPnP: Building didl for object 'musicdb://albums/1/9.mp3?albumid=1&xsp=%7b%22limit%22%3a15%2c%22order%22%3a%7b%22direction%22%3a%22ascending%22%2c%22ignorefolders%22%3a0%2c%22method%22%3a%22random%22%7d%2c%22type%22%3a%22albums%22%7d'
2020-08-28 03:34:36.386 T:139706294781696   DEBUG: unrecognized ID3 frame detected: MCDI
2020-08-28 03:34:36.387 T:139706294781696   DEBUG: unrecognized ID3 frame detected: PRIV
2020-08-28 03:34:36.387 T:139706294781696   DEBUG: unrecognized ID3 frame detected: TLEN
2020-08-28 03:34:36.387 T:139706294781696   DEBUG: CSMBFile::Close closing fd 10001
2020-08-28 03:34:36.393 T:139706294781696   DEBUG: SeekTime - seek ended up on time 0
2020-08-28 03:34:36.430 T:139709140924160   DEBUG: Previous line repeats 1 times.
2020-08-28 03:34:36.430 T:139709140924160   DEBUG: CActiveAE::ClearDiscardedBuffers - buffer pool deleted
2020-08-28 03:34:36.456 T:139709662390400   DEBUG: ------ Window Init (DialogBusy.xml) ------
2020-08-28 03:34:36.459 T:139709662390400   ERROR: CBinaryAddonManager::GetInstalledAddonInfo: Requested addon '' unknown as binary
2020-08-28 03:34:36.485 T:139706294781696    INFO: AudioDecoder: File is queued
2020-08-28 03:34:36.486 T:139706294781696   DEBUG: AudioDecoder::GetReplayGain - Final Replaygain applied: 1.000000, Track/Album Gain 89.000000, Peak 1.000000
2020-08-28 03:34:36.487 T:139709140924160   DEBUG: CActiveAE::ClearDiscardedBuffers - buffer pool deleted
2020-08-28 03:34:36.515 T:139706294781696    INFO: PAPlayer::PrepareStream - Ready
2020-08-28 03:34:36.517 T:139707618940672   DEBUG: OnAVStarted: CApplication::OnAVStarted
2020-08-28 03:34:36.529 T:139709662390400   DEBUG: ------ Window Deinit (DialogBusy.xml) ------
2020-08-28 03:34:36.582 T:139707610547968   DEBUG: script.cu.lrclyrics: Current Song: Sepultura - We Who Are Not as Others
2020-08-28 03:34:36.582 T:139707610547968   DEBUG: script.cu.lrclyrics: searching memory for lyrics
2020-08-28 03:34:36.582 T:139707610547968   DEBUG: script.cu.lrclyrics: found lyrics in memory
2020-08-28 03:34:36.618 T:139707610547968   DEBUG: script.cu.lrclyrics: Next Song: Sepultura - Manifest
2020-08-28 03:34:36.618 T:139707610547968   DEBUG: script.cu.lrclyrics: searching memory for lyrics
2020-08-28 03:34:36.618 T:139707610547968   DEBUG: script.cu.lrclyrics: found lyrics in memory
2020-08-28 03:34:36.914 T:139709662390400   DEBUG: ProcessMouse: trying mouse action leftclick
2020-08-28 03:34:36.914 T:139709662390400   DEBUG: CPlayerCoreFactory::GetPlayers(smb://192.168.0.5/Share/Music/Sepultura/Chaos A.D/08 Nomad.mp3)
2020-08-28 03:34:36.914 T:139709662390400   DEBUG: CPlayerSelectionRule::GetPlayers: considering rule: system rules
2020-08-28 03:34:36.914 T:139709662390400   DEBUG: CPlayerSelectionRule::GetPlayers: matches rule: system rules
2020-08-28 03:34:36.914 T:139709662390400   DEBUG: CPlayerSelectionRule::GetPlayers: considering rule: mms/udp
2020-08-28 03:34:36.914 T:139709662390400   DEBUG: CPlayerSelectionRule::GetPlayers: considering rule: lastfm/shout
2020-08-28 03:34:36.914 T:139709662390400   DEBUG: CPlayerSelectionRule::GetPlayers: considering rule: rtmp
2020-08-28 03:34:36.914 T:139709662390400   DEBUG: CPlayerSelectionRule::GetPlayers: considering rule: rtsp
2020-08-28 03:34:36.914 T:139709662390400   DEBUG: CPlayerSelectionRule::GetPlayers: considering rule: streams
2020-08-28 03:34:36.914 T:139709662390400   DEBUG: CPlayerSelectionRule::GetPlayers: considering rule: dvd
2020-08-28 03:34:36.914 T:139709662390400   DEBUG: CPlayerSelectionRule::GetPlayers: considering rule: dvdimage
2020-08-28 03:34:36.914 T:139709662390400   DEBUG: CPlayerSelectionRule::GetPlayers: considering rule: sdp/asf
2020-08-28 03:34:36.914 T:139709662390400   DEBUG: CPlayerSelectionRule::GetPlayers: considering rule: nsv
2020-08-28 03:34:36.914 T:139709662390400   DEBUG: CPlayerSelectionRule::GetPlayers: considering rule: radio
2020-08-28 03:34:36.914 T:139709662390400   DEBUG: CPlayerCoreFactory::GetPlayers: matched 0 rules with players
2020-08-28 03:34:36.914 T:139709662390400   DEBUG: CPlayerCoreFactory::GetPlayers: adding audiodefaultplayer (PAPlayer)
2020-08-28 03:34:36.914 T:139709662390400   DEBUG: CPlayerCoreFactory::GetPlayers: for video=0, audio=1
2020-08-28 03:34:36.914 T:139709662390400   DEBUG: CPlayerCoreFactory::GetPlayers: for video=1, audio=1
2020-08-28 03:34:36.914 T:139709662390400   DEBUG: CPlayerCoreFactory::GetPlayers: adding player: VideoPlayer
2020-08-28 03:34:36.914 T:139709662390400   DEBUG: CPlayerCoreFactory::GetPlayers: added 2 players
2020-08-28 03:34:36.969 T:139707618940672   DEBUG: CSMBFile::Close closing fd 10000
2020-08-28 03:34:36.995 T:139709140924160   DEBUG: CActiveAE::DiscardStream - audio stream deleted
2020-08-28 03:34:36.995 T:139706294781696   DEBUG: DoWork - Saving file state for audio item musicdb://albums/1/9.mp3?albumid=1&xsp=%7b%22limit%22%3a15%2c%22order%22%3a%7b%22direction%22%3a%22ascending%22%2c%22ignorefolders%22%3a0%2c%22method%22%3a%22random%22%7d%2c%22type%22%3a%22albums%22%7d
2020-08-28 03:34:36.995 T:139709140924160   DEBUG: CActiveAE::ClearDiscardedBuffers - buffer pool deleted
2020-08-28 03:34:37.002 T:139707618940672   DEBUG: Previous line repeats 1 times.
2020-08-28 03:34:37.002 T:139707618940672   DEBUG: OnPlayBackStopped: CApplication::OnPlayBackStopped
2020-08-28 03:34:37.002 T:139707618940672   DEBUG: Thread PAPlayer 139707618940672 terminating
2020-08-28 03:34:37.004 T:139709662390400   DEBUG: FreeVisualisation() started
2020-08-28 03:34:37.004 T:139709662390400   DEBUG: FreeVisualisation() done
2020-08-28 03:34:37.011 T:139709662390400   DEBUG: OnPlayBackStarted: CApplication::OnPlayBackStarted
2020-08-28 03:34:37.011 T:139709662390400   DEBUG: CMusicGUIInfo::InitCurrentItem(musicdb://albums/1/8.mp3?albumid=1&xsp=%7b%22limit%22%3a15%2c%22order%22%3a%7b%22direction%22%3a%22ascending%22%2c%22ignorefolders%22%3a0%2c%22method%22%3a%22random%22%7d%2c%22type%22%3a%22albums%22%7d)
2020-08-28 03:34:37.011 T:139707618940672   DEBUG: Thread PAPlayer start, auto delete: false
2020-08-28 03:34:37.011 T:139707618940672   DEBUG: PAPlayer::Process - Playback started
2020-08-28 03:34:37.016 T:139708290635520   DEBUG: CSMBFile::Open - opened smb://USERNAME:PASSWORD@192.168.0.5/Share/Music/Sepultura/Chaos A.D/08 Nomad.mp3, fd=10000
2020-08-28 03:34:37.016 T:139709662390400   DEBUG: GetArtist(SELECT idArtist, strArtist, strSortName, strMusicBrainzArtistID, strType, strGender, strDisambiguation, strBorn, strFormed, strGenres,strMoods, strStyles, strInstruments, strBiography, strDied, strDisbanded, strYearsActive, strImage, strFanart, bScrapedMBID, lastScraped, '' AS dateAdded FROM artist WHERE idArtist = 2) - took 0 ms
2020-08-28 03:34:37.016 T:139709662390400   DEBUG: SELECT albumview.*,albumartistview.*  FROM albumview  JOIN albumartistview ON albumview.idAlbum = albumartistview.idAlbum  WHERE albumview.idAlbum = 1  ORDER BY albumartistview.iOrder
2020-08-28 03:34:37.017 T:139709662390400   DEBUG: Loading additional tag info for file smb://192.168.0.5/Share/Music/Sepultura/Chaos A.D/08 Nomad.mp3
2020-08-28 03:34:37.046 T:139708290635520   DEBUG: Open - probing detected format [mp3]
2020-08-28 03:34:37.046 T:139708290635520   DEBUG: Open - setting usetoc to 0 for accurate VBR MP3 seek
2020-08-28 03:34:37.046 T:139708290635520   DEBUG: Open - avformat_find_stream_info starting
2020-08-28 03:34:37.047 T:139708290635520   DEBUG: ffmpeg[7F105F091700]: [mp3] Estimating duration from bitrate, this may be inaccurate
2020-08-28 03:34:37.047 T:139708290635520   DEBUG: Open - av_find_stream_info finished
2020-08-28 03:34:37.047 T:139708290635520   DEBUG: CDVDDemuxFFmpeg::AddStream ID: 0
2020-08-28 03:34:37.047 T:139708290635520  NOTICE: CDVDAudioCodecFFmpeg::Open() Successful opened audio decoder mp3float
2020-08-28 03:34:37.047 T:139709662390400   DEBUG: CSMBFile::Open - opened smb://USERNAME:PASSWORD@192.168.0.5/Share/Music/Sepultura/Chaos A.D/08 Nomad.mp3, fd=10001
2020-08-28 03:34:37.073 T:139708290635520   DEBUG: CSMBFile::Open - opened smb://USERNAME:PASSWORD@192.168.0.5/Share/Music/Sepultura/Chaos A.D/08 Nomad.mp3, fd=10002
2020-08-28 03:34:37.128 T:139709662390400   DEBUG: unrecognized ID3 frame detected: MCDI
2020-08-28 03:34:37.128 T:139709662390400   DEBUG: unrecognized ID3 frame detected: PRIV
2020-08-28 03:34:37.128 T:139709662390400   DEBUG: unrecognized ID3 frame detected: TLEN
2020-08-28 03:34:37.128 T:139709662390400   DEBUG: CSMBFile::Close closing fd 10001
2020-08-28 03:34:37.133 T:139709662390400   DEBUG: CPlayerGUIInfo::InitCurrentItem(musicdb://albums/1/8.mp3?albumid=1&xsp=%7b%22limit%22%3a15%2c%22order%22%3a%7b%22direction%22%3a%22ascending%22%2c%22ignorefolders%22%3a0%2c%22method%22%3a%22random%22%7d%2c%22type%22%3a%22albums%22%7d)
2020-08-28 03:34:37.133 T:139709157709568   DEBUG: UPnP: Building didl for object 'musicdb://albums/1/8.mp3?albumid=1&xsp=%7b%22limit%22%3a15%2c%22order%22%3a%7b%22direction%22%3a%22ascending%22%2c%22ignorefolders%22%3a0%2c%22method%22%3a%22random%22%7d%2c%22type%22%3a%22albums%22%7d'
2020-08-28 03:34:37.155 T:139708290635520   DEBUG: unrecognized ID3 frame detected: MCDI
2020-08-28 03:34:37.156 T:139708290635520   DEBUG: unrecognized ID3 frame detected: PRIV
2020-08-28 03:34:37.156 T:139708290635520   DEBUG: unrecognized ID3 frame detected: TLEN
2020-08-28 03:34:37.156 T:139708290635520   DEBUG: CSMBFile::Close closing fd 10002
2020-08-28 03:34:37.158 T:139708290635520   DEBUG: SeekTime - seek ended up on time 0
2020-08-28 03:34:37.174 T:139709140924160   DEBUG: Previous line repeats 1 times.
2020-08-28 03:34:37.174 T:139709140924160   DEBUG: CActiveAE::ClearDiscardedBuffers - buffer pool deleted
2020-08-28 03:34:37.233 T:139709662390400   DEBUG: ------ Window Init (DialogBusy.xml) ------
2020-08-28 03:34:37.238 T:139709662390400   ERROR: CBinaryAddonManager::GetInstalledAddonInfo: Requested addon '' unknown as binary
2020-08-28 03:34:37.252 T:139708290635520    INFO: AudioDecoder: File is queued
2020-08-28 03:34:37.253 T:139708290635520   DEBUG: AudioDecoder::GetReplayGain - Final Replaygain applied: 1.000000, Track/Album Gain 89.000000, Peak 1.000000
2020-08-28 03:34:37.254 T:139709140924160   DEBUG: CActiveAE::ClearDiscardedBuffers - buffer pool deleted
2020-08-28 03:34:37.281 T:139708290635520    INFO: PAPlayer::PrepareStream - Ready
2020-08-28 03:34:37.285 T:139707618940672   DEBUG: OnAVStarted: CApplication::OnAVStarted
2020-08-28 03:34:37.294 T:139709662390400   DEBUG: ------ Window Deinit (DialogBusy.xml) ------
2020-08-28 03:34:37.330 T:139709662390400   DEBUG: ProcessMouse: trying mouse action leftclick
2020-08-28 03:34:37.330 T:139709662390400   DEBUG: CPlayerCoreFactory::GetPlayers(smb://192.168.0.5/Share/Music/Sepultura/Chaos A.D/07 Biotech Is Godzilla.mp3)
2020-08-28 03:34:37.330 T:139709662390400   DEBUG: CPlayerSelectionRule::GetPlayers: considering rule: system rules
2020-08-28 03:34:37.330 T:139709662390400   DEBUG: CPlayerSelectionRule::GetPlayers: matches rule: system rules
2020-08-28 03:34:37.330 T:139709662390400   DEBUG: CPlayerSelectionRule::GetPlayers: considering rule: mms/udp
2020-08-28 03:34:37.331 T:139709662390400   DEBUG: CPlayerSelectionRule::GetPlayers: considering rule: lastfm/shout
2020-08-28 03:34:37.331 T:139709662390400   DEBUG: CPlayerSelectionRule::GetPlayers: considering rule: rtmp
2020-08-28 03:34:37.331 T:139709662390400   DEBUG: CPlayerSelectionRule::GetPlayers: considering rule: rtsp
2020-08-28 03:34:37.331 T:139709662390400   DEBUG: CPlayerSelectionRule::GetPlayers: considering rule: streams
2020-08-28 03:34:37.331 T:139709662390400   DEBUG: CPlayerSelectionRule::GetPlayers: considering rule: dvd
2020-08-28 03:34:37.331 T:139709662390400   DEBUG: CPlayerSelectionRule::GetPlayers: considering rule: dvdimage
2020-08-28 03:34:37.331 T:139709662390400   DEBUG: CPlayerSelectionRule::GetPlayers: considering rule: sdp/asf
2020-08-28 03:34:37.331 T:139709662390400   DEBUG: CPlayerSelectionRule::GetPlayers: considering rule: nsv
2020-08-28 03:34:37.331 T:139709662390400   DEBUG: CPlayerSelectionRule::GetPlayers: considering rule: radio
2020-08-28 03:34:37.331 T:139709662390400   DEBUG: CPlayerCoreFactory::GetPlayers: matched 0 rules with players
2020-08-28 03:34:37.331 T:139709662390400   DEBUG: CPlayerCoreFactory::GetPlayers: adding audiodefaultplayer (PAPlayer)
2020-08-28 03:34:37.331 T:139709662390400   DEBUG: CPlayerCoreFactory::GetPlayers: for video=0, audio=1
2020-08-28 03:34:37.331 T:139709662390400   DEBUG: CPlayerCoreFactory::GetPlayers: for video=1, audio=1
2020-08-28 03:34:37.331 T:139709662390400   DEBUG: CPlayerCoreFactory::GetPlayers: adding player: VideoPlayer
2020-08-28 03:34:37.331 T:139709662390400   DEBUG: CPlayerCoreFactory::GetPlayers: added 2 players
2020-08-28 03:34:37.433 T:139709140924160   DEBUG: CActiveAE::DiscardStream - audio stream deleted
2020-08-28 03:34:37.433 T:139709140924160   DEBUG: CActiveAE::ClearDiscardedBuffers - buffer pool deleted
2020-08-28 03:34:37.433 T:139708282242816   DEBUG: DoWork - Saving file state for audio item musicdb://albums/1/8.mp3?albumid=1&xsp=%7b%22limit%22%3a15%2c%22order%22%3a%7b%22direction%22%3a%22ascending%22%2c%22ignorefolders%22%3a0%2c%22method%22%3a%22random%22%7d%2c%22type%22%3a%22albums%22%7d
2020-08-28 03:34:37.433 T:139709140924160   DEBUG: CActiveAE::ClearDiscardedBuffers - buffer pool deleted
2020-08-28 03:34:37.434 T:139709662390400   DEBUG: CSMBFile::Close closing fd 10000
2020-08-28 03:34:37.440 T:139707618940672   DEBUG: OnPlayBackStopped: CApplication::OnPlayBackStopped
2020-08-28 03:34:37.440 T:139707618940672   DEBUG: Thread PAPlayer 139707618940672 terminating
2020-08-28 03:34:37.441 T:139707610547968   DEBUG: script.cu.lrclyrics: Current Song: Sepultura - Nomad
2020-08-28 03:34:37.441 T:139707610547968   DEBUG: script.cu.lrclyrics: searching memory for lyrics
2020-08-28 03:34:37.441 T:139707610547968   DEBUG: script.cu.lrclyrics: found lyrics in memory
2020-08-28 03:34:37.443 T:139709662390400   DEBUG: FreeVisualisation() started
2020-08-28 03:34:37.443 T:139709662390400   DEBUG: FreeVisualisation() done
2020-08-28 03:34:37.450 T:139709662390400   DEBUG: OnPlayBackStarted: CApplication::OnPlayBackStarted
2020-08-28 03:34:37.450 T:139709662390400   DEBUG: CMusicGUIInfo::InitCurrentItem(musicdb://albums/1/7.mp3?albumid=1&xsp=%7b%22limit%22%3a15%2c%22order%22%3a%7b%22direction%22%3a%22ascending%22%2c%22ignorefolders%22%3a0%2c%22method%22%3a%22random%22%7d%2c%22type%22%3a%22albums%22%7d)
2020-08-28 03:34:37.450 T:139707618940672   DEBUG: Thread PAPlayer start, auto delete: false
2020-08-28 03:34:37.450 T:139707618940672   DEBUG: PAPlayer::Process - Playback started
2020-08-28 03:34:37.455 T:139708290635520   DEBUG: CSMBFile::Open - opened smb://USERNAME:PASSWORD@192.168.0.5/Share/Music/Sepultura/Chaos A.D/07 Biotech Is Godzilla.mp3, fd=10000
2020-08-28 03:34:37.457 T:139709662390400   DEBUG: GetArtist(SELECT idArtist, strArtist, strSortName, strMusicBrainzArtistID, strType, strGender, strDisambiguation, strBorn, strFormed, strGenres,strMoods, strStyles, strInstruments, strBiography, strDied, strDisbanded, strYearsActive, strImage, strFanart, bScrapedMBID, lastScraped, '' AS dateAdded FROM artist WHERE idArtist = 2) - took 0 ms
2020-08-28 03:34:37.457 T:139709662390400   DEBUG: SELECT albumview.*,albumartistview.*  FROM albumview  JOIN albumartistview ON albumview.idAlbum = albumartistview.idAlbum  WHERE albumview.idAlbum = 1  ORDER BY albumartistview.iOrder
2020-08-28 03:34:37.459 T:139709662390400   DEBUG: Loading additional tag info for file smb://192.168.0.5/Share/Music/Sepultura/Chaos A.D/07 Biotech Is Godzilla.mp3
2020-08-28 03:34:37.478 T:139708290635520   DEBUG: Open - probing detected format [mp3]
2020-08-28 03:34:37.478 T:139708290635520   DEBUG: Open - setting usetoc to 0 for accurate VBR MP3 seek
2020-08-28 03:34:37.478 T:139708290635520   DEBUG: Open - avformat_find_stream_info starting
2020-08-28 03:34:37.479 T:139708290635520   DEBUG: ffmpeg[7F105F091700]: [mp3] Estimating duration from bitrate, this may be inaccurate
2020-08-28 03:34:37.479 T:139708290635520   DEBUG: Open - av_find_stream_info finished
2020-08-28 03:34:37.479 T:139708290635520   DEBUG: CDVDDemuxFFmpeg::AddStream ID: 0
2020-08-28 03:34:37.479 T:139708290635520  NOTICE: CDVDAudioCodecFFmpeg::Open() Successful opened audio decoder mp3float
2020-08-28 03:34:37.480 T:139709662390400   DEBUG: CSMBFile::Open - opened smb://USERNAME:PASSWORD@192.168.0.5/Share/Music/Sepultura/Chaos A.D/07 Biotech Is Godzilla.mp3, fd=10002
2020-08-28 03:34:37.507 T:139708290635520   DEBUG: CSMBFile::Open - opened smb://USERNAME:PASSWORD@192.168.0.5/Share/Music/Sepultura/Chaos A.D/07 Biotech Is Godzilla.mp3, fd=10001
2020-08-28 03:34:37.566 T:139709662390400   DEBUG: unrecognized ID3 frame detected: MCDI
2020-08-28 03:34:37.566 T:139709662390400   DEBUG: unrecognized ID3 frame detected: PRIV
2020-08-28 03:34:37.566 T:139709662390400   DEBUG: unrecognized ID3 frame detected: TLEN
2020-08-28 03:34:37.566 T:139709662390400   DEBUG: CSMBFile::Close closing fd 10002
2020-08-28 03:34:37.589 T:139709662390400   DEBUG: CPlayerGUIInfo::InitCurrentItem(musicdb://albums/1/7.mp3?albumid=1&xsp=%7b%22limit%22%3a15%2c%22order%22%3a%7b%22direction%22%3a%22ascending%22%2c%22ignorefolders%22%3a0%2c%22method%22%3a%22random%22%7d%2c%22type%22%3a%22albums%22%7d)
2020-08-28 03:34:37.589 T:139709157709568   DEBUG: UPnP: Building didl for object 'musicdb://albums/1/7.mp3?albumid=1&xsp=%7b%22limit%22%3a15%2c%22order%22%3a%7b%22direction%22%3a%22ascending%22%2c%22ignorefolders%22%3a0%2c%22method%22%3a%22random%22%7d%2c%22type%22%3a%22albums%22%7d'
2020-08-28 03:34:37.592 T:139708290635520   DEBUG: unrecognized ID3 frame detected: MCDI
2020-08-28 03:34:37.592 T:139708290635520   DEBUG: unrecognized ID3 frame detected: PRIV
2020-08-28 03:34:37.592 T:139708290635520   DEBUG: unrecognized ID3 frame detected: TLEN
2020-08-28 03:34:37.592 T:139708290635520   DEBUG: CSMBFile::Close closing fd 10001
2020-08-28 03:34:37.594 T:139708290635520   DEBUG: SeekTime - seek ended up on time 0
2020-08-28 03:34:37.640 T:139709140924160   DEBUG: Previous line repeats 1 times.
2020-08-28 03:34:37.640 T:139709140924160   DEBUG: CActiveAE::ClearDiscardedBuffers - buffer pool deleted
2020-08-28 03:34:37.689 T:139708290635520    INFO: AudioDecoder: File is queued
2020-08-28 03:34:37.689 T:139709662390400   DEBUG: ------ Window Init (DialogBusy.xml) ------
2020-08-28 03:34:37.690 T:139708290635520   DEBUG: AudioDecoder::GetReplayGain - Final Replaygain applied: 1.000000, Track/Album Gain 89.000000, Peak 1.000000
2020-08-28 03:34:37.690 T:139709140924160   DEBUG: CActiveAE::ClearDiscardedBuffers - buffer pool deleted
2020-08-28 03:34:37.694 T:139709662390400   ERROR: CBinaryAddonManager::GetInstalledAddonInfo: Requested addon '' unknown as binary
2020-08-28 03:34:37.696 T:139707610547968   DEBUG: script.cu.lrclyrics: Next Song: Sepultura - Nomad
2020-08-28 03:34:37.696 T:139707610547968   DEBUG: script.cu.lrclyrics: searching memory for lyrics
2020-08-28 03:34:37.696 T:139707610547968   DEBUG: script.cu.lrclyrics: found lyrics in memory
2020-08-28 03:34:37.703 T:139709662390400   DEBUG: ProcessMouse: trying mouse action doubleclick
2020-08-28 03:34:37.703 T:139709662390400   DEBUG: ProcessMouse: trying mouse action leftclick
2020-08-28 03:34:37.721 T:139708290635520    INFO: PAPlayer::PrepareStream - Ready
2020-08-28 03:34:37.723 T:139707618940672   DEBUG: OnAVStarted: CApplication::OnAVStarted
2020-08-28 03:34:37.739 T:139709662390400   DEBUG: ------ Window Deinit (DialogBusy.xml) ------
2020-08-28 03:34:37.830 T:139707610547968   DEBUG: script.cu.lrclyrics: Current Song: Sepultura - Biotech Is Godzilla
2020-08-28 03:34:37.830 T:139707610547968   DEBUG: script.cu.lrclyrics: searching memory for lyrics
2020-08-28 03:34:37.830 T:139707610547968   DEBUG: script.cu.lrclyrics: found lyrics in memory
2020-08-28 03:34:37.865 T:139707610547968   DEBUG: script.cu.lrclyrics: Next Song: Sepultura - Nomad
2020-08-28 03:34:37.865 T:139707610547968   DEBUG: script.cu.lrclyrics: searching memory for lyrics
2020-08-28 03:34:37.865 T:139707610547968   DEBUG: script.cu.lrclyrics: found lyrics in memory
2020-08-28 03:34:38.530 T:139709662390400   DEBUG: ProcessMouse: trying mouse action leftclick
2020-08-28 03:34:38.531 T:139709662390400   DEBUG: CPlayerCoreFactory::GetPlayers(smb://192.168.0.5/Share/Music/Sepultura/Chaos A.D/06 Propaganda.mp3)
2020-08-28 03:34:38.531 T:139709662390400   DEBUG: CPlayerSelectionRule::GetPlayers: considering rule: system rules
2020-08-28 03:34:38.531 T:139709662390400   DEBUG: CPlayerSelectionRule::GetPlayers: matches rule: system rules
2020-08-28 03:34:38.531 T:139709662390400   DEBUG: CPlayerSelectionRule::GetPlayers: considering rule: mms/udp
2020-08-28 03:34:38.531 T:139709662390400   DEBUG: CPlayerSelectionRule::GetPlayers: considering rule: lastfm/shout
2020-08-28 03:34:38.531 T:139709662390400   DEBUG: CPlayerSelectionRule::GetPlayers: considering rule: rtmp
2020-08-28 03:34:38.531 T:139709662390400   DEBUG: CPlayerSelectionRule::GetPlayers: considering rule: rtsp
2020-08-28 03:34:38.531 T:139709662390400   DEBUG: CPlayerSelectionRule::GetPlayers: considering rule: streams
2020-08-28 03:34:38.531 T:139709662390400   DEBUG: CPlayerSelectionRule::GetPlayers: considering rule: dvd
2020-08-28 03:34:38.531 T:139709662390400   DEBUG: CPlayerSelectionRule::GetPlayers: considering rule: dvdimage
2020-08-28 03:34:38.531 T:139709662390400   DEBUG: CPlayerSelectionRule::GetPlayers: considering rule: sdp/asf
2020-08-28 03:34:38.531 T:139709662390400   DEBUG: CPlayerSelectionRule::GetPlayers: considering rule: nsv
2020-08-28 03:34:38.531 T:139709662390400   DEBUG: CPlayerSelectionRule::GetPlayers: considering rule: radio
2020-08-28 03:34:38.531 T:139709662390400   DEBUG: CPlayerCoreFactory::GetPlayers: matched 0 rules with players
2020-08-28 03:34:38.531 T:139709662390400   DEBUG: CPlayerCoreFactory::GetPlayers: adding audiodefaultplayer (PAPlayer)
2020-08-28 03:34:38.531 T:139709662390400   DEBUG: CPlayerCoreFactory::GetPlayers: for video=0, audio=1
2020-08-28 03:34:38.531 T:139709662390400   DEBUG: CPlayerCoreFactory::GetPlayers: for video=1, audio=1
2020-08-28 03:34:38.531 T:139709662390400   DEBUG: CPlayerCoreFactory::GetPlayers: adding player: VideoPlayer
2020-08-28 03:34:38.531 T:139709662390400   DEBUG: CPlayerCoreFactory::GetPlayers: added 2 players
2020-08-28 03:34:38.646 T:139707618940672   DEBUG: CSMBFile::Close closing fd 10000
2020-08-28 03:34:38.649 T:139709140924160   DEBUG: CActiveAE::DiscardStream - audio stream deleted
2020-08-28 03:34:38.649 T:139709140924160   DEBUG: CActiveAE::ClearDiscardedBuffers - buffer pool deleted
2020-08-28 03:34:38.649 T:139706294781696   DEBUG: Previous line repeats 1 times.
2020-08-28 03:34:38.649 T:139706294781696   DEBUG: DoWork - Saving file state for audio item musicdb://albums/1/7.mp3?albumid=1&xsp=%7b%22limit%22%3a15%2c%22order%22%3a%7b%22direction%22%3a%22ascending%22%2c%22ignorefolders%22%3a0%2c%22method%22%3a%22random%22%7d%2c%22type%22%3a%22albums%22%7d
2020-08-28 03:34:38.659 T:139707618940672   DEBUG: OnPlayBackStopped: CApplication::OnPlayBackStopped
2020-08-28 03:34:38.659 T:139707618940672   DEBUG: Thread PAPlayer 139707618940672 terminating
2020-08-28 03:34:38.662 T:139709662390400   DEBUG: FreeVisualisation() started
2020-08-28 03:34:38.662 T:139709662390400   DEBUG: FreeVisualisation() done
2020-08-28 03:34:38.669 T:139709662390400   DEBUG: OnPlayBackStarted: CApplication::OnPlayBackStarted
2020-08-28 03:34:38.669 T:139707618940672   DEBUG: Thread PAPlayer start, auto delete: false
2020-08-28 03:34:38.669 T:139707618940672   DEBUG: PAPlayer::Process - Playback started
2020-08-28 03:34:38.669 T:139709662390400   DEBUG: CMusicGUIInfo::InitCurrentItem(musicdb://albums/1/6.mp3?albumid=1&xsp=%7b%22limit%22%3a15%2c%22order%22%3a%7b%22direction%22%3a%22ascending%22%2c%22ignorefolders%22%3a0%2c%22method%22%3a%22random%22%7d%2c%22type%22%3a%22albums%22%7d)
2020-08-28 03:34:38.674 T:139708290635520   DEBUG: CSMBFile::Open - opened smb://USERNAME:PASSWORD@192.168.0.5/Share/Music/Sepultura/Chaos A.D/06 Propaganda.mp3, fd=10000
2020-08-28 03:34:38.674 T:139709662390400   DEBUG: GetArtist(SELECT idArtist, strArtist, strSortName, strMusicBrainzArtistID, strType, strGender, strDisambiguation, strBorn, strFormed, strGenres,strMoods, strStyles, strInstruments, strBiography, strDied, strDisbanded, strYearsActive, strImage, strFanart, bScrapedMBID, lastScraped, '' AS dateAdded FROM artist WHERE idArtist = 2) - took 0 ms
2020-08-28 03:34:38.674 T:139709662390400   DEBUG: SELECT albumview.*,albumartistview.*  FROM albumview  JOIN albumartistview ON albumview.idAlbum = albumartistview.idAlbum  WHERE albumview.idAlbum = 1  ORDER BY albumartistview.iOrder
2020-08-28 03:34:38.676 T:139709662390400   DEBUG: Loading additional tag info for file smb://192.168.0.5/Share/Music/Sepultura/Chaos A.D/06 Propaganda.mp3
2020-08-28 03:34:38.700 T:139708290635520   DEBUG: Open - probing detected format [mp3]
2020-08-28 03:34:38.700 T:139708290635520   DEBUG: Open - setting usetoc to 0 for accurate VBR MP3 seek
2020-08-28 03:34:38.700 T:139708290635520   DEBUG: Open - avformat_find_stream_info starting
2020-08-28 03:34:38.700 T:139708290635520   DEBUG: ffmpeg[7F105F091700]: [mp3] Estimating duration from bitrate, this may be inaccurate
2020-08-28 03:34:38.701 T:139708290635520   DEBUG: Open - av_find_stream_info finished
2020-08-28 03:34:38.701 T:139708290635520   DEBUG: CDVDDemuxFFmpeg::AddStream ID: 0
2020-08-28 03:34:38.701 T:139708290635520  NOTICE: CDVDAudioCodecFFmpeg::Open() Successful opened audio decoder mp3float
2020-08-28 03:34:38.701 T:139709662390400   DEBUG: CSMBFile::Open - opened smb://USERNAME:PASSWORD@192.168.0.5/Share/Music/Sepultura/Chaos A.D/06 Propaganda.mp3, fd=10001
2020-08-28 03:34:38.732 T:139708290635520   DEBUG: CSMBFile::Open - opened smb://USERNAME:PASSWORD@192.168.0.5/Share/Music/Sepultura/Chaos A.D/06 Propaganda.mp3, fd=10002
2020-08-28 03:34:38.783 T:139709662390400   DEBUG: unrecognized ID3 frame detected: MCDI
2020-08-28 03:34:38.783 T:139709662390400   DEBUG: unrecognized ID3 frame detected: PRIV
2020-08-28 03:34:38.783 T:139709662390400   DEBUG: unrecognized ID3 frame detected: TLEN
2020-08-28 03:34:38.783 T:139709662390400   DEBUG: CSMBFile::Close closing fd 10001
2020-08-28 03:34:38.786 T:139709662390400   DEBUG: CPlayerGUIInfo::InitCurrentItem(musicdb://albums/1/6.mp3?albumid=1&xsp=%7b%22limit%22%3a15%2c%22order%22%3a%7b%22direction%22%3a%22ascending%22%2c%22ignorefolders%22%3a0%2c%22method%22%3a%22random%22%7d%2c%22type%22%3a%22albums%22%7d)
2020-08-28 03:34:38.786 T:139709157709568   DEBUG: UPnP: Building didl for object 'musicdb://albums/1/6.mp3?albumid=1&xsp=%7b%22limit%22%3a15%2c%22order%22%3a%7b%22direction%22%3a%22ascending%22%2c%22ignorefolders%22%3a0%2c%22method%22%3a%22random%22%7d%2c%22type%22%3a%22albums%22%7d'
2020-08-28 03:34:38.813 T:139708290635520   DEBUG: unrecognized ID3 frame detected: MCDI
2020-08-28 03:34:38.813 T:139708290635520   DEBUG: unrecognized ID3 frame detected: PRIV
2020-08-28 03:34:38.813 T:139708290635520   DEBUG: unrecognized ID3 frame detected: TLEN
2020-08-28 03:34:38.813 T:139708290635520   DEBUG: CSMBFile::Close closing fd 10002
2020-08-28 03:34:38.815 T:139708290635520   DEBUG: SeekTime - seek ended up on time 0
2020-08-28 03:34:38.824 T:139709140924160   DEBUG: Previous line repeats 1 times.
2020-08-28 03:34:38.824 T:139709140924160   DEBUG: CActiveAE::ClearDiscardedBuffers - buffer pool deleted
2020-08-28 03:34:38.887 T:139709662390400   DEBUG: ------ Window Init (DialogBusy.xml) ------
2020-08-28 03:34:38.893 T:139709662390400   ERROR: CBinaryAddonManager::GetInstalledAddonInfo: Requested addon '' unknown as binary
2020-08-28 03:34:38.902 T:139709662390400   DEBUG: ProcessMouse: trying mouse action doubleclick
2020-08-28 03:34:38.908 T:139708290635520    INFO: AudioDecoder: File is queued
2020-08-28 03:34:38.909 T:139708290635520   DEBUG: AudioDecoder::GetReplayGain - Final Replaygain applied: 1.000000, Track/Album Gain 89.000000, Peak 1.000000
2020-08-28 03:34:38.909 T:139709140924160   DEBUG: CActiveAE::ClearDiscardedBuffers - buffer pool deleted
2020-08-28 03:34:38.935 T:139708290635520    INFO: PAPlayer::PrepareStream - Ready
2020-08-28 03:34:38.942 T:139707618940672   DEBUG: OnAVStarted: CApplication::OnAVStarted
2020-08-28 03:34:38.963 T:139709662390400   DEBUG: ------ Window Deinit (DialogBusy.xml) ------
2020-08-28 03:34:39.013 T:139707610547968   DEBUG: script.cu.lrclyrics: Current Song: Sepultura - Propaganda
2020-08-28 03:34:39.013 T:139707610547968   DEBUG: script.cu.lrclyrics: searching memory for lyrics
2020-08-28 03:34:39.047 T:139709662390400   DEBUG: ProcessMouse: trying mouse action leftclick
2020-08-28 03:34:39.047 T:139707610547968   DEBUG: script.cu.lrclyrics: searching for embedded lrc lyrics
2020-08-28 03:34:39.048 T:139709662390400   DEBUG: CPlayerCoreFactory::GetPlayers(smb://192.168.0.5/Share/Music/Sepultura/Chaos A.D/05 Kaiowas.mp3)
2020-08-28 03:34:39.048 T:139709662390400   DEBUG: CPlayerSelectionRule::GetPlayers: considering rule: system rules
2020-08-28 03:34:39.048 T:139709662390400   DEBUG: CPlayerSelectionRule::GetPlayers: matches rule: system rules
2020-08-28 03:34:39.048 T:139709662390400   DEBUG: CPlayerSelectionRule::GetPlayers: considering rule: mms/udp
2020-08-28 03:34:39.048 T:139709662390400   DEBUG: CPlayerSelectionRule::GetPlayers: considering rule: lastfm/shout
2020-08-28 03:34:39.048 T:139709662390400   DEBUG: CPlayerSelectionRule::GetPlayers: considering rule: rtmp
2020-08-28 03:34:39.048 T:139709662390400   DEBUG: CPlayerSelectionRule::GetPlayers: considering rule: rtsp
2020-08-28 03:34:39.048 T:139709662390400   DEBUG: CPlayerSelectionRule::GetPlayers: considering rule: streams
2020-08-28 03:34:39.048 T:139709662390400   DEBUG: CPlayerSelectionRule::GetPlayers: considering rule: dvd
2020-08-28 03:34:39.048 T:139709662390400   DEBUG: CPlayerSelectionRule::GetPlayers: considering rule: dvdimage
2020-08-28 03:34:39.048 T:139709662390400   DEBUG: CPlayerSelectionRule::GetPlayers: considering rule: sdp/asf
2020-08-28 03:34:39.048 T:139709662390400   DEBUG: CPlayerSelectionRule::GetPlayers: considering rule: nsv
2020-08-28 03:34:39.048 T:139709662390400   DEBUG: CPlayerSelectionRule::GetPlayers: considering rule: radio
2020-08-28 03:34:39.048 T:139709662390400   DEBUG: CPlayerCoreFactory::GetPlayers: matched 0 rules with players
2020-08-28 03:34:39.048 T:139709662390400   DEBUG: CPlayerCoreFactory::GetPlayers: adding audiodefaultplayer (PAPlayer)
2020-08-28 03:34:39.048 T:139709662390400   DEBUG: CPlayerCoreFactory::GetPlayers: for video=0, audio=1
2020-08-28 03:34:39.048 T:139709662390400   DEBUG: CPlayerCoreFactory::GetPlayers: for video=1, audio=1
2020-08-28 03:34:39.048 T:139709662390400   DEBUG: CPlayerCoreFactory::GetPlayers: adding player: VideoPlayer
2020-08-28 03:34:39.048 T:139709662390400   DEBUG: CPlayerCoreFactory::GetPlayers: added 2 players
2020-08-28 03:34:39.052 T:139707610547968   DEBUG: CSMBFile::Open - opened smb://USERNAME:PASSWORD@192.168.0.5/Share/Music/Sepultura/Chaos A.D/06 Propaganda.mp3, fd=10002
2020-08-28 03:34:39.076 T:139707610547968   DEBUG: CSMBFile::Close closing fd 10002
2020-08-28 03:34:39.081 T:139707610547968   DEBUG: CSMBFile::Open - opened smb://USERNAME:PASSWORD@192.168.0.5/Share/Music/Sepultura/Chaos A.D/06 Propaganda.mp3, fd=10002
2020-08-28 03:34:39.102 T:139707610547968   DEBUG: CSMBFile::Close closing fd 10002
2020-08-28 03:34:39.108 T:139707610547968   DEBUG: CSMBFile::Open - opened smb://USERNAME:PASSWORD@192.168.0.5/Share/Music/Sepultura/Chaos A.D/06 Propaganda.mp3, fd=10002
2020-08-28 03:34:39.117 T:139707610547968   DEBUG: CSMBFile::Close closing fd 10002
2020-08-28 03:34:39.120 T:139707618940672   DEBUG: CSMBFile::Close closing fd 10000
2020-08-28 03:34:39.129 T:139709140924160   DEBUG: CActiveAE::DiscardStream - audio stream deleted
2020-08-28 03:34:39.129 T:139706294781696   DEBUG: DoWork - Saving file state for audio item musicdb://albums/1/6.mp3?albumid=1&xsp=%7b%22limit%22%3a15%2c%22order%22%3a%7b%22direction%22%3a%22ascending%22%2c%22ignorefolders%22%3a0%2c%22method%22%3a%22random%22%7d%2c%22type%22%3a%22albums%22%7d
2020-08-28 03:34:39.129 T:139709140924160   DEBUG: CActiveAE::ClearDiscardedBuffers - buffer pool deleted
2020-08-28 03:34:39.132 T:139707618940672   DEBUG: Previous line repeats 1 times.
2020-08-28 03:34:39.132 T:139707618940672   DEBUG: OnPlayBackStopped: CApplication::OnPlayBackStopped
2020-08-28 03:34:39.132 T:139707618940672   DEBUG: Thread PAPlayer 139707618940672 terminating
2020-08-28 03:34:39.133 T:139707610547968   DEBUG: script.cu.lrclyrics: searching files for lyrics
2020-08-28 03:34:39.133 T:139707610547968   DEBUG: script.cu.lrclyrics: MiniLyrics: searching lyrics for Sepultura - Propaganda
2020-08-28 03:34:39.135 T:139709662390400   DEBUG: FreeVisualisation() started
2020-08-28 03:34:39.135 T:139709662390400   DEBUG: FreeVisualisation() done
2020-08-28 03:34:39.141 T:139709662390400   DEBUG: OnPlayBackStarted: CApplication::OnPlayBackStarted
2020-08-28 03:34:39.142 T:139707618940672   DEBUG: Thread PAPlayer start, auto delete: false
2020-08-28 03:34:39.142 T:139709662390400   DEBUG: CMusicGUIInfo::InitCurrentItem(musicdb://albums/1/5.mp3?albumid=1&xsp=%7b%22limit%22%3a15%2c%22order%22%3a%7b%22direction%22%3a%22ascending%22%2c%22ignorefolders%22%3a0%2c%22method%22%3a%22random%22%7d%2c%22type%22%3a%22albums%22%7d)
2020-08-28 03:34:39.142 T:139707618940672   DEBUG: PAPlayer::Process - Playback started
2020-08-28 03:34:39.146 T:139708282242816   DEBUG: CSMBFile::Open - opened smb://USERNAME:PASSWORD@192.168.0.5/Share/Music/Sepultura/Chaos A.D/05 Kaiowas.mp3, fd=10000
2020-08-28 03:34:39.147 T:139709662390400   DEBUG: GetArtist(SELECT idArtist, strArtist, strSortName, strMusicBrainzArtistID, strType, strGender, strDisambiguation, strBorn, strFormed, strGenres,strMoods, strStyles, strInstruments, strBiography, strDied, strDisbanded, strYearsActive, strImage, strFanart, bScrapedMBID, lastScraped, '' AS dateAdded FROM artist WHERE idArtist = 2) - took 0 ms
2020-08-28 03:34:39.147 T:139709662390400   DEBUG: SELECT albumview.*,albumartistview.*  FROM albumview  JOIN albumartistview ON albumview.idAlbum = albumartistview.idAlbum  WHERE albumview.idAlbum = 1  ORDER BY albumartistview.iOrder
2020-08-28 03:34:39.149 T:139709662390400   DEBUG: Loading additional tag info for file smb://192.168.0.5/Share/Music/Sepultura/Chaos A.D/05 Kaiowas.mp3
2020-08-28 03:34:39.170 T:139708282242816   DEBUG: Open - probing detected format [mp3]
2020-08-28 03:34:39.170 T:139708282242816   DEBUG: Open - setting usetoc to 0 for accurate VBR MP3 seek
2020-08-28 03:34:39.170 T:139708282242816   DEBUG: Open - avformat_find_stream_info starting
2020-08-28 03:34:39.171 T:139708282242816   DEBUG: ffmpeg[7F105E890700]: [mp3] Estimating duration from bitrate, this may be inaccurate
2020-08-28 03:34:39.171 T:139708282242816   DEBUG: Open - av_find_stream_info finished
2020-08-28 03:34:39.171 T:139708282242816   DEBUG: CDVDDemuxFFmpeg::AddStream ID: 0
2020-08-28 03:34:39.171 T:139708282242816  NOTICE: CDVDAudioCodecFFmpeg::Open() Successful opened audio decoder mp3float
2020-08-28 03:34:39.172 T:139709662390400   DEBUG: CSMBFile::Open - opened smb://USERNAME:PASSWORD@192.168.0.5/Share/Music/Sepultura/Chaos A.D/05 Kaiowas.mp3, fd=10002
2020-08-28 03:34:39.195 T:139708282242816   DEBUG: CSMBFile::Open - opened smb://USERNAME:PASSWORD@192.168.0.5/Share/Music/Sepultura/Chaos A.D/05 Kaiowas.mp3, fd=10001
2020-08-28 03:34:39.249 T:139709662390400   DEBUG: unrecognized ID3 frame detected: MCDI
2020-08-28 03:34:39.249 T:139709662390400   DEBUG: unrecognized ID3 frame detected: PRIV
2020-08-28 03:34:39.250 T:139709662390400   DEBUG: unrecognized ID3 frame detected: TLEN
2020-08-28 03:34:39.250 T:139709662390400   DEBUG: CSMBFile::Close closing fd 10002
2020-08-28 03:34:39.254 T:139709662390400   DEBUG: CPlayerGUIInfo::InitCurrentItem(musicdb://albums/1/5.mp3?albumid=1&xsp=%7b%22limit%22%3a15%2c%22order%22%3a%7b%22direction%22%3a%22ascending%22%2c%22ignorefolders%22%3a0%2c%22method%22%3a%22random%22%7d%2c%22type%22%3a%22albums%22%7d)
2020-08-28 03:34:39.254 T:139709157709568   DEBUG: UPnP: Building didl for object 'musicdb://albums/1/5.mp3?albumid=1&xsp=%7b%22limit%22%3a15%2c%22order%22%3a%7b%22direction%22%3a%22ascending%22%2c%22ignorefolders%22%3a0%2c%22method%22%3a%22random%22%7d%2c%22type%22%3a%22albums%22%7d'
2020-08-28 03:34:39.283 T:139708282242816   DEBUG: unrecognized ID3 frame detected: MCDI
2020-08-28 03:34:39.283 T:139708282242816   DEBUG: unrecognized ID3 frame detected: PRIV
2020-08-28 03:34:39.283 T:139708282242816   DEBUG: unrecognized ID3 frame detected: TLEN
2020-08-28 03:34:39.283 T:139708282242816   DEBUG: CSMBFile::Close closing fd 10001
2020-08-28 03:34:39.285 T:139708282242816   DEBUG: SeekTime - seek ended up on time 0
2020-08-28 03:34:39.328 T:139709140924160   DEBUG: Previous line repeats 1 times.
2020-08-28 03:34:39.328 T:139709140924160   DEBUG: CActiveAE::ClearDiscardedBuffers - buffer pool deleted
2020-08-28 03:34:39.354 T:139709662390400   DEBUG: ------ Window Init (DialogBusy.xml) ------
2020-08-28 03:34:39.356 T:139709662390400   ERROR: CBinaryAddonManager::GetInstalledAddonInfo: Requested addon '' unknown as binary
2020-08-28 03:34:39.363 T:139709662390400   DEBUG: ProcessMouse: trying mouse action doubleclick
2020-08-28 03:34:39.378 T:139708282242816    INFO: AudioDecoder: File is queued
2020-08-28 03:34:39.379 T:139708282242816   DEBUG: AudioDecoder::GetReplayGain - Final Replaygain applied: 1.000000, Track/Album Gain 89.000000, Peak 1.000000
2020-08-28 03:34:39.379 T:139709140924160   DEBUG: CActiveAE::ClearDiscardedBuffers - buffer pool deleted
2020-08-28 03:34:39.403 T:139707610547968   DEBUG: script.cu.lrclyrics: TTPlayer: searching lyrics for Sepultura - Propaganda
2020-08-28 03:34:39.407 T:139708282242816    INFO: PAPlayer::PrepareStream - Ready
2020-08-28 03:34:39.415 T:139707618940672   DEBUG: OnAVStarted: CApplication::OnAVStarted
2020-08-28 03:34:39.433 T:139709662390400   DEBUG: ------ Window Deinit (DialogBusy.xml) ------
2020-08-28 03:34:44.663 T:139709662390400   DEBUG: Keyboard: scancode: 0x0f, sym: 0x0036, unicode: 0x0036, modifier: 0x0
2020-08-28 03:34:44.663 T:139709662390400   DEBUG: HandleKey: six (0xf036) pressed, action is Number6
2020-08-28 03:34:44.664 T:139709662390400   DEBUG: ------ Window Deinit (Pointer.xml) ------
2020-08-28 03:34:44.762 T:139709662390400   DEBUG: Keyboard: scancode: 0x0f, sym: 0x0036, unicode: 0x0000, modifier: 0x0
2020-08-28 03:34:45.330 T:139709662390400   DEBUG: Keyboard: scancode: 0x0f, sym: 0x0036, unicode: 0x0036, modifier: 0x0
2020-08-28 03:34:45.330 T:139709662390400   DEBUG: HandleKey: six (0xf036) pressed, action is Number6
2020-08-28 03:34:45.446 T:139709662390400   DEBUG: Keyboard: scancode: 0x0f, sym: 0x0036, unicode: 0x0000, modifier: 0x0
2020-08-28 03:34:46.079 T:139709662390400   DEBUG: Keyboard: scancode: 0x0f, sym: 0x0036, unicode: 0x0036, modifier: 0x0
2020-08-28 03:34:46.079 T:139709662390400   DEBUG: HandleKey: six (0xf036) pressed, action is Number6
2020-08-28 03:34:46.179 T:139709662390400   DEBUG: Keyboard: scancode: 0x0f, sym: 0x0036, unicode: 0x0000, modifier: 0x0
2020-08-28 03:34:46.712 T:139709662390400   DEBUG: Keyboard: scancode: 0x0f, sym: 0x0036, unicode: 0x0036, modifier: 0x0
2020-08-28 03:34:46.712 T:139709662390400   DEBUG: HandleKey: six (0xf036) pressed, action is Number6
2020-08-28 03:34:46.828 T:139709662390400   DEBUG: Keyboard: scancode: 0x0f, sym: 0x0036, unicode: 0x0000, modifier: 0x0
2020-08-28 03:34:47.312 T:139709662390400   DEBUG: Keyboard: scancode: 0x0f, sym: 0x0036, unicode: 0x0036, modifier: 0x0
2020-08-28 03:34:47.312 T:139709662390400   DEBUG: HandleKey: six (0xf036) pressed, action is Number6
2020-08-28 03:34:47.429 T:139709662390400   DEBUG: Keyboard: scancode: 0x0f, sym: 0x0036, unicode: 0x0000, modifier: 0x0
2020-08-28 03:34:48.098 T:139709662390400   DEBUG: Keyboard: scancode: 0x0f, sym: 0x0036, unicode: 0x0036, modifier: 0x0
2020-08-28 03:34:48.098 T:139709662390400   DEBUG: HandleKey: six (0xf036) pressed, action is Number6
2020-08-28 03:34:48.212 T:139709662390400   DEBUG: Keyboard: scancode: 0x0f, sym: 0x0036, unicode: 0x0000, modifier: 0x0
2020-08-28 03:34:48.612 T:139709662390400   DEBUG: Keyboard: scancode: 0x0f, sym: 0x0036, unicode: 0x0036, modifier: 0x0
2020-08-28 03:34:48.612 T:139709662390400   DEBUG: HandleKey: six (0xf036) pressed, action is Number6
2020-08-28 03:34:48.696 T:139709662390400   DEBUG: Keyboard: scancode: 0x0f, sym: 0x0036, unicode: 0x0000, modifier: 0x0
2020-08-28 03:34:48.996 T:139709662390400   DEBUG: Keyboard: scancode: 0x0f, sym: 0x0036, unicode: 0x0036, modifier: 0x0
2020-08-28 03:34:48.996 T:139709662390400   DEBUG: HandleKey: six (0xf036) pressed, action is Number6
2020-08-28 03:34:49.080 T:139709662390400   DEBUG: ------ Window Init (Pointer.xml) ------
2020-08-28 03:34:49.113 T:139709662390400   DEBUG: Keyboard: scancode: 0x0f, sym: 0x0036, unicode: 0x0000, modifier: 0x0
2020-08-28 03:34:50.262 T:139709662390400   DEBUG: ProcessMouse: trying mouse action leftclick
2020-08-28 03:34:50.331 T:139707618940672   DEBUG: CSMBFile::Close closing fd 10000
2020-08-28 03:34:50.343 T:139709140924160   DEBUG: CActiveAE::DiscardStream - audio stream deleted
2020-08-28 03:34:50.343 T:139708282242816   DEBUG: DoWork - Saving file state for audio item musicdb://albums/1/5.mp3?albumid=1&xsp=%7b%22limit%22%3a15%2c%22order%22%3a%7b%22direction%22%3a%22ascending%22%2c%22ignorefolders%22%3a0%2c%22method%22%3a%22random%22%7d%2c%22type%22%3a%22albums%22%7d
2020-08-28 03:34:50.343 T:139709140924160   DEBUG: CActiveAE::ClearDiscardedBuffers - buffer pool deleted
2020-08-28 03:34:50.344 T:139707618940672   DEBUG: Previous line repeats 1 times.
2020-08-28 03:34:50.344 T:139707618940672   DEBUG: OnPlayBackStopped: CApplication::OnPlayBackStopped
2020-08-28 03:34:50.344 T:139707618940672   DEBUG: Thread PAPlayer 139707618940672 terminating
2020-08-28 03:34:50.424 T:139709662390400   DEBUG: CGUIWindowManager::PreviousWindow: Deactivate
2020-08-28 03:34:50.424 T:139709662390400   DEBUG: FreeVisualisation() started
2020-08-28 03:34:50.424 T:139709662390400   DEBUG: FreeVisualisation() done
2020-08-28 03:34:50.425 T:139709662390400   DEBUG: ------ Window Deinit (DialogSeekBar.xml) ------
