2020-08-28 03:36:58.040 T:140321975412480   DEBUG: Thread PAPlayer start, auto delete: false
2020-08-28 03:36:58.040 T:140321975412480   DEBUG: PAPlayer::Process - Playback started
2020-08-28 03:36:58.040 T:140323811342464   DEBUG: CMusicGUIInfo::InitCurrentItem(musicdb://recentlyaddedalbums/1/6.mp3?albumid=1)
2020-08-28 03:36:58.045 T:140322321241856   DEBUG: CSMBFile::Open - opened smb://USERNAME:PASSWORD@192.168.0.5/Share/Music/Sepultura/Chaos A.D/06 Propaganda.mp3, fd=10000
2020-08-28 03:36:58.045 T:140323811342464   DEBUG: GetArtist(SELECT idArtist, strArtist, strSortName, strMusicBrainzArtistID, strType, strGender, strDisambiguation, strBorn, strFormed, strGenres,strMoods, strStyles, strInstruments, strBiography, strDied, strDisbanded, strYearsActive, strImage, strFanart, bScrapedMBID, lastScraped, '' AS dateAdded FROM artist WHERE idArtist = 2) - took 0 ms
2020-08-28 03:36:58.046 T:140323811342464   DEBUG: SELECT albumview.*,albumartistview.*  FROM albumview  JOIN albumartistview ON albumview.idAlbum = albumartistview.idAlbum  WHERE albumview.idAlbum = 1  ORDER BY albumartistview.iOrder
2020-08-28 03:36:58.047 T:140323811342464   DEBUG: Loading additional tag info for file smb://192.168.0.5/Share/Music/Sepultura/Chaos A.D/06 Propaganda.mp3
2020-08-28 03:36:58.072 T:140322321241856   DEBUG: Open - probing detected format [mp3]
2020-08-28 03:36:58.072 T:140322321241856   DEBUG: Open - setting usetoc to 0 for accurate VBR MP3 seek
2020-08-28 03:36:58.073 T:140322321241856   DEBUG: Open - avformat_find_stream_info starting
2020-08-28 03:36:58.073 T:140322321241856   DEBUG: ffmpeg[7F9F561C9700]: [mp3] Estimating duration from bitrate, this may be inaccurate
2020-08-28 03:36:58.073 T:140322321241856   DEBUG: Open - av_find_stream_info finished
2020-08-28 03:36:58.074 T:140322321241856   DEBUG: CDVDDemuxFFmpeg::AddStream ID: 0
2020-08-28 03:36:58.074 T:140322321241856  NOTICE: CDVDAudioCodecFFmpeg::Open() Successful opened audio decoder mp3float
2020-08-28 03:36:58.075 T:140323811342464   DEBUG: CSMBFile::Open - opened smb://USERNAME:PASSWORD@192.168.0.5/Share/Music/Sepultura/Chaos A.D/06 Propaganda.mp3, fd=10002
2020-08-28 03:36:58.103 T:140322321241856   DEBUG: CSMBFile::Open - opened smb://USERNAME:PASSWORD@192.168.0.5/Share/Music/Sepultura/Chaos A.D/06 Propaganda.mp3, fd=10001
2020-08-28 03:36:58.158 T:140323811342464   DEBUG: unrecognized ID3 frame detected: MCDI
2020-08-28 03:36:58.158 T:140323811342464   DEBUG: unrecognized ID3 frame detected: PRIV
2020-08-28 03:36:58.158 T:140323811342464   DEBUG: unrecognized ID3 frame detected: TLEN
2020-08-28 03:36:58.158 T:140323811342464   DEBUG: CSMBFile::Close closing fd 10002
2020-08-28 03:36:58.163 T:140323811342464   DEBUG: CPlayerGUIInfo::InitCurrentItem(musicdb://recentlyaddedalbums/1/6.mp3?albumid=1)
2020-08-28 03:36:58.163 T:140323306661632   DEBUG: UPnP: Building didl for object 'musicdb://recentlyaddedalbums/1/6.mp3?albumid=1'
2020-08-28 03:36:58.181 T:140322321241856   DEBUG: unrecognized ID3 frame detected: MCDI
2020-08-28 03:36:58.181 T:140322321241856   DEBUG: unrecognized ID3 frame detected: PRIV
2020-08-28 03:36:58.181 T:140322321241856   DEBUG: unrecognized ID3 frame detected: TLEN
2020-08-28 03:36:58.182 T:140322321241856   DEBUG: CSMBFile::Close closing fd 10001
2020-08-28 03:36:58.183 T:140322321241856   DEBUG: SeekTime - seek ended up on time 0
2020-08-28 03:36:58.230 T:140323225335552   DEBUG: Previous line repeats 1 times.
2020-08-28 03:36:58.230 T:140323225335552   DEBUG: CActiveAE::ClearDiscardedBuffers - buffer pool deleted
2020-08-28 03:36:58.263 T:140323811342464   DEBUG: ------ Window Init (DialogBusy.xml) ------
2020-08-28 03:36:58.264 T:140323811342464   ERROR: CBinaryAddonManager::GetInstalledAddonInfo: Requested addon '' unknown as binary
2020-08-28 03:36:58.278 T:140322321241856    INFO: AudioDecoder: File is queued
2020-08-28 03:36:58.280 T:140322321241856   DEBUG: AudioDecoder::GetReplayGain - Final Replaygain applied: 1.000000, Track/Album Gain 89.000000, Peak 1.000000
2020-08-28 03:36:58.280 T:140323225335552   DEBUG: CActiveAE::ClearDiscardedBuffers - buffer pool deleted
2020-08-28 03:36:58.308 T:140322321241856    INFO: PAPlayer::PrepareStream - Ready
2020-08-28 03:36:58.313 T:140321975412480   DEBUG: OnAVStarted: CApplication::OnAVStarted
2020-08-28 03:36:58.342 T:140323811342464   DEBUG: ------ Window Deinit (DialogBusy.xml) ------
2020-08-28 03:37:00.758 T:140323811342464   DEBUG: ProcessMouse: trying mouse action leftclick
2020-08-28 03:37:00.758 T:140323811342464   DEBUG: CPlayerCoreFactory::GetPlayers(smb://192.168.0.5/Share/Music/Sepultura/Chaos A.D/07 Biotech Is Godzilla.mp3)
2020-08-28 03:37:00.758 T:140323811342464   DEBUG: CPlayerSelectionRule::GetPlayers: considering rule: system rules
2020-08-28 03:37:00.758 T:140323811342464   DEBUG: CPlayerSelectionRule::GetPlayers: matches rule: system rules
2020-08-28 03:37:00.758 T:140323811342464   DEBUG: CPlayerSelectionRule::GetPlayers: considering rule: mms/udp
2020-08-28 03:37:00.758 T:140323811342464   DEBUG: CPlayerSelectionRule::GetPlayers: considering rule: lastfm/shout
2020-08-28 03:37:00.758 T:140323811342464   DEBUG: CPlayerSelectionRule::GetPlayers: considering rule: rtmp
2020-08-28 03:37:00.758 T:140323811342464   DEBUG: CPlayerSelectionRule::GetPlayers: considering rule: rtsp
2020-08-28 03:37:00.758 T:140323811342464   DEBUG: CPlayerSelectionRule::GetPlayers: considering rule: streams
2020-08-28 03:37:00.758 T:140323811342464   DEBUG: CPlayerSelectionRule::GetPlayers: considering rule: dvd
2020-08-28 03:37:00.758 T:140323811342464   DEBUG: CPlayerSelectionRule::GetPlayers: considering rule: dvdimage
2020-08-28 03:37:00.758 T:140323811342464   DEBUG: CPlayerSelectionRule::GetPlayers: considering rule: sdp/asf
2020-08-28 03:37:00.759 T:140323811342464   DEBUG: CPlayerSelectionRule::GetPlayers: considering rule: nsv
2020-08-28 03:37:00.759 T:140323811342464   DEBUG: CPlayerSelectionRule::GetPlayers: considering rule: radio
2020-08-28 03:37:00.759 T:140323811342464   DEBUG: CPlayerCoreFactory::GetPlayers: matched 0 rules with players
2020-08-28 03:37:00.759 T:140323811342464   DEBUG: CPlayerCoreFactory::GetPlayers: adding audiodefaultplayer (PAPlayer)
2020-08-28 03:37:00.759 T:140323811342464   DEBUG: CPlayerCoreFactory::GetPlayers: for video=0, audio=1
2020-08-28 03:37:00.759 T:140323811342464   DEBUG: CPlayerCoreFactory::GetPlayers: for video=1, audio=1
2020-08-28 03:37:00.759 T:140323811342464   DEBUG: CPlayerCoreFactory::GetPlayers: adding player: VideoPlayer
2020-08-28 03:37:00.759 T:140323811342464   DEBUG: CPlayerCoreFactory::GetPlayers: added 2 players
2020-08-28 03:37:00.847 T:140323225335552   DEBUG: CActiveAE::DiscardStream - audio stream deleted
2020-08-28 03:37:00.847 T:140322312849152   DEBUG: DoWork - Saving file state for audio item musicdb://recentlyaddedalbums/1/6.mp3?albumid=1
2020-08-28 03:37:00.847 T:140323225335552   DEBUG: CActiveAE::ClearDiscardedBuffers - buffer pool deleted
2020-08-28 03:37:00.847 T:140323811342464   DEBUG: Previous line repeats 1 times.
2020-08-28 03:37:00.847 T:140323811342464   DEBUG: CSMBFile::Close closing fd 10000
2020-08-28 03:37:00.850 T:140321975412480   DEBUG: OnPlayBackStopped: CApplication::OnPlayBackStopped
2020-08-28 03:37:00.850 T:140321975412480   DEBUG: Thread PAPlayer 140321975412480 terminating
2020-08-28 03:37:00.850 T:140323811342464   DEBUG: FreeVisualisation() started
2020-08-28 03:37:00.850 T:140323811342464   DEBUG: FreeVisualisation() done
2020-08-28 03:37:00.855 T:140323811342464   DEBUG: OnPlayBackStarted: CApplication::OnPlayBackStarted
2020-08-28 03:37:00.855 T:140321975412480   DEBUG: Thread PAPlayer start, auto delete: false
2020-08-28 03:37:00.855 T:140321975412480   DEBUG: PAPlayer::Process - Playback started
2020-08-28 03:37:00.855 T:140323811342464   DEBUG: CMusicGUIInfo::InitCurrentItem(musicdb://recentlyaddedalbums/1/7.mp3?albumid=1)
2020-08-28 03:37:00.861 T:140323811342464   DEBUG: GetArtist(SELECT idArtist, strArtist, strSortName, strMusicBrainzArtistID, strType, strGender, strDisambiguation, strBorn, strFormed, strGenres,strMoods, strStyles, strInstruments, strBiography, strDied, strDisbanded, strYearsActive, strImage, strFanart, bScrapedMBID, lastScraped, '' AS dateAdded FROM artist WHERE idArtist = 2) - took 0 ms
2020-08-28 03:37:00.861 T:140323811342464   DEBUG: SELECT albumview.*,albumartistview.*  FROM albumview  JOIN albumartistview ON albumview.idAlbum = albumartistview.idAlbum  WHERE albumview.idAlbum = 1  ORDER BY albumartistview.iOrder
2020-08-28 03:37:00.861 T:140323811342464   DEBUG: Loading additional tag info for file smb://192.168.0.5/Share/Music/Sepultura/Chaos A.D/07 Biotech Is Godzilla.mp3
2020-08-28 03:37:00.862 T:140322312849152   DEBUG: CSMBFile::Open - opened smb://USERNAME:PASSWORD@192.168.0.5/Share/Music/Sepultura/Chaos A.D/07 Biotech Is Godzilla.mp3, fd=10000
2020-08-28 03:37:00.890 T:140322312849152   DEBUG: Open - probing detected format [mp3]
2020-08-28 03:37:00.890 T:140322312849152   DEBUG: Open - setting usetoc to 0 for accurate VBR MP3 seek
2020-08-28 03:37:00.890 T:140322312849152   DEBUG: Open - avformat_find_stream_info starting
2020-08-28 03:37:00.890 T:140322312849152   DEBUG: ffmpeg[7F9F559C8700]: [mp3] Estimating duration from bitrate, this may be inaccurate
2020-08-28 03:37:00.891 T:140322312849152   DEBUG: Open - av_find_stream_info finished
2020-08-28 03:37:00.891 T:140322312849152   DEBUG: CDVDDemuxFFmpeg::AddStream ID: 0
2020-08-28 03:37:00.891 T:140322312849152  NOTICE: CDVDAudioCodecFFmpeg::Open() Successful opened audio decoder mp3float
2020-08-28 03:37:00.891 T:140323811342464   DEBUG: CSMBFile::Open - opened smb://USERNAME:PASSWORD@192.168.0.5/Share/Music/Sepultura/Chaos A.D/07 Biotech Is Godzilla.mp3, fd=10001
2020-08-28 03:37:00.915 T:140322312849152   DEBUG: CSMBFile::Open - opened smb://USERNAME:PASSWORD@192.168.0.5/Share/Music/Sepultura/Chaos A.D/07 Biotech Is Godzilla.mp3, fd=10002
2020-08-28 03:37:00.971 T:140323811342464   DEBUG: unrecognized ID3 frame detected: MCDI
2020-08-28 03:37:00.971 T:140323811342464   DEBUG: unrecognized ID3 frame detected: PRIV
2020-08-28 03:37:00.971 T:140323811342464   DEBUG: unrecognized ID3 frame detected: TLEN
2020-08-28 03:37:00.971 T:140323811342464   DEBUG: CSMBFile::Close closing fd 10001
2020-08-28 03:37:00.976 T:140323811342464   DEBUG: CPlayerGUIInfo::InitCurrentItem(musicdb://recentlyaddedalbums/1/7.mp3?albumid=1)
2020-08-28 03:37:00.976 T:140323306661632   DEBUG: UPnP: Building didl for object 'musicdb://recentlyaddedalbums/1/7.mp3?albumid=1'
2020-08-28 03:37:01.003 T:140322312849152   DEBUG: unrecognized ID3 frame detected: MCDI
2020-08-28 03:37:01.003 T:140322312849152   DEBUG: unrecognized ID3 frame detected: PRIV
2020-08-28 03:37:01.003 T:140322312849152   DEBUG: unrecognized ID3 frame detected: TLEN
2020-08-28 03:37:01.003 T:140322312849152   DEBUG: CSMBFile::Close closing fd 10002
2020-08-28 03:37:01.005 T:140322312849152   DEBUG: SeekTime - seek ended up on time 0
2020-08-28 03:37:01.025 T:140323225335552   DEBUG: Previous line repeats 1 times.
2020-08-28 03:37:01.025 T:140323225335552   DEBUG: CActiveAE::ClearDiscardedBuffers - buffer pool deleted
2020-08-28 03:37:01.076 T:140323811342464   DEBUG: ------ Window Init (DialogBusy.xml) ------
2020-08-28 03:37:01.078 T:140323811342464   ERROR: CBinaryAddonManager::GetInstalledAddonInfo: Requested addon '' unknown as binary
2020-08-28 03:37:01.098 T:140322312849152    INFO: AudioDecoder: File is queued
2020-08-28 03:37:01.099 T:140322312849152   DEBUG: AudioDecoder::GetReplayGain - Final Replaygain applied: 1.000000, Track/Album Gain 89.000000, Peak 1.000000
2020-08-28 03:37:01.100 T:140323225335552   DEBUG: CActiveAE::ClearDiscardedBuffers - buffer pool deleted
2020-08-28 03:37:01.130 T:140322312849152    INFO: PAPlayer::PrepareStream - Ready
2020-08-28 03:37:01.138 T:140321975412480   DEBUG: OnAVStarted: CApplication::OnAVStarted
2020-08-28 03:37:01.159 T:140323811342464   DEBUG: ------ Window Deinit (DialogBusy.xml) ------
2020-08-28 03:37:02.074 T:140323811342464   DEBUG: ProcessMouse: trying mouse action leftclick
2020-08-28 03:37:02.075 T:140323811342464   DEBUG: CPlayerCoreFactory::GetPlayers(smb://192.168.0.5/Share/Music/Sepultura/Chaos A.D/08 Nomad.mp3)
2020-08-28 03:37:02.075 T:140323811342464   DEBUG: CPlayerSelectionRule::GetPlayers: considering rule: system rules
2020-08-28 03:37:02.075 T:140323811342464   DEBUG: CPlayerSelectionRule::GetPlayers: matches rule: system rules
2020-08-28 03:37:02.075 T:140323811342464   DEBUG: CPlayerSelectionRule::GetPlayers: considering rule: mms/udp
2020-08-28 03:37:02.075 T:140323811342464   DEBUG: CPlayerSelectionRule::GetPlayers: considering rule: lastfm/shout
2020-08-28 03:37:02.075 T:140323811342464   DEBUG: CPlayerSelectionRule::GetPlayers: considering rule: rtmp
2020-08-28 03:37:02.075 T:140323811342464   DEBUG: CPlayerSelectionRule::GetPlayers: considering rule: rtsp
2020-08-28 03:37:02.075 T:140323811342464   DEBUG: CPlayerSelectionRule::GetPlayers: considering rule: streams
2020-08-28 03:37:02.075 T:140323811342464   DEBUG: CPlayerSelectionRule::GetPlayers: considering rule: dvd
2020-08-28 03:37:02.075 T:140323811342464   DEBUG: CPlayerSelectionRule::GetPlayers: considering rule: dvdimage
2020-08-28 03:37:02.075 T:140323811342464   DEBUG: CPlayerSelectionRule::GetPlayers: considering rule: sdp/asf
2020-08-28 03:37:02.075 T:140323811342464   DEBUG: CPlayerSelectionRule::GetPlayers: considering rule: nsv
2020-08-28 03:37:02.075 T:140323811342464   DEBUG: CPlayerSelectionRule::GetPlayers: considering rule: radio
2020-08-28 03:37:02.075 T:140323811342464   DEBUG: CPlayerCoreFactory::GetPlayers: matched 0 rules with players
2020-08-28 03:37:02.075 T:140323811342464   DEBUG: CPlayerCoreFactory::GetPlayers: adding audiodefaultplayer (PAPlayer)
2020-08-28 03:37:02.075 T:140323811342464   DEBUG: CPlayerCoreFactory::GetPlayers: for video=0, audio=1
2020-08-28 03:37:02.075 T:140323811342464   DEBUG: CPlayerCoreFactory::GetPlayers: for video=1, audio=1
2020-08-28 03:37:02.075 T:140323811342464   DEBUG: CPlayerCoreFactory::GetPlayers: adding player: VideoPlayer
2020-08-28 03:37:02.075 T:140323811342464   DEBUG: CPlayerCoreFactory::GetPlayers: added 2 players
2020-08-28 03:37:02.143 T:140321975412480   DEBUG: CSMBFile::Close closing fd 10000
2020-08-28 03:37:02.156 T:140323225335552   DEBUG: CActiveAE::DiscardStream - audio stream deleted
2020-08-28 03:37:02.156 T:140322334316288   DEBUG: DoWork - Saving file state for audio item musicdb://recentlyaddedalbums/1/7.mp3?albumid=1
2020-08-28 03:37:02.156 T:140323225335552   DEBUG: CActiveAE::ClearDiscardedBuffers - buffer pool deleted
2020-08-28 03:37:02.156 T:140321975412480   DEBUG: Previous line repeats 1 times.
2020-08-28 03:37:02.156 T:140321975412480   DEBUG: OnPlayBackStopped: CApplication::OnPlayBackStopped
2020-08-28 03:37:02.156 T:140321975412480   DEBUG: Thread PAPlayer 140321975412480 terminating
2020-08-28 03:37:02.156 T:140323811342464   DEBUG: FreeVisualisation() started
2020-08-28 03:37:02.156 T:140323811342464   DEBUG: FreeVisualisation() done
2020-08-28 03:37:02.161 T:140323811342464   DEBUG: OnPlayBackStarted: CApplication::OnPlayBackStarted
2020-08-28 03:37:02.161 T:140321975412480   DEBUG: Thread PAPlayer start, auto delete: false
2020-08-28 03:37:02.162 T:140321975412480   DEBUG: PAPlayer::Process - Playback started
2020-08-28 03:37:02.162 T:140323811342464   DEBUG: CMusicGUIInfo::InitCurrentItem(musicdb://recentlyaddedalbums/1/8.mp3?albumid=1)
2020-08-28 03:37:02.167 T:140322334316288   DEBUG: CSMBFile::Open - opened smb://USERNAME:PASSWORD@192.168.0.5/Share/Music/Sepultura/Chaos A.D/08 Nomad.mp3, fd=10000
2020-08-28 03:37:02.168 T:140323811342464   DEBUG: GetArtist(SELECT idArtist, strArtist, strSortName, strMusicBrainzArtistID, strType, strGender, strDisambiguation, strBorn, strFormed, strGenres,strMoods, strStyles, strInstruments, strBiography, strDied, strDisbanded, strYearsActive, strImage, strFanart, bScrapedMBID, lastScraped, '' AS dateAdded FROM artist WHERE idArtist = 2) - took 0 ms
2020-08-28 03:37:02.168 T:140323811342464   DEBUG: SELECT albumview.*,albumartistview.*  FROM albumview  JOIN albumartistview ON albumview.idAlbum = albumartistview.idAlbum  WHERE albumview.idAlbum = 1  ORDER BY albumartistview.iOrder
2020-08-28 03:37:02.169 T:140323811342464   DEBUG: Loading additional tag info for file smb://192.168.0.5/Share/Music/Sepultura/Chaos A.D/08 Nomad.mp3
2020-08-28 03:37:02.192 T:140322334316288   DEBUG: Open - probing detected format [mp3]
2020-08-28 03:37:02.192 T:140322334316288   DEBUG: Open - setting usetoc to 0 for accurate VBR MP3 seek
2020-08-28 03:37:02.192 T:140322334316288   DEBUG: Open - avformat_find_stream_info starting
2020-08-28 03:37:02.193 T:140322334316288   DEBUG: ffmpeg[7F9F56E41700]: [mp3] Estimating duration from bitrate, this may be inaccurate
2020-08-28 03:37:02.193 T:140322334316288   DEBUG: Open - av_find_stream_info finished
2020-08-28 03:37:02.193 T:140322334316288   DEBUG: CDVDDemuxFFmpeg::AddStream ID: 0
2020-08-28 03:37:02.193 T:140322334316288  NOTICE: CDVDAudioCodecFFmpeg::Open() Successful opened audio decoder mp3float
2020-08-28 03:37:02.197 T:140323811342464   DEBUG: CSMBFile::Open - opened smb://USERNAME:PASSWORD@192.168.0.5/Share/Music/Sepultura/Chaos A.D/08 Nomad.mp3, fd=10002
2020-08-28 03:37:02.204 T:140322334316288   DEBUG: CSMBFile::Open - opened smb://USERNAME:PASSWORD@192.168.0.5/Share/Music/Sepultura/Chaos A.D/08 Nomad.mp3, fd=10001
2020-08-28 03:37:02.305 T:140323811342464   DEBUG: unrecognized ID3 frame detected: MCDI
2020-08-28 03:37:02.305 T:140323811342464   DEBUG: unrecognized ID3 frame detected: PRIV
2020-08-28 03:37:02.305 T:140323811342464   DEBUG: unrecognized ID3 frame detected: TLEN
2020-08-28 03:37:02.305 T:140323811342464   DEBUG: CSMBFile::Close closing fd 10002
2020-08-28 03:37:02.310 T:140322334316288   DEBUG: unrecognized ID3 frame detected: MCDI
2020-08-28 03:37:02.310 T:140323811342464   DEBUG: CPlayerGUIInfo::InitCurrentItem(musicdb://recentlyaddedalbums/1/8.mp3?albumid=1)
2020-08-28 03:37:02.310 T:140322334316288   DEBUG: unrecognized ID3 frame detected: PRIV
2020-08-28 03:37:02.310 T:140322334316288   DEBUG: unrecognized ID3 frame detected: TLEN
2020-08-28 03:37:02.310 T:140322334316288   DEBUG: CSMBFile::Close closing fd 10001
2020-08-28 03:37:02.310 T:140323306661632   DEBUG: UPnP: Building didl for object 'musicdb://recentlyaddedalbums/1/8.mp3?albumid=1'
2020-08-28 03:37:02.312 T:140322334316288   DEBUG: SeekTime - seek ended up on time 0
2020-08-28 03:37:02.320 T:140323225335552   DEBUG: Previous line repeats 1 times.
2020-08-28 03:37:02.321 T:140323225335552   DEBUG: CActiveAE::ClearDiscardedBuffers - buffer pool deleted
2020-08-28 03:37:02.409 T:140322334316288    INFO: AudioDecoder: File is queued
2020-08-28 03:37:02.410 T:140323811342464   DEBUG: ------ Window Init (DialogBusy.xml) ------
2020-08-28 03:37:02.411 T:140323225335552   DEBUG: CActiveAE::ClearDiscardedBuffers - buffer pool deleted
2020-08-28 03:37:02.411 T:140322334316288   DEBUG: AudioDecoder::GetReplayGain - Final Replaygain applied: 1.000000, Track/Album Gain 89.000000, Peak 1.000000
2020-08-28 03:37:02.412 T:140323811342464   ERROR: CBinaryAddonManager::GetInstalledAddonInfo: Requested addon '' unknown as binary
2020-08-28 03:37:02.439 T:140322334316288    INFO: PAPlayer::PrepareStream - Ready
2020-08-28 03:37:02.445 T:140321975412480   DEBUG: OnAVStarted: CApplication::OnAVStarted
2020-08-28 03:37:02.462 T:140323811342464   DEBUG: ------ Window Deinit (DialogBusy.xml) ------
2020-08-28 03:37:02.991 T:140323811342464   DEBUG: ProcessMouse: trying mouse action leftclick
2020-08-28 03:37:02.991 T:140323811342464   DEBUG: CPlayerCoreFactory::GetPlayers(smb://192.168.0.5/Share/Music/Sepultura/Chaos A.D/09 We Who Are Not as Others.mp3)
2020-08-28 03:37:02.992 T:140323811342464   DEBUG: CPlayerSelectionRule::GetPlayers: considering rule: system rules
2020-08-28 03:37:02.992 T:140323811342464   DEBUG: CPlayerSelectionRule::GetPlayers: matches rule: system rules
2020-08-28 03:37:02.992 T:140323811342464   DEBUG: CPlayerSelectionRule::GetPlayers: considering rule: mms/udp
2020-08-28 03:37:02.992 T:140323811342464   DEBUG: CPlayerSelectionRule::GetPlayers: considering rule: lastfm/shout
2020-08-28 03:37:02.992 T:140323811342464   DEBUG: CPlayerSelectionRule::GetPlayers: considering rule: rtmp
2020-08-28 03:37:02.992 T:140323811342464   DEBUG: CPlayerSelectionRule::GetPlayers: considering rule: rtsp
2020-08-28 03:37:02.992 T:140323811342464   DEBUG: CPlayerSelectionRule::GetPlayers: considering rule: streams
2020-08-28 03:37:02.992 T:140323811342464   DEBUG: CPlayerSelectionRule::GetPlayers: considering rule: dvd
2020-08-28 03:37:02.992 T:140323811342464   DEBUG: CPlayerSelectionRule::GetPlayers: considering rule: dvdimage
2020-08-28 03:37:02.992 T:140323811342464   DEBUG: CPlayerSelectionRule::GetPlayers: considering rule: sdp/asf
2020-08-28 03:37:02.992 T:140323811342464   DEBUG: CPlayerSelectionRule::GetPlayers: considering rule: nsv
2020-08-28 03:37:02.992 T:140323811342464   DEBUG: CPlayerSelectionRule::GetPlayers: considering rule: radio
2020-08-28 03:37:02.992 T:140323811342464   DEBUG: CPlayerCoreFactory::GetPlayers: matched 0 rules with players
2020-08-28 03:37:02.992 T:140323811342464   DEBUG: CPlayerCoreFactory::GetPlayers: adding audiodefaultplayer (PAPlayer)
2020-08-28 03:37:02.992 T:140323811342464   DEBUG: CPlayerCoreFactory::GetPlayers: for video=0, audio=1
2020-08-28 03:37:02.992 T:140323811342464   DEBUG: CPlayerCoreFactory::GetPlayers: for video=1, audio=1
2020-08-28 03:37:02.992 T:140323811342464   DEBUG: CPlayerCoreFactory::GetPlayers: adding player: VideoPlayer
2020-08-28 03:37:02.992 T:140323811342464   DEBUG: CPlayerCoreFactory::GetPlayers: added 2 players
2020-08-28 03:37:03.096 T:140322321241856   DEBUG: DoWork - Saving file state for audio item musicdb://recentlyaddedalbums/1/8.mp3?albumid=1
2020-08-28 03:37:03.096 T:140323225335552   DEBUG: CActiveAE::DiscardStream - audio stream deleted
2020-08-28 03:37:03.096 T:140323225335552   DEBUG: CActiveAE::ClearDiscardedBuffers - buffer pool deleted
2020-08-28 03:37:03.096 T:140323811342464   DEBUG: Previous line repeats 1 times.
2020-08-28 03:37:03.096 T:140323811342464   DEBUG: CSMBFile::Close closing fd 10000
2020-08-28 03:37:03.102 T:140321975412480   DEBUG: OnPlayBackStopped: CApplication::OnPlayBackStopped
2020-08-28 03:37:03.102 T:140321975412480   DEBUG: Thread PAPlayer 140321975412480 terminating
2020-08-28 03:37:03.102 T:140323811342464   DEBUG: FreeVisualisation() started
2020-08-28 03:37:03.102 T:140323811342464   DEBUG: FreeVisualisation() done
2020-08-28 03:37:03.107 T:140323811342464   DEBUG: OnPlayBackStarted: CApplication::OnPlayBackStarted
2020-08-28 03:37:03.108 T:140321975412480   DEBUG: Thread PAPlayer start, auto delete: false
2020-08-28 03:37:03.108 T:140321975412480   DEBUG: PAPlayer::Process - Playback started
2020-08-28 03:37:03.108 T:140323811342464   DEBUG: CMusicGUIInfo::InitCurrentItem(musicdb://recentlyaddedalbums/1/9.mp3?albumid=1)
2020-08-28 03:37:03.113 T:140323811342464   DEBUG: GetArtist(SELECT idArtist, strArtist, strSortName, strMusicBrainzArtistID, strType, strGender, strDisambiguation, strBorn, strFormed, strGenres,strMoods, strStyles, strInstruments, strBiography, strDied, strDisbanded, strYearsActive, strImage, strFanart, bScrapedMBID, lastScraped, '' AS dateAdded FROM artist WHERE idArtist = 2) - took 0 ms
2020-08-28 03:37:03.113 T:140323811342464   DEBUG: SELECT albumview.*,albumartistview.*  FROM albumview  JOIN albumartistview ON albumview.idAlbum = albumartistview.idAlbum  WHERE albumview.idAlbum = 1  ORDER BY albumartistview.iOrder
2020-08-28 03:37:03.114 T:140323811342464   DEBUG: Loading additional tag info for file smb://192.168.0.5/Share/Music/Sepultura/Chaos A.D/09 We Who Are Not as Others.mp3
2020-08-28 03:37:03.114 T:140322321241856   DEBUG: CSMBFile::Open - opened smb://USERNAME:PASSWORD@192.168.0.5/Share/Music/Sepultura/Chaos A.D/09 We Who Are Not as Others.mp3, fd=10000
2020-08-28 03:37:03.142 T:140322321241856   DEBUG: Open - probing detected format [mp3]
2020-08-28 03:37:03.142 T:140322321241856   DEBUG: Open - setting usetoc to 0 for accurate VBR MP3 seek
2020-08-28 03:37:03.142 T:140322321241856   DEBUG: Open - avformat_find_stream_info starting
2020-08-28 03:37:03.143 T:140322321241856   DEBUG: ffmpeg[7F9F561C9700]: [mp3] Estimating duration from bitrate, this may be inaccurate
2020-08-28 03:37:03.143 T:140322321241856   DEBUG: Open - av_find_stream_info finished
2020-08-28 03:37:03.143 T:140322321241856   DEBUG: CDVDDemuxFFmpeg::AddStream ID: 0
2020-08-28 03:37:03.143 T:140322321241856  NOTICE: CDVDAudioCodecFFmpeg::Open() Successful opened audio decoder mp3float
2020-08-28 03:37:03.144 T:140323811342464   DEBUG: CSMBFile::Open - opened smb://USERNAME:PASSWORD@192.168.0.5/Share/Music/Sepultura/Chaos A.D/09 We Who Are Not as Others.mp3, fd=10001
2020-08-28 03:37:03.170 T:140322321241856   DEBUG: CSMBFile::Open - opened smb://USERNAME:PASSWORD@192.168.0.5/Share/Music/Sepultura/Chaos A.D/09 We Who Are Not as Others.mp3, fd=10002
2020-08-28 03:37:03.231 T:140323811342464   DEBUG: unrecognized ID3 frame detected: MCDI
2020-08-28 03:37:03.231 T:140323811342464   DEBUG: unrecognized ID3 frame detected: PRIV
2020-08-28 03:37:03.231 T:140323811342464   DEBUG: unrecognized ID3 frame detected: TLEN
2020-08-28 03:37:03.231 T:140323811342464   DEBUG: CSMBFile::Close closing fd 10001
2020-08-28 03:37:03.239 T:140323811342464   DEBUG: CPlayerGUIInfo::InitCurrentItem(musicdb://recentlyaddedalbums/1/9.mp3?albumid=1)
2020-08-28 03:37:03.239 T:140323306661632   DEBUG: UPnP: Building didl for object 'musicdb://recentlyaddedalbums/1/9.mp3?albumid=1'
2020-08-28 03:37:03.269 T:140322321241856   DEBUG: unrecognized ID3 frame detected: MCDI
2020-08-28 03:37:03.269 T:140322321241856   DEBUG: unrecognized ID3 frame detected: PRIV
2020-08-28 03:37:03.269 T:140322321241856   DEBUG: unrecognized ID3 frame detected: TLEN
2020-08-28 03:37:03.269 T:140322321241856   DEBUG: CSMBFile::Close closing fd 10002
2020-08-28 03:37:03.271 T:140322321241856   DEBUG: SeekTime - seek ended up on time 0
2020-08-28 03:37:03.273 T:140323225335552   DEBUG: Previous line repeats 1 times.
2020-08-28 03:37:03.274 T:140323225335552   DEBUG: CActiveAE::ClearDiscardedBuffers - buffer pool deleted
2020-08-28 03:37:03.339 T:140323811342464   DEBUG: ------ Window Init (DialogBusy.xml) ------
2020-08-28 03:37:03.341 T:140323811342464   ERROR: CBinaryAddonManager::GetInstalledAddonInfo: Requested addon '' unknown as binary
2020-08-28 03:37:03.364 T:140322321241856    INFO: AudioDecoder: File is queued
2020-08-28 03:37:03.365 T:140322321241856   DEBUG: AudioDecoder::GetReplayGain - Final Replaygain applied: 1.000000, Track/Album Gain 89.000000, Peak 1.000000
2020-08-28 03:37:03.365 T:140323225335552   DEBUG: CActiveAE::ClearDiscardedBuffers - buffer pool deleted
2020-08-28 03:37:03.393 T:140322321241856    INFO: PAPlayer::PrepareStream - Ready
2020-08-28 03:37:03.401 T:140321975412480   DEBUG: OnAVStarted: CApplication::OnAVStarted
2020-08-28 03:37:03.425 T:140323811342464   DEBUG: ------ Window Deinit (DialogBusy.xml) ------
2020-08-28 03:37:04.557 T:140323811342464   DEBUG: ProcessMouse: trying mouse action leftclick
2020-08-28 03:37:04.558 T:140323811342464   DEBUG: CPlayerCoreFactory::GetPlayers(smb://192.168.0.5/Share/Music/Sepultura/Chaos A.D/10 Manifest.mp3)
2020-08-28 03:37:04.558 T:140323811342464   DEBUG: CPlayerSelectionRule::GetPlayers: considering rule: system rules
2020-08-28 03:37:04.558 T:140323811342464   DEBUG: CPlayerSelectionRule::GetPlayers: matches rule: system rules
2020-08-28 03:37:04.558 T:140323811342464   DEBUG: CPlayerSelectionRule::GetPlayers: considering rule: mms/udp
2020-08-28 03:37:04.558 T:140323811342464   DEBUG: CPlayerSelectionRule::GetPlayers: considering rule: lastfm/shout
2020-08-28 03:37:04.558 T:140323811342464   DEBUG: CPlayerSelectionRule::GetPlayers: considering rule: rtmp
2020-08-28 03:37:04.558 T:140323811342464   DEBUG: CPlayerSelectionRule::GetPlayers: considering rule: rtsp
2020-08-28 03:37:04.558 T:140323811342464   DEBUG: CPlayerSelectionRule::GetPlayers: considering rule: streams
2020-08-28 03:37:04.558 T:140323811342464   DEBUG: CPlayerSelectionRule::GetPlayers: considering rule: dvd
2020-08-28 03:37:04.558 T:140323811342464   DEBUG: CPlayerSelectionRule::GetPlayers: considering rule: dvdimage
2020-08-28 03:37:04.558 T:140323811342464   DEBUG: CPlayerSelectionRule::GetPlayers: considering rule: sdp/asf
2020-08-28 03:37:04.558 T:140323811342464   DEBUG: CPlayerSelectionRule::GetPlayers: considering rule: nsv
2020-08-28 03:37:04.558 T:140323811342464   DEBUG: CPlayerSelectionRule::GetPlayers: considering rule: radio
2020-08-28 03:37:04.558 T:140323811342464   DEBUG: CPlayerCoreFactory::GetPlayers: matched 0 rules with players
2020-08-28 03:37:04.558 T:140323811342464   DEBUG: CPlayerCoreFactory::GetPlayers: adding audiodefaultplayer (PAPlayer)
2020-08-28 03:37:04.558 T:140323811342464   DEBUG: CPlayerCoreFactory::GetPlayers: for video=0, audio=1
2020-08-28 03:37:04.558 T:140323811342464   DEBUG: CPlayerCoreFactory::GetPlayers: for video=1, audio=1
2020-08-28 03:37:04.558 T:140323811342464   DEBUG: CPlayerCoreFactory::GetPlayers: adding player: VideoPlayer
2020-08-28 03:37:04.558 T:140323811342464   DEBUG: CPlayerCoreFactory::GetPlayers: added 2 players
2020-08-28 03:37:04.638 T:140323225335552   DEBUG: CActiveAE::DiscardStream - audio stream deleted
2020-08-28 03:37:04.639 T:140322312849152   DEBUG: DoWork - Saving file state for audio item musicdb://recentlyaddedalbums/1/9.mp3?albumid=1
2020-08-28 03:37:04.639 T:140323225335552   DEBUG: CActiveAE::ClearDiscardedBuffers - buffer pool deleted
2020-08-28 03:37:04.639 T:140323811342464   DEBUG: Previous line repeats 1 times.
2020-08-28 03:37:04.639 T:140323811342464   DEBUG: CSMBFile::Close closing fd 10000
2020-08-28 03:37:04.641 T:140321975412480   DEBUG: OnPlayBackStopped: CApplication::OnPlayBackStopped
2020-08-28 03:37:04.641 T:140321975412480   DEBUG: Thread PAPlayer 140321975412480 terminating
2020-08-28 03:37:04.641 T:140323811342464   DEBUG: FreeVisualisation() started
2020-08-28 03:37:04.641 T:140323811342464   DEBUG: FreeVisualisation() done
2020-08-28 03:37:04.647 T:140323811342464   DEBUG: OnPlayBackStarted: CApplication::OnPlayBackStarted
2020-08-28 03:37:04.647 T:140321975412480   DEBUG: Thread PAPlayer start, auto delete: false
2020-08-28 03:37:04.647 T:140321975412480   DEBUG: PAPlayer::Process - Playback started
2020-08-28 03:37:04.647 T:140323811342464   DEBUG: CMusicGUIInfo::InitCurrentItem(musicdb://recentlyaddedalbums/1/10.mp3?albumid=1)
2020-08-28 03:37:04.652 T:140322334316288   DEBUG: CSMBFile::Open - opened smb://USERNAME:PASSWORD@192.168.0.5/Share/Music/Sepultura/Chaos A.D/10 Manifest.mp3, fd=10000
2020-08-28 03:37:04.654 T:140323811342464   DEBUG: GetArtist(SELECT idArtist, strArtist, strSortName, strMusicBrainzArtistID, strType, strGender, strDisambiguation, strBorn, strFormed, strGenres,strMoods, strStyles, strInstruments, strBiography, strDied, strDisbanded, strYearsActive, strImage, strFanart, bScrapedMBID, lastScraped, '' AS dateAdded FROM artist WHERE idArtist = 2) - took 0 ms
2020-08-28 03:37:04.654 T:140323811342464   DEBUG: SELECT albumview.*,albumartistview.*  FROM albumview  JOIN albumartistview ON albumview.idAlbum = albumartistview.idAlbum  WHERE albumview.idAlbum = 1  ORDER BY albumartistview.iOrder
2020-08-28 03:37:04.656 T:140323811342464   DEBUG: Loading additional tag info for file smb://192.168.0.5/Share/Music/Sepultura/Chaos A.D/10 Manifest.mp3
2020-08-28 03:37:04.659 T:140323811342464   DEBUG: CSMBFile::Open - opened smb://USERNAME:PASSWORD@192.168.0.5/Share/Music/Sepultura/Chaos A.D/10 Manifest.mp3, fd=10002
2020-08-28 03:37:04.683 T:140322334316288   DEBUG: Open - probing detected format [mp3]
2020-08-28 03:37:04.683 T:140322334316288   DEBUG: Open - setting usetoc to 0 for accurate VBR MP3 seek
2020-08-28 03:37:04.683 T:140322334316288   DEBUG: Open - avformat_find_stream_info starting
2020-08-28 03:37:04.684 T:140322334316288   DEBUG: ffmpeg[7F9F56E41700]: [mp3] Estimating duration from bitrate, this may be inaccurate
2020-08-28 03:37:04.684 T:140322334316288   DEBUG: Open - av_find_stream_info finished
2020-08-28 03:37:04.684 T:140322334316288   DEBUG: CDVDDemuxFFmpeg::AddStream ID: 0
2020-08-28 03:37:04.684 T:140322334316288  NOTICE: CDVDAudioCodecFFmpeg::Open() Successful opened audio decoder mp3float
2020-08-28 03:37:04.707 T:140322334316288   DEBUG: CSMBFile::Open - opened smb://USERNAME:PASSWORD@192.168.0.5/Share/Music/Sepultura/Chaos A.D/10 Manifest.mp3, fd=10001
2020-08-28 03:37:04.761 T:140323811342464   DEBUG: unrecognized ID3 frame detected: MCDI
2020-08-28 03:37:04.761 T:140323811342464   DEBUG: unrecognized ID3 frame detected: PRIV
2020-08-28 03:37:04.761 T:140323811342464   DEBUG: unrecognized ID3 frame detected: TLEN
2020-08-28 03:37:04.761 T:140323811342464   DEBUG: CSMBFile::Close closing fd 10002
2020-08-28 03:37:04.764 T:140323811342464   DEBUG: CPlayerGUIInfo::InitCurrentItem(musicdb://recentlyaddedalbums/1/10.mp3?albumid=1)
2020-08-28 03:37:04.764 T:140323306661632   DEBUG: UPnP: Building didl for object 'musicdb://recentlyaddedalbums/1/10.mp3?albumid=1'
2020-08-28 03:37:04.793 T:140322334316288   DEBUG: unrecognized ID3 frame detected: MCDI
2020-08-28 03:37:04.793 T:140322334316288   DEBUG: unrecognized ID3 frame detected: PRIV
2020-08-28 03:37:04.793 T:140322334316288   DEBUG: unrecognized ID3 frame detected: TLEN
2020-08-28 03:37:04.793 T:140322334316288   DEBUG: CSMBFile::Close closing fd 10001
2020-08-28 03:37:04.795 T:140322334316288   DEBUG: SeekTime - seek ended up on time 0
2020-08-28 03:37:04.842 T:140323225335552   DEBUG: Previous line repeats 1 times.
2020-08-28 03:37:04.842 T:140323225335552   DEBUG: CActiveAE::ClearDiscardedBuffers - buffer pool deleted
2020-08-28 03:37:04.864 T:140323811342464   DEBUG: ------ Window Init (DialogBusy.xml) ------
2020-08-28 03:37:04.866 T:140323811342464   ERROR: CBinaryAddonManager::GetInstalledAddonInfo: Requested addon '' unknown as binary
2020-08-28 03:37:04.887 T:140322334316288    INFO: AudioDecoder: File is queued
2020-08-28 03:37:04.889 T:140322334316288   DEBUG: AudioDecoder::GetReplayGain - Final Replaygain applied: 1.000000, Track/Album Gain 89.000000, Peak 1.000000
2020-08-28 03:37:04.889 T:140323225335552   DEBUG: CActiveAE::ClearDiscardedBuffers - buffer pool deleted
2020-08-28 03:37:04.915 T:140322334316288    INFO: PAPlayer::PrepareStream - Ready
2020-08-28 03:37:04.920 T:140321975412480   DEBUG: OnAVStarted: CApplication::OnAVStarted
2020-08-28 03:37:04.941 T:140323811342464   DEBUG: ------ Window Deinit (DialogBusy.xml) ------
2020-08-28 03:37:07.224 T:140323811342464   DEBUG: ProcessMouse: trying mouse action leftclick
2020-08-28 03:37:07.281 T:140321975412480   DEBUG: CSMBFile::Close closing fd 10000
2020-08-28 03:37:07.305 T:140323225335552   DEBUG: CActiveAE::DiscardStream - audio stream deleted
2020-08-28 03:37:07.305 T:140322321241856   DEBUG: DoWork - Saving file state for audio item musicdb://recentlyaddedalbums/1/10.mp3?albumid=1
2020-08-28 03:37:07.305 T:140323225335552   DEBUG: CActiveAE::ClearDiscardedBuffers - buffer pool deleted
2020-08-28 03:37:07.313 T:140321975412480   DEBUG: Previous line repeats 1 times.
2020-08-28 03:37:07.313 T:140321975412480   DEBUG: OnPlayBackStopped: CApplication::OnPlayBackStopped
2020-08-28 03:37:07.313 T:140321975412480   DEBUG: Thread PAPlayer 140321975412480 terminating
2020-08-28 03:37:07.393 T:140323811342464   DEBUG: CGUIWindowManager::PreviousWindow: Deactivate
2020-08-28 03:37:07.393 T:140323811342464   DEBUG: FreeVisualisation() started
2020-08-28 03:37:07.393 T:140323811342464   DEBUG: FreeVisualisation() done
2020-08-28 03:37:07.394 T:140323811342464   DEBUG: ------ Window Deinit (DialogSeekBar.xml) ------
2020-08-28 03:37:07.398 T:140323811342464   DEBUG: ------ Window Init (DialogSeekBar.xml) ------
2020-08-28 03:37:07.399 T:140323811342464   DEBUG: ------ Window Deinit (DialogSeekBar.xml) ------
2020-08-28 03:37:07.405 T:140323811342464   DEBUG: ------ Window Init (DialogSeekBar.xml) ------
2020-08-28 03:37:07.406 T:140323811342464   DEBUG: ------ Window Deinit (DialogSeekBar.xml) ------
2020-08-28 03:37:07.411 T:140323811342464   DEBUG: ------ Window Init (DialogSeekBar.xml) ------
2020-08-28 03:37:07.411 T:140323811342464   DEBUG: ------ Window Deinit (DialogSeekBar.xml) ------
2020-08-28 03:37:07.423 T:140323811342464   DEBUG: ------ Window Init (DialogSeekBar.xml) ------
2020-08-28 03:37:07.424 T:140323811342464   DEBUG: ------ Window Deinit (DialogSeekBar.xml) ------
2020-08-28 03:37:07.440 T:140323811342464   DEBUG: ------ Window Init (DialogSeekBar.xml) ------
2020-08-28 03:37:07.441 T:140323811342464   DEBUG: ------ Window Deinit (DialogSeekBar.xml) ------
2020-08-28 03:37:07.457 T:140323811342464   DEBUG: ------ Window Init (DialogSeekBar.xml) ------
2020-08-28 03:37:07.458 T:140323811342464   DEBUG: ------ Window Deinit (DialogSeekBar.xml) ------
2020-08-28 03:37:07.474 T:140323811342464   DEBUG: ------ Window Init (DialogSeekBar.xml) ------
2020-08-28 03:37:07.475 T:140323811342464   DEBUG: ------ Window Deinit (DialogSeekBar.xml) ------
2020-08-28 03:37:07.481 T:140323225335552   DEBUG: CActiveAE::ClearDiscardedBuffers - buffer pool deleted
2020-08-28 03:37:07.491 T:140323811342464   DEBUG: ------ Window Init (DialogSeekBar.xml) ------
2020-08-28 03:37:07.491 T:140323811342464   DEBUG: ------ Window Deinit (DialogSeekBar.xml) ------
2020-08-28 03:37:07.507 T:140323811342464   DEBUG: ------ Window Init (DialogSeekBar.xml) ------
2020-08-28 03:37:07.508 T:140323811342464   DEBUG: ------ Window Deinit (DialogSeekBar.xml) ------
2020-08-28 03:37:07.524 T:140323811342464   DEBUG: ------ Window Init (DialogSeekBar.xml) ------
2020-08-28 03:37:07.525 T:140323811342464   DEBUG: ------ Window Deinit (DialogSeekBar.xml) ------
2020-08-28 03:37:07.541 T:140323811342464   DEBUG: ------ Window Init (DialogSeekBar.xml) ------
2020-08-28 03:37:07.541 T:140323811342464   DEBUG: ------ Window Deinit (DialogSeekBar.xml) ------
2020-08-28 03:37:07.560 T:140323811342464   DEBUG: ------ Window Deinit (MusicOSD.xml) ------
2020-08-28 03:37:07.560 T:140323811342464   DEBUG: ------ Window Deinit (MusicVisualisation.xml) ------
2020-08-28 03:37:07.560 T:140323811342464   DEBUG: FreeVisualisation() done
2020-08-28 03:37:07.561 T:140323811342464   DEBUG: CGUIWindowManager::PreviousWindow: Activate new
2020-08-28 03:37:07.563 T:140323811342464   DEBUG: ------ Window Init (MyMusicNav.xml) ------
2020-08-28 03:37:07.565 T:140323811342464   DEBUG: CGUIMediaWindow::GetDirectory (musicdb://recentlyaddedalbums/1/)
2020-08-28 03:37:07.565 T:140323811342464   DEBUG:   ParentPath = [musicdb://recentlyaddedalbums/1/]
2020-08-28 03:37:07.568 T:140323811342464   DEBUG: GetSongsFullByWhere query = SELECT songview.*, songartistview.* FROM songview JOIN songartistview ON songartistview.idsong = songview.idsong  WHERE songview.idAlbum = 1 ORDER BY songartistview.idsong, songartistview.idRole, songartistview.iOrder
2020-08-28 03:37:07.570 T:140323811342464   DEBUG: GetSongsFullByWhere() - took 2 ms
2020-08-28 03:37:07.572 T:140323811342464   DEBUG: Custom album format = [%B]
2020-08-28 03:37:07.576 T:140321975412480   DEBUG: Previous line repeats 1 times.
2020-08-28 03:37:07.576 T:140321975412480   DEBUG: Thread BackgroundLoader start, auto delete: false
2020-08-28 03:37:07.581 T:140321975412480   DEBUG: Thread BackgroundLoader 140321975412480 terminating
2020-08-28 03:37:07.667 T:140323225335552   DEBUG: CActiveAE::ClearDiscardedBuffers - buffer pool deleted
2020-08-28 03:37:07.725 T:140323811342464   DEBUG: ------ Window Deinit (Custom_1109_TopBarOverlay.xml) ------
2020-08-28 03:37:10.925 T:140323811342464   DEBUG: Keyboard: scancode: 0x0f, sym: 0x0036, unicode: 0x0036, modifier: 0x0
2020-08-28 03:37:10.925 T:140323811342464   DEBUG: HandleKey: six (0xf036) pressed, action is Number6
2020-08-28 03:37:10.926 T:140323811342464   DEBUG: ------ Window Deinit (Pointer.xml) ------
2020-08-28 03:37:11.020 T:140323811342464   DEBUG: Keyboard: scancode: 0x0f, sym: 0x0036, unicode: 0x0000, modifier: 0x0
2020-08-28 03:37:11.522 T:140323811342464   DEBUG: Keyboard: scancode: 0x0f, sym: 0x0036, unicode: 0x0036, modifier: 0x0
2020-08-28 03:37:11.522 T:140323811342464   DEBUG: HandleKey: six (0xf036) pressed, action is Number6
2020-08-28 03:37:11.634 T:140323811342464   DEBUG: Keyboard: scancode: 0x0f, sym: 0x0036, unicode: 0x0000, modifier: 0x0
2020-08-28 03:37:11.998 T:140323811342464   DEBUG: Keyboard: scancode: 0x0f, sym: 0x0036, unicode: 0x0036, modifier: 0x0
2020-08-28 03:37:11.998 T:140323811342464   DEBUG: HandleKey: six (0xf036) pressed, action is Number6
2020-08-28 03:37:12.069 T:140323811342464   DEBUG: Keyboard: scancode: 0x0f, sym: 0x0036, unicode: 0x0000, modifier: 0x0
2020-08-28 03:37:12.284 T:140323811342464    INFO: CheckIdle - Closing session to http://www.msftncsi.com (easy=0x7f9f206bcdd0, multi=(nil))
2020-08-28 03:37:12.284 T:140323811342464    INFO: CheckIdle - Closing session to http://www.msftncsi.com (easy=0x7f9f4c0932a0, multi=(nil))
2020-08-28 03:37:12.491 T:140323811342464   DEBUG: Keyboard: scancode: 0x0f, sym: 0x0036, unicode: 0x0036, modifier: 0x0
2020-08-28 03:37:12.491 T:140323811342464   DEBUG: HandleKey: six (0xf036) pressed, action is Number6
2020-08-28 03:37:12.582 T:140323811342464   DEBUG: Keyboard: scancode: 0x0f, sym: 0x0036, unicode: 0x0000, modifier: 0x0
2020-08-28 03:37:12.932 T:140323811342464   DEBUG: Keyboard: scancode: 0x0f, sym: 0x0036, unicode: 0x0036, modifier: 0x0
2020-08-28 03:37:12.932 T:140323811342464   DEBUG: HandleKey: six (0xf036) pressed, action is Number6
2020-08-28 03:37:13.014 T:140323811342464   DEBUG: Keyboard: scancode: 0x0f, sym: 0x0036, unicode: 0x0000, modifier: 0x0
2020-08-28 03:37:13.104 T:140323811342464   DEBUG: Keyboard: scancode: 0x0f, sym: 0x0036, unicode: 0x0036, modifier: 0x0
2020-08-28 03:37:13.104 T:140323811342464   DEBUG: HandleKey: six (0xf036) pressed, action is Number6
2020-08-28 03:37:13.221 T:140323811342464   DEBUG: Keyboard: scancode: 0x0f, sym: 0x0036, unicode: 0x0000, modifier: 0x0
2020-08-28 03:37:13.303 T:140323811342464   DEBUG: Keyboard: scancode: 0x0f, sym: 0x0036, unicode: 0x0036, modifier: 0x0
2020-08-28 03:37:13.304 T:140323811342464   DEBUG: HandleKey: six (0xf036) pressed, action is Number6
2020-08-28 03:37:13.387 T:140323811342464   DEBUG: Keyboard: scancode: 0x0f, sym: 0x0036, unicode: 0x0000, modifier: 0x0
2020-08-28 03:37:13.469 T:140323811342464   DEBUG: Keyboard: scancode: 0x0f, sym: 0x0036, unicode: 0x0036, modifier: 0x0
2020-08-28 03:37:13.469 T:140323811342464   DEBUG: HandleKey: six (0xf036) pressed, action is Number6
2020-08-28 03:37:13.552 T:140323811342464   DEBUG: Keyboard: scancode: 0x0f, sym: 0x0036, unicode: 0x0000, modifier: 0x0
2020-08-28 03:37:13.635 T:140323811342464   DEBUG: Keyboard: scancode: 0x0f, sym: 0x0036, unicode: 0x0036, modifier: 0x0
2020-08-28 03:37:13.635 T:140323811342464   DEBUG: HandleKey: six (0xf036) pressed, action is Number6
2020-08-28 03:37:13.747 T:140323811342464   DEBUG: Keyboard: scancode: 0x0f, sym: 0x0036, unicode: 0x0000, modifier: 0x0
2020-08-28 03:37:17.490 T:140323811342464   DEBUG: Keyboard: scancode: 0x6f, sym: 0x0111, unicode: 0x0000, modifier: 0x0
2020-08-28 03:37:17.490 T:140323811342464   DEBUG: HandleKey: up (0xf080) pressed, action is Up
2020-08-28 03:37:17.575 T:140323811342464   DEBUG: Keyboard: scancode: 0x6f, sym: 0x0111, unicode: 0x0000, modifier: 0x0
2020-08-28 03:37:17.658 T:140323811342464   DEBUG: Previous line repeats 1 times.
2020-08-28 03:37:17.658 T:140323811342464   DEBUG: HandleKey: up (0xf080) pressed, action is Up
2020-08-28 03:37:17.708 T:140323811342464   DEBUG: Keyboard: scancode: 0x6f, sym: 0x0111, unicode: 0x0000, modifier: 0x0
2020-08-28 03:37:17.809 T:140323811342464   DEBUG: Previous line repeats 1 times.
2020-08-28 03:37:17.809 T:140323811342464   DEBUG: HandleKey: up (0xf080) pressed, action is Up
2020-08-28 03:37:17.858 T:140323811342464   DEBUG: Keyboard: scancode: 0x6f, sym: 0x0111, unicode: 0x0000, modifier: 0x0
2020-08-28 03:37:17.960 T:140323811342464   DEBUG: Previous line repeats 1 times.
2020-08-28 03:37:17.960 T:140323811342464   DEBUG: HandleKey: up (0xf080) pressed, action is Up
2020-08-28 03:37:17.993 T:140323811342464   DEBUG: Keyboard: scancode: 0x6f, sym: 0x0111, unicode: 0x0000, modifier: 0x0
2020-08-28 03:37:18.094 T:140323811342464   DEBUG: Previous line repeats 1 times.
2020-08-28 03:37:18.094 T:140323811342464   DEBUG: HandleKey: up (0xf080) pressed, action is Up
2020-08-28 03:37:18.144 T:140323811342464   DEBUG: Keyboard: scancode: 0x6f, sym: 0x0111, unicode: 0x0000, modifier: 0x0
2020-08-28 03:37:18.261 T:140323811342464   DEBUG: Previous line repeats 1 times.
2020-08-28 03:37:18.261 T:140323811342464   DEBUG: HandleKey: up (0xf080) pressed, action is Up
2020-08-28 03:37:18.293 T:140323811342464   DEBUG: Keyboard: scancode: 0x6f, sym: 0x0111, unicode: 0x0000, modifier: 0x0
2020-08-28 03:37:18.394 T:140323811342464   DEBUG: Previous line repeats 1 times.
2020-08-28 03:37:18.394 T:140323811342464   DEBUG: HandleKey: up (0xf080) pressed, action is Up
2020-08-28 03:37:18.445 T:140323811342464   DEBUG: Keyboard: scancode: 0x6f, sym: 0x0111, unicode: 0x0000, modifier: 0x0
2020-08-28 03:37:18.543 T:140323811342464   DEBUG: Previous line repeats 1 times.
2020-08-28 03:37:18.543 T:140323811342464   DEBUG: HandleKey: up (0xf080) pressed, action is Up
2020-08-28 03:37:18.578 T:140323811342464   DEBUG: Keyboard: scancode: 0x6f, sym: 0x0111, unicode: 0x0000, modifier: 0x0
2020-08-28 03:37:18.676 T:140323811342464   DEBUG: Previous line repeats 1 times.
2020-08-28 03:37:18.676 T:140323811342464   DEBUG: HandleKey: up (0xf080) pressed, action is Up
2020-08-28 03:37:18.711 T:140323811342464   DEBUG: Keyboard: scancode: 0x6f, sym: 0x0111, unicode: 0x0000, modifier: 0x0
2020-08-28 03:37:18.843 T:140323811342464   DEBUG: Previous line repeats 1 times.
2020-08-28 03:37:18.843 T:140323811342464   DEBUG: HandleKey: up (0xf080) pressed, action is Up
2020-08-28 03:37:18.859 T:140323811342464   DEBUG: Keyboard: scancode: 0x6f, sym: 0x0111, unicode: 0x0000, modifier: 0x0
2020-08-28 03:37:18.976 T:140323811342464   DEBUG: Previous line repeats 1 times.
2020-08-28 03:37:18.976 T:140323811342464   DEBUG: HandleKey: up (0xf080) pressed, action is Up
2020-08-28 03:37:19.011 T:140323811342464   DEBUG: Keyboard: scancode: 0x6f, sym: 0x0111, unicode: 0x0000, modifier: 0x0
2020-08-28 03:37:19.128 T:140323811342464   DEBUG: Previous line repeats 1 times.
2020-08-28 03:37:19.128 T:140323811342464   DEBUG: HandleKey: up (0xf080) pressed, action is Up
2020-08-28 03:37:19.177 T:140323811342464   DEBUG: Keyboard: scancode: 0x6f, sym: 0x0111, unicode: 0x0000, modifier: 0x0
2020-08-28 03:37:19.276 T:140323811342464   DEBUG: Previous line repeats 1 times.
2020-08-28 03:37:19.276 T:140323811342464   DEBUG: HandleKey: up (0xf080) pressed, action is Up
2020-08-28 03:37:19.327 T:140323811342464   DEBUG: Keyboard: scancode: 0x6f, sym: 0x0111, unicode: 0x0000, modifier: 0x0
2020-08-28 03:37:19.429 T:140323811342464   DEBUG: Previous line repeats 1 times.
2020-08-28 03:37:19.429 T:140323811342464   DEBUG: HandleKey: up (0xf080) pressed, action is Up
2020-08-28 03:37:19.479 T:140323811342464   DEBUG: Keyboard: scancode: 0x6f, sym: 0x0111, unicode: 0x0000, modifier: 0x0
2020-08-28 03:37:19.576 T:140323811342464   DEBUG: Previous line repeats 1 times.
2020-08-28 03:37:19.576 T:140323811342464   DEBUG: HandleKey: up (0xf080) pressed, action is Up
2020-08-28 03:37:19.611 T:140323811342464   DEBUG: Keyboard: scancode: 0x6f, sym: 0x0111, unicode: 0x0000, modifier: 0x0
2020-08-28 03:37:19.729 T:140323811342464   DEBUG: Previous line repeats 1 times.
2020-08-28 03:37:19.729 T:140323811342464   DEBUG: HandleKey: up (0xf080) pressed, action is Up
2020-08-28 03:37:19.776 T:140323811342464   DEBUG: Keyboard: scancode: 0x6f, sym: 0x0111, unicode: 0x0000, modifier: 0x0
2020-08-28 03:37:19.894 T:140323811342464   DEBUG: Previous line repeats 1 times.
2020-08-28 03:37:19.894 T:140323811342464   DEBUG: HandleKey: up (0xf080) pressed, action is Up
2020-08-28 03:37:19.928 T:140323811342464   DEBUG: Keyboard: scancode: 0x6f, sym: 0x0111, unicode: 0x0000, modifier: 0x0
2020-08-28 03:37:20.027 T:140323811342464   DEBUG: Previous line repeats 1 times.
2020-08-28 03:37:20.027 T:140323811342464   DEBUG: HandleKey: up (0xf080) pressed, action is Up
2020-08-28 03:37:20.076 T:140323811342464   DEBUG: Keyboard: scancode: 0x6f, sym: 0x0111, unicode: 0x0000, modifier: 0x0
2020-08-28 03:37:20.194 T:140323811342464   DEBUG: Previous line repeats 1 times.
2020-08-28 03:37:20.194 T:140323811342464   DEBUG: HandleKey: up (0xf080) pressed, action is Up
2020-08-28 03:37:20.243 T:140323811342464   DEBUG: Keyboard: scancode: 0x6f, sym: 0x0111, unicode: 0x0000, modifier: 0x0
2020-08-28 03:37:20.344 T:140323811342464   DEBUG: Previous line repeats 1 times.
2020-08-28 03:37:20.344 T:140323811342464   DEBUG: HandleKey: up (0xf080) pressed, action is Up
2020-08-28 03:37:20.409 T:140323811342464   DEBUG: Keyboard: scancode: 0x6f, sym: 0x0111, unicode: 0x0000, modifier: 0x0
2020-08-28 03:37:20.510 T:140323811342464   DEBUG: Previous line repeats 1 times.
2020-08-28 03:37:20.510 T:140323811342464   DEBUG: HandleKey: up (0xf080) pressed, action is Up
2020-08-28 03:37:20.578 T:140323811342464   DEBUG: Keyboard: scancode: 0x6f, sym: 0x0111, unicode: 0x0000, modifier: 0x0
2020-08-28 03:37:20.679 T:140323811342464   DEBUG: Previous line repeats 1 times.
2020-08-28 03:37:20.679 T:140323811342464   DEBUG: HandleKey: up (0xf080) pressed, action is Up
