2020-08-28 03:37:43.564 T:140323811342464   DEBUG: Loading additional tag info for file smb://192.168.0.5/Share/Music/Sepultura/Chaos A.D/08 Nomad.mp3
2020-08-28 03:37:43.590 T:140322321241856   DEBUG: Open - probing detected format [mp3]
2020-08-28 03:37:43.590 T:140322321241856   DEBUG: Open - setting usetoc to 0 for accurate VBR MP3 seek
2020-08-28 03:37:43.590 T:140322321241856   DEBUG: Open - avformat_find_stream_info starting
2020-08-28 03:37:43.591 T:140322321241856   DEBUG: ffmpeg[7F9F561C9700]: [mp3] Estimating duration from bitrate, this may be inaccurate
2020-08-28 03:37:43.591 T:140322321241856   DEBUG: Open - av_find_stream_info finished
2020-08-28 03:37:43.591 T:140322321241856   DEBUG: CDVDDemuxFFmpeg::AddStream ID: 0
2020-08-28 03:37:43.591 T:140322321241856  NOTICE: CDVDAudioCodecFFmpeg::Open() Successful opened audio decoder mp3float
2020-08-28 03:37:43.592 T:140323811342464   DEBUG: CSMBFile::Open - opened smb://USERNAME:PASSWORD@192.168.0.5/Share/Music/Sepultura/Chaos A.D/08 Nomad.mp3, fd=10002
2020-08-28 03:37:43.618 T:140322321241856   DEBUG: CSMBFile::Open - opened smb://USERNAME:PASSWORD@192.168.0.5/Share/Music/Sepultura/Chaos A.D/08 Nomad.mp3, fd=10001
2020-08-28 03:37:43.670 T:140323811342464   DEBUG: unrecognized ID3 frame detected: MCDI
2020-08-28 03:37:43.670 T:140323811342464   DEBUG: unrecognized ID3 frame detected: PRIV
2020-08-28 03:37:43.670 T:140323811342464   DEBUG: unrecognized ID3 frame detected: TLEN
2020-08-28 03:37:43.671 T:140323811342464   DEBUG: CSMBFile::Close closing fd 10002
2020-08-28 03:37:43.673 T:140323811342464   DEBUG: CPlayerGUIInfo::InitCurrentItem(musicdb://recentlyaddedalbums/1/8.mp3?albumid=1)
2020-08-28 03:37:43.674 T:140323306661632   DEBUG: UPnP: Building didl for object 'musicdb://recentlyaddedalbums/1/8.mp3?albumid=1'
2020-08-28 03:37:43.700 T:140322321241856   DEBUG: unrecognized ID3 frame detected: MCDI
2020-08-28 03:37:43.700 T:140322321241856   DEBUG: unrecognized ID3 frame detected: PRIV
2020-08-28 03:37:43.700 T:140322321241856   DEBUG: unrecognized ID3 frame detected: TLEN
2020-08-28 03:37:43.700 T:140322321241856   DEBUG: CSMBFile::Close closing fd 10001
2020-08-28 03:37:43.702 T:140322321241856   DEBUG: SeekTime - seek ended up on time 0
2020-08-28 03:37:43.723 T:140323225335552   DEBUG: Previous line repeats 1 times.
2020-08-28 03:37:43.723 T:140323225335552   DEBUG: CActiveAE::ClearDiscardedBuffers - buffer pool deleted
2020-08-28 03:37:43.774 T:140323811342464   DEBUG: ------ Window Init (DialogBusy.xml) ------
2020-08-28 03:37:43.778 T:140323811342464   ERROR: CBinaryAddonManager::GetInstalledAddonInfo: Requested addon '' unknown as binary
2020-08-28 03:37:43.796 T:140322321241856    INFO: AudioDecoder: File is queued
2020-08-28 03:37:43.797 T:140322321241856   DEBUG: AudioDecoder::GetReplayGain - Final Replaygain applied: 1.000000, Track/Album Gain 89.000000, Peak 1.000000
2020-08-28 03:37:43.798 T:140323225335552   DEBUG: CActiveAE::ClearDiscardedBuffers - buffer pool deleted
2020-08-28 03:37:43.824 T:140322321241856    INFO: PAPlayer::PrepareStream - Ready
2020-08-28 03:37:43.831 T:140321975412480   DEBUG: OnAVStarted: CApplication::OnAVStarted
2020-08-28 03:37:43.859 T:140323811342464   DEBUG: ------ Window Deinit (DialogBusy.xml) ------
2020-08-28 03:37:43.909 T:140321614722816   DEBUG: script.cu.lrclyrics: Current Song: Sepultura - Nomad
2020-08-28 03:37:43.909 T:140321614722816   DEBUG: script.cu.lrclyrics: searching memory for lyrics
2020-08-28 03:37:43.909 T:140321614722816   DEBUG: script.cu.lrclyrics: found lyrics in memory
2020-08-28 03:37:43.963 T:140321614722816   DEBUG: script.cu.lrclyrics: Next Song: Sepultura - We Who Are Not as Others
2020-08-28 03:37:43.963 T:140321614722816   DEBUG: script.cu.lrclyrics: searching memory for lyrics
2020-08-28 03:37:43.963 T:140321614722816   DEBUG: script.cu.lrclyrics: found lyrics in memory
2020-08-28 03:37:44.092 T:140323811342464   DEBUG: ProcessMouse: trying mouse action leftclick
2020-08-28 03:37:44.093 T:140323811342464   DEBUG: CPlayerCoreFactory::GetPlayers(smb://192.168.0.5/Share/Music/Sepultura/Chaos A.D/07 Biotech Is Godzilla.mp3)
2020-08-28 03:37:44.093 T:140323811342464   DEBUG: CPlayerSelectionRule::GetPlayers: considering rule: system rules
2020-08-28 03:37:44.093 T:140323811342464   DEBUG: CPlayerSelectionRule::GetPlayers: matches rule: system rules
2020-08-28 03:37:44.093 T:140323811342464   DEBUG: CPlayerSelectionRule::GetPlayers: considering rule: mms/udp
2020-08-28 03:37:44.093 T:140323811342464   DEBUG: CPlayerSelectionRule::GetPlayers: considering rule: lastfm/shout
2020-08-28 03:37:44.093 T:140323811342464   DEBUG: CPlayerSelectionRule::GetPlayers: considering rule: rtmp
2020-08-28 03:37:44.093 T:140323811342464   DEBUG: CPlayerSelectionRule::GetPlayers: considering rule: rtsp
2020-08-28 03:37:44.093 T:140323811342464   DEBUG: CPlayerSelectionRule::GetPlayers: considering rule: streams
2020-08-28 03:37:44.093 T:140323811342464   DEBUG: CPlayerSelectionRule::GetPlayers: considering rule: dvd
2020-08-28 03:37:44.093 T:140323811342464   DEBUG: CPlayerSelectionRule::GetPlayers: considering rule: dvdimage
2020-08-28 03:37:44.093 T:140323811342464   DEBUG: CPlayerSelectionRule::GetPlayers: considering rule: sdp/asf
2020-08-28 03:37:44.093 T:140323811342464   DEBUG: CPlayerSelectionRule::GetPlayers: considering rule: nsv
2020-08-28 03:37:44.093 T:140323811342464   DEBUG: CPlayerSelectionRule::GetPlayers: considering rule: radio
2020-08-28 03:37:44.093 T:140323811342464   DEBUG: CPlayerCoreFactory::GetPlayers: matched 0 rules with players
2020-08-28 03:37:44.093 T:140323811342464   DEBUG: CPlayerCoreFactory::GetPlayers: adding audiodefaultplayer (PAPlayer)
2020-08-28 03:37:44.093 T:140323811342464   DEBUG: CPlayerCoreFactory::GetPlayers: for video=0, audio=1
2020-08-28 03:37:44.093 T:140323811342464   DEBUG: CPlayerCoreFactory::GetPlayers: for video=1, audio=1
2020-08-28 03:37:44.093 T:140323811342464   DEBUG: CPlayerCoreFactory::GetPlayers: adding player: VideoPlayer
2020-08-28 03:37:44.093 T:140323811342464   DEBUG: CPlayerCoreFactory::GetPlayers: added 2 players
2020-08-28 03:37:44.131 T:140321975412480   DEBUG: CSMBFile::Close closing fd 10000
2020-08-28 03:37:44.174 T:140323225335552   DEBUG: CActiveAE::DiscardStream - audio stream deleted
2020-08-28 03:37:44.174 T:140322334316288   DEBUG: DoWork - Saving file state for audio item musicdb://recentlyaddedalbums/1/8.mp3?albumid=1
2020-08-28 03:37:44.174 T:140323225335552   DEBUG: CActiveAE::ClearDiscardedBuffers - buffer pool deleted
2020-08-28 03:37:44.174 T:140321975412480   DEBUG: Previous line repeats 1 times.
2020-08-28 03:37:44.174 T:140321975412480   DEBUG: OnPlayBackStopped: CApplication::OnPlayBackStopped
2020-08-28 03:37:44.174 T:140321975412480   DEBUG: Thread PAPlayer 140321975412480 terminating
2020-08-28 03:37:44.177 T:140323811342464   DEBUG: FreeVisualisation() started
2020-08-28 03:37:44.177 T:140323811342464   DEBUG: FreeVisualisation() done
2020-08-28 03:37:44.184 T:140323811342464   DEBUG: OnPlayBackStarted: CApplication::OnPlayBackStarted
2020-08-28 03:37:44.184 T:140321975412480   DEBUG: Thread PAPlayer start, auto delete: false
2020-08-28 03:37:44.184 T:140321975412480   DEBUG: PAPlayer::Process - Playback started
2020-08-28 03:37:44.184 T:140323811342464   DEBUG: CMusicGUIInfo::InitCurrentItem(musicdb://recentlyaddedalbums/1/7.mp3?albumid=1)
2020-08-28 03:37:44.189 T:140322321241856   DEBUG: CSMBFile::Open - opened smb://USERNAME:PASSWORD@192.168.0.5/Share/Music/Sepultura/Chaos A.D/07 Biotech Is Godzilla.mp3, fd=10000
2020-08-28 03:37:44.192 T:140323811342464   DEBUG: GetArtist(SELECT idArtist, strArtist, strSortName, strMusicBrainzArtistID, strType, strGender, strDisambiguation, strBorn, strFormed, strGenres,strMoods, strStyles, strInstruments, strBiography, strDied, strDisbanded, strYearsActive, strImage, strFanart, bScrapedMBID, lastScraped, '' AS dateAdded FROM artist WHERE idArtist = 2) - took 0 ms
2020-08-28 03:37:44.192 T:140323811342464   DEBUG: SELECT albumview.*,albumartistview.*  FROM albumview  JOIN albumartistview ON albumview.idAlbum = albumartistview.idAlbum  WHERE albumview.idAlbum = 1  ORDER BY albumartistview.iOrder
2020-08-28 03:37:44.193 T:140323811342464   DEBUG: Loading additional tag info for file smb://192.168.0.5/Share/Music/Sepultura/Chaos A.D/07 Biotech Is Godzilla.mp3
2020-08-28 03:37:44.199 T:140323811342464   DEBUG: CSMBFile::Open - opened smb://USERNAME:PASSWORD@192.168.0.5/Share/Music/Sepultura/Chaos A.D/07 Biotech Is Godzilla.mp3, fd=10001
2020-08-28 03:37:44.219 T:140322321241856   DEBUG: Open - probing detected format [mp3]
2020-08-28 03:37:44.219 T:140322321241856   DEBUG: Open - setting usetoc to 0 for accurate VBR MP3 seek
2020-08-28 03:37:44.220 T:140322321241856   DEBUG: Open - avformat_find_stream_info starting
2020-08-28 03:37:44.220 T:140322321241856   DEBUG: ffmpeg[7F9F561C9700]: [mp3] Estimating duration from bitrate, this may be inaccurate
2020-08-28 03:37:44.220 T:140322321241856   DEBUG: Open - av_find_stream_info finished
2020-08-28 03:37:44.220 T:140322321241856   DEBUG: CDVDDemuxFFmpeg::AddStream ID: 0
2020-08-28 03:37:44.221 T:140322321241856  NOTICE: CDVDAudioCodecFFmpeg::Open() Successful opened audio decoder mp3float
2020-08-28 03:37:44.241 T:140322321241856   DEBUG: CSMBFile::Open - opened smb://USERNAME:PASSWORD@192.168.0.5/Share/Music/Sepultura/Chaos A.D/07 Biotech Is Godzilla.mp3, fd=10002
2020-08-28 03:37:44.291 T:140323811342464   DEBUG: unrecognized ID3 frame detected: MCDI
2020-08-28 03:37:44.291 T:140323811342464   DEBUG: unrecognized ID3 frame detected: PRIV
2020-08-28 03:37:44.291 T:140323811342464   DEBUG: unrecognized ID3 frame detected: TLEN
2020-08-28 03:37:44.291 T:140323811342464   DEBUG: CSMBFile::Close closing fd 10001
2020-08-28 03:37:44.295 T:140323811342464   DEBUG: CPlayerGUIInfo::InitCurrentItem(musicdb://recentlyaddedalbums/1/7.mp3?albumid=1)
2020-08-28 03:37:44.295 T:140323306661632   DEBUG: UPnP: Building didl for object 'musicdb://recentlyaddedalbums/1/7.mp3?albumid=1'
2020-08-28 03:37:44.322 T:140322321241856   DEBUG: unrecognized ID3 frame detected: MCDI
2020-08-28 03:37:44.322 T:140322321241856   DEBUG: unrecognized ID3 frame detected: PRIV
2020-08-28 03:37:44.322 T:140322321241856   DEBUG: unrecognized ID3 frame detected: TLEN
2020-08-28 03:37:44.322 T:140322321241856   DEBUG: CSMBFile::Close closing fd 10002
2020-08-28 03:37:44.324 T:140322321241856   DEBUG: SeekTime - seek ended up on time 0
2020-08-28 03:37:44.334 T:140323225335552   DEBUG: Previous line repeats 1 times.
2020-08-28 03:37:44.334 T:140323225335552   DEBUG: CActiveAE::ClearDiscardedBuffers - buffer pool deleted
2020-08-28 03:37:44.395 T:140323811342464   DEBUG: ------ Window Init (DialogBusy.xml) ------
2020-08-28 03:37:44.399 T:140323811342464   ERROR: CBinaryAddonManager::GetInstalledAddonInfo: Requested addon '' unknown as binary
2020-08-28 03:37:44.418 T:140322321241856    INFO: AudioDecoder: File is queued
2020-08-28 03:37:44.420 T:140323225335552   DEBUG: CActiveAE::ClearDiscardedBuffers - buffer pool deleted
2020-08-28 03:37:44.420 T:140322321241856   DEBUG: AudioDecoder::GetReplayGain - Final Replaygain applied: 1.000000, Track/Album Gain 89.000000, Peak 1.000000
2020-08-28 03:37:44.443 T:140322321241856    INFO: PAPlayer::PrepareStream - Ready
2020-08-28 03:37:44.447 T:140321975412480   DEBUG: OnAVStarted: CApplication::OnAVStarted
2020-08-28 03:37:44.468 T:140323811342464   DEBUG: ------ Window Deinit (DialogBusy.xml) ------
2020-08-28 03:37:44.509 T:140323811342464   DEBUG: ProcessMouse: trying mouse action leftclick
2020-08-28 03:37:44.509 T:140323811342464   DEBUG: CPlayerCoreFactory::GetPlayers(smb://192.168.0.5/Share/Music/Sepultura/Chaos A.D/06 Propaganda.mp3)
2020-08-28 03:37:44.509 T:140323811342464   DEBUG: CPlayerSelectionRule::GetPlayers: considering rule: system rules
2020-08-28 03:37:44.509 T:140323811342464   DEBUG: CPlayerSelectionRule::GetPlayers: matches rule: system rules
2020-08-28 03:37:44.509 T:140323811342464   DEBUG: CPlayerSelectionRule::GetPlayers: considering rule: mms/udp
2020-08-28 03:37:44.509 T:140323811342464   DEBUG: CPlayerSelectionRule::GetPlayers: considering rule: lastfm/shout
2020-08-28 03:37:44.509 T:140323811342464   DEBUG: CPlayerSelectionRule::GetPlayers: considering rule: rtmp
2020-08-28 03:37:44.509 T:140323811342464   DEBUG: CPlayerSelectionRule::GetPlayers: considering rule: rtsp
2020-08-28 03:37:44.509 T:140323811342464   DEBUG: CPlayerSelectionRule::GetPlayers: considering rule: streams
2020-08-28 03:37:44.509 T:140323811342464   DEBUG: CPlayerSelectionRule::GetPlayers: considering rule: dvd
2020-08-28 03:37:44.509 T:140323811342464   DEBUG: CPlayerSelectionRule::GetPlayers: considering rule: dvdimage
2020-08-28 03:37:44.509 T:140323811342464   DEBUG: CPlayerSelectionRule::GetPlayers: considering rule: sdp/asf
2020-08-28 03:37:44.509 T:140323811342464   DEBUG: CPlayerSelectionRule::GetPlayers: considering rule: nsv
2020-08-28 03:37:44.509 T:140323811342464   DEBUG: CPlayerSelectionRule::GetPlayers: considering rule: radio
2020-08-28 03:37:44.509 T:140323811342464   DEBUG: CPlayerCoreFactory::GetPlayers: matched 0 rules with players
2020-08-28 03:37:44.509 T:140323811342464   DEBUG: CPlayerCoreFactory::GetPlayers: adding audiodefaultplayer (PAPlayer)
2020-08-28 03:37:44.509 T:140323811342464   DEBUG: CPlayerCoreFactory::GetPlayers: for video=0, audio=1
2020-08-28 03:37:44.510 T:140323811342464   DEBUG: CPlayerCoreFactory::GetPlayers: for video=1, audio=1
2020-08-28 03:37:44.510 T:140323811342464   DEBUG: CPlayerCoreFactory::GetPlayers: adding player: VideoPlayer
2020-08-28 03:37:44.510 T:140323811342464   DEBUG: CPlayerCoreFactory::GetPlayers: added 2 players
2020-08-28 03:37:44.572 T:140321975412480   DEBUG: CSMBFile::Close closing fd 10000
2020-08-28 03:37:44.590 T:140323225335552   DEBUG: CActiveAE::DiscardStream - audio stream deleted
2020-08-28 03:37:44.590 T:140322312849152   DEBUG: DoWork - Saving file state for audio item musicdb://recentlyaddedalbums/1/7.mp3?albumid=1
2020-08-28 03:37:44.590 T:140323225335552   DEBUG: CActiveAE::ClearDiscardedBuffers - buffer pool deleted
2020-08-28 03:37:44.594 T:140321975412480   DEBUG: Previous line repeats 1 times.
2020-08-28 03:37:44.594 T:140321975412480   DEBUG: OnPlayBackStopped: CApplication::OnPlayBackStopped
2020-08-28 03:37:44.594 T:140321975412480   DEBUG: Thread PAPlayer 140321975412480 terminating
2020-08-28 03:37:44.595 T:140321614722816   DEBUG: script.cu.lrclyrics: Current Song: Sepultura - Biotech Is Godzilla
2020-08-28 03:37:44.595 T:140321614722816   DEBUG: script.cu.lrclyrics: searching memory for lyrics
2020-08-28 03:37:44.595 T:140321614722816   DEBUG: script.cu.lrclyrics: found lyrics in memory
2020-08-28 03:37:44.597 T:140323811342464   DEBUG: FreeVisualisation() started
2020-08-28 03:37:44.597 T:140323811342464   DEBUG: FreeVisualisation() done
2020-08-28 03:37:44.603 T:140323811342464   DEBUG: OnPlayBackStarted: CApplication::OnPlayBackStarted
2020-08-28 03:37:44.603 T:140321975412480   DEBUG: Thread PAPlayer start, auto delete: false
2020-08-28 03:37:44.603 T:140321975412480   DEBUG: PAPlayer::Process - Playback started
2020-08-28 03:37:44.604 T:140323811342464   DEBUG: CMusicGUIInfo::InitCurrentItem(musicdb://recentlyaddedalbums/1/6.mp3?albumid=1)
2020-08-28 03:37:44.609 T:140322321241856   DEBUG: CSMBFile::Open - opened smb://USERNAME:PASSWORD@192.168.0.5/Share/Music/Sepultura/Chaos A.D/06 Propaganda.mp3, fd=10000
2020-08-28 03:37:44.609 T:140323811342464   DEBUG: GetArtist(SELECT idArtist, strArtist, strSortName, strMusicBrainzArtistID, strType, strGender, strDisambiguation, strBorn, strFormed, strGenres,strMoods, strStyles, strInstruments, strBiography, strDied, strDisbanded, strYearsActive, strImage, strFanart, bScrapedMBID, lastScraped, '' AS dateAdded FROM artist WHERE idArtist = 2) - took 0 ms
2020-08-28 03:37:44.609 T:140323811342464   DEBUG: SELECT albumview.*,albumartistview.*  FROM albumview  JOIN albumartistview ON albumview.idAlbum = albumartistview.idAlbum  WHERE albumview.idAlbum = 1  ORDER BY albumartistview.iOrder
2020-08-28 03:37:44.611 T:140323811342464   DEBUG: Loading additional tag info for file smb://192.168.0.5/Share/Music/Sepultura/Chaos A.D/06 Propaganda.mp3
2020-08-28 03:37:44.629 T:140322321241856   DEBUG: Open - probing detected format [mp3]
2020-08-28 03:37:44.629 T:140322321241856   DEBUG: Open - setting usetoc to 0 for accurate VBR MP3 seek
2020-08-28 03:37:44.629 T:140322321241856   DEBUG: Open - avformat_find_stream_info starting
2020-08-28 03:37:44.630 T:140322321241856   DEBUG: ffmpeg[7F9F561C9700]: [mp3] Estimating duration from bitrate, this may be inaccurate
2020-08-28 03:37:44.630 T:140322321241856   DEBUG: Open - av_find_stream_info finished
2020-08-28 03:37:44.630 T:140322321241856   DEBUG: CDVDDemuxFFmpeg::AddStream ID: 0
2020-08-28 03:37:44.630 T:140322321241856  NOTICE: CDVDAudioCodecFFmpeg::Open() Successful opened audio decoder mp3float
2020-08-28 03:37:44.630 T:140323811342464   DEBUG: CSMBFile::Open - opened smb://USERNAME:PASSWORD@192.168.0.5/Share/Music/Sepultura/Chaos A.D/06 Propaganda.mp3, fd=10002
2020-08-28 03:37:44.652 T:140322321241856   DEBUG: CSMBFile::Open - opened smb://USERNAME:PASSWORD@192.168.0.5/Share/Music/Sepultura/Chaos A.D/06 Propaganda.mp3, fd=10001
2020-08-28 03:37:44.706 T:140323811342464   DEBUG: unrecognized ID3 frame detected: MCDI
2020-08-28 03:37:44.706 T:140323811342464   DEBUG: unrecognized ID3 frame detected: PRIV
2020-08-28 03:37:44.706 T:140323811342464   DEBUG: unrecognized ID3 frame detected: TLEN
2020-08-28 03:37:44.706 T:140323811342464   DEBUG: CSMBFile::Close closing fd 10002
2020-08-28 03:37:44.724 T:140323811342464   DEBUG: CPlayerGUIInfo::InitCurrentItem(musicdb://recentlyaddedalbums/1/6.mp3?albumid=1)
2020-08-28 03:37:44.724 T:140323306661632   DEBUG: UPnP: Building didl for object 'musicdb://recentlyaddedalbums/1/6.mp3?albumid=1'
2020-08-28 03:37:44.727 T:140322321241856   DEBUG: unrecognized ID3 frame detected: MCDI
2020-08-28 03:37:44.728 T:140322321241856   DEBUG: unrecognized ID3 frame detected: PRIV
2020-08-28 03:37:44.728 T:140322321241856   DEBUG: unrecognized ID3 frame detected: TLEN
2020-08-28 03:37:44.728 T:140322321241856   DEBUG: CSMBFile::Close closing fd 10001
2020-08-28 03:37:44.730 T:140322321241856   DEBUG: SeekTime - seek ended up on time 0
2020-08-28 03:37:44.778 T:140323225335552   DEBUG: Previous line repeats 1 times.
2020-08-28 03:37:44.778 T:140323225335552   DEBUG: CActiveAE::ClearDiscardedBuffers - buffer pool deleted
2020-08-28 03:37:44.824 T:140323811342464   DEBUG: ------ Window Init (DialogBusy.xml) ------
2020-08-28 03:37:44.826 T:140322321241856    INFO: AudioDecoder: File is queued
2020-08-28 03:37:44.827 T:140322321241856   DEBUG: AudioDecoder::GetReplayGain - Final Replaygain applied: 1.000000, Track/Album Gain 89.000000, Peak 1.000000
2020-08-28 03:37:44.827 T:140323225335552   DEBUG: CActiveAE::ClearDiscardedBuffers - buffer pool deleted
2020-08-28 03:37:44.829 T:140323811342464   ERROR: CBinaryAddonManager::GetInstalledAddonInfo: Requested addon '' unknown as binary
2020-08-28 03:37:44.832 T:140321614722816   DEBUG: script.cu.lrclyrics: Next Song: Sepultura - Biotech Is Godzilla
2020-08-28 03:37:44.832 T:140321614722816   DEBUG: script.cu.lrclyrics: searching memory for lyrics
2020-08-28 03:37:44.832 T:140321614722816   DEBUG: script.cu.lrclyrics: found lyrics in memory
2020-08-28 03:37:44.839 T:140323811342464   DEBUG: ProcessMouse: trying mouse action doubleclick
2020-08-28 03:37:44.839 T:140323811342464   DEBUG: ProcessMouse: trying mouse action leftclick
2020-08-28 03:37:44.851 T:140322321241856    INFO: PAPlayer::PrepareStream - Ready
2020-08-28 03:37:44.856 T:140321975412480   DEBUG: OnAVStarted: CApplication::OnAVStarted
2020-08-28 03:37:44.874 T:140323811342464   DEBUG: ------ Window Deinit (DialogBusy.xml) ------
2020-08-28 03:37:44.976 T:140321614722816   DEBUG: script.cu.lrclyrics: Current Song: Sepultura - Propaganda
2020-08-28 03:37:44.976 T:140321614722816   DEBUG: script.cu.lrclyrics: searching memory for lyrics
2020-08-28 03:37:45.008 T:140321614722816   DEBUG: script.cu.lrclyrics: searching for embedded lrc lyrics
2020-08-28 03:37:45.013 T:140321614722816   DEBUG: CSMBFile::Open - opened smb://USERNAME:PASSWORD@192.168.0.5/Share/Music/Sepultura/Chaos A.D/06 Propaganda.mp3, fd=10001
2020-08-28 03:37:45.025 T:140323811342464   DEBUG: ProcessMouse: trying mouse action doubleclick
2020-08-28 03:37:45.035 T:140321614722816   DEBUG: CSMBFile::Close closing fd 10001
2020-08-28 03:37:45.040 T:140321614722816   DEBUG: CSMBFile::Open - opened smb://USERNAME:PASSWORD@192.168.0.5/Share/Music/Sepultura/Chaos A.D/06 Propaganda.mp3, fd=10001
2020-08-28 03:37:45.060 T:140321614722816   DEBUG: CSMBFile::Close closing fd 10001
2020-08-28 03:37:45.060 T:140323811342464   DEBUG: ------ Window Deinit (Pointer.xml) ------
2020-08-28 03:37:45.065 T:140321614722816   DEBUG: CSMBFile::Open - opened smb://USERNAME:PASSWORD@192.168.0.5/Share/Music/Sepultura/Chaos A.D/06 Propaganda.mp3, fd=10001
2020-08-28 03:37:45.072 T:140321614722816   DEBUG: CSMBFile::Close closing fd 10001
2020-08-28 03:37:45.076 T:140321614722816   DEBUG: script.cu.lrclyrics: searching files for lyrics
2020-08-28 03:37:45.092 T:140321614722816   DEBUG: script.cu.lrclyrics: MiniLyrics: searching lyrics for Sepultura - Propaganda
2020-08-28 03:37:45.291 T:140323811342464   DEBUG: ProcessMouse: trying mouse action leftclick
2020-08-28 03:37:45.291 T:140323811342464   DEBUG: CPlayerCoreFactory::GetPlayers(smb://192.168.0.5/Share/Music/Sepultura/Chaos A.D/05 Kaiowas.mp3)
2020-08-28 03:37:45.291 T:140323811342464   DEBUG: CPlayerSelectionRule::GetPlayers: considering rule: system rules
2020-08-28 03:37:45.291 T:140323811342464   DEBUG: CPlayerSelectionRule::GetPlayers: matches rule: system rules
2020-08-28 03:37:45.291 T:140323811342464   DEBUG: CPlayerSelectionRule::GetPlayers: considering rule: mms/udp
2020-08-28 03:37:45.291 T:140323811342464   DEBUG: CPlayerSelectionRule::GetPlayers: considering rule: lastfm/shout
2020-08-28 03:37:45.291 T:140323811342464   DEBUG: CPlayerSelectionRule::GetPlayers: considering rule: rtmp
2020-08-28 03:37:45.291 T:140323811342464   DEBUG: CPlayerSelectionRule::GetPlayers: considering rule: rtsp
2020-08-28 03:37:45.291 T:140323811342464   DEBUG: CPlayerSelectionRule::GetPlayers: considering rule: streams
2020-08-28 03:37:45.291 T:140323811342464   DEBUG: CPlayerSelectionRule::GetPlayers: considering rule: dvd
2020-08-28 03:37:45.291 T:140323811342464   DEBUG: CPlayerSelectionRule::GetPlayers: considering rule: dvdimage
2020-08-28 03:37:45.291 T:140323811342464   DEBUG: CPlayerSelectionRule::GetPlayers: considering rule: sdp/asf
2020-08-28 03:37:45.291 T:140323811342464   DEBUG: CPlayerSelectionRule::GetPlayers: considering rule: nsv
2020-08-28 03:37:45.291 T:140323811342464   DEBUG: CPlayerSelectionRule::GetPlayers: considering rule: radio
2020-08-28 03:37:45.291 T:140323811342464   DEBUG: CPlayerCoreFactory::GetPlayers: matched 0 rules with players
2020-08-28 03:37:45.291 T:140323811342464   DEBUG: CPlayerCoreFactory::GetPlayers: adding audiodefaultplayer (PAPlayer)
2020-08-28 03:37:45.291 T:140323811342464   DEBUG: CPlayerCoreFactory::GetPlayers: for video=0, audio=1
2020-08-28 03:37:45.291 T:140323811342464   DEBUG: CPlayerCoreFactory::GetPlayers: for video=1, audio=1
2020-08-28 03:37:45.291 T:140323811342464   DEBUG: CPlayerCoreFactory::GetPlayers: adding player: VideoPlayer
2020-08-28 03:37:45.292 T:140323811342464   DEBUG: CPlayerCoreFactory::GetPlayers: added 2 players
2020-08-28 03:37:45.374 T:140323225335552   DEBUG: CActiveAE::DiscardStream - audio stream deleted
2020-08-28 03:37:45.374 T:140323225335552   DEBUG: CActiveAE::ClearDiscardedBuffers - buffer pool deleted
2020-08-28 03:37:45.374 T:140322312849152   DEBUG: DoWork - Saving file state for audio item musicdb://recentlyaddedalbums/1/6.mp3?albumid=1
2020-08-28 03:37:45.374 T:140323225335552   DEBUG: CActiveAE::ClearDiscardedBuffers - buffer pool deleted
2020-08-28 03:37:45.375 T:140323811342464   DEBUG: CSMBFile::Close closing fd 10000
2020-08-28 03:37:45.382 T:140321975412480   DEBUG: OnPlayBackStopped: CApplication::OnPlayBackStopped
2020-08-28 03:37:45.382 T:140321975412480   DEBUG: Thread PAPlayer 140321975412480 terminating
2020-08-28 03:37:45.383 T:140321614722816   DEBUG: script.cu.lrclyrics: TTPlayer: searching lyrics for Sepultura - Propaganda
2020-08-28 03:37:45.385 T:140323811342464   DEBUG: FreeVisualisation() started
2020-08-28 03:37:45.385 T:140323811342464   DEBUG: FreeVisualisation() done
2020-08-28 03:37:45.386 T:140323811342464   DEBUG: ------ Window Init (Pointer.xml) ------
2020-08-28 03:37:45.392 T:140323811342464   DEBUG: OnPlayBackStarted: CApplication::OnPlayBackStarted
2020-08-28 03:37:45.392 T:140321975412480   DEBUG: Thread PAPlayer start, auto delete: false
2020-08-28 03:37:45.392 T:140321975412480   DEBUG: PAPlayer::Process - Playback started
2020-08-28 03:37:45.392 T:140323811342464   DEBUG: CMusicGUIInfo::InitCurrentItem(musicdb://recentlyaddedalbums/1/5.mp3?albumid=1)
2020-08-28 03:37:45.396 T:140322312849152   DEBUG: CSMBFile::Open - opened smb://USERNAME:PASSWORD@192.168.0.5/Share/Music/Sepultura/Chaos A.D/05 Kaiowas.mp3, fd=10000
2020-08-28 03:37:45.397 T:140323811342464   DEBUG: GetArtist(SELECT idArtist, strArtist, strSortName, strMusicBrainzArtistID, strType, strGender, strDisambiguation, strBorn, strFormed, strGenres,strMoods, strStyles, strInstruments, strBiography, strDied, strDisbanded, strYearsActive, strImage, strFanart, bScrapedMBID, lastScraped, '' AS dateAdded FROM artist WHERE idArtist = 2) - took 0 ms
2020-08-28 03:37:45.397 T:140323811342464   DEBUG: SELECT albumview.*,albumartistview.*  FROM albumview  JOIN albumartistview ON albumview.idAlbum = albumartistview.idAlbum  WHERE albumview.idAlbum = 1  ORDER BY albumartistview.iOrder
2020-08-28 03:37:45.398 T:140323811342464   DEBUG: Loading additional tag info for file smb://192.168.0.5/Share/Music/Sepultura/Chaos A.D/05 Kaiowas.mp3
2020-08-28 03:37:45.406 T:140323811342464   DEBUG: CSMBFile::Open - opened smb://USERNAME:PASSWORD@192.168.0.5/Share/Music/Sepultura/Chaos A.D/05 Kaiowas.mp3, fd=10001
2020-08-28 03:37:45.424 T:140322312849152   DEBUG: Open - probing detected format [mp3]
2020-08-28 03:37:45.424 T:140322312849152   DEBUG: Open - setting usetoc to 0 for accurate VBR MP3 seek
2020-08-28 03:37:45.425 T:140322312849152   DEBUG: Open - avformat_find_stream_info starting
2020-08-28 03:37:45.425 T:140322312849152   DEBUG: ffmpeg[7F9F559C8700]: [mp3] Estimating duration from bitrate, this may be inaccurate
2020-08-28 03:37:45.425 T:140322312849152   DEBUG: Open - av_find_stream_info finished
2020-08-28 03:37:45.425 T:140322312849152   DEBUG: CDVDDemuxFFmpeg::AddStream ID: 0
2020-08-28 03:37:45.425 T:140322312849152  NOTICE: CDVDAudioCodecFFmpeg::Open() Successful opened audio decoder mp3float
2020-08-28 03:37:45.447 T:140322312849152   DEBUG: CSMBFile::Open - opened smb://USERNAME:PASSWORD@192.168.0.5/Share/Music/Sepultura/Chaos A.D/05 Kaiowas.mp3, fd=10002
2020-08-28 03:37:45.502 T:140323811342464   DEBUG: unrecognized ID3 frame detected: MCDI
2020-08-28 03:37:45.502 T:140323811342464   DEBUG: unrecognized ID3 frame detected: PRIV
2020-08-28 03:37:45.502 T:140323811342464   DEBUG: unrecognized ID3 frame detected: TLEN
2020-08-28 03:37:45.502 T:140323811342464   DEBUG: CSMBFile::Close closing fd 10001
2020-08-28 03:37:45.509 T:140323811342464   DEBUG: CPlayerGUIInfo::InitCurrentItem(musicdb://recentlyaddedalbums/1/5.mp3?albumid=1)
2020-08-28 03:37:45.509 T:140323306661632   DEBUG: UPnP: Building didl for object 'musicdb://recentlyaddedalbums/1/5.mp3?albumid=1'
2020-08-28 03:37:45.532 T:140322312849152   DEBUG: unrecognized ID3 frame detected: MCDI
2020-08-28 03:37:45.532 T:140322312849152   DEBUG: unrecognized ID3 frame detected: PRIV
2020-08-28 03:37:45.532 T:140322312849152   DEBUG: unrecognized ID3 frame detected: TLEN
2020-08-28 03:37:45.532 T:140322312849152   DEBUG: CSMBFile::Close closing fd 10002
2020-08-28 03:37:45.534 T:140322312849152   DEBUG: SeekTime - seek ended up on time 0
2020-08-28 03:37:45.580 T:140323225335552   DEBUG: Previous line repeats 1 times.
2020-08-28 03:37:45.580 T:140323225335552   DEBUG: CActiveAE::ClearDiscardedBuffers - buffer pool deleted
2020-08-28 03:37:45.609 T:140323811342464   DEBUG: ------ Window Init (DialogBusy.xml) ------
2020-08-28 03:37:45.611 T:140323811342464   ERROR: CBinaryAddonManager::GetInstalledAddonInfo: Requested addon '' unknown as binary
2020-08-28 03:37:45.619 T:140323811342464   DEBUG: ProcessMouse: trying mouse action doubleclick
2020-08-28 03:37:45.628 T:140322312849152    INFO: AudioDecoder: File is queued
2020-08-28 03:37:45.629 T:140322312849152   DEBUG: AudioDecoder::GetReplayGain - Final Replaygain applied: 1.000000, Track/Album Gain 89.000000, Peak 1.000000
2020-08-28 03:37:45.629 T:140323225335552   DEBUG: CActiveAE::ClearDiscardedBuffers - buffer pool deleted
2020-08-28 03:37:45.632 T:140323811342464   DEBUG: ------ Window Deinit (/home/jakermx/.kodi/addons/script.cu.lrclyrics/resources/skins/Default/1080i/script-cu-lrclyrics-main.xml) ------
2020-08-28 03:37:45.641 T:140323811342464   DEBUG: [Warning] CGUITextureManager::GetTexturePath: could not find texture '-'
2020-08-28 03:37:45.659 T:140322312849152   DEBUG: Previous line repeats 2 times.
2020-08-28 03:37:45.659 T:140322312849152    INFO: PAPlayer::PrepareStream - Ready
2020-08-28 03:37:45.659 T:140323811342464   DEBUG: ------ Window Deinit (Pointer.xml) ------
2020-08-28 03:37:45.665 T:140321975412480   DEBUG: OnAVStarted: CApplication::OnAVStarted
2020-08-28 03:37:45.690 T:140323811342464   DEBUG: ------ Window Deinit (DialogBusy.xml) ------
2020-08-28 03:37:45.840 T:140323811342464   DEBUG: ProcessMouse: trying mouse action leftclick
2020-08-28 03:37:45.841 T:140323811342464   DEBUG: CPlayerCoreFactory::GetPlayers(smb://192.168.0.5/Share/Music/Sepultura/Chaos A.D/04 Amen.mp3)
2020-08-28 03:37:45.841 T:140323811342464   DEBUG: CPlayerSelectionRule::GetPlayers: considering rule: system rules
2020-08-28 03:37:45.841 T:140323811342464   DEBUG: CPlayerSelectionRule::GetPlayers: matches rule: system rules
2020-08-28 03:37:45.841 T:140323811342464   DEBUG: CPlayerSelectionRule::GetPlayers: considering rule: mms/udp
2020-08-28 03:37:45.841 T:140323811342464   DEBUG: CPlayerSelectionRule::GetPlayers: considering rule: lastfm/shout
2020-08-28 03:37:45.841 T:140323811342464   DEBUG: CPlayerSelectionRule::GetPlayers: considering rule: rtmp
2020-08-28 03:37:45.841 T:140323811342464   DEBUG: CPlayerSelectionRule::GetPlayers: considering rule: rtsp
2020-08-28 03:37:45.841 T:140323811342464   DEBUG: CPlayerSelectionRule::GetPlayers: considering rule: streams
2020-08-28 03:37:45.841 T:140323811342464   DEBUG: CPlayerSelectionRule::GetPlayers: considering rule: dvd
2020-08-28 03:37:45.841 T:140323811342464   DEBUG: CPlayerSelectionRule::GetPlayers: considering rule: dvdimage
2020-08-28 03:37:45.841 T:140323811342464   DEBUG: CPlayerSelectionRule::GetPlayers: considering rule: sdp/asf
2020-08-28 03:37:45.841 T:140323811342464   DEBUG: CPlayerSelectionRule::GetPlayers: considering rule: nsv
2020-08-28 03:37:45.841 T:140323811342464   DEBUG: CPlayerSelectionRule::GetPlayers: considering rule: radio
2020-08-28 03:37:45.842 T:140323811342464   DEBUG: CPlayerCoreFactory::GetPlayers: matched 0 rules with players
2020-08-28 03:37:45.842 T:140323811342464   DEBUG: CPlayerCoreFactory::GetPlayers: adding audiodefaultplayer (PAPlayer)
2020-08-28 03:37:45.842 T:140323811342464   DEBUG: CPlayerCoreFactory::GetPlayers: for video=0, audio=1
2020-08-28 03:37:45.842 T:140323811342464   DEBUG: CPlayerCoreFactory::GetPlayers: for video=1, audio=1
2020-08-28 03:37:45.842 T:140323811342464   DEBUG: CPlayerCoreFactory::GetPlayers: adding player: VideoPlayer
2020-08-28 03:37:45.842 T:140323811342464   DEBUG: CPlayerCoreFactory::GetPlayers: added 2 players
2020-08-28 03:37:45.939 T:140323225335552   DEBUG: CActiveAE::DiscardStream - audio stream deleted
2020-08-28 03:37:45.939 T:140323225335552   DEBUG: CActiveAE::ClearDiscardedBuffers - buffer pool deleted
2020-08-28 03:37:45.939 T:140322312849152   DEBUG: Previous line repeats 1 times.
2020-08-28 03:37:45.940 T:140322312849152   DEBUG: DoWork - Saving file state for audio item musicdb://recentlyaddedalbums/1/5.mp3?albumid=1
2020-08-28 03:37:45.940 T:140323811342464   DEBUG: CSMBFile::Close closing fd 10000
2020-08-28 03:37:45.946 T:140321975412480   DEBUG: OnPlayBackStopped: CApplication::OnPlayBackStopped
2020-08-28 03:37:45.946 T:140321975412480   DEBUG: Thread PAPlayer 140321975412480 terminating
2020-08-28 03:37:45.946 T:140323811342464   DEBUG: FreeVisualisation() started
2020-08-28 03:37:45.946 T:140323811342464   DEBUG: FreeVisualisation() done
2020-08-28 03:37:45.947 T:140323811342464   DEBUG: ------ Window Init (Pointer.xml) ------
2020-08-28 03:37:45.952 T:140323811342464   DEBUG: OnPlayBackStarted: CApplication::OnPlayBackStarted
2020-08-28 03:37:45.952 T:140321975412480   DEBUG: Thread PAPlayer start, auto delete: false
2020-08-28 03:37:45.952 T:140321975412480   DEBUG: PAPlayer::Process - Playback started
2020-08-28 03:37:45.952 T:140323811342464   DEBUG: CMusicGUIInfo::InitCurrentItem(musicdb://recentlyaddedalbums/1/4.mp3?albumid=1)
2020-08-28 03:37:45.957 T:140322312849152   DEBUG: CSMBFile::Open - opened smb://USERNAME:PASSWORD@192.168.0.5/Share/Music/Sepultura/Chaos A.D/04 Amen.mp3, fd=10000
2020-08-28 03:37:45.960 T:140323811342464   DEBUG: GetArtist(SELECT idArtist, strArtist, strSortName, strMusicBrainzArtistID, strType, strGender, strDisambiguation, strBorn, strFormed, strGenres,strMoods, strStyles, strInstruments, strBiography, strDied, strDisbanded, strYearsActive, strImage, strFanart, bScrapedMBID, lastScraped, '' AS dateAdded FROM artist WHERE idArtist = 2) - took 0 ms
2020-08-28 03:37:45.960 T:140323811342464   DEBUG: SELECT albumview.*,albumartistview.*  FROM albumview  JOIN albumartistview ON albumview.idAlbum = albumartistview.idAlbum  WHERE albumview.idAlbum = 1  ORDER BY albumartistview.iOrder
2020-08-28 03:37:45.961 T:140323811342464   DEBUG: Loading additional tag info for file smb://192.168.0.5/Share/Music/Sepultura/Chaos A.D/04 Amen.mp3
2020-08-28 03:37:45.980 T:140322312849152   DEBUG: Open - probing detected format [mp3]
2020-08-28 03:37:45.980 T:140322312849152   DEBUG: Open - setting usetoc to 0 for accurate VBR MP3 seek
2020-08-28 03:37:45.980 T:140322312849152   DEBUG: Open - avformat_find_stream_info starting
2020-08-28 03:37:45.981 T:140322312849152   DEBUG: ffmpeg[7F9F559C8700]: [mp3] Estimating duration from bitrate, this may be inaccurate
2020-08-28 03:37:45.981 T:140322312849152   DEBUG: Open - av_find_stream_info finished
2020-08-28 03:37:45.981 T:140322312849152   DEBUG: CDVDDemuxFFmpeg::AddStream ID: 0
2020-08-28 03:37:45.981 T:140322312849152  NOTICE: CDVDAudioCodecFFmpeg::Open() Successful opened audio decoder mp3float
2020-08-28 03:37:45.982 T:140323811342464   DEBUG: CSMBFile::Open - opened smb://USERNAME:PASSWORD@192.168.0.5/Share/Music/Sepultura/Chaos A.D/04 Amen.mp3, fd=10002
2020-08-28 03:37:46.004 T:140322312849152   DEBUG: CSMBFile::Open - opened smb://USERNAME:PASSWORD@192.168.0.5/Share/Music/Sepultura/Chaos A.D/04 Amen.mp3, fd=10001
2020-08-28 03:37:46.060 T:140323811342464   DEBUG: unrecognized ID3 frame detected: MCDI
2020-08-28 03:37:46.061 T:140323811342464   DEBUG: unrecognized ID3 frame detected: PRIV
2020-08-28 03:37:46.061 T:140323811342464   DEBUG: unrecognized ID3 frame detected: TLEN
2020-08-28 03:37:46.061 T:140323811342464   DEBUG: CSMBFile::Close closing fd 10002
2020-08-28 03:37:46.066 T:140323811342464   DEBUG: CPlayerGUIInfo::InitCurrentItem(musicdb://recentlyaddedalbums/1/4.mp3?albumid=1)
2020-08-28 03:37:46.066 T:140323306661632   DEBUG: UPnP: Building didl for object 'musicdb://recentlyaddedalbums/1/4.mp3?albumid=1'
2020-08-28 03:37:46.089 T:140322312849152   DEBUG: unrecognized ID3 frame detected: MCDI
2020-08-28 03:37:46.089 T:140322312849152   DEBUG: unrecognized ID3 frame detected: PRIV
2020-08-28 03:37:46.089 T:140322312849152   DEBUG: unrecognized ID3 frame detected: TLEN
2020-08-28 03:37:46.089 T:140322312849152   DEBUG: CSMBFile::Close closing fd 10001
2020-08-28 03:37:46.091 T:140322312849152   DEBUG: SeekTime - seek ended up on time 0
2020-08-28 03:37:46.146 T:140323225335552   DEBUG: Previous line repeats 1 times.
2020-08-28 03:37:46.146 T:140323225335552   DEBUG: CActiveAE::ClearDiscardedBuffers - buffer pool deleted
2020-08-28 03:37:46.166 T:140323811342464   DEBUG: ------ Window Init (DialogBusy.xml) ------
2020-08-28 03:37:46.168 T:140323811342464   ERROR: CBinaryAddonManager::GetInstalledAddonInfo: Requested addon '' unknown as binary
2020-08-28 03:37:46.185 T:140322312849152    INFO: AudioDecoder: File is queued
2020-08-28 03:37:46.187 T:140322312849152   DEBUG: AudioDecoder::GetReplayGain - Final Replaygain applied: 1.000000, Track/Album Gain 89.000000, Peak 1.000000
2020-08-28 03:37:46.187 T:140323225335552   DEBUG: CActiveAE::ClearDiscardedBuffers - buffer pool deleted
2020-08-28 03:37:46.212 T:140322312849152    INFO: PAPlayer::PrepareStream - Ready
2020-08-28 03:37:46.215 T:140321975412480   DEBUG: OnAVStarted: CApplication::OnAVStarted
2020-08-28 03:37:46.228 T:140323811342464   DEBUG: ------ Window Deinit (DialogBusy.xml) ------
2020-08-28 03:37:47.289 T:140323811342464   DEBUG: ProcessMouse: trying mouse action leftclick
2020-08-28 03:37:47.289 T:140323811342464   DEBUG: CPlayerCoreFactory::GetPlayers(smb://192.168.0.5/Share/Music/Sepultura/Chaos A.D/03 Slave New World.mp3)
2020-08-28 03:37:47.289 T:140323811342464   DEBUG: CPlayerSelectionRule::GetPlayers: considering rule: system rules
2020-08-28 03:37:47.289 T:140323811342464   DEBUG: CPlayerSelectionRule::GetPlayers: matches rule: system rules
2020-08-28 03:37:47.289 T:140323811342464   DEBUG: CPlayerSelectionRule::GetPlayers: considering rule: mms/udp
2020-08-28 03:37:47.289 T:140323811342464   DEBUG: CPlayerSelectionRule::GetPlayers: considering rule: lastfm/shout
2020-08-28 03:37:47.289 T:140323811342464   DEBUG: CPlayerSelectionRule::GetPlayers: considering rule: rtmp
2020-08-28 03:37:47.289 T:140323811342464   DEBUG: CPlayerSelectionRule::GetPlayers: considering rule: rtsp
2020-08-28 03:37:47.289 T:140323811342464   DEBUG: CPlayerSelectionRule::GetPlayers: considering rule: streams
2020-08-28 03:37:47.289 T:140323811342464   DEBUG: CPlayerSelectionRule::GetPlayers: considering rule: dvd
2020-08-28 03:37:47.289 T:140323811342464   DEBUG: CPlayerSelectionRule::GetPlayers: considering rule: dvdimage
2020-08-28 03:37:47.289 T:140323811342464   DEBUG: CPlayerSelectionRule::GetPlayers: considering rule: sdp/asf
2020-08-28 03:37:47.289 T:140323811342464   DEBUG: CPlayerSelectionRule::GetPlayers: considering rule: nsv
2020-08-28 03:37:47.289 T:140323811342464   DEBUG: CPlayerSelectionRule::GetPlayers: considering rule: radio
2020-08-28 03:37:47.289 T:140323811342464   DEBUG: CPlayerCoreFactory::GetPlayers: matched 0 rules with players
2020-08-28 03:37:47.289 T:140323811342464   DEBUG: CPlayerCoreFactory::GetPlayers: adding audiodefaultplayer (PAPlayer)
2020-08-28 03:37:47.289 T:140323811342464   DEBUG: CPlayerCoreFactory::GetPlayers: for video=0, audio=1
2020-08-28 03:37:47.289 T:140323811342464   DEBUG: CPlayerCoreFactory::GetPlayers: for video=1, audio=1
2020-08-28 03:37:47.289 T:140323811342464   DEBUG: CPlayerCoreFactory::GetPlayers: adding player: VideoPlayer
2020-08-28 03:37:47.289 T:140323811342464   DEBUG: CPlayerCoreFactory::GetPlayers: added 2 players
2020-08-28 03:37:47.395 T:140323225335552   DEBUG: CActiveAE::DiscardStream - audio stream deleted
2020-08-28 03:37:47.395 T:140322312849152   DEBUG: DoWork - Saving file state for audio item musicdb://recentlyaddedalbums/1/4.mp3?albumid=1
2020-08-28 03:37:47.395 T:140323225335552   DEBUG: CActiveAE::ClearDiscardedBuffers - buffer pool deleted
2020-08-28 03:37:47.396 T:140323811342464   DEBUG: Previous line repeats 1 times.
2020-08-28 03:37:47.396 T:140323811342464   DEBUG: CSMBFile::Close closing fd 10000
2020-08-28 03:37:47.403 T:140321975412480   DEBUG: OnPlayBackStopped: CApplication::OnPlayBackStopped
2020-08-28 03:37:47.403 T:140321975412480   DEBUG: Thread PAPlayer 140321975412480 terminating
2020-08-28 03:37:47.403 T:140323811342464   DEBUG: FreeVisualisation() started
2020-08-28 03:37:47.403 T:140323811342464   DEBUG: FreeVisualisation() done
2020-08-28 03:37:47.408 T:140323811342464   DEBUG: OnPlayBackStarted: CApplication::OnPlayBackStarted
2020-08-28 03:37:47.408 T:140321975412480   DEBUG: Thread PAPlayer start, auto delete: false
2020-08-28 03:37:47.408 T:140321975412480   DEBUG: PAPlayer::Process - Playback started
2020-08-28 03:37:47.408 T:140323811342464   DEBUG: CMusicGUIInfo::InitCurrentItem(musicdb://recentlyaddedalbums/1/3.mp3?albumid=1)
2020-08-28 03:37:47.413 T:140322312849152   DEBUG: CSMBFile::Open - opened smb://USERNAME:PASSWORD@192.168.0.5/Share/Music/Sepultura/Chaos A.D/03 Slave New World.mp3, fd=10000
2020-08-28 03:37:47.414 T:140323811342464   DEBUG: GetArtist(SELECT idArtist, strArtist, strSortName, strMusicBrainzArtistID, strType, strGender, strDisambiguation, strBorn, strFormed, strGenres,strMoods, strStyles, strInstruments, strBiography, strDied, strDisbanded, strYearsActive, strImage, strFanart, bScrapedMBID, lastScraped, '' AS dateAdded FROM artist WHERE idArtist = 2) - took 1 ms
2020-08-28 03:37:47.414 T:140323811342464   DEBUG: SELECT albumview.*,albumartistview.*  FROM albumview  JOIN albumartistview ON albumview.idAlbum = albumartistview.idAlbum  WHERE albumview.idAlbum = 1  ORDER BY albumartistview.iOrder
2020-08-28 03:37:47.415 T:140323811342464   DEBUG: Loading additional tag info for file smb://192.168.0.5/Share/Music/Sepultura/Chaos A.D/03 Slave New World.mp3
2020-08-28 03:37:47.439 T:140322312849152   DEBUG: Open - probing detected format [mp3]
2020-08-28 03:37:47.439 T:140322312849152   DEBUG: Open - setting usetoc to 0 for accurate VBR MP3 seek
2020-08-28 03:37:47.439 T:140322312849152   DEBUG: Open - avformat_find_stream_info starting
2020-08-28 03:37:47.440 T:140322312849152   DEBUG: ffmpeg[7F9F559C8700]: [mp3] Estimating duration from bitrate, this may be inaccurate
2020-08-28 03:37:47.440 T:140322312849152   DEBUG: Open - av_find_stream_info finished
2020-08-28 03:37:47.440 T:140322312849152   DEBUG: CDVDDemuxFFmpeg::AddStream ID: 0
2020-08-28 03:37:47.440 T:140322312849152  NOTICE: CDVDAudioCodecFFmpeg::Open() Successful opened audio decoder mp3float
2020-08-28 03:37:47.442 T:140323811342464   DEBUG: CSMBFile::Open - opened smb://USERNAME:PASSWORD@192.168.0.5/Share/Music/Sepultura/Chaos A.D/03 Slave New World.mp3, fd=10001
2020-08-28 03:37:47.470 T:140322312849152   DEBUG: CSMBFile::Open - opened smb://USERNAME:PASSWORD@192.168.0.5/Share/Music/Sepultura/Chaos A.D/03 Slave New World.mp3, fd=10002
2020-08-28 03:37:47.522 T:140323811342464   DEBUG: unrecognized ID3 frame detected: MCDI
2020-08-28 03:37:47.522 T:140323811342464   DEBUG: unrecognized ID3 frame detected: PRIV
2020-08-28 03:37:47.522 T:140323811342464   DEBUG: unrecognized ID3 frame detected: TLEN
2020-08-28 03:37:47.522 T:140323811342464   DEBUG: CSMBFile::Close closing fd 10001
2020-08-28 03:37:47.526 T:140323811342464   DEBUG: CPlayerGUIInfo::InitCurrentItem(musicdb://recentlyaddedalbums/1/3.mp3?albumid=1)
2020-08-28 03:37:47.527 T:140323306661632   DEBUG: UPnP: Building didl for object 'musicdb://recentlyaddedalbums/1/3.mp3?albumid=1'
2020-08-28 03:37:47.544 T:140322312849152   DEBUG: unrecognized ID3 frame detected: MCDI
2020-08-28 03:37:47.544 T:140322312849152   DEBUG: unrecognized ID3 frame detected: PRIV
2020-08-28 03:37:47.544 T:140322312849152   DEBUG: unrecognized ID3 frame detected: TLEN
2020-08-28 03:37:47.544 T:140322312849152   DEBUG: CSMBFile::Close closing fd 10002
2020-08-28 03:37:47.546 T:140322312849152   DEBUG: SeekTime - seek ended up on time 0
2020-08-28 03:37:47.573 T:140323225335552   DEBUG: Previous line repeats 1 times.
2020-08-28 03:37:47.573 T:140323225335552   DEBUG: CActiveAE::ClearDiscardedBuffers - buffer pool deleted
2020-08-28 03:37:47.627 T:140323811342464   DEBUG: ------ Window Init (DialogBusy.xml) ------
2020-08-28 03:37:47.628 T:140323811342464   ERROR: CBinaryAddonManager::GetInstalledAddonInfo: Requested addon '' unknown as binary
2020-08-28 03:37:47.640 T:140322312849152    INFO: AudioDecoder: File is queued
2020-08-28 03:37:47.641 T:140322312849152   DEBUG: AudioDecoder::GetReplayGain - Final Replaygain applied: 1.000000, Track/Album Gain 89.000000, Peak 1.000000
2020-08-28 03:37:47.641 T:140323225335552   DEBUG: CActiveAE::ClearDiscardedBuffers - buffer pool deleted
2020-08-28 03:37:47.669 T:140322312849152    INFO: PAPlayer::PrepareStream - Ready
2020-08-28 03:37:47.671 T:140321975412480   DEBUG: OnAVStarted: CApplication::OnAVStarted
2020-08-28 03:37:47.690 T:140323811342464   DEBUG: ------ Window Deinit (DialogBusy.xml) ------
2020-08-28 03:37:48.056 T:140323811342464   DEBUG: ProcessMouse: trying mouse action leftclick
2020-08-28 03:37:48.056 T:140323811342464   DEBUG: CPlayerCoreFactory::GetPlayers(smb://192.168.0.5/Share/Music/Sepultura/Chaos A.D/02 Territory.mp3)
2020-08-28 03:37:48.056 T:140323811342464   DEBUG: CPlayerSelectionRule::GetPlayers: considering rule: system rules
2020-08-28 03:37:48.056 T:140323811342464   DEBUG: CPlayerSelectionRule::GetPlayers: matches rule: system rules
2020-08-28 03:37:48.056 T:140323811342464   DEBUG: CPlayerSelectionRule::GetPlayers: considering rule: mms/udp
2020-08-28 03:37:48.056 T:140323811342464   DEBUG: CPlayerSelectionRule::GetPlayers: considering rule: lastfm/shout
2020-08-28 03:37:48.056 T:140323811342464   DEBUG: CPlayerSelectionRule::GetPlayers: considering rule: rtmp
2020-08-28 03:37:48.056 T:140323811342464   DEBUG: CPlayerSelectionRule::GetPlayers: considering rule: rtsp
2020-08-28 03:37:48.056 T:140323811342464   DEBUG: CPlayerSelectionRule::GetPlayers: considering rule: streams
2020-08-28 03:37:48.056 T:140323811342464   DEBUG: CPlayerSelectionRule::GetPlayers: considering rule: dvd
2020-08-28 03:37:48.056 T:140323811342464   DEBUG: CPlayerSelectionRule::GetPlayers: considering rule: dvdimage
2020-08-28 03:37:48.056 T:140323811342464   DEBUG: CPlayerSelectionRule::GetPlayers: considering rule: sdp/asf
2020-08-28 03:37:48.056 T:140323811342464   DEBUG: CPlayerSelectionRule::GetPlayers: considering rule: nsv
2020-08-28 03:37:48.056 T:140323811342464   DEBUG: CPlayerSelectionRule::GetPlayers: considering rule: radio
2020-08-28 03:37:48.056 T:140323811342464   DEBUG: CPlayerCoreFactory::GetPlayers: matched 0 rules with players
2020-08-28 03:37:48.056 T:140323811342464   DEBUG: CPlayerCoreFactory::GetPlayers: adding audiodefaultplayer (PAPlayer)
2020-08-28 03:37:48.056 T:140323811342464   DEBUG: CPlayerCoreFactory::GetPlayers: for video=0, audio=1
2020-08-28 03:37:48.056 T:140323811342464   DEBUG: CPlayerCoreFactory::GetPlayers: for video=1, audio=1
2020-08-28 03:37:48.056 T:140323811342464   DEBUG: CPlayerCoreFactory::GetPlayers: adding player: VideoPlayer
2020-08-28 03:37:48.056 T:140323811342464   DEBUG: CPlayerCoreFactory::GetPlayers: added 2 players
2020-08-28 03:37:48.140 T:140323225335552   DEBUG: CActiveAE::DiscardStream - audio stream deleted
2020-08-28 03:37:48.140 T:140322312849152   DEBUG: DoWork - Saving file state for audio item musicdb://recentlyaddedalbums/1/3.mp3?albumid=1
2020-08-28 03:37:48.140 T:140323225335552   DEBUG: CActiveAE::ClearDiscardedBuffers - buffer pool deleted
2020-08-28 03:37:48.140 T:140323811342464   DEBUG: Previous line repeats 1 times.
2020-08-28 03:37:48.140 T:140323811342464   DEBUG: CSMBFile::Close closing fd 10000
2020-08-28 03:37:48.144 T:140321975412480   DEBUG: OnPlayBackStopped: CApplication::OnPlayBackStopped
2020-08-28 03:37:48.144 T:140321975412480   DEBUG: Thread PAPlayer 140321975412480 terminating
2020-08-28 03:37:48.144 T:140323811342464   DEBUG: FreeVisualisation() started
2020-08-28 03:37:48.144 T:140323811342464   DEBUG: FreeVisualisation() done
2020-08-28 03:37:48.147 T:140323811342464   DEBUG: OnPlayBackStarted: CApplication::OnPlayBackStarted
2020-08-28 03:37:48.147 T:140323811342464   DEBUG: CMusicGUIInfo::InitCurrentItem(musicdb://recentlyaddedalbums/1/2.mp3?albumid=1)
2020-08-28 03:37:48.148 T:140321975412480   DEBUG: Thread PAPlayer start, auto delete: false
2020-08-28 03:37:48.148 T:140321975412480   DEBUG: PAPlayer::Process - Playback started
2020-08-28 03:37:48.151 T:140323811342464   DEBUG: GetArtist(SELECT idArtist, strArtist, strSortName, strMusicBrainzArtistID, strType, strGender, strDisambiguation, strBorn, strFormed, strGenres,strMoods, strStyles, strInstruments, strBiography, strDied, strDisbanded, strYearsActive, strImage, strFanart, bScrapedMBID, lastScraped, '' AS dateAdded FROM artist WHERE idArtist = 2) - took 1 ms
2020-08-28 03:37:48.151 T:140323811342464   DEBUG: SELECT albumview.*,albumartistview.*  FROM albumview  JOIN albumartistview ON albumview.idAlbum = albumartistview.idAlbum  WHERE albumview.idAlbum = 1  ORDER BY albumartistview.iOrder
2020-08-28 03:37:48.152 T:140322312849152   DEBUG: CSMBFile::Open - opened smb://USERNAME:PASSWORD@192.168.0.5/Share/Music/Sepultura/Chaos A.D/02 Territory.mp3, fd=10000
2020-08-28 03:37:48.153 T:140323811342464   DEBUG: Loading additional tag info for file smb://192.168.0.5/Share/Music/Sepultura/Chaos A.D/02 Territory.mp3
2020-08-28 03:37:48.179 T:140322312849152   DEBUG: Open - probing detected format [mp3]
2020-08-28 03:37:48.179 T:140322312849152   DEBUG: Open - setting usetoc to 0 for accurate VBR MP3 seek
2020-08-28 03:37:48.180 T:140322312849152   DEBUG: Open - avformat_find_stream_info starting
2020-08-28 03:37:48.180 T:140322312849152   DEBUG: ffmpeg[7F9F559C8700]: [mp3] Estimating duration from bitrate, this may be inaccurate
